[INFO] (tests/bstr_tests.c:3585) .	bassigncstr (b = 0x1002000a0[p]:"xxxxx", "")
[INFO] (tests/bstr_tests.c:3585) .	bassigncstr (b = 0x1002000a0[p]:"xxxxx", "bogus")
[INFO] (tests/bstr_tests.c:3585) .	bassigncstr (b = 0x1002000a0[p]:"xxxxx", "This is a bogus but reasonably long string.  Just long enough to cause some mallocing.")
[INFO] (src/server.c:164) Starting 0MQ with 1 threads.
[INFO] (src/request.c:81) MAX limits.header_count=1280
[INFO] (src/connection.c:669) MAX limits.content_length=20480, limits.buffer_size=4096, limits.connection_stack_size=32768, limits.client_read_retries=5
[INFO] (src/connection.c:675) MAX limits.proxy_read_retries=100, limits.proxy_read_retry_warn=10
[INFO] (src/handler.c:320) MAX limits.handler_stack=102400
[INFO] (src/config/config.c:92) Loaded handler 1 with send_spec=tcp://127.0.0.1:9999 send_ident=54c6755b-9628-40a4-9a2d-cc82a816345e recv_spec=tcp://127.0.0.1:9998 recv_ident=
[INFO] (src/config/config.c:92) Loaded handler 2 with send_spec=tcp://127.0.0.1:9997 send_ident=54c6755b-9628-40a4-9a2d-cc82a816345e recv_spec=tcp://127.0.0.1:9996 recv_ident=
[INFO] (src/config/config.c:133) Loaded proxy 1 with address=127.0.0.1 port=8080
[INFO] (src/config/config.c:133) Loaded proxy 2 with address=127.0.0.1 port=8080
[INFO] (src/dir.c:177) MAX limits.dir_send_buffer=16384, limits.dir_max_path=256
[INFO] (src/config/config.c:163) Loaded dir 1 with base=tests/ index=index.html def_ctype=text/plain
[INFO] (src/config/config.c:163) Loaded dir 2 with base=examples/chat/static/ index=index.html def_ctype=text/plain
[INFO] (src/config/config.c:163) Loaded dir 3 with base=examples/chat/static/ index=index.html def_ctype=text/plain
[INFO] (src/host.c:62) MAX limits.url_path=256, limits.host_name=256
[INFO] (src/config/config.c:203) Created handler route 1:@chat -> 54c6755b-9628-40a4-9a2d-cc82a816345e:tcp://127.0.0.1:9999
[INFO] (src/config/config.c:203) Created handler route 2:/handlertest -> 54c6755b-9628-40a4-9a2d-cc82a816345e:tcp://127.0.0.1:9997
[INFO] (src/config/config.c:213) Created proxy route 3:/chat/ -> 127.0.0.1:8080
[INFO] (src/config/config.c:213) Created proxy route 4:/ -> 127.0.0.1:8080
[INFO] (src/config/config.c:223) Created directory route 5:/tests/ -> 1:tests/
[INFO] (src/config/config.c:223) Created directory route 6:/testsmulti/(.*.json) -> 1:tests/
[INFO] (src/config/config.c:223) Created directory route 7:/chatdemo/ -> 2:examples/chat/static/
[INFO] (src/config/config.c:223) Created directory route 8:/static/ -> 3:examples/chat/static/
[INFO] (src/config/config.c:260) Adding host 1:localhost to server at pattern localhost
[INFO] (src/config/config.c:310) Loaded server 1:AC1F8236-5919-4696-9D40-0F38DE9E5861 on port 0.0.0.0 with default host localhost
[INFO] (src/server.c:164) Starting 0MQ with 1 threads.
[INFO] (src/request.c:81) MAX limits.header_count=1280
[INFO] (src/connection.c:669) MAX limits.content_length=20480, limits.buffer_size=4096, limits.connection_stack_size=32768, limits.client_read_retries=5
[INFO] (src/connection.c:675) MAX limits.proxy_read_retries=100, limits.proxy_read_retry_warn=10
[INFO] (src/host.c:62) MAX limits.url_path=256, limits.host_name=256
[INFO] (src/dir.c:177) MAX limits.dir_send_buffer=16384, limits.dir_max_path=256
[INFO] (src/dir.c:177) MAX limits.dir_send_buffer=16384, limits.dir_max_path=256
[ERROR] (src/dir.c:271: errno: None) Failed to normalize base path: foobar/
[ERROR] (src/dir.c:312: errno: None) Failed to normalize base path when requesting /sample.json
[ERROR] (src/handler_parser.rl:72: errno: None) Target netstring length is wrong, actual 5 expected 10
[ERROR] (src/handler_parser.rl:72: errno: None) Target netstring length is wrong, actual 5 expected 3
[INFO] (src/handler.c:275) Binding handler PUSH socket tcp://127.0.0.1:12345 with identity: ZED
[INFO] (src/handler.c:297) Binding listener SUB socket tcp://127.0.0.1:4321 subscribed to: ZED
[INFO] (src/handler.c:320) MAX limits.handler_stack=102400
[INFO] (src/host.c:62) MAX limits.url_path=256, limits.host_name=256
[ERROR] (src/io.c:427: errno: Bad file descriptor) Write error when sending all.
[ERROR] (src/io.c:427: errno: Bad file descriptor) Write error when sending all.
[INFO] (src/mime.c:49) MAX limits.mime_ext_len=128
[ERROR] (src/mime.c:58: errno: None) Extensions must start with a . 'txt:badtype'
[ERROR] (src/mime.c:56: errno: None) No zero length MIME extensions allowed: :badtype
[ERROR] (src/mime.c:57: errno: None) No zero length MIME types allowed: .txt:
[ERROR] (src/mime.c:64: errno: None) MIME extension .txt already exists, can't add .txt:badtype
DEBUG tests/request_tests.c:113: ----- RUNNING: ./tests/request_tests
DEBUG tests/request_tests.c:107: 
----- test_Request_create
[INFO] (src/request.c:81) MAX limits.header_count=1280
DEBUG tests/request_tests.c:37: PAYLOAD IS: JSON 0 /test 335:{"PATH":"/test","host":"foo.example.com:1234","comment-tst":"Test different date formats...","comment-date-rfc1123":"Sun, 10 Oct 2004 07:02:24 GMT","if-modified-since":"Tue, 17 Aug 10 03:21:45 +0000","if-unmodified-since":"Sunday, 10-Oct-04 07:02:24 GMT","METHOD":"GET","VERSION":"HTTP/1.1","URI":"/test?howdy=yes","QUERY":"howdy=yes"},0:,
DEBUG tests/request_tests.c:108: 
----- test_Multiple_Header_Request
[INFO] (src/request.c:81) MAX limits.header_count=1280
DEBUG tests/request_tests.c:93: PAYLOAD IS: JSON 0 / 97:{"PATH":"/","cookie":["foo=bar","test=yes; go=no"],"METHOD":"GET","VERSION":"HTTP/1.0","URI":"/"},0:,
[INFO] (src/server.c:164) Starting 0MQ with 1 threads.
[INFO] (src/request.c:81) MAX limits.header_count=1280
[INFO] (src/connection.c:669) MAX limits.content_length=20480, limits.buffer_size=4096, limits.connection_stack_size=32768, limits.client_read_retries=5
[INFO] (src/connection.c:675) MAX limits.proxy_read_retries=100, limits.proxy_read_retry_warn=10
[INFO] (src/host.c:62) MAX limits.url_path=256, limits.host_name=256
[ERROR] (tests/state_tests.c:46: errno: None) Failed on processing 100 event.
[INFO] (src/superpoll.c:257) MAX open file descriptors is 10240 now.
[INFO] (src/superpoll.c:106) You do not have epoll support. Allowing for 10240 file descriptors through poll.
[ERROR] (src/unixy.c:55: errno: Operation not permitted) Can't chroot to /Users/xavierlange/code/mongrel2, rerun as root if this is what you want.
[INFO] (src/unixy.c:83) Now running as UID:501, GID:20
[ERROR] (src/unixy.c:162: errno: No such file or directory) PID file already exists, something bad happened.
[ERROR] (src/unixy.c:135: errno: None) Process 2788 is still running, shut it down first.
[INFO] (tests/bstr_tests.c:3585) .	bassigncstr (b = 0x1002000a0[p]:"xxxxx", "")
[INFO] (tests/bstr_tests.c:3585) .	bassigncstr (b = 0x1002000a0[p]:"xxxxx", "bogus")
[INFO] (tests/bstr_tests.c:3585) .	bassigncstr (b = 0x1002000a0[p]:"xxxxx", "This is a bogus but reasonably long string.  Just long enough to cause some mallocing.")
[INFO] (src/server.c:164) Starting 0MQ with 1 threads.
[INFO] (src/request.c:81) MAX limits.header_count=1280
[INFO] (src/connection.c:669) MAX limits.content_length=20480, limits.buffer_size=4096, limits.connection_stack_size=32768, limits.client_read_retries=5
[INFO] (src/connection.c:675) MAX limits.proxy_read_retries=100, limits.proxy_read_retry_warn=10
[INFO] (src/handler.c:320) MAX limits.handler_stack=102400
[INFO] (src/config/config.c:92) Loaded handler 1 with send_spec=tcp://127.0.0.1:9999 send_ident=54c6755b-9628-40a4-9a2d-cc82a816345e recv_spec=tcp://127.0.0.1:9998 recv_ident=
[INFO] (src/config/config.c:92) Loaded handler 2 with send_spec=tcp://127.0.0.1:9997 send_ident=54c6755b-9628-40a4-9a2d-cc82a816345e recv_spec=tcp://127.0.0.1:9996 recv_ident=
[INFO] (src/config/config.c:133) Loaded proxy 1 with address=127.0.0.1 port=8080
[INFO] (src/config/config.c:133) Loaded proxy 2 with address=127.0.0.1 port=8080
[INFO] (src/dir.c:177) MAX limits.dir_send_buffer=16384, limits.dir_max_path=256
[INFO] (src/config/config.c:163) Loaded dir 1 with base=tests/ index=index.html def_ctype=text/plain
[INFO] (src/config/config.c:163) Loaded dir 2 with base=examples/chat/static/ index=index.html def_ctype=text/plain
[INFO] (src/config/config.c:163) Loaded dir 3 with base=examples/chat/static/ index=index.html def_ctype=text/plain
[INFO] (src/host.c:62) MAX limits.url_path=256, limits.host_name=256
[INFO] (src/config/config.c:203) Created handler route 1:@chat -> 54c6755b-9628-40a4-9a2d-cc82a816345e:tcp://127.0.0.1:9999
[INFO] (src/config/config.c:203) Created handler route 2:/handlertest -> 54c6755b-9628-40a4-9a2d-cc82a816345e:tcp://127.0.0.1:9997
[INFO] (src/config/config.c:213) Created proxy route 3:/chat/ -> 127.0.0.1:8080
[INFO] (src/config/config.c:213) Created proxy route 4:/ -> 127.0.0.1:8080
[INFO] (src/config/config.c:223) Created directory route 5:/tests/ -> 1:tests/
[INFO] (src/config/config.c:223) Created directory route 6:/testsmulti/(.*.json) -> 1:tests/
[INFO] (src/config/config.c:223) Created directory route 7:/chatdemo/ -> 2:examples/chat/static/
[INFO] (src/config/config.c:223) Created directory route 8:/static/ -> 3:examples/chat/static/
[INFO] (src/config/config.c:260) Adding host 1:localhost to server at pattern localhost
[INFO] (src/config/config.c:310) Loaded server 1:AC1F8236-5919-4696-9D40-0F38DE9E5861 on port 0.0.0.0 with default host localhost
[INFO] (src/server.c:164) Starting 0MQ with 1 threads.
[INFO] (src/request.c:81) MAX limits.header_count=1280
[INFO] (src/connection.c:669) MAX limits.content_length=20480, limits.buffer_size=4096, limits.connection_stack_size=32768, limits.client_read_retries=5
[INFO] (src/connection.c:675) MAX limits.proxy_read_retries=100, limits.proxy_read_retry_warn=10
[INFO] (src/host.c:62) MAX limits.url_path=256, limits.host_name=256
[INFO] (src/dir.c:177) MAX limits.dir_send_buffer=16384, limits.dir_max_path=256
[INFO] (src/dir.c:177) MAX limits.dir_send_buffer=16384, limits.dir_max_path=256
[ERROR] (src/dir.c:271: errno: None) Failed to normalize base path: foobar/
[ERROR] (src/dir.c:312: errno: None) Failed to normalize base path when requesting /sample.json
[ERROR] (src/handler_parser.rl:72: errno: None) Target netstring length is wrong, actual 5 expected 10
[ERROR] (src/handler_parser.rl:72: errno: None) Target netstring length is wrong, actual 5 expected 3
[INFO] (src/handler.c:275) Binding handler PUSH socket tcp://127.0.0.1:12345 with identity: ZED
[INFO] (src/handler.c:297) Binding listener SUB socket tcp://127.0.0.1:4321 subscribed to: ZED
[INFO] (src/handler.c:320) MAX limits.handler_stack=102400
[INFO] (src/host.c:62) MAX limits.url_path=256, limits.host_name=256
[ERROR] (src/io.c:427: errno: Bad file descriptor) Write error when sending all.
[ERROR] (src/io.c:427: errno: Bad file descriptor) Write error when sending all.
[INFO] (src/mime.c:49) MAX limits.mime_ext_len=128
[ERROR] (src/mime.c:58: errno: None) Extensions must start with a . 'txt:badtype'
[ERROR] (src/mime.c:56: errno: None) No zero length MIME extensions allowed: :badtype
[ERROR] (src/mime.c:57: errno: None) No zero length MIME types allowed: .txt:
[ERROR] (src/mime.c:64: errno: None) MIME extension .txt already exists, can't add .txt:badtype
DEBUG tests/request_tests.c:113: ----- RUNNING: ./tests/request_tests
DEBUG tests/request_tests.c:107: 
----- test_Request_create
[INFO] (src/request.c:81) MAX limits.header_count=1280
DEBUG tests/request_tests.c:37: PAYLOAD IS: JSON 0 /test 335:{"PATH":"/test","host":"foo.example.com:1234","comment-tst":"Test different date formats...","comment-date-rfc1123":"Sun, 10 Oct 2004 07:02:24 GMT","if-modified-since":"Tue, 17 Aug 10 03:21:45 +0000","if-unmodified-since":"Sunday, 10-Oct-04 07:02:24 GMT","METHOD":"GET","VERSION":"HTTP/1.1","URI":"/test?howdy=yes","QUERY":"howdy=yes"},0:,
DEBUG tests/request_tests.c:108: 
----- test_Multiple_Header_Request
[INFO] (src/request.c:81) MAX limits.header_count=1280
DEBUG tests/request_tests.c:93: PAYLOAD IS: JSON 0 / 97:{"PATH":"/","cookie":["foo=bar","test=yes; go=no"],"METHOD":"GET","VERSION":"HTTP/1.0","URI":"/"},0:,
[INFO] (src/server.c:164) Starting 0MQ with 1 threads.
[INFO] (src/request.c:81) MAX limits.header_count=1280
[INFO] (src/connection.c:669) MAX limits.content_length=20480, limits.buffer_size=4096, limits.connection_stack_size=32768, limits.client_read_retries=5
[INFO] (src/connection.c:675) MAX limits.proxy_read_retries=100, limits.proxy_read_retry_warn=10
[INFO] (src/host.c:62) MAX limits.url_path=256, limits.host_name=256
[ERROR] (tests/state_tests.c:46: errno: None) Failed on processing 100 event.
[INFO] (src/superpoll.c:257) MAX open file descriptors is 10240 now.
[INFO] (src/superpoll.c:106) You do not have epoll support. Allowing for 10240 file descriptors through poll.
[ERROR] (src/unixy.c:55: errno: Operation not permitted) Can't chroot to /Users/xavierlange/code/mongrel2, rerun as root if this is what you want.
[INFO] (src/unixy.c:83) Now running as UID:501, GID:20
[ERROR] (src/unixy.c:162: errno: No such file or directory) PID file already exists, something bad happened.
[ERROR] (src/unixy.c:135: errno: None) Process 3171 is still running, shut it down first.
DEBUG tests/bstr_tests.c:3742: Direct case testing of bstring core functions
DEBUG tests/bstr_tests.c:437: TEST: bstring bfromcstr (const char * str);
DEBUG tests/bstr_tests.c:397: .	bfromcstr (NULL) = NULL
DEBUG tests/bstr_tests.c:405: .	bfromcstr ("") = 0x1002000a0:""
DEBUG tests/bstr_tests.c:405: .	bfromcstr ("bogus") = 0x1002000a0:"bogus"
DEBUG tests/bstr_tests.c:405: .	bfromcstr ("This is a bogus but reasonably long string.  Just long enough to cause some mallocing.") = 0x1002000a0:"This is a bogus but reasonably long string.  Just long enough to cause some mallocing."
DEBUG tests/bstr_tests.c:446: 	# failures: 0
DEBUG tests/bstr_tests.c:448: TEST: bstring bfromcstralloc (int len, const char * str);
DEBUG tests/bstr_tests.c:416: .	bfromcstralloc (*, NULL) = NULL
DEBUG tests/bstr_tests.c:416: .	bfromcstralloc (*, NULL) = NULL
DEBUG tests/bstr_tests.c:425: .	bfromcstralloc (0, "") = 0x100200140:""
DEBUG tests/bstr_tests.c:425: .	bfromcstralloc (30, "") = 0x100200140:""
DEBUG tests/bstr_tests.c:425: .	bfromcstralloc (0, "bogus") = 0x100200140:"bogus"
DEBUG tests/bstr_tests.c:425: .	bfromcstralloc (30, "bogus") = 0x100200140:"bogus"
DEBUG tests/bstr_tests.c:425: .	bfromcstralloc (0, "This is a bogus but reasonably long string.  Just long enough to cause some mallocing.") = 0x100200140:"This is a bogus but reasonably long string.  Just long enough to cause some mallocing."
DEBUG tests/bstr_tests.c:425: .	bfromcstralloc (30, "This is a bogus but reasonably long string.  Just long enough to cause some mallocing.") = 0x100200140:"This is a bogus but reasonably long string.  Just long enough to cause some mallocing."
DEBUG tests/bstr_tests.c:461: 	# failures: 0
DEBUG tests/bstr_tests.c:491: TEST: bstring blk2bstr (const void * blk, int len);
DEBUG tests/bstr_tests.c:471: .	blk2bstr (NULL, len=10) = NULL
DEBUG tests/bstr_tests.c:471: .	blk2bstr (NULL, len=0) = NULL
DEBUG tests/bstr_tests.c:471: .	blk2bstr (NULL, len=-1) = NULL
DEBUG tests/bstr_tests.c:476: .	blk2bstr (blk=0x10001b201, len=5) = 0x1002002e0:"bogus"
DEBUG tests/bstr_tests.c:476: .	blk2bstr (blk=0x10001cd78, len=86) = 0x1002002e0:"This is a bogus but reasonably long string.  Just long enough to cause some mallocing."
DEBUG tests/bstr_tests.c:476: .	blk2bstr (blk=0x10001cd78, len=5) = 0x1002002e0:"This "
DEBUG tests/bstr_tests.c:476: .	blk2bstr (blk=0x10001cd78, len=0) = 0x1002002e0:""
DEBUG tests/bstr_tests.c:471: .	blk2bstr (NULL, len=-1) = NULL
DEBUG tests/bstr_tests.c:504: 	# failures: 0
DEBUG tests/bstr_tests.c:544: TEST: char * bstr2cstr (const_bstring s, char z);
DEBUG tests/bstr_tests.c:513: .	bstr2cstr (NULL, 3F) = NULL
DEBUG tests/bstr_tests.c:526: .	bstr2cstr (0x100022170[c]:"", 3F) = ""
DEBUG tests/bstr_tests.c:526: .	bstr2cstr (0x100022180[c]:"bogus", 3F) = "bogus"
DEBUG tests/bstr_tests.c:526: .	bstr2cstr (0x100022190[c]:"This is a bogus but reasonably long string.  Just long enough to cause some mallocing.", 3F) = "This is a bogus but reasonably long string.  Just long enough to cause some mallocing."
DEBUG tests/bstr_tests.c:513: .	bstr2cstr (0x1000221a0:[err:data=NULL], 3F) = NULL
DEBUG tests/bstr_tests.c:513: .	bstr2cstr (0x1000221b0:[err:slen=-5<0], 3F) = NULL
DEBUG tests/bstr_tests.c:555: 	# failures: 0
DEBUG tests/bstr_tests.c:577: TEST: bstring bstrcpy (const_bstring b1);
DEBUG tests/bstr_tests.c:562: .	bstrcpy (NULL) = NULL
DEBUG tests/bstr_tests.c:562: .	bstrcpy (0x1000221a0:[err:data=NULL]) = NULL
DEBUG tests/bstr_tests.c:562: .	bstrcpy (0x1000221b0:[err:slen=-5<0]) = NULL
DEBUG tests/bstr_tests.c:562: .	bstrcpy (0x100022170[c]:"") = 0x1002002b0:""
DEBUG tests/bstr_tests.c:562: .	bstrcpy (0x100022180[c]:"bogus") = 0x1002002b0:"bogus"
DEBUG tests/bstr_tests.c:562: .	bstrcpy (0x100022190[c]:"This is a bogus but reasonably long string.  Just long enough to cause some mallocing.") = 0x1002002b0:"This is a bogus but reasonably long string.  Just long enough to cause some mallocing."
DEBUG tests/bstr_tests.c:588: 	# failures: 0
DEBUG tests/bstr_tests.c:622: TEST: bstring bmidstr (const_bstring b, int left, int len);
DEBUG tests/bstr_tests.c:595: .	bmidstr (NULL, 0, 0) = NULL
DEBUG tests/bstr_tests.c:595: .	bmidstr (NULL, 0, 2) = NULL
DEBUG tests/bstr_tests.c:595: .	bmidstr (NULL, 0, -2) = NULL
DEBUG tests/bstr_tests.c:595: .	bmidstr (NULL, -5, 2) = NULL
DEBUG tests/bstr_tests.c:595: .	bmidstr (NULL, -5, -2) = NULL
DEBUG tests/bstr_tests.c:595: .	bmidstr (0x1000221a0:[err:data=NULL], 1, 3) = NULL
DEBUG tests/bstr_tests.c:595: .	bmidstr (0x1000221b0:[err:slen=-5<0], 1, 3) = NULL
DEBUG tests/bstr_tests.c:595: .	bmidstr (0x100022170[c]:"", 0, 0) = 0x1002002b0:""
DEBUG tests/bstr_tests.c:595: .	bmidstr (0x100022170[c]:"", 0, -1) = 0x1002002b0:""
DEBUG tests/bstr_tests.c:595: .	bmidstr (0x100022170[c]:"", 1, 3) = 0x1002002b0:""
DEBUG tests/bstr_tests.c:595: .	bmidstr (0x100022180[c]:"bogus", 0, 0) = 0x1002002b0:""
DEBUG tests/bstr_tests.c:595: .	bmidstr (0x100022180[c]:"bogus", 0, -1) = 0x1002002b0:""
DEBUG tests/bstr_tests.c:595: .	bmidstr (0x100022180[c]:"bogus", 1, 3) = 0x1002002b0:"ogu"
DEBUG tests/bstr_tests.c:595: .	bmidstr (0x100022180[c]:"bogus", -1, 3) = 0x1002002b0:"bo"
DEBUG tests/bstr_tests.c:595: .	bmidstr (0x100022180[c]:"bogus", -1, 9) = 0x1002002b0:"bogus"
DEBUG tests/bstr_tests.c:595: .	bmidstr (0x100022180[c]:"bogus", 3, -1) = 0x1002002b0:""
DEBUG tests/bstr_tests.c:595: .	bmidstr (0x100022180[c]:"bogus", 9, 3) = 0x1002002b0:""
DEBUG tests/bstr_tests.c:644: 	# failures: 0
DEBUG tests/bstr_tests.c:732: TEST: int bconcat (bstring b0, const_bstring b1);
DEBUG tests/bstr_tests.c:681: .	bconcat (NULL, NULL) = -1
DEBUG tests/bstr_tests.c:681: .	bconcat (NULL, 0x100022170[c]:"") = -1
DEBUG tests/bstr_tests.c:681: .	bconcat (0x100022170[c]:"", NULL) = -1
DEBUG tests/bstr_tests.c:681: .	bconcat (0x100022170[c]:"", 0x1000221a0:[err:data=NULL]) = -1
DEBUG tests/bstr_tests.c:681: .	bconcat (0x100022170[c]:"", 0x1000221b0:[err:slen=-5<0]) = -1
DEBUG tests/bstr_tests.c:681: .	bconcat (0x1000221a0:[err:data=NULL], 0x100022170[c]:"") = -1
DEBUG tests/bstr_tests.c:681: .	bconcat (0x1000221b0:[err:slen=-5<0], 0x100022170[c]:"") = -1
DEBUG tests/bstr_tests.c:657: .	bconcat (0x1002002b0[p]:"", 
DEBUG tests/bstr_tests.c:663: 0x100022170[c]:"") = 0x1002002b0[p]:""
DEBUG tests/bstr_tests.c:667: .	bconcat (0x1002002b0:"", 
DEBUG tests/bstr_tests.c:671: 0x100022170[c]:"") = 0x1002002b0:""
DEBUG tests/bstr_tests.c:657: .	bconcat (0x1002002b0[p]:"", 
DEBUG tests/bstr_tests.c:663: 0x100022180[c]:"bogus") = 0x1002002b0[p]:""
DEBUG tests/bstr_tests.c:667: .	bconcat (0x1002002b0:"", 
DEBUG tests/bstr_tests.c:671: 0x100022180[c]:"bogus") = 0x1002002b0:"bogus"
DEBUG tests/bstr_tests.c:657: .	bconcat (0x1002002b0[p]:"bogus", 
DEBUG tests/bstr_tests.c:663: 0x100022170[c]:"") = 0x1002002b0[p]:"bogus"
DEBUG tests/bstr_tests.c:667: .	bconcat (0x1002002b0:"bogus", 
DEBUG tests/bstr_tests.c:671: 0x100022170[c]:"") = 0x1002002b0:"bogus"
DEBUG tests/bstr_tests.c:657: .	bconcat (0x1002002b0[p]:"bogus", 
DEBUG tests/bstr_tests.c:663: 0x100022180[c]:"bogus") = 0x1002002b0[p]:"bogus"
DEBUG tests/bstr_tests.c:667: .	bconcat (0x1002002b0:"bogus", 
DEBUG tests/bstr_tests.c:671: 0x100022180[c]:"bogus") = 0x1002002b0:"bogusbogus"
DEBUG tests/bstr_tests.c:697: TEST: bconcat aliasing
DEBUG tests/bstr_tests.c:751: 	# failures: 0
DEBUG tests/bstr_tests.c:794: TEST: int bconchar (bstring b, char c);
DEBUG tests/bstr_tests.c:780: .	bconchar (NULL, x) = -1
DEBUG tests/bstr_tests.c:780: .	bconchar (0x1000221a0:[err:data=NULL], x) = -1
DEBUG tests/bstr_tests.c:780: .	bconchar (0x1000221b0:[err:slen=-5<0], x) = -1
DEBUG tests/bstr_tests.c:766: .	bconchar (0x100022170[c]:"", x) = 0x1002002f0[p]:""
DEBUG tests/bstr_tests.c:775: .	bconchar (0x100022170[c]:"", x) = 0x1002002f0:"x"
DEBUG tests/bstr_tests.c:766: .	bconchar (0x100022180[c]:"bogus", x) = 0x1002002f0[p]:"bogus"
DEBUG tests/bstr_tests.c:775: .	bconchar (0x100022180[c]:"bogus", x) = 0x1002002f0:"bogusx"
DEBUG tests/bstr_tests.c:804: 	# failures: 0
DEBUG tests/bstr_tests.c:823: TEST: int biseq (const_bstring b0, const_bstring b1);
DEBUG tests/bstr_tests.c:812: .	biseq (NULL, NULL) = -1
DEBUG tests/bstr_tests.c:812: .	biseq (0x100022170[c]:"", NULL) = -1
DEBUG tests/bstr_tests.c:812: .	biseq (NULL, 0x100022170[c]:"") = -1
DEBUG tests/bstr_tests.c:812: .	biseq (0x100022180[c]:"bogus", NULL) = -1
DEBUG tests/bstr_tests.c:812: .	biseq (NULL, 0x100022180[c]:"bogus") = -1
DEBUG tests/bstr_tests.c:812: .	biseq (0x1000221a0:[err:data=NULL], 0x1000221a0:[err:data=NULL]) = -1
DEBUG tests/bstr_tests.c:812: .	biseq (0x1000221b0:[err:slen=-5<0], 0x1000221b0:[err:slen=-5<0]) = -1
DEBUG tests/bstr_tests.c:812: .	biseq (0x100022180[c]:"bogus", 0x1000221b0:[err:slen=-5<0]) = -1
DEBUG tests/bstr_tests.c:812: .	biseq (0x1000221b0:[err:slen=-5<0], 0x100022180[c]:"bogus") = -1
DEBUG tests/bstr_tests.c:812: .	biseq (0x100022170[c]:"", 0x100022170[c]:"") = 1
DEBUG tests/bstr_tests.c:812: .	biseq (0x100022180[c]:"bogus", 0x100022170[c]:"") = 0
DEBUG tests/bstr_tests.c:812: .	biseq (0x100022170[c]:"", 0x100022180[c]:"bogus") = 0
DEBUG tests/bstr_tests.c:812: .	biseq (0x100022180[c]:"bogus", 0x100022180[c]:"bogus") = 1
DEBUG tests/bstr_tests.c:812: .	biseq (0x1002002f0:"bpgus", 0x100022180[c]:"bogus") = 0
DEBUG tests/bstr_tests.c:812: .	biseq (0x100022180[c]:"bogus", 0x100022190[c]:"This is a bogus but reasonably long string.  Just long enough to cause some mallocing.") = 0
DEBUG tests/bstr_tests.c:812: .	biseq (0x100022190[c]:"This is a bogus but reasonably long string.  Just long enough to cause some mallocing.", 0x100022180[c]:"bogus") = 0
DEBUG tests/bstr_tests.c:857: 	# failures: 0
DEBUG tests/bstr_tests.c:823: TEST: int bstrcmp (const_bstring b0, const_bstring b1);
DEBUG tests/bstr_tests.c:812: .	bstrcmp (NULL, NULL) = -32768
DEBUG tests/bstr_tests.c:812: .	bstrcmp (0x100022170[c]:"", NULL) = -32768
DEBUG tests/bstr_tests.c:812: .	bstrcmp (NULL, 0x100022170[c]:"") = -32768
DEBUG tests/bstr_tests.c:812: .	bstrcmp (0x100022180[c]:"bogus", NULL) = -32768
DEBUG tests/bstr_tests.c:812: .	bstrcmp (NULL, 0x100022180[c]:"bogus") = -32768
DEBUG tests/bstr_tests.c:812: .	bstrcmp (0x1000221a0:[err:data=NULL], 0x1000221a0:[err:data=NULL]) = -32768
DEBUG tests/bstr_tests.c:812: .	bstrcmp (0x1000221b0:[err:slen=-5<0], 0x1000221b0:[err:slen=-5<0]) = -32768
DEBUG tests/bstr_tests.c:812: .	bstrcmp (0x100022180[c]:"bogus", 0x1000221b0:[err:slen=-5<0]) = -32768
DEBUG tests/bstr_tests.c:812: .	bstrcmp (0x1000221b0:[err:slen=-5<0], 0x100022180[c]:"bogus") = -32768
DEBUG tests/bstr_tests.c:812: .	bstrcmp (0x100022170[c]:"", 0x100022170[c]:"") = 0
DEBUG tests/bstr_tests.c:812: .	bstrcmp (0x100022180[c]:"bogus", 0x100022170[c]:"") = 1
DEBUG tests/bstr_tests.c:812: .	bstrcmp (0x100022170[c]:"", 0x100022180[c]:"bogus") = -1
DEBUG tests/bstr_tests.c:812: .	bstrcmp (0x100022180[c]:"bogus", 0x100022180[c]:"bogus") = 0
DEBUG tests/bstr_tests.c:812: .	bstrcmp (0x1002002f0:"bpgus", 0x100022180[c]:"bogus") = 1
DEBUG tests/bstr_tests.c:812: .	bstrcmp (0x100022180[c]:"bogus", 0x100022190[c]:"This is a bogus but reasonably long string.  Just long enough to cause some mallocing.") = 14
DEBUG tests/bstr_tests.c:812: .	bstrcmp (0x100022190[c]:"This is a bogus but reasonably long string.  Just long enough to cause some mallocing.", 0x100022180[c]:"bogus") = -14
DEBUG tests/bstr_tests.c:857: 	# failures: 0
DEBUG tests/bstr_tests.c:878: TEST: int bstrncmp (const_bstring b0, const_bstring b1, int n);
DEBUG tests/bstr_tests.c:868: .	bstrncmp (NULL, NULL, 0) = -32768
DEBUG tests/bstr_tests.c:868: .	bstrncmp (NULL, NULL, -1) = -32768
DEBUG tests/bstr_tests.c:868: .	bstrncmp (NULL, NULL, 1) = -32768
DEBUG tests/bstr_tests.c:868: .	bstrncmp (0x100022170[c]:"", NULL, 0) = -32768
DEBUG tests/bstr_tests.c:868: .	bstrncmp (NULL, 0x100022170[c]:"", 0) = -32768
DEBUG tests/bstr_tests.c:868: .	bstrncmp (0x100022170[c]:"", NULL, 1) = -32768
DEBUG tests/bstr_tests.c:868: .	bstrncmp (NULL, 0x100022170[c]:"", 1) = -32768
DEBUG tests/bstr_tests.c:868: .	bstrncmp (0x1000221a0:[err:data=NULL], 0x1000221a0:[err:data=NULL], 1) = -32768
DEBUG tests/bstr_tests.c:868: .	bstrncmp (0x1000221b0:[err:slen=-5<0], 0x1000221b0:[err:slen=-5<0], 1) = -32768
DEBUG tests/bstr_tests.c:868: .	bstrncmp (0x100022170[c]:"", 0x1000221a0:[err:data=NULL], 1) = -32768
DEBUG tests/bstr_tests.c:868: .	bstrncmp (0x100022170[c]:"", 0x1000221b0:[err:slen=-5<0], 1) = -32768
DEBUG tests/bstr_tests.c:868: .	bstrncmp (0x1000221a0:[err:data=NULL], 0x100022170[c]:"", 1) = -32768
DEBUG tests/bstr_tests.c:868: .	bstrncmp (0x1000221b0:[err:slen=-5<0], 0x100022170[c]:"", 1) = -32768
DEBUG tests/bstr_tests.c:868: .	bstrncmp (0x100022170[c]:"", 0x100022170[c]:"", -1) = 0
DEBUG tests/bstr_tests.c:868: .	bstrncmp (0x100022170[c]:"", 0x100022170[c]:"", 0) = 0
DEBUG tests/bstr_tests.c:868: .	bstrncmp (0x100022170[c]:"", 0x100022170[c]:"", 1) = 0
DEBUG tests/bstr_tests.c:868: .	bstrncmp (0x100022180[c]:"bogus", 0x100022180[c]:"bogus", -1) = 0
DEBUG tests/bstr_tests.c:868: .	bstrncmp (0x100022180[c]:"bogus", 0x100022180[c]:"bogus", 0) = 0
DEBUG tests/bstr_tests.c:868: .	bstrncmp (0x100022180[c]:"bogus", 0x100022180[c]:"bogus", 1) = 0
DEBUG tests/bstr_tests.c:868: .	bstrncmp (0x100022180[c]:"bogus", 0x100022180[c]:"bogus", 9) = 0
DEBUG tests/bstr_tests.c:903: 	# failures: 0
DEBUG tests/bstr_tests.c:937: TEST: int bdestroy (const_bstring b);
DEBUG tests/bstr_tests.c:912: .	bdestroy (NULL) = 
DEBUG tests/bstr_tests.c:914: -1
DEBUG tests/bstr_tests.c:912: .	bdestroy (0x1002002b0[p]:"") = 
DEBUG tests/bstr_tests.c:914: -1
DEBUG tests/bstr_tests.c:912: .	bdestroy (0x1002002f0[p]:"bogus") = 
DEBUG tests/bstr_tests.c:914: -1
DEBUG tests/bstr_tests.c:912: .	bdestroy (0x1002002b0:"") = 
DEBUG tests/bstr_tests.c:914: 0
DEBUG tests/bstr_tests.c:912: .	bdestroy (0x1002002f0:"bogus") = 
DEBUG tests/bstr_tests.c:914: 0
DEBUG tests/bstr_tests.c:912: .	bdestroy (0x100022170[c]:"") = 
DEBUG tests/bstr_tests.c:914: -1
DEBUG tests/bstr_tests.c:912: .	bdestroy (0x100022170[c]:"") = 
DEBUG tests/bstr_tests.c:914: -1
DEBUG tests/bstr_tests.c:912: .	bdestroy (0x100022180[c]:"bogus") = 
DEBUG tests/bstr_tests.c:914: -1
DEBUG tests/bstr_tests.c:912: .	bdestroy (0x100022180[c]:"bogus") = 
DEBUG tests/bstr_tests.c:914: -1
DEBUG tests/bstr_tests.c:912: .	bdestroy (0x1000221a0:[err:data=NULL]) = 
DEBUG tests/bstr_tests.c:914: -1
DEBUG tests/bstr_tests.c:912: .	bdestroy (0x1000221b0:[err:slen=-5<0]) = 
DEBUG tests/bstr_tests.c:914: -1
DEBUG tests/bstr_tests.c:959: 	# failures: 0
DEBUG tests/bstr_tests.c:993: TEST: int binstr (const_bstring s1, int pos, const_bstring s2);
DEBUG tests/bstr_tests.c:966: .	binstr (NULL, 0, NULL) = 
DEBUG tests/bstr_tests.c:968: -1
DEBUG tests/bstr_tests.c:966: .	binstr (0x100022170[c]:"", 0, NULL) = 
DEBUG tests/bstr_tests.c:968: -1
DEBUG tests/bstr_tests.c:966: .	binstr (NULL, 0, 0x100022170[c]:"") = 
DEBUG tests/bstr_tests.c:968: -1
DEBUG tests/bstr_tests.c:966: .	binstr (0x100022170[c]:"", 0, 0x1000221a0:[err:data=NULL]) = 
DEBUG tests/bstr_tests.c:968: -1
DEBUG tests/bstr_tests.c:966: .	binstr (0x100022170[c]:"", 0, 0x1000221b0:[err:slen=-5<0]) = 
DEBUG tests/bstr_tests.c:968: -1
DEBUG tests/bstr_tests.c:966: .	binstr (0x1000221a0:[err:data=NULL], 0, 0x100022170[c]:"") = 
DEBUG tests/bstr_tests.c:968: -1
DEBUG tests/bstr_tests.c:966: .	binstr (0x1000221b0:[err:slen=-5<0], 0, 0x100022170[c]:"") = 
DEBUG tests/bstr_tests.c:968: -1
DEBUG tests/bstr_tests.c:966: .	binstr (0x1000221a0:[err:data=NULL], 0, 0x1000221b0:[err:slen=-5<0]) = 
DEBUG tests/bstr_tests.c:968: -1
DEBUG tests/bstr_tests.c:966: .	binstr (0x1000221b0:[err:slen=-5<0], 0, 0x1000221a0:[err:data=NULL]) = 
DEBUG tests/bstr_tests.c:968: -1
DEBUG tests/bstr_tests.c:966: .	binstr (0x100022170[c]:"", 0, 0x100022170[c]:"") = 
DEBUG tests/bstr_tests.c:968: 0
DEBUG tests/bstr_tests.c:966: .	binstr (0x100022170[c]:"", 1, 0x100022170[c]:"") = 
DEBUG tests/bstr_tests.c:968: -1
DEBUG tests/bstr_tests.c:966: .	binstr (0x100022180[c]:"bogus", 1, 0x100022180[c]:"bogus") = 
DEBUG tests/bstr_tests.c:968: -1
DEBUG tests/bstr_tests.c:966: .	binstr (0x100022180[c]:"bogus", 5, 0x100022170[c]:"") = 
DEBUG tests/bstr_tests.c:968: 5
DEBUG tests/bstr_tests.c:966: .	binstr (0x100022180[c]:"bogus", -1, 0x100022180[c]:"bogus") = 
DEBUG tests/bstr_tests.c:968: -1
DEBUG tests/bstr_tests.c:966: .	binstr (0x100022180[c]:"bogus", 0, 0x100022180[c]:"bogus") = 
DEBUG tests/bstr_tests.c:968: 0
DEBUG tests/bstr_tests.c:966: .	binstr (0x100022180[c]:"bogus", 0, 0x1002002f0:"bogus") = 
DEBUG tests/bstr_tests.c:968: 0
DEBUG tests/bstr_tests.c:966: .	binstr (0x100022180[c]:"bogus", 0, 0x1002002f0:"BOGUS") = 
DEBUG tests/bstr_tests.c:968: -1
DEBUG tests/bstr_tests.c:966: .	binstr (0x100022190[c]:"This is a bogus but reasonably long string.  Just long enough to cause some mallocing.", 0, 0x100022180[c]:"bogus") = 
DEBUG tests/bstr_tests.c:968: 10
DEBUG tests/bstr_tests.c:966: .	binstr (0x100022190[c]:"This is a bogus but reasonably long string.  Just long enough to cause some mallocing.", 20, 0x100022180[c]:"bogus") = 
DEBUG tests/bstr_tests.c:968: -1
DEBUG tests/bstr_tests.c:966: .	binstr (0x1002002b0:"sssssssssap", 0, 0x1002002f0:"sap") = 
DEBUG tests/bstr_tests.c:968: 8
DEBUG tests/bstr_tests.c:966: .	binstr (0x1002002b0:"sssssssssap", 3, 0x1002002f0:"sap") = 
DEBUG tests/bstr_tests.c:968: 8
DEBUG tests/bstr_tests.c:966: .	binstr (0x1002002b0:"ssssssssssap", 3, 0x1002002f0:"sap") = 
DEBUG tests/bstr_tests.c:968: 9
DEBUG tests/bstr_tests.c:966: .	binstr (0x1002002b0:"sssssssssap", 0, 0x1002002f0:"s") = 
DEBUG tests/bstr_tests.c:968: 0
DEBUG tests/bstr_tests.c:966: .	binstr (0x1002002b0:"sssssssssap", 3, 0x1002002f0:"s") = 
DEBUG tests/bstr_tests.c:968: 3
DEBUG tests/bstr_tests.c:966: .	binstr (0x1002002b0:"sssssssssap", 0, 0x1002002f0:"a") = 
DEBUG tests/bstr_tests.c:968: 9
DEBUG tests/bstr_tests.c:966: .	binstr (0x1002002b0:"sssssssssap", 5, 0x1002002f0:"a") = 
DEBUG tests/bstr_tests.c:968: 9
DEBUG tests/bstr_tests.c:966: .	binstr (0x1002002b0:"sasasasasap", 0, 0x1002002f0:"sap") = 
DEBUG tests/bstr_tests.c:968: 8
DEBUG tests/bstr_tests.c:966: .	binstr (0x1002002b0:"ssasasasasap", 0, 0x1002002f0:"sap") = 
DEBUG tests/bstr_tests.c:968: 9
DEBUG tests/bstr_tests.c:1045: TEST: int binstrcaseless (const_bstring s1, int pos, const_bstring s2);
DEBUG tests/bstr_tests.c:979: .	binstrcaseless (NULL, 0, NULL) = 
DEBUG tests/bstr_tests.c:981: -1
DEBUG tests/bstr_tests.c:979: .	binstrcaseless (0x100022170[c]:"", 0, NULL) = 
DEBUG tests/bstr_tests.c:981: -1
DEBUG tests/bstr_tests.c:979: .	binstrcaseless (NULL, 0, 0x100022170[c]:"") = 
DEBUG tests/bstr_tests.c:981: -1
DEBUG tests/bstr_tests.c:979: .	binstrcaseless (0x100022170[c]:"", 0, 0x1000221a0:[err:data=NULL]) = 
DEBUG tests/bstr_tests.c:981: -1
DEBUG tests/bstr_tests.c:979: .	binstrcaseless (0x100022170[c]:"", 0, 0x1000221b0:[err:slen=-5<0]) = 
DEBUG tests/bstr_tests.c:981: -1
DEBUG tests/bstr_tests.c:979: .	binstrcaseless (0x1000221a0:[err:data=NULL], 0, 0x100022170[c]:"") = 
DEBUG tests/bstr_tests.c:981: -1
DEBUG tests/bstr_tests.c:979: .	binstrcaseless (0x1000221b0:[err:slen=-5<0], 0, 0x100022170[c]:"") = 
DEBUG tests/bstr_tests.c:981: -1
DEBUG tests/bstr_tests.c:979: .	binstrcaseless (0x1000221a0:[err:data=NULL], 0, 0x1000221b0:[err:slen=-5<0]) = 
DEBUG tests/bstr_tests.c:981: -1
DEBUG tests/bstr_tests.c:979: .	binstrcaseless (0x1000221b0:[err:slen=-5<0], 0, 0x1000221a0:[err:data=NULL]) = 
DEBUG tests/bstr_tests.c:981: -1
DEBUG tests/bstr_tests.c:979: .	binstrcaseless (0x100022170[c]:"", 0, 0x100022170[c]:"") = 
DEBUG tests/bstr_tests.c:981: 0
DEBUG tests/bstr_tests.c:979: .	binstrcaseless (0x100022170[c]:"", 1, 0x100022170[c]:"") = 
DEBUG tests/bstr_tests.c:981: -1
DEBUG tests/bstr_tests.c:979: .	binstrcaseless (0x100022180[c]:"bogus", 1, 0x100022180[c]:"bogus") = 
DEBUG tests/bstr_tests.c:981: -1
DEBUG tests/bstr_tests.c:979: .	binstrcaseless (0x100022180[c]:"bogus", 5, 0x100022170[c]:"") = 
DEBUG tests/bstr_tests.c:981: 5
DEBUG tests/bstr_tests.c:979: .	binstrcaseless (0x100022180[c]:"bogus", -1, 0x100022180[c]:"bogus") = 
DEBUG tests/bstr_tests.c:981: -1
DEBUG tests/bstr_tests.c:979: .	binstrcaseless (0x100022180[c]:"bogus", 0, 0x100022180[c]:"bogus") = 
DEBUG tests/bstr_tests.c:981: 0
DEBUG tests/bstr_tests.c:979: .	binstrcaseless (0x100022180[c]:"bogus", 0, 0x1002002f0:"bogus") = 
DEBUG tests/bstr_tests.c:981: 0
DEBUG tests/bstr_tests.c:979: .	binstrcaseless (0x100022180[c]:"bogus", 0, 0x1002002f0:"BOGUS") = 
DEBUG tests/bstr_tests.c:981: 0
DEBUG tests/bstr_tests.c:979: .	binstrcaseless (0x100022190[c]:"This is a bogus but reasonably long string.  Just long enough to cause some mallocing.", 0, 0x100022180[c]:"bogus") = 
DEBUG tests/bstr_tests.c:981: 10
DEBUG tests/bstr_tests.c:979: .	binstrcaseless (0x100022190[c]:"This is a bogus but reasonably long string.  Just long enough to cause some mallocing.", 20, 0x100022180[c]:"bogus") = 
DEBUG tests/bstr_tests.c:981: -1
DEBUG tests/bstr_tests.c:1069: 	# failures: 0
DEBUG tests/bstr_tests.c:1103: TEST: int binstrr (const_bstring s1, int pos, const_bstring s2);
DEBUG tests/bstr_tests.c:1076: .	binstrr (NULL, 0, NULL) = 
DEBUG tests/bstr_tests.c:1078: -1
DEBUG tests/bstr_tests.c:1076: .	binstrr (0x100022170[c]:"", 0, NULL) = 
DEBUG tests/bstr_tests.c:1078: -1
DEBUG tests/bstr_tests.c:1076: .	binstrr (NULL, 0, 0x100022170[c]:"") = 
DEBUG tests/bstr_tests.c:1078: -1
DEBUG tests/bstr_tests.c:1076: .	binstrr (0x100022170[c]:"", 0, 0x1000221a0:[err:data=NULL]) = 
DEBUG tests/bstr_tests.c:1078: -1
DEBUG tests/bstr_tests.c:1076: .	binstrr (0x100022170[c]:"", 0, 0x1000221b0:[err:slen=-5<0]) = 
DEBUG tests/bstr_tests.c:1078: -1
DEBUG tests/bstr_tests.c:1076: .	binstrr (0x1000221a0:[err:data=NULL], 0, 0x100022170[c]:"") = 
DEBUG tests/bstr_tests.c:1078: -1
DEBUG tests/bstr_tests.c:1076: .	binstrr (0x1000221b0:[err:slen=-5<0], 0, 0x100022170[c]:"") = 
DEBUG tests/bstr_tests.c:1078: -1
DEBUG tests/bstr_tests.c:1076: .	binstrr (0x1000221a0:[err:data=NULL], 0, 0x1000221b0:[err:slen=-5<0]) = 
DEBUG tests/bstr_tests.c:1078: -1
DEBUG tests/bstr_tests.c:1076: .	binstrr (0x1000221b0:[err:slen=-5<0], 0, 0x1000221a0:[err:data=NULL]) = 
DEBUG tests/bstr_tests.c:1078: -1
DEBUG tests/bstr_tests.c:1076: .	binstrr (0x100022170[c]:"", 0, 0x100022170[c]:"") = 
DEBUG tests/bstr_tests.c:1078: 0
DEBUG tests/bstr_tests.c:1076: .	binstrr (0x100022170[c]:"", 1, 0x100022170[c]:"") = 
DEBUG tests/bstr_tests.c:1078: -1
DEBUG tests/bstr_tests.c:1076: .	binstrr (0x100022180[c]:"bogus", 1, 0x100022180[c]:"bogus") = 
DEBUG tests/bstr_tests.c:1078: 0
DEBUG tests/bstr_tests.c:1076: .	binstrr (0x100022180[c]:"bogus", 5, 0x100022170[c]:"") = 
DEBUG tests/bstr_tests.c:1078: 5
DEBUG tests/bstr_tests.c:1076: .	binstrr (0x100022180[c]:"bogus", -1, 0x100022180[c]:"bogus") = 
DEBUG tests/bstr_tests.c:1078: -1
DEBUG tests/bstr_tests.c:1076: .	binstrr (0x100022180[c]:"bogus", 0, 0x100022180[c]:"bogus") = 
DEBUG tests/bstr_tests.c:1078: 0
DEBUG tests/bstr_tests.c:1076: .	binstrr (0x100022180[c]:"bogus", 0, 0x1002002f0:"bogus") = 
DEBUG tests/bstr_tests.c:1078: 0
DEBUG tests/bstr_tests.c:1076: .	binstrr (0x100022180[c]:"bogus", 0, 0x1002002f0:"BOGUS") = 
DEBUG tests/bstr_tests.c:1078: -1
DEBUG tests/bstr_tests.c:1076: .	binstrr (0x100022190[c]:"This is a bogus but reasonably long string.  Just long enough to cause some mallocing.", 0, 0x100022180[c]:"bogus") = 
DEBUG tests/bstr_tests.c:1078: -1
DEBUG tests/bstr_tests.c:1076: .	binstrr (0x100022190[c]:"This is a bogus but reasonably long string.  Just long enough to cause some mallocing.", 20, 0x100022180[c]:"bogus") = 
DEBUG tests/bstr_tests.c:1078: 10
DEBUG tests/bstr_tests.c:1127: TEST: int binstrrcaseless (const_bstring s1, int pos, const_bstring s2);
DEBUG tests/bstr_tests.c:1089: .	binstrrcaseless (NULL, 0, NULL) = 
DEBUG tests/bstr_tests.c:1091: -1
DEBUG tests/bstr_tests.c:1089: .	binstrrcaseless (0x100022170[c]:"", 0, NULL) = 
DEBUG tests/bstr_tests.c:1091: -1
DEBUG tests/bstr_tests.c:1089: .	binstrrcaseless (NULL, 0, 0x100022170[c]:"") = 
DEBUG tests/bstr_tests.c:1091: -1
DEBUG tests/bstr_tests.c:1089: .	binstrrcaseless (0x100022170[c]:"", 0, 0x1000221a0:[err:data=NULL]) = 
DEBUG tests/bstr_tests.c:1091: -1
DEBUG tests/bstr_tests.c:1089: .	binstrrcaseless (0x100022170[c]:"", 0, 0x1000221b0:[err:slen=-5<0]) = 
DEBUG tests/bstr_tests.c:1091: -1
DEBUG tests/bstr_tests.c:1089: .	binstrrcaseless (0x1000221a0:[err:data=NULL], 0, 0x100022170[c]:"") = 
DEBUG tests/bstr_tests.c:1091: -1
DEBUG tests/bstr_tests.c:1089: .	binstrrcaseless (0x1000221b0:[err:slen=-5<0], 0, 0x100022170[c]:"") = 
DEBUG tests/bstr_tests.c:1091: -1
DEBUG tests/bstr_tests.c:1089: .	binstrrcaseless (0x1000221a0:[err:data=NULL], 0, 0x1000221b0:[err:slen=-5<0]) = 
DEBUG tests/bstr_tests.c:1091: -1
DEBUG tests/bstr_tests.c:1089: .	binstrrcaseless (0x1000221b0:[err:slen=-5<0], 0, 0x1000221a0:[err:data=NULL]) = 
DEBUG tests/bstr_tests.c:1091: -1
DEBUG tests/bstr_tests.c:1089: .	binstrrcaseless (0x100022170[c]:"", 0, 0x100022170[c]:"") = 
DEBUG tests/bstr_tests.c:1091: 0
DEBUG tests/bstr_tests.c:1089: .	binstrrcaseless (0x100022170[c]:"", 1, 0x100022170[c]:"") = 
DEBUG tests/bstr_tests.c:1091: -1
DEBUG tests/bstr_tests.c:1089: .	binstrrcaseless (0x100022180[c]:"bogus", 1, 0x100022180[c]:"bogus") = 
DEBUG tests/bstr_tests.c:1091: 0
DEBUG tests/bstr_tests.c:1089: .	binstrrcaseless (0x100022180[c]:"bogus", 5, 0x100022170[c]:"") = 
DEBUG tests/bstr_tests.c:1091: 5
DEBUG tests/bstr_tests.c:1089: .	binstrrcaseless (0x100022180[c]:"bogus", -1, 0x100022180[c]:"bogus") = 
DEBUG tests/bstr_tests.c:1091: -1
DEBUG tests/bstr_tests.c:1089: .	binstrrcaseless (0x100022180[c]:"bogus", 0, 0x100022180[c]:"bogus") = 
DEBUG tests/bstr_tests.c:1091: 0
DEBUG tests/bstr_tests.c:1089: .	binstrrcaseless (0x100022180[c]:"bogus", 0, 0x1002002f0:"bogus") = 
DEBUG tests/bstr_tests.c:1091: 0
DEBUG tests/bstr_tests.c:1089: .	binstrrcaseless (0x100022180[c]:"bogus", 0, 0x1002002f0:"BOGUS") = 
DEBUG tests/bstr_tests.c:1091: 0
DEBUG tests/bstr_tests.c:1089: .	binstrrcaseless (0x100022190[c]:"This is a bogus but reasonably long string.  Just long enough to cause some mallocing.", 0, 0x100022180[c]:"bogus") = 
DEBUG tests/bstr_tests.c:1091: -1
DEBUG tests/bstr_tests.c:1089: .	binstrrcaseless (0x100022190[c]:"This is a bogus but reasonably long string.  Just long enough to cause some mallocing.", 20, 0x100022180[c]:"bogus") = 
DEBUG tests/bstr_tests.c:1091: 10
DEBUG tests/bstr_tests.c:1151: 	# failures: 0
DEBUG tests/bstr_tests.c:1173: TEST: int binchr (const_bstring s1, int pos, const_bstring s2);
DEBUG tests/bstr_tests.c:1158: .	binchr (NULL, 0, NULL) = 
DEBUG tests/bstr_tests.c:1160: -1
DEBUG tests/bstr_tests.c:1158: .	binchr (0x100022170[c]:"", 0, NULL) = 
DEBUG tests/bstr_tests.c:1160: -1
DEBUG tests/bstr_tests.c:1158: .	binchr (NULL, 0, 0x100022170[c]:"") = 
DEBUG tests/bstr_tests.c:1160: -1
DEBUG tests/bstr_tests.c:1158: .	binchr (0x100022170[c]:"", 0, 0x1000221a0:[err:data=NULL]) = 
DEBUG tests/bstr_tests.c:1160: -1
DEBUG tests/bstr_tests.c:1158: .	binchr (0x100022170[c]:"", 0, 0x1000221b0:[err:slen=-5<0]) = 
DEBUG tests/bstr_tests.c:1160: -1
DEBUG tests/bstr_tests.c:1158: .	binchr (0x1000221a0:[err:data=NULL], 0, 0x100022170[c]:"") = 
DEBUG tests/bstr_tests.c:1160: -1
DEBUG tests/bstr_tests.c:1158: .	binchr (0x1000221b0:[err:slen=-5<0], 0, 0x100022170[c]:"") = 
DEBUG tests/bstr_tests.c:1160: -1
DEBUG tests/bstr_tests.c:1158: .	binchr (0x1000221b0:[err:slen=-5<0], 0, 0x1000221a0:[err:data=NULL]) = 
DEBUG tests/bstr_tests.c:1160: -1
DEBUG tests/bstr_tests.c:1158: .	binchr (0x1000221a0:[err:data=NULL], 0, 0x1000221b0:[err:slen=-5<0]) = 
DEBUG tests/bstr_tests.c:1160: -1
DEBUG tests/bstr_tests.c:1158: .	binchr (0x100022170[c]:"", 0, 0x100022170[c]:"") = 
DEBUG tests/bstr_tests.c:1160: -1
DEBUG tests/bstr_tests.c:1158: .	binchr (0x100022180[c]:"bogus", 0, 0x100022170[c]:"") = 
DEBUG tests/bstr_tests.c:1160: -1
DEBUG tests/bstr_tests.c:1158: .	binchr (0x100022180[c]:"bogus", 0, 0x100022180[c]:"bogus") = 
DEBUG tests/bstr_tests.c:1160: 0
DEBUG tests/bstr_tests.c:1158: .	binchr (0x100022180[c]:"bogus", 0, 0x1008083c0[c]:"ooooo") = 
DEBUG tests/bstr_tests.c:1160: 1
DEBUG tests/bstr_tests.c:1158: .	binchr (0x100022180[c]:"bogus", 0, 0x1002002f0:"bogus") = 
DEBUG tests/bstr_tests.c:1160: 0
DEBUG tests/bstr_tests.c:1158: .	binchr (0x100022180[c]:"bogus", -1, 0x100022180[c]:"bogus") = 
DEBUG tests/bstr_tests.c:1160: -1
DEBUG tests/bstr_tests.c:1158: .	binchr (0x100022180[c]:"bogus", 10, 0x100022180[c]:"bogus") = 
DEBUG tests/bstr_tests.c:1160: -1
DEBUG tests/bstr_tests.c:1158: .	binchr (0x100022180[c]:"bogus", 1, 0x100022180[c]:"bogus") = 
DEBUG tests/bstr_tests.c:1160: 1
DEBUG tests/bstr_tests.c:1158: .	binchr (0x100022170[c]:"", 0, 0x100022180[c]:"bogus") = 
DEBUG tests/bstr_tests.c:1160: -1
DEBUG tests/bstr_tests.c:1158: .	binchr (0x1000221d0[c]:"xxxxx", 0, 0x100022180[c]:"bogus") = 
DEBUG tests/bstr_tests.c:1160: -1
DEBUG tests/bstr_tests.c:1158: .	binchr (0x100022190[c]:"This is a bogus but reasonably long string.  Just long enough to cause some mallocing.", 0, 0x100022180[c]:"bogus") = 
DEBUG tests/bstr_tests.c:1160: 3
DEBUG tests/bstr_tests.c:1158: .	binchr (0x100022190[c]:"This is a bogus but reasonably long string.  Just long enough to cause some mallocing.", 10, 0x100022180[c]:"bogus") = 
DEBUG tests/bstr_tests.c:1160: 10
DEBUG tests/bstr_tests.c:1197: 	# failures: 0
DEBUG tests/bstr_tests.c:1218: TEST: int binchrr (const_bstring s1, int pos, const_bstring s2);
DEBUG tests/bstr_tests.c:1204: .	binchrr (NULL, 0, NULL) = 
DEBUG tests/bstr_tests.c:1206: -1
DEBUG tests/bstr_tests.c:1204: .	binchrr (0x100022170[c]:"", 0, NULL) = 
DEBUG tests/bstr_tests.c:1206: -1
DEBUG tests/bstr_tests.c:1204: .	binchrr (NULL, 0, 0x100022170[c]:"") = 
DEBUG tests/bstr_tests.c:1206: -1
DEBUG tests/bstr_tests.c:1204: .	binchrr (0x100022170[c]:"", 0, 0x100022170[c]:"") = 
DEBUG tests/bstr_tests.c:1206: -1
DEBUG tests/bstr_tests.c:1204: .	binchrr (0x100022180[c]:"bogus", 0, 0x100022170[c]:"") = 
DEBUG tests/bstr_tests.c:1206: -1
DEBUG tests/bstr_tests.c:1204: .	binchrr (0x100022170[c]:"", 0, 0x1000221a0:[err:data=NULL]) = 
DEBUG tests/bstr_tests.c:1206: -1
DEBUG tests/bstr_tests.c:1204: .	binchrr (0x100022170[c]:"", 0, 0x1000221b0:[err:slen=-5<0]) = 
DEBUG tests/bstr_tests.c:1206: -1
DEBUG tests/bstr_tests.c:1204: .	binchrr (0x1000221a0:[err:data=NULL], 0, 0x100022170[c]:"") = 
DEBUG tests/bstr_tests.c:1206: -1
DEBUG tests/bstr_tests.c:1204: .	binchrr (0x1000221b0:[err:slen=-5<0], 0, 0x100022170[c]:"") = 
DEBUG tests/bstr_tests.c:1206: -1
DEBUG tests/bstr_tests.c:1204: .	binchrr (0x1000221b0:[err:slen=-5<0], 0, 0x1000221a0:[err:data=NULL]) = 
DEBUG tests/bstr_tests.c:1206: -1
DEBUG tests/bstr_tests.c:1204: .	binchrr (0x1000221a0:[err:data=NULL], 0, 0x1000221b0:[err:slen=-5<0]) = 
DEBUG tests/bstr_tests.c:1206: -1
DEBUG tests/bstr_tests.c:1204: .	binchrr (0x100022180[c]:"bogus", 0, 0x100022180[c]:"bogus") = 
DEBUG tests/bstr_tests.c:1206: 0
DEBUG tests/bstr_tests.c:1204: .	binchrr (0x100022180[c]:"bogus", 0, 0x1002002f0:"bogus") = 
DEBUG tests/bstr_tests.c:1206: 0
DEBUG tests/bstr_tests.c:1204: .	binchrr (0x100022180[c]:"bogus", -1, 0x100022180[c]:"bogus") = 
DEBUG tests/bstr_tests.c:1206: -1
DEBUG tests/bstr_tests.c:1204: .	binchrr (0x100022180[c]:"bogus", 5, 0x100022180[c]:"bogus") = 
DEBUG tests/bstr_tests.c:1206: 4
DEBUG tests/bstr_tests.c:1204: .	binchrr (0x100022180[c]:"bogus", 4, 0x100022180[c]:"bogus") = 
DEBUG tests/bstr_tests.c:1206: 4
DEBUG tests/bstr_tests.c:1204: .	binchrr (0x100022180[c]:"bogus", 1, 0x100022180[c]:"bogus") = 
DEBUG tests/bstr_tests.c:1206: 1
DEBUG tests/bstr_tests.c:1204: .	binchrr (0x100022170[c]:"", 0, 0x100022180[c]:"bogus") = 
DEBUG tests/bstr_tests.c:1206: -1
DEBUG tests/bstr_tests.c:1204: .	binchrr (0x1000221d0[c]:"xxxxx", 4, 0x100022180[c]:"bogus") = 
DEBUG tests/bstr_tests.c:1206: -1
DEBUG tests/bstr_tests.c:1204: .	binchrr (0x100022190[c]:"This is a bogus but reasonably long string.  Just long enough to cause some mallocing.", 0, 0x100022180[c]:"bogus") = 
DEBUG tests/bstr_tests.c:1206: -1
DEBUG tests/bstr_tests.c:1204: .	binchrr (0x100022190[c]:"This is a bogus but reasonably long string.  Just long enough to cause some mallocing.", 10, 0x100022180[c]:"bogus") = 
DEBUG tests/bstr_tests.c:1206: 10
DEBUG tests/bstr_tests.c:1242: 	# failures: 0
DEBUG tests/bstr_tests.c:1297: TEST: int bsetstr (bstring b0, int pos, const_bstring b1, unsigned char fill);
DEBUG tests/bstr_tests.c:1284: .	bsetstr (NULL, 0, NULL, 3F) = -1
DEBUG tests/bstr_tests.c:1284: .	bsetstr (NULL, 0, 0x100022170[c]:"", 3F) = -1
DEBUG tests/bstr_tests.c:1284: .	bsetstr (0x1000221a0:[err:data=NULL], 0, NULL, 3F) = -1
DEBUG tests/bstr_tests.c:1284: .	bsetstr (0x1000221a0:[err:data=NULL], 0, 0x1000221a0:[err:data=NULL], 3F) = -1
DEBUG tests/bstr_tests.c:1284: .	bsetstr (0x100022170[c]:"", 0, 0x1000221a0:[err:data=NULL], 3F) = -1
DEBUG tests/bstr_tests.c:1284: .	bsetstr (0x1000221a0:[err:data=NULL], 0, 0x100022170[c]:"", 3F) = -1
DEBUG tests/bstr_tests.c:1284: .	bsetstr (0x1000221b0:[err:slen=-5<0], 0, NULL, 3F) = -1
DEBUG tests/bstr_tests.c:1284: .	bsetstr (0x1000221b0:[err:slen=-5<0], 0, 0x1000221b0:[err:slen=-5<0], 3F) = -1
DEBUG tests/bstr_tests.c:1284: .	bsetstr (0x100022170[c]:"", 0, 0x1000221b0:[err:slen=-5<0], 3F) = -1
DEBUG tests/bstr_tests.c:1284: .	bsetstr (0x1000221b0:[err:slen=-5<0], 0, 0x100022170[c]:"", 3F) = -1
DEBUG tests/bstr_tests.c:1255: .	bsetstr (0x1002002f0[p]:"", 
DEBUG tests/bstr_tests.c:1261: 0, 0x100022170[c]:"", 3F) = 0x1002002f0[p]:""
DEBUG tests/bstr_tests.c:1265: .	bsetstr (0x1002002f0:"", 
DEBUG tests/bstr_tests.c:1279: 0, 0x100022170[c]:"", 3F) = 0x1002002f0:""
DEBUG tests/bstr_tests.c:1255: .	bsetstr (0x1002002f0[p]:"", 
DEBUG tests/bstr_tests.c:1261: 5, 0x100022170[c]:"", 3F) = 0x1002002f0[p]:""
DEBUG tests/bstr_tests.c:1265: .	bsetstr (0x1002002f0:"", 
DEBUG tests/bstr_tests.c:1279: 5, 0x100022170[c]:"", 3F) = 0x1002002f0:"?????"
DEBUG tests/bstr_tests.c:1255: .	bsetstr (0x1002002f0[p]:"", 
DEBUG tests/bstr_tests.c:1261: 5, 0x100022180[c]:"bogus", 3F) = 0x1002002f0[p]:""
DEBUG tests/bstr_tests.c:1265: .	bsetstr (0x1002002f0:"", 
DEBUG tests/bstr_tests.c:1279: 5, 0x100022180[c]:"bogus", 3F) = 0x1002002f0:"?????bogus"
DEBUG tests/bstr_tests.c:1255: .	bsetstr (0x1002002f0[p]:"bogus", 
DEBUG tests/bstr_tests.c:1261: 0, 0x100022170[c]:"", 3F) = 0x1002002f0[p]:"bogus"
DEBUG tests/bstr_tests.c:1265: .	bsetstr (0x1002002f0:"bogus", 
DEBUG tests/bstr_tests.c:1279: 0, 0x100022170[c]:"", 3F) = 0x1002002f0:"bogus"
DEBUG tests/bstr_tests.c:1255: .	bsetstr (0x1002002f0[p]:"", 
DEBUG tests/bstr_tests.c:1261: 0, 0x100022180[c]:"bogus", 3F) = 0x1002002f0[p]:""
DEBUG tests/bstr_tests.c:1265: .	bsetstr (0x1002002f0:"", 
DEBUG tests/bstr_tests.c:1279: 0, 0x100022180[c]:"bogus", 3F) = 0x1002002f0:"bogus"
DEBUG tests/bstr_tests.c:1255: .	bsetstr (0x1002002f0[p]:"bogus", 
DEBUG tests/bstr_tests.c:1261: 0, 0x100022180[c]:"bogus", 3F) = 0x1002002f0[p]:"bogus"
DEBUG tests/bstr_tests.c:1265: .	bsetstr (0x1002002f0:"bogus", 
DEBUG tests/bstr_tests.c:1279: 0, 0x100022180[c]:"bogus", 3F) = 0x1002002f0:"bogus"
DEBUG tests/bstr_tests.c:1255: .	bsetstr (0x1002002f0[p]:"bogus", 
DEBUG tests/bstr_tests.c:1261: -1, 0x100022180[c]:"bogus", 3F) = 0x1002002f0[p]:"bogus"
DEBUG tests/bstr_tests.c:1265: .	bsetstr (0x1002002f0:"bogus", 
DEBUG tests/bstr_tests.c:1279: -1, 0x100022180[c]:"bogus", 3F) = 0x1002002f0:"bogus"
DEBUG tests/bstr_tests.c:1255: .	bsetstr (0x1002002f0[p]:"bogus", 
DEBUG tests/bstr_tests.c:1261: 2, 0x100022180[c]:"bogus", 3F) = 0x1002002f0[p]:"bogus"
DEBUG tests/bstr_tests.c:1265: .	bsetstr (0x1002002f0:"bogus", 
DEBUG tests/bstr_tests.c:1279: 2, 0x100022180[c]:"bogus", 3F) = 0x1002002f0:"bobogus"
DEBUG tests/bstr_tests.c:1255: .	bsetstr (0x1002002f0[p]:"bogus", 
DEBUG tests/bstr_tests.c:1261: 6, 0x100022180[c]:"bogus", 3F) = 0x1002002f0[p]:"bogus"
DEBUG tests/bstr_tests.c:1265: .	bsetstr (0x1002002f0:"bogus", 
DEBUG tests/bstr_tests.c:1279: 6, 0x100022180[c]:"bogus", 3F) = 0x1002002f0:"bogus?bogus"
DEBUG tests/bstr_tests.c:1284: .	bsetstr (0x100022180[c]:"bogus", 6, NULL, 3F) = -1
DEBUG tests/bstr_tests.c:1321: 	# failures: 0
DEBUG tests/bstr_tests.c:1375: TEST: int binsert (bstring b0, int pos, const_bstring b1, unsigned char fill);
DEBUG tests/bstr_tests.c:1362: .	binsert (NULL, 0, NULL, 3F) = -1
DEBUG tests/bstr_tests.c:1362: .	binsert (NULL, 0, 0x100022170[c]:"", 3F) = -1
DEBUG tests/bstr_tests.c:1362: .	binsert (0x1000221a0:[err:data=NULL], 0, NULL, 3F) = -1
DEBUG tests/bstr_tests.c:1362: .	binsert (0x1000221a0:[err:data=NULL], 0, 0x1000221a0:[err:data=NULL], 3F) = -1
DEBUG tests/bstr_tests.c:1362: .	binsert (0x100022170[c]:"", 0, 0x1000221a0:[err:data=NULL], 3F) = -1
DEBUG tests/bstr_tests.c:1362: .	binsert (0x1000221a0:[err:data=NULL], 0, 0x100022170[c]:"", 3F) = -1
DEBUG tests/bstr_tests.c:1362: .	binsert (0x1000221b0:[err:slen=-5<0], 0, NULL, 3F) = -1
DEBUG tests/bstr_tests.c:1362: .	binsert (0x1000221b0:[err:slen=-5<0], 0, 0x1000221b0:[err:slen=-5<0], 3F) = -1
DEBUG tests/bstr_tests.c:1362: .	binsert (0x100022170[c]:"", 0, 0x1000221b0:[err:slen=-5<0], 3F) = -1
DEBUG tests/bstr_tests.c:1362: .	binsert (0x1000221b0:[err:slen=-5<0], 0, 0x100022170[c]:"", 3F) = -1
DEBUG tests/bstr_tests.c:1334: .	binsert (0x1002002f0[p]:"", 
DEBUG tests/bstr_tests.c:1340: 0, 0x100022170[c]:"", 3F) = 0x1002002f0[p]:""
DEBUG tests/bstr_tests.c:1344: .	binsert (0x1002002f0:"", 
DEBUG tests/bstr_tests.c:1357: 0, 0x100022170[c]:"", 3F) = 0x1002002f0:""
DEBUG tests/bstr_tests.c:1334: .	binsert (0x1002002f0[p]:"", 
DEBUG tests/bstr_tests.c:1340: 5, 0x100022170[c]:"", 3F) = 0x1002002f0[p]:""
DEBUG tests/bstr_tests.c:1344: .	binsert (0x1002002f0:"", 
DEBUG tests/bstr_tests.c:1357: 5, 0x100022170[c]:"", 3F) = 0x1002002f0:"?????"
DEBUG tests/bstr_tests.c:1334: .	binsert (0x1002002f0[p]:"", 
DEBUG tests/bstr_tests.c:1340: 5, 0x100022180[c]:"bogus", 3F) = 0x1002002f0[p]:""
DEBUG tests/bstr_tests.c:1344: .	binsert (0x1002002f0:"", 
DEBUG tests/bstr_tests.c:1357: 5, 0x100022180[c]:"bogus", 3F) = 0x1002002f0:"?????bogus"
DEBUG tests/bstr_tests.c:1334: .	binsert (0x1002002f0[p]:"bogus", 
DEBUG tests/bstr_tests.c:1340: 0, 0x100022170[c]:"", 3F) = 0x1002002f0[p]:"bogus"
DEBUG tests/bstr_tests.c:1344: .	binsert (0x1002002f0:"bogus", 
DEBUG tests/bstr_tests.c:1357: 0, 0x100022170[c]:"", 3F) = 0x1002002f0:"bogus"
DEBUG tests/bstr_tests.c:1334: .	binsert (0x1002002f0[p]:"", 
DEBUG tests/bstr_tests.c:1340: 0, 0x100022180[c]:"bogus", 3F) = 0x1002002f0[p]:""
DEBUG tests/bstr_tests.c:1344: .	binsert (0x1002002f0:"", 
DEBUG tests/bstr_tests.c:1357: 0, 0x100022180[c]:"bogus", 3F) = 0x1002002f0:"bogus"
DEBUG tests/bstr_tests.c:1334: .	binsert (0x1002002f0[p]:"bogus", 
DEBUG tests/bstr_tests.c:1340: 0, 0x100022180[c]:"bogus", 3F) = 0x1002002f0[p]:"bogus"
DEBUG tests/bstr_tests.c:1344: .	binsert (0x1002002f0:"bogus", 
DEBUG tests/bstr_tests.c:1357: 0, 0x100022180[c]:"bogus", 3F) = 0x1002002f0:"bogusbogus"
DEBUG tests/bstr_tests.c:1334: .	binsert (0x1002002f0[p]:"bogus", 
DEBUG tests/bstr_tests.c:1340: -1, 0x100022180[c]:"bogus", 3F) = 0x1002002f0[p]:"bogus"
DEBUG tests/bstr_tests.c:1344: .	binsert (0x1002002f0:"bogus", 
DEBUG tests/bstr_tests.c:1357: -1, 0x100022180[c]:"bogus", 3F) = 0x1002002f0:"bogus"
DEBUG tests/bstr_tests.c:1334: .	binsert (0x1002002f0[p]:"bogus", 
DEBUG tests/bstr_tests.c:1340: 2, 0x100022180[c]:"bogus", 3F) = 0x1002002f0[p]:"bogus"
DEBUG tests/bstr_tests.c:1344: .	binsert (0x1002002f0:"bogus", 
DEBUG tests/bstr_tests.c:1357: 2, 0x100022180[c]:"bogus", 3F) = 0x1002002f0:"bobogusgus"
DEBUG tests/bstr_tests.c:1334: .	binsert (0x1002002f0[p]:"bogus", 
DEBUG tests/bstr_tests.c:1340: 6, 0x100022180[c]:"bogus", 3F) = 0x1002002f0[p]:"bogus"
DEBUG tests/bstr_tests.c:1344: .	binsert (0x1002002f0:"bogus", 
DEBUG tests/bstr_tests.c:1357: 6, 0x100022180[c]:"bogus", 3F) = 0x1002002f0:"bogus?bogus"
DEBUG tests/bstr_tests.c:1362: .	binsert (0x100022180[c]:"bogus", 6, NULL, 3F) = -1
DEBUG tests/bstr_tests.c:1399: 	# failures: 0
DEBUG tests/bstr_tests.c:1449: TEST: int bdelete (bstring s1, int pos, int len);
DEBUG tests/bstr_tests.c:1436: .	bdelete (NULL, 0, 0) = -1
DEBUG tests/bstr_tests.c:1436: .	bdelete (0x1000221a0:[err:data=NULL], 0, 0) = -1
DEBUG tests/bstr_tests.c:1436: .	bdelete (0x1000221b0:[err:slen=-5<0], 0, 0) = -1
DEBUG tests/bstr_tests.c:1411: .	bdelete (0x1002002f0[p]:"", 
DEBUG tests/bstr_tests.c:1417: 0, 0) = 0x1002002f0[p]:""
DEBUG tests/bstr_tests.c:1421: .	bdelete (0x1002002f0:"", 
DEBUG tests/bstr_tests.c:1431: 0, 0) = 0x1002002f0:""
DEBUG tests/bstr_tests.c:1411: .	bdelete (0x1002002f0[p]:"bogus", 
DEBUG tests/bstr_tests.c:1417: 1, 3) = 0x1002002f0[p]:"bogus"
DEBUG tests/bstr_tests.c:1421: .	bdelete (0x1002002f0:"bogus", 
DEBUG tests/bstr_tests.c:1431: 1, 3) = 0x1002002f0:"bs"
DEBUG tests/bstr_tests.c:1411: .	bdelete (0x1002002f0[p]:"bogus", 
DEBUG tests/bstr_tests.c:1417: -1, 3) = 0x1002002f0[p]:"bogus"
DEBUG tests/bstr_tests.c:1421: .	bdelete (0x1002002f0:"bogus", 
DEBUG tests/bstr_tests.c:1431: -1, 3) = 0x1002002f0:"gus"
DEBUG tests/bstr_tests.c:1411: .	bdelete (0x1002002f0[p]:"bogus", 
DEBUG tests/bstr_tests.c:1417: 1, -3) = 0x1002002f0[p]:"bogus"
DEBUG tests/bstr_tests.c:1421: .	bdelete (0x1002002f0:"bogus", 
DEBUG tests/bstr_tests.c:1431: 1, -3) = 0x1002002f0:"bogus"
DEBUG tests/bstr_tests.c:1411: .	bdelete (0x1002002f0[p]:"bogus", 
DEBUG tests/bstr_tests.c:1417: 3, 9) = 0x1002002f0[p]:"bogus"
DEBUG tests/bstr_tests.c:1421: .	bdelete (0x1002002f0:"bogus", 
DEBUG tests/bstr_tests.c:1431: 3, 9) = 0x1002002f0:"bog"
DEBUG tests/bstr_tests.c:1411: .	bdelete (0x1002002f0[p]:"bogus", 
DEBUG tests/bstr_tests.c:1417: 3, 1) = 0x1002002f0[p]:"bogus"
DEBUG tests/bstr_tests.c:1421: .	bdelete (0x1002002f0:"bogus", 
DEBUG tests/bstr_tests.c:1431: 3, 1) = 0x1002002f0:"bogs"
DEBUG tests/bstr_tests.c:1411: .	bdelete (0x1002002f0[p]:"This is a bogus but reasonably long string.  Just long enough to cause some mallocing.", 
DEBUG tests/bstr_tests.c:1417: 4, 300) = 0x1002002f0[p]:"This is a bogus but reasonably long string.  Just long enough to cause some mallocing."
DEBUG tests/bstr_tests.c:1421: .	bdelete (0x1002002f0:"This is a bogus but reasonably long string.  Just long enough to cause some mallocing.", 
DEBUG tests/bstr_tests.c:1431: 4, 300) = 0x1002002f0:"This"
DEBUG tests/bstr_tests.c:1464: 	# failures: 0
DEBUG tests/bstr_tests.c:1524: TEST: int balloc (bstring s, int len);
DEBUG tests/bstr_tests.c:1473: .	balloc (NULL, 2) = 
DEBUG tests/bstr_tests.c:1476: -1
DEBUG tests/bstr_tests.c:1473: .	balloc (0x1000221a0:[err:data=NULL], 2) = 
DEBUG tests/bstr_tests.c:1476: -1
DEBUG tests/bstr_tests.c:1473: .	balloc (0x1000221b0:[err:slen=-5<0], 2) = 
DEBUG tests/bstr_tests.c:1476: -1
DEBUG tests/bstr_tests.c:1473: .	balloc (0x1002002f0:"test", 2) = 
DEBUG tests/bstr_tests.c:1476: 0
DEBUG tests/bstr_tests.c:1473: .	balloc (0x1002002f0:"test", -1) = 
DEBUG tests/bstr_tests.c:1476: -1
DEBUG tests/bstr_tests.c:1473: .	balloc (0x1002002f0:"test", 9) = 
DEBUG tests/bstr_tests.c:1476: 0
DEBUG tests/bstr_tests.c:1473: .	balloc (0x1002002f0:"test", 2) = 
DEBUG tests/bstr_tests.c:1476: 0
DEBUG tests/bstr_tests.c:1473: .	balloc (0x1002002f0[p]:"test", 4) = 
DEBUG tests/bstr_tests.c:1476: -1
DEBUG tests/bstr_tests.c:1473: .	balloc (0x1002002f0:"test", 2) = 
DEBUG tests/bstr_tests.c:1476: 0
DEBUG tests/bstr_tests.c:1473: .	balloc (0x100022170[c]:"", 9) = 
DEBUG tests/bstr_tests.c:1476: -1
DEBUG tests/bstr_tests.c:1542: 	# failures: 0
DEBUG tests/bstr_tests.c:1549: TEST: int ballocmin (bstring s, int len);
DEBUG tests/bstr_tests.c:1499: .	ballocmin (NULL, 2) = 
DEBUG tests/bstr_tests.c:1503: [1503] -1
DEBUG tests/bstr_tests.c:1499: .	ballocmin (0x1000221a0:[err:data=NULL], 2) = 
DEBUG tests/bstr_tests.c:1503: [1503] -1
DEBUG tests/bstr_tests.c:1499: .	ballocmin (0x1000221b0:[err:slen=-5<0], 2) = 
DEBUG tests/bstr_tests.c:1503: [1503] -1
DEBUG tests/bstr_tests.c:1499: .	ballocmin (0x1002002f0:"test", 2) = 
DEBUG tests/bstr_tests.c:1503: [1503] 0
DEBUG tests/bstr_tests.c:1499: .	ballocmin (0x1002002f0:"test", -1) = 
DEBUG tests/bstr_tests.c:1503: [1503] -1
DEBUG tests/bstr_tests.c:1499: .	ballocmin (0x1002002f0:"test", 9) = 
DEBUG tests/bstr_tests.c:1503: [1503] 0
DEBUG tests/bstr_tests.c:1499: .	ballocmin (0x1002002f0:"test", 2) = 
DEBUG tests/bstr_tests.c:1503: [1503] 0
DEBUG tests/bstr_tests.c:1499: .	ballocmin (0x1002002f0:"test", 9) = 
DEBUG tests/bstr_tests.c:1503: [1503] 0
DEBUG tests/bstr_tests.c:1499: .	ballocmin (0x1002002f0[p]:"test", 4) = 
DEBUG tests/bstr_tests.c:1503: [1503] -1
DEBUG tests/bstr_tests.c:1499: .	ballocmin (0x1002002f0:"test", 2) = 
DEBUG tests/bstr_tests.c:1503: [1503] 0
DEBUG tests/bstr_tests.c:1499: .	ballocmin (0x100022170[c]:"", 9) = 
DEBUG tests/bstr_tests.c:1503: [1503] -1
DEBUG tests/bstr_tests.c:1568: 	# failures: 0
DEBUG tests/bstr_tests.c:1613: TEST: int bpattern (bstring b, int len);
DEBUG tests/bstr_tests.c:1598: .	bpattern (NULL, 0) = -1
DEBUG tests/bstr_tests.c:1598: .	bpattern (NULL, 5) = -1
DEBUG tests/bstr_tests.c:1598: .	bpattern (NULL, -5) = -1
DEBUG tests/bstr_tests.c:1598: .	bpattern (0x1000221a0:[err:data=NULL], 5) = -1
DEBUG tests/bstr_tests.c:1598: .	bpattern (0x1000221b0:[err:slen=-5<0], 5) = -1
DEBUG tests/bstr_tests.c:1584: .	bpattern (0x1002002f0:"", 0) = 
DEBUG tests/bstr_tests.c:1588: 0x1002002f0:""
DEBUG tests/bstr_tests.c:1584: .	bpattern (0x1002002f0:"", 10) = 
DEBUG tests/bstr_tests.c:1588: 0x1002002f0:""
DEBUG tests/bstr_tests.c:1584: .	bpattern (0x1002002f0:"", -1) = 
DEBUG tests/bstr_tests.c:1588: 0x1002002f0:""
DEBUG tests/bstr_tests.c:1584: .	bpattern (0x1002002f0:"bogus", 0) = 
DEBUG tests/bstr_tests.c:1588: 0x1002002f0:""
DEBUG tests/bstr_tests.c:1584: .	bpattern (0x1002002f0:"bogus", 12) = 
DEBUG tests/bstr_tests.c:1588: 0x1002002f0:"bogusbogusbo"
DEBUG tests/bstr_tests.c:1584: .	bpattern (0x1002002f0:"bogus", -1) = 
DEBUG tests/bstr_tests.c:1588: 0x1002002f0:"bogus"
DEBUG tests/bstr_tests.c:1629: 	# failures: 0
DEBUG tests/bstr_tests.c:1640: TEST: bstring bformat (const char * fmt, ...);
DEBUG tests/bstr_tests.c:1642: .	bformat (NULL, 1, 2) = 
DEBUG tests/bstr_tests.c:1644: NULL
DEBUG tests/bstr_tests.c:1648: .	bformat ("%d %s", 1, "xy") = 
DEBUG tests/bstr_tests.c:1650: 0x1002002f0:"1 xy"
DEBUG tests/bstr_tests.c:1654: .	bformat ("%d %s(%s)", 6, 0x1002002b0:"1 xy", 0x100022180[c]:"bogus") = 
DEBUG tests/bstr_tests.c:1656: 0x1002002f0:"6 1 xy(bogus)"
DEBUG tests/bstr_tests.c:1662: .	bformat ("%s%s%s%s%s%s%s%s", ...) ...
DEBUG tests/bstr_tests.c:1675: 	# failures: 0
DEBUG tests/bstr_tests.c:1678: TEST: int bformata (bstring b, const char * fmt, ...);
DEBUG tests/bstr_tests.c:1680: .	bformata (0x1002002f0:"", NULL, 1, 2) = 
DEBUG tests/bstr_tests.c:1682: -1
DEBUG tests/bstr_tests.c:1684: .	bformata (0x1000221a0:[err:data=NULL], "%d %d", 1, 2) = 
DEBUG tests/bstr_tests.c:1686: -1
DEBUG tests/bstr_tests.c:1688: .	bformata (0x1002002f0:"", "%d %d", 1, 2) = 
DEBUG tests/bstr_tests.c:1690: 0x1002002f0:"1 2"
DEBUG tests/bstr_tests.c:1695: .	bformata ("x", "%s%s%s%s%s%s%s%s", ...) ...
DEBUG tests/bstr_tests.c:1711: 	# failures: 0
DEBUG tests/bstr_tests.c:1714: TEST: int bassignformat (bstring b, const char * fmt, ...);
DEBUG tests/bstr_tests.c:1716: .	bassignformat (0x1002002f0:"Initial", NULL, 1, 2) = 
DEBUG tests/bstr_tests.c:1718: -1
DEBUG tests/bstr_tests.c:1720: .	bassignformat (0x1000221a0:[err:data=NULL], "%d %d", 1, 2) = 
DEBUG tests/bstr_tests.c:1722: -1
DEBUG tests/bstr_tests.c:1724: .	bassignformat (0x1002002f0:"Initial", "%d %d", 1, 2) = 
DEBUG tests/bstr_tests.c:1726: 0x1002002f0:"1 2"
DEBUG tests/bstr_tests.c:1731: .	bassignformat ("x", "%s%s%s%s%s%s%s%s", ...) ...
DEBUG tests/bstr_tests.c:1746: 	# failures: 0
DEBUG tests/bstr_tests.c:1850: TEST: struct bstrList * bsplit (const_bstring str, unsigned char splitChar);
DEBUG tests/bstr_tests.c:1756: .	bsplit (NULL, '?') = 
DEBUG tests/bstr_tests.c:1790: 0x0
DEBUG tests/bstr_tests.c:1756: .	bsplit (0x1000221a0:[err:data=NULL], '?') = 
DEBUG tests/bstr_tests.c:1790: 0x0
DEBUG tests/bstr_tests.c:1756: .	bsplit (0x1000221b0:[err:slen=-5<0], '?') = 
DEBUG tests/bstr_tests.c:1790: 0x0
DEBUG tests/bstr_tests.c:1756: .	bsplit (0x100022170[c]:"", '?') = 
DEBUG tests/bstr_tests.c:1764: {
DEBUG tests/bstr_tests.c:1772: 0x1002002b0:""
DEBUG tests/bstr_tests.c:1774: :<1>
DEBUG tests/bstr_tests.c:1781: }
DEBUG tests/bstr_tests.c:1756: .	bsplit (0x100022180[c]:"bogus", 'o') = 
DEBUG tests/bstr_tests.c:1764: {
DEBUG tests/bstr_tests.c:1772: 0x1002002b0:"b"
DEBUG tests/bstr_tests.c:1771: , 
DEBUG tests/bstr_tests.c:1772: 0x100200220:"gus"
DEBUG tests/bstr_tests.c:1774: :<2>
DEBUG tests/bstr_tests.c:1781: }
DEBUG tests/bstr_tests.c:1756: .	bsplit (0x100022180[c]:"bogus", 's') = 
DEBUG tests/bstr_tests.c:1764: {
DEBUG tests/bstr_tests.c:1772: 0x100200220:"bogu"
DEBUG tests/bstr_tests.c:1771: , 
DEBUG tests/bstr_tests.c:1772: 0x1002002b0:""
DEBUG tests/bstr_tests.c:1774: :<2>
DEBUG tests/bstr_tests.c:1781: }
DEBUG tests/bstr_tests.c:1756: .	bsplit (0x100022180[c]:"bogus", 'b') = 
DEBUG tests/bstr_tests.c:1764: {
DEBUG tests/bstr_tests.c:1772: 0x1002002b0:""
DEBUG tests/bstr_tests.c:1771: , 
DEBUG tests/bstr_tests.c:1772: 0x100200220:"ogus"
DEBUG tests/bstr_tests.c:1774: :<2>
DEBUG tests/bstr_tests.c:1781: }
DEBUG tests/bstr_tests.c:1756: .	bsplit (0x100022190[c]:"This is a bogus but reasonably long string.  Just long enough to cause some mallocing.", 'o') = 
DEBUG tests/bstr_tests.c:1764: {
DEBUG tests/bstr_tests.c:1772: 0x100200130:"This is a b"
DEBUG tests/bstr_tests.c:1771: , 
DEBUG tests/bstr_tests.c:1772: 0x1002000f0:"gus but reas"
DEBUG tests/bstr_tests.c:1771: , 
DEBUG tests/bstr_tests.c:1772: 0x100200090:"nably l"
DEBUG tests/bstr_tests.c:1771: , 
DEBUG tests/bstr_tests.c:1772: 0x100200310:"ng string.  Just l"
DEBUG tests/bstr_tests.c:1771: , 
DEBUG tests/bstr_tests.c:1772: 0x100200240:"ng en"
DEBUG tests/bstr_tests.c:1771: , 
DEBUG tests/bstr_tests.c:1772: 0x1002002d0:"ugh t"
DEBUG tests/bstr_tests.c:1771: , 
DEBUG tests/bstr_tests.c:1772: 0x1002002f0:" cause s"
DEBUG tests/bstr_tests.c:1771: , 
DEBUG tests/bstr_tests.c:1772: 0x100200280:"me mall"
DEBUG tests/bstr_tests.c:1771: , 
DEBUG tests/bstr_tests.c:1772: 0x100200100:"cing."
DEBUG tests/bstr_tests.c:1774: :<9>
DEBUG tests/bstr_tests.c:1781: }
DEBUG tests/bstr_tests.c:1863: TEST: struct bstrList * bsplitstr (bstring str, const_bstring splitStr);
DEBUG tests/bstr_tests.c:1804: .	bsplitstr (NULL, NULL) = 
DEBUG tests/bstr_tests.c:1835: 0x0
DEBUG tests/bstr_tests.c:1804: .	bsplitstr (0x1000221a0:[err:data=NULL], 0x100022170[c]:"") = 
DEBUG tests/bstr_tests.c:1835: 0x0
DEBUG tests/bstr_tests.c:1804: .	bsplitstr (0x1000221b0:[err:slen=-5<0], 0x100022170[c]:"") = 
DEBUG tests/bstr_tests.c:1835: 0x0
DEBUG tests/bstr_tests.c:1804: .	bsplitstr (0x100022180[c]:"bogus", 0x100022170[c]:"") = 
DEBUG tests/bstr_tests.c:1809: {
DEBUG tests/bstr_tests.c:1817: 0x100200310:"b"
DEBUG tests/bstr_tests.c:1816: , 
DEBUG tests/bstr_tests.c:1817: 0x1002000d0:"o"
DEBUG tests/bstr_tests.c:1816: , 
DEBUG tests/bstr_tests.c:1817: 0x100200130:"g"
DEBUG tests/bstr_tests.c:1816: , 
DEBUG tests/bstr_tests.c:1817: 0x1002000f0:"u"
DEBUG tests/bstr_tests.c:1816: , 
DEBUG tests/bstr_tests.c:1817: 0x100200110:"s"
DEBUG tests/bstr_tests.c:1819: :<5>
DEBUG tests/bstr_tests.c:1826: }
DEBUG tests/bstr_tests.c:1804: .	bsplitstr (0x100022190[c]:"This is a bogus but reasonably long string.  Just long enough to cause some mallocing.", 0x1008083b0[c]:"is") = 
DEBUG tests/bstr_tests.c:1809: {
DEBUG tests/bstr_tests.c:1817: 0x100200130:"Th"
DEBUG tests/bstr_tests.c:1816: , 
DEBUG tests/bstr_tests.c:1817: 0x1002000d0:" "
DEBUG tests/bstr_tests.c:1816: , 
DEBUG tests/bstr_tests.c:1817: 0x100200310:" a bogus but reasonably long string.  Just long enough to cause some mallocing."
DEBUG tests/bstr_tests.c:1819: :<3>
DEBUG tests/bstr_tests.c:1826: }
DEBUG tests/bstr_tests.c:1804: .	bsplitstr (0x100022190[c]:"This is a bogus but reasonably long string.  Just long enough to cause some mallocing.", 0x1008083a0[c]:"ng") = 
DEBUG tests/bstr_tests.c:1809: {
DEBUG tests/bstr_tests.c:1817: 0x100200310:"This is a bogus but reasonably lo"
DEBUG tests/bstr_tests.c:1816: , 
DEBUG tests/bstr_tests.c:1817: 0x1002000d0:" stri"
DEBUG tests/bstr_tests.c:1816: , 
DEBUG tests/bstr_tests.c:1817: 0x100200130:".  Just lo"
DEBUG tests/bstr_tests.c:1816: , 
DEBUG tests/bstr_tests.c:1817: 0x100200090:" enough to cause some malloci"
DEBUG tests/bstr_tests.c:1816: , 
DEBUG tests/bstr_tests.c:1817: 0x100200110:"."
DEBUG tests/bstr_tests.c:1819: :<5>
DEBUG tests/bstr_tests.c:1826: }
DEBUG tests/bstr_tests.c:1914: 	# failures: 0
DEBUG tests/bstr_tests.c:1980: TEST: extern struct bstrList * bsplits (const_bstring str, const_bstring splitStr);
DEBUG tests/bstr_tests.c:1923: .	bsplits (NULL, 0x1008083b0[c]:"o")
DEBUG tests/bstr_tests.c:1962:  = 0x0
DEBUG tests/bstr_tests.c:1923: .	bsplits (0x1008083b0[c]:"o", NULL)
DEBUG tests/bstr_tests.c:1962:  = 0x0
DEBUG tests/bstr_tests.c:1923: .	bsplits (0x100022170[c]:"", 0x1008083b0[c]:"o")
DEBUG tests/bstr_tests.c:1926:  {
DEBUG tests/bstr_tests.c:1940: 0x100200090:""
DEBUG tests/bstr_tests.c:1949: :<1>
DEBUG tests/bstr_tests.c:1956: }
DEBUG tests/bstr_tests.c:1923: .	bsplits (0x100022170[c]:"", 0x100808370[c]:"uo")
DEBUG tests/bstr_tests.c:1926:  {
DEBUG tests/bstr_tests.c:1940: 0x100200090:""
DEBUG tests/bstr_tests.c:1949: :<1>
DEBUG tests/bstr_tests.c:1956: }
DEBUG tests/bstr_tests.c:1923: .	bsplits (0x100022180[c]:"bogus", 0x100022170[c]:"")
DEBUG tests/bstr_tests.c:1926:  {
DEBUG tests/bstr_tests.c:1940: 0x100200090:"bogus"
DEBUG tests/bstr_tests.c:1949: :<1>
DEBUG tests/bstr_tests.c:1956: }
DEBUG tests/bstr_tests.c:1923: .	bsplits (0x100022180[c]:"bogus", 0x1008083b0[c]:"o")
DEBUG tests/bstr_tests.c:1926:  {
DEBUG tests/bstr_tests.c:1940: 0x100200090:"b"
DEBUG tests/bstr_tests.c:1939: , 
DEBUG tests/bstr_tests.c:1940: 0x1002002b0:"gus"
DEBUG tests/bstr_tests.c:1949: :<2>
DEBUG tests/bstr_tests.c:1956: }
DEBUG tests/bstr_tests.c:1923: .	bsplits (0x100022180[c]:"bogus", 0x1008083a0[c]:"s")
DEBUG tests/bstr_tests.c:1926:  {
DEBUG tests/bstr_tests.c:1940: 0x1002002b0:"bogu"
DEBUG tests/bstr_tests.c:1939: , 
DEBUG tests/bstr_tests.c:1940: 0x100200090:""
DEBUG tests/bstr_tests.c:1949: :<2>
DEBUG tests/bstr_tests.c:1956: }
DEBUG tests/bstr_tests.c:1923: .	bsplits (0x100022180[c]:"bogus", 0x100808390[c]:"b")
DEBUG tests/bstr_tests.c:1926:  {
DEBUG tests/bstr_tests.c:1940: 0x100200090:""
DEBUG tests/bstr_tests.c:1939: , 
DEBUG tests/bstr_tests.c:1940: 0x1002002b0:"ogus"
DEBUG tests/bstr_tests.c:1949: :<2>
DEBUG tests/bstr_tests.c:1956: }
DEBUG tests/bstr_tests.c:1923: .	bsplits (0x100022180[c]:"bogus", 0x100808380[c]:"bs")
DEBUG tests/bstr_tests.c:1926:  {
DEBUG tests/bstr_tests.c:1940: 0x1002002b0:""
DEBUG tests/bstr_tests.c:1939: , 
DEBUG tests/bstr_tests.c:1940: 0x100200090:"ogu"
DEBUG tests/bstr_tests.c:1939: , 
DEBUG tests/bstr_tests.c:1940: 0x100200130:""
DEBUG tests/bstr_tests.c:1949: :<3>
DEBUG tests/bstr_tests.c:1956: }
DEBUG tests/bstr_tests.c:1923: .	bsplits (0x100022190[c]:"This is a bogus but reasonably long string.  Just long enough to cause some mallocing.", 0x1008083b0[c]:"o")
DEBUG tests/bstr_tests.c:1926:  {
DEBUG tests/bstr_tests.c:1940: 0x100200130:"This is a b"
DEBUG tests/bstr_tests.c:1939: , 
DEBUG tests/bstr_tests.c:1940: 0x100200090:"gus but reas"
DEBUG tests/bstr_tests.c:1939: , 
DEBUG tests/bstr_tests.c:1940: 0x1002002b0:"nably l"
DEBUG tests/bstr_tests.c:1939: , 
DEBUG tests/bstr_tests.c:1940: 0x1002000f0:"ng string.  Just l"
DEBUG tests/bstr_tests.c:1939: , 
DEBUG tests/bstr_tests.c:1940: 0x100200270:"ng en"
DEBUG tests/bstr_tests.c:1939: , 
DEBUG tests/bstr_tests.c:1940: 0x100200290:"ugh t"
DEBUG tests/bstr_tests.c:1939: , 
DEBUG tests/bstr_tests.c:1940: 0x1002002e0:" cause s"
DEBUG tests/bstr_tests.c:1939: , 
DEBUG tests/bstr_tests.c:1940: 0x100200540:"me mall"
DEBUG tests/bstr_tests.c:1939: , 
DEBUG tests/bstr_tests.c:1940: 0x100200240:"cing."
DEBUG tests/bstr_tests.c:1949: :<9>
DEBUG tests/bstr_tests.c:1956: }
DEBUG tests/bstr_tests.c:1923: .	bsplits (0x100022180[c]:"bogus", 0x100808370[c]:"uo")
DEBUG tests/bstr_tests.c:1926:  {
DEBUG tests/bstr_tests.c:1940: 0x1002002b0:"b"
DEBUG tests/bstr_tests.c:1939: , 
DEBUG tests/bstr_tests.c:1940: 0x100200090:"g"
DEBUG tests/bstr_tests.c:1939: , 
DEBUG tests/bstr_tests.c:1940: 0x100200130:"s"
DEBUG tests/bstr_tests.c:1949: :<3>
DEBUG tests/bstr_tests.c:1956: }
DEBUG tests/bstr_tests.c:2025: 	# failures: 0
DEBUG tests/bstr_tests.c:2091: TEST: bstream integrated test
DEBUG tests/bstr_tests.c:2099: .	bsbufflength (bs, 0) -> 1024
DEBUG tests/bstr_tests.c:2108: .	bspeek () -> 0x100200090:""
DEBUG tests/bstr_tests.c:2114: .	bsreadln ('?') -> 0x100200090:"This is a bogus but reasonably long string.  Just long enough to cause some mallocing."
DEBUG tests/bstr_tests.c:2117: .	bsunread (0x100200090:"This is a bogus but reasonably long string.  Just long enough to cause some mallocing.")
DEBUG tests/bstr_tests.c:2121: .	bspeek () -> 0x100200090:"This is a bogus but reasonably long string.  Just long enough to cause some mallocing."
DEBUG tests/bstr_tests.c:2126: .	bsreadln ('?') -> 0x100200090:"This is a bogus but reasonably long string.  Just long enough to cause some mallocing."
DEBUG tests/bstr_tests.c:2135: .	bsreadln ('.') -> 0x100200090:"This is a bogus but reasonably long string."
DEBUG tests/bstr_tests.c:2138: .	bsunread (0x100200090:"This is a bogus but reasonably long string.")
DEBUG tests/bstr_tests.c:2142: .	bspeek () -> 0x100200090:"This is a bogus but reasonably long string.  Just long enough to cause some mallocing."
DEBUG tests/bstr_tests.c:2147: .	bsreadln ('.') -> 0x100200090:"This is a bogus but reasonably long string."
DEBUG tests/bstr_tests.c:2157: .	bssplitscb (' ') -> 0x100200090:"This|is|a|bogus|but|reasonably|long|string.||Just|long|enough|to|cause|some|mallocing."
DEBUG tests/bstr_tests.c:2238: 	# failures: 0
DEBUG tests/bstr_tests.c:2259: TEST: int bninchr (const_bstring s1, int pos, const_bstring s2);
DEBUG tests/bstr_tests.c:2245: .	bninchr (NULL, 0, NULL) = 
DEBUG tests/bstr_tests.c:2247: -1
DEBUG tests/bstr_tests.c:2245: .	bninchr (0x100022170[c]:"", 0, NULL) = 
DEBUG tests/bstr_tests.c:2247: -1
DEBUG tests/bstr_tests.c:2245: .	bninchr (NULL, 0, 0x100022170[c]:"") = 
DEBUG tests/bstr_tests.c:2247: -1
DEBUG tests/bstr_tests.c:2245: .	bninchr (0x100022180[c]:"bogus", 3, 0x1000221a0:[err:data=NULL]) = 
DEBUG tests/bstr_tests.c:2247: -1
DEBUG tests/bstr_tests.c:2245: .	bninchr (0x1000221a0:[err:data=NULL], 3, 0x100022180[c]:"bogus") = 
DEBUG tests/bstr_tests.c:2247: -1
DEBUG tests/bstr_tests.c:2245: .	bninchr (0x100022170[c]:"", 0, 0x100022170[c]:"") = 
DEBUG tests/bstr_tests.c:2247: -1
DEBUG tests/bstr_tests.c:2245: .	bninchr (0x100022180[c]:"bogus", 0, 0x100022170[c]:"") = 
DEBUG tests/bstr_tests.c:2247: -1
DEBUG tests/bstr_tests.c:2245: .	bninchr (0x100022180[c]:"bogus", 0, 0x100022180[c]:"bogus") = 
DEBUG tests/bstr_tests.c:2247: -1
DEBUG tests/bstr_tests.c:2245: .	bninchr (0x100022180[c]:"bogus", 1, 0x100022180[c]:"bogus") = 
DEBUG tests/bstr_tests.c:2247: -1
DEBUG tests/bstr_tests.c:2245: .	bninchr (0x100022190[c]:"This is a bogus but reasonably long string.  Just long enough to cause some mallocing.", 3, 0x100022180[c]:"bogus") = 
DEBUG tests/bstr_tests.c:2247: 4
DEBUG tests/bstr_tests.c:2245: .	bninchr (0x100022190[c]:"This is a bogus but reasonably long string.  Just long enough to cause some mallocing.", 3, 0x100200090:"bogus") = 
DEBUG tests/bstr_tests.c:2247: 4
DEBUG tests/bstr_tests.c:2245: .	bninchr (0x100022190[c]:"This is a bogus but reasonably long string.  Just long enough to cause some mallocing.", -1, 0x100022180[c]:"bogus") = 
DEBUG tests/bstr_tests.c:2247: -1
DEBUG tests/bstr_tests.c:2245: .	bninchr (0x100022190[c]:"This is a bogus but reasonably long string.  Just long enough to cause some mallocing.", 1000, 0x100022180[c]:"bogus") = 
DEBUG tests/bstr_tests.c:2247: -1
DEBUG tests/bstr_tests.c:2245: .	bninchr (0x1000221d0[c]:"xxxxx", 0, 0x100022180[c]:"bogus") = 
DEBUG tests/bstr_tests.c:2247: 0
DEBUG tests/bstr_tests.c:2245: .	bninchr (0x1000221d0[c]:"xxxxx", 1, 0x100022180[c]:"bogus") = 
DEBUG tests/bstr_tests.c:2247: 1
DEBUG tests/bstr_tests.c:2245: .	bninchr (0x100022170[c]:"", 0, 0x100022180[c]:"bogus") = 
DEBUG tests/bstr_tests.c:2247: -1
DEBUG tests/bstr_tests.c:2245: .	bninchr (0x100022190[c]:"This is a bogus but reasonably long string.  Just long enough to cause some mallocing.", 0, 0x100022180[c]:"bogus") = 
DEBUG tests/bstr_tests.c:2247: 0
DEBUG tests/bstr_tests.c:2245: .	bninchr (0x100022190[c]:"This is a bogus but reasonably long string.  Just long enough to cause some mallocing.", 10, 0x100022180[c]:"bogus") = 
DEBUG tests/bstr_tests.c:2247: 15
DEBUG tests/bstr_tests.c:2281: 	# failures: 0
DEBUG tests/bstr_tests.c:2302: TEST: int bninchrr (const_bstring s1, int pos, const_bstring s2);
DEBUG tests/bstr_tests.c:2288: .	bninchrr (NULL, 0, NULL) = 
DEBUG tests/bstr_tests.c:2290: -1
DEBUG tests/bstr_tests.c:2288: .	bninchrr (0x100022170[c]:"", 0, NULL) = 
DEBUG tests/bstr_tests.c:2290: -1
DEBUG tests/bstr_tests.c:2288: .	bninchrr (NULL, 0, 0x100022170[c]:"") = 
DEBUG tests/bstr_tests.c:2290: -1
DEBUG tests/bstr_tests.c:2288: .	bninchrr (0x100022170[c]:"", 0, 0x100022170[c]:"") = 
DEBUG tests/bstr_tests.c:2290: -1
DEBUG tests/bstr_tests.c:2288: .	bninchrr (0x100022180[c]:"bogus", 0, 0x100022170[c]:"") = 
DEBUG tests/bstr_tests.c:2290: -1
DEBUG tests/bstr_tests.c:2288: .	bninchrr (0x100022180[c]:"bogus", 0, 0x1000221a0:[err:data=NULL]) = 
DEBUG tests/bstr_tests.c:2290: -1
DEBUG tests/bstr_tests.c:2288: .	bninchrr (0x1000221a0:[err:data=NULL], 0, 0x100022180[c]:"bogus") = 
DEBUG tests/bstr_tests.c:2290: -1
DEBUG tests/bstr_tests.c:2288: .	bninchrr (0x100022180[c]:"bogus", 0, 0x100022180[c]:"bogus") = 
DEBUG tests/bstr_tests.c:2290: -1
DEBUG tests/bstr_tests.c:2288: .	bninchrr (0x100022180[c]:"bogus", 4, 0x100022180[c]:"bogus") = 
DEBUG tests/bstr_tests.c:2290: -1
DEBUG tests/bstr_tests.c:2288: .	bninchrr (0x100022190[c]:"This is a bogus but reasonably long string.  Just long enough to cause some mallocing.", 10, 0x100022180[c]:"bogus") = 
DEBUG tests/bstr_tests.c:2290: 9
DEBUG tests/bstr_tests.c:2288: .	bninchrr (0x100022190[c]:"This is a bogus but reasonably long string.  Just long enough to cause some mallocing.", 10, 0x100200090:"bogus") = 
DEBUG tests/bstr_tests.c:2290: 9
DEBUG tests/bstr_tests.c:2288: .	bninchrr (0x1000221d0[c]:"xxxxx", 4, 0x100022180[c]:"bogus") = 
DEBUG tests/bstr_tests.c:2290: 4
DEBUG tests/bstr_tests.c:2288: .	bninchrr (0x100022170[c]:"", 0, 0x100022180[c]:"bogus") = 
DEBUG tests/bstr_tests.c:2290: -1
DEBUG tests/bstr_tests.c:2319: 	# failures: 0
DEBUG tests/bstr_tests.c:2372: TEST: int breplace (bstring b0, int pos, int len, const_bstring b1, unsigned char fill);
DEBUG tests/bstr_tests.c:2359: .	breplace (NULL, 0, 0, NULL, 3F) = -1
DEBUG tests/bstr_tests.c:2359: .	breplace (NULL, 0, 0, 0x100022170[c]:"", 3F) = -1
DEBUG tests/bstr_tests.c:2359: .	breplace (0x1000221a0:[err:data=NULL], 1, 3, 0x100022180[c]:"bogus", 3F) = -1
DEBUG tests/bstr_tests.c:2359: .	breplace (0x100022180[c]:"bogus", 1, 3, 0x1000221a0:[err:data=NULL], 3F) = -1
DEBUG tests/bstr_tests.c:2332: .	breplace (0x100200090[p]:"", 
DEBUG tests/bstr_tests.c:2338: 0, 0, 0x100022170[c]:"", 3F) = 0x100200090[p]:""
DEBUG tests/bstr_tests.c:2342: .	breplace (0x100200090:"", 
DEBUG tests/bstr_tests.c:2354: 0, 0, 0x100022170[c]:"", 3F) = 0x100200090:""
DEBUG tests/bstr_tests.c:2332: .	breplace (0x100200090[p]:"", 
DEBUG tests/bstr_tests.c:2338: 5, 0, 0x100022170[c]:"", 3F) = 0x100200090[p]:""
DEBUG tests/bstr_tests.c:2342: .	breplace (0x100200090:"", 
DEBUG tests/bstr_tests.c:2354: 5, 0, 0x100022170[c]:"", 3F) = 0x100200090:"?????"
DEBUG tests/bstr_tests.c:2332: .	breplace (0x100200090[p]:"", 
DEBUG tests/bstr_tests.c:2338: 5, 0, 0x100022180[c]:"bogus", 3F) = 0x100200090[p]:""
DEBUG tests/bstr_tests.c:2342: .	breplace (0x100200090:"", 
DEBUG tests/bstr_tests.c:2354: 5, 0, 0x100022180[c]:"bogus", 3F) = 0x100200090:"?????bogus"
DEBUG tests/bstr_tests.c:2332: .	breplace (0x100200090[p]:"bogus", 
DEBUG tests/bstr_tests.c:2338: 0, 0, 0x100022170[c]:"", 3F) = 0x100200090[p]:"bogus"
DEBUG tests/bstr_tests.c:2342: .	breplace (0x100200090:"bogus", 
DEBUG tests/bstr_tests.c:2354: 0, 0, 0x100022170[c]:"", 3F) = 0x100200090:"bogus"
DEBUG tests/bstr_tests.c:2332: .	breplace (0x100200090[p]:"", 
DEBUG tests/bstr_tests.c:2338: 0, 0, 0x100022180[c]:"bogus", 3F) = 0x100200090[p]:""
DEBUG tests/bstr_tests.c:2342: .	breplace (0x100200090:"", 
DEBUG tests/bstr_tests.c:2354: 0, 0, 0x100022180[c]:"bogus", 3F) = 0x100200090:"bogus"
DEBUG tests/bstr_tests.c:2332: .	breplace (0x100200090[p]:"bogus", 
DEBUG tests/bstr_tests.c:2338: 0, 0, 0x100022180[c]:"bogus", 3F) = 0x100200090[p]:"bogus"
DEBUG tests/bstr_tests.c:2342: .	breplace (0x100200090:"bogus", 
DEBUG tests/bstr_tests.c:2354: 0, 0, 0x100022180[c]:"bogus", 3F) = 0x100200090:"bogusbogus"
DEBUG tests/bstr_tests.c:2332: .	breplace (0x100200090[p]:"bogus", 
DEBUG tests/bstr_tests.c:2338: 1, 3, 0x100022180[c]:"bogus", 3F) = 0x100200090[p]:"bogus"
DEBUG tests/bstr_tests.c:2342: .	breplace (0x100200090:"bogus", 
DEBUG tests/bstr_tests.c:2354: 1, 3, 0x100022180[c]:"bogus", 3F) = 0x100200090:"bboguss"
DEBUG tests/bstr_tests.c:2332: .	breplace (0x100200090[p]:"bogus", 
DEBUG tests/bstr_tests.c:2338: 3, 8, 0x100022180[c]:"bogus", 3F) = 0x100200090[p]:"bogus"
DEBUG tests/bstr_tests.c:2342: .	breplace (0x100200090:"bogus", 
DEBUG tests/bstr_tests.c:2354: 3, 8, 0x100022180[c]:"bogus", 3F) = 0x100200090:"bogbogus"
DEBUG tests/bstr_tests.c:2332: .	breplace (0x100200090[p]:"bogus", 
DEBUG tests/bstr_tests.c:2338: -1, 0, 0x100022180[c]:"bogus", 3F) = 0x100200090[p]:"bogus"
DEBUG tests/bstr_tests.c:2342: .	breplace (0x100200090:"bogus", 
DEBUG tests/bstr_tests.c:2354: -1, 0, 0x100022180[c]:"bogus", 3F) = 0x100200090:"bogus"
DEBUG tests/bstr_tests.c:2332: .	breplace (0x100200090[p]:"bogus", 
DEBUG tests/bstr_tests.c:2338: 2, 0, 0x100022180[c]:"bogus", 3F) = 0x100200090[p]:"bogus"
DEBUG tests/bstr_tests.c:2342: .	breplace (0x100200090:"bogus", 
DEBUG tests/bstr_tests.c:2354: 2, 0, 0x100022180[c]:"bogus", 3F) = 0x100200090:"bobogusgus"
DEBUG tests/bstr_tests.c:2332: .	breplace (0x100200090[p]:"bogus", 
DEBUG tests/bstr_tests.c:2338: 6, 0, 0x100022180[c]:"bogus", 3F) = 0x100200090[p]:"bogus"
DEBUG tests/bstr_tests.c:2342: .	breplace (0x100200090:"bogus", 
DEBUG tests/bstr_tests.c:2354: 6, 0, 0x100022180[c]:"bogus", 3F) = 0x100200090:"bogus?bogus"
DEBUG tests/bstr_tests.c:2359: .	breplace (0x100022180[c]:"bogus", 6, 0, NULL, 3F) = -1
DEBUG tests/bstr_tests.c:2392: 	# failures: 0
DEBUG tests/bstr_tests.c:2443: TEST: int bassign (bstring b0, const_bstring b1);
DEBUG tests/bstr_tests.c:2429: .	bassign (NULL, NULL) = -1
DEBUG tests/bstr_tests.c:2429: .	bassign (NULL, 0x100022170[c]:"") = -1
DEBUG tests/bstr_tests.c:2429: .	bassign (0x100022170[c]:"", NULL) = -1
DEBUG tests/bstr_tests.c:2429: .	bassign (0x1000221a0:[err:data=NULL], 0x100022170[c]:"") = -1
DEBUG tests/bstr_tests.c:2429: .	bassign (0x1000221b0:[err:slen=-5<0], 0x100022170[c]:"") = -1
DEBUG tests/bstr_tests.c:2429: .	bassign (0x100022170[c]:"", 0x1000221a0:[err:data=NULL]) = -1
DEBUG tests/bstr_tests.c:2429: .	bassign (0x100022170[c]:"", 0x1000221b0:[err:slen=-5<0]) = -1
DEBUG tests/bstr_tests.c:2405: .	bassign (0x100200090[p]:"", 
DEBUG tests/bstr_tests.c:2411: 0x100022170[c]:"") = 0x100200090[p]:""
DEBUG tests/bstr_tests.c:2415: .	bassign (0x100200090:"", 
DEBUG tests/bstr_tests.c:2419: 0x100022170[c]:"") = 0x100200090:""
DEBUG tests/bstr_tests.c:2405: .	bassign (0x100200090[p]:"", 
DEBUG tests/bstr_tests.c:2411: 0x100022180[c]:"bogus") = 0x100200090[p]:""
DEBUG tests/bstr_tests.c:2415: .	bassign (0x100200090:"", 
DEBUG tests/bstr_tests.c:2419: 0x100022180[c]:"bogus") = 0x100200090:"bogus"
DEBUG tests/bstr_tests.c:2405: .	bassign (0x100200090[p]:"bogus", 
DEBUG tests/bstr_tests.c:2411: 0x100022170[c]:"") = 0x100200090[p]:"bogus"
DEBUG tests/bstr_tests.c:2415: .	bassign (0x100200090:"bogus", 
DEBUG tests/bstr_tests.c:2419: 0x100022170[c]:"") = 0x100200090:""
DEBUG tests/bstr_tests.c:2405: .	bassign (0x100200090[p]:"bogus", 
DEBUG tests/bstr_tests.c:2411: 0x100022180[c]:"bogus") = 0x100200090[p]:"bogus"
DEBUG tests/bstr_tests.c:2415: .	bassign (0x100200090:"bogus", 
DEBUG tests/bstr_tests.c:2419: 0x100022180[c]:"bogus") = 0x100200090:"bogus"
DEBUG tests/bstr_tests.c:2459: 	# failures: 0
DEBUG tests/bstr_tests.c:2518: TEST: int bstrchr (const_bstring s1, int c);
DEBUG tests/bstr_tests.c:2466: .	bstrchr (NULL, 0) = 
DEBUG tests/bstr_tests.c:2468: -1
DEBUG tests/bstr_tests.c:2466: .	bstrchr (0x1000221a0:[err:data=NULL], 98) = 
DEBUG tests/bstr_tests.c:2468: -1
DEBUG tests/bstr_tests.c:2466: .	bstrchr (0x1000221b0:[err:slen=-5<0], 115) = 
DEBUG tests/bstr_tests.c:2468: -1
DEBUG tests/bstr_tests.c:2466: .	bstrchr (0x100022170[c]:"", 0) = 
DEBUG tests/bstr_tests.c:2468: -1
DEBUG tests/bstr_tests.c:2466: .	bstrchr (0x100022180[c]:"bogus", 0) = 
DEBUG tests/bstr_tests.c:2468: -1
DEBUG tests/bstr_tests.c:2466: .	bstrchr (0x100022180[c]:"bogus", 98) = 
DEBUG tests/bstr_tests.c:2468: 0
DEBUG tests/bstr_tests.c:2466: .	bstrchr (0x100022180[c]:"bogus", 115) = 
DEBUG tests/bstr_tests.c:2468: 4
DEBUG tests/bstr_tests.c:2466: .	bstrchr (0x100022180[c]:"bogus", 113) = 
DEBUG tests/bstr_tests.c:2468: -1
DEBUG tests/bstr_tests.c:2466: .	bstrchr (0x1000221d0[c]:"xxxxx", 0) = 
DEBUG tests/bstr_tests.c:2468: -1
DEBUG tests/bstr_tests.c:2466: .	bstrchr (0x1000221d0[c]:"xxxxx", 98) = 
DEBUG tests/bstr_tests.c:2468: -1
DEBUG tests/bstr_tests.c:2466: .	bstrchr (0x100022190[c]:"This is a bogus but reasonably long string.  Just long enough to cause some mallocing.", 105) = 
DEBUG tests/bstr_tests.c:2468: 2
DEBUG tests/bstr_tests.c:2532: TEST: int bstrrchr (const_bstring s1, int c);
DEBUG tests/bstr_tests.c:2479: .	bstrrchr (NULL, 0) = 
DEBUG tests/bstr_tests.c:2481: -1
DEBUG tests/bstr_tests.c:2479: .	bstrrchr (0x1000221a0:[err:data=NULL], 98) = 
DEBUG tests/bstr_tests.c:2481: -1
DEBUG tests/bstr_tests.c:2479: .	bstrrchr (0x1000221b0:[err:slen=-5<0], 115) = 
DEBUG tests/bstr_tests.c:2481: -1
DEBUG tests/bstr_tests.c:2479: .	bstrrchr (0x100022170[c]:"", 0) = 
DEBUG tests/bstr_tests.c:2481: -1
DEBUG tests/bstr_tests.c:2479: .	bstrrchr (0x100022180[c]:"bogus", 0) = 
DEBUG tests/bstr_tests.c:2481: -1
DEBUG tests/bstr_tests.c:2479: .	bstrrchr (0x100022180[c]:"bogus", 98) = 
DEBUG tests/bstr_tests.c:2481: 0
DEBUG tests/bstr_tests.c:2479: .	bstrrchr (0x100022180[c]:"bogus", 115) = 
DEBUG tests/bstr_tests.c:2481: 4
DEBUG tests/bstr_tests.c:2479: .	bstrrchr (0x100022180[c]:"bogus", 113) = 
DEBUG tests/bstr_tests.c:2481: -1
DEBUG tests/bstr_tests.c:2479: .	bstrrchr (0x1000221d0[c]:"xxxxx", 0) = 
DEBUG tests/bstr_tests.c:2481: -1
DEBUG tests/bstr_tests.c:2479: .	bstrrchr (0x1000221d0[c]:"xxxxx", 98) = 
DEBUG tests/bstr_tests.c:2481: -1
DEBUG tests/bstr_tests.c:2479: .	bstrrchr (0x100022190[c]:"This is a bogus but reasonably long string.  Just long enough to cause some mallocing.", 105) = 
DEBUG tests/bstr_tests.c:2481: 82
DEBUG tests/bstr_tests.c:2546: TEST: int bstrchrp (const_bstring s1, int c, int pos);
DEBUG tests/bstr_tests.c:2492: .	bstrchrp (NULL, 0, 0) = 
DEBUG tests/bstr_tests.c:2494: -1
DEBUG tests/bstr_tests.c:2492: .	bstrchrp (0x1000221a0:[err:data=NULL], 98, 0) = 
DEBUG tests/bstr_tests.c:2494: -1
DEBUG tests/bstr_tests.c:2492: .	bstrchrp (0x1000221b0:[err:slen=-5<0], 115, 0) = 
DEBUG tests/bstr_tests.c:2494: -1
DEBUG tests/bstr_tests.c:2492: .	bstrchrp (0x100022180[c]:"bogus", 98, -1) = 
DEBUG tests/bstr_tests.c:2494: -1
DEBUG tests/bstr_tests.c:2492: .	bstrchrp (0x100022180[c]:"bogus", 98, 5) = 
DEBUG tests/bstr_tests.c:2494: -1
DEBUG tests/bstr_tests.c:2492: .	bstrchrp (0x100022170[c]:"", 0, 0) = 
DEBUG tests/bstr_tests.c:2494: -1
DEBUG tests/bstr_tests.c:2492: .	bstrchrp (0x100022180[c]:"bogus", 0, 0) = 
DEBUG tests/bstr_tests.c:2494: -1
DEBUG tests/bstr_tests.c:2492: .	bstrchrp (0x100022180[c]:"bogus", 98, 0) = 
DEBUG tests/bstr_tests.c:2494: 0
DEBUG tests/bstr_tests.c:2492: .	bstrchrp (0x100022180[c]:"bogus", 98, 1) = 
DEBUG tests/bstr_tests.c:2494: -1
DEBUG tests/bstr_tests.c:2492: .	bstrchrp (0x100022180[c]:"bogus", 115, 0) = 
DEBUG tests/bstr_tests.c:2494: 4
DEBUG tests/bstr_tests.c:2492: .	bstrchrp (0x100022180[c]:"bogus", 113, 0) = 
DEBUG tests/bstr_tests.c:2494: -1
DEBUG tests/bstr_tests.c:2560: TEST: int bstrrchrp (const_bstring s1, int c, int pos);
DEBUG tests/bstr_tests.c:2505: .	bstrrchrp (NULL, 0, 0) = 
DEBUG tests/bstr_tests.c:2507: -1
DEBUG tests/bstr_tests.c:2505: .	bstrrchrp (0x1000221a0:[err:data=NULL], 98, 0) = 
DEBUG tests/bstr_tests.c:2507: -1
DEBUG tests/bstr_tests.c:2505: .	bstrrchrp (0x1000221b0:[err:slen=-5<0], 115, 0) = 
DEBUG tests/bstr_tests.c:2507: -1
DEBUG tests/bstr_tests.c:2505: .	bstrrchrp (0x100022180[c]:"bogus", 98, -1) = 
DEBUG tests/bstr_tests.c:2507: -1
DEBUG tests/bstr_tests.c:2505: .	bstrrchrp (0x100022180[c]:"bogus", 98, 5) = 
DEBUG tests/bstr_tests.c:2507: -1
DEBUG tests/bstr_tests.c:2505: .	bstrrchrp (0x100022170[c]:"", 0, 0) = 
DEBUG tests/bstr_tests.c:2507: -1
DEBUG tests/bstr_tests.c:2505: .	bstrrchrp (0x100022180[c]:"bogus", 0, 0) = 
DEBUG tests/bstr_tests.c:2507: -1
DEBUG tests/bstr_tests.c:2505: .	bstrrchrp (0x100022180[c]:"bogus", 98, 0) = 
DEBUG tests/bstr_tests.c:2507: 0
DEBUG tests/bstr_tests.c:2505: .	bstrrchrp (0x100022180[c]:"bogus", 98, 4) = 
DEBUG tests/bstr_tests.c:2507: 0
DEBUG tests/bstr_tests.c:2505: .	bstrrchrp (0x100022180[c]:"bogus", 115, 4) = 
DEBUG tests/bstr_tests.c:2507: 4
DEBUG tests/bstr_tests.c:2505: .	bstrrchrp (0x100022180[c]:"bogus", 115, 0) = 
DEBUG tests/bstr_tests.c:2507: -1
DEBUG tests/bstr_tests.c:2574: 	# failures: 0
DEBUG tests/bstr_tests.c:2624: TEST: int bcatcstr (bstring b0, const char * s);
DEBUG tests/bstr_tests.c:2610: .	bcatcstr (NULL, 0x0) = -1
DEBUG tests/bstr_tests.c:2610: .	bcatcstr (NULL, 0x10001ac48) = -1
DEBUG tests/bstr_tests.c:2586: .	bcatcstr (0x100200090[p]:"", 
DEBUG tests/bstr_tests.c:2592: 0x0) = 0x100200090[p]:""
DEBUG tests/bstr_tests.c:2596: .	bcatcstr (0x100200090:"", 
DEBUG tests/bstr_tests.c:2600: 0x0) = 0x100200090:""
DEBUG tests/bstr_tests.c:2610: .	bcatcstr (0x1000221a0:[err:data=NULL], 0x10001b201) = -1
DEBUG tests/bstr_tests.c:2610: .	bcatcstr (0x1000221b0:[err:slen=-5<0], 0x10001b201) = -1
DEBUG tests/bstr_tests.c:2586: .	bcatcstr (0x100200090[p]:"", 
DEBUG tests/bstr_tests.c:2592: 0x10001ac48) = 0x100200090[p]:""
DEBUG tests/bstr_tests.c:2596: .	bcatcstr (0x100200090:"", 
DEBUG tests/bstr_tests.c:2600: 0x10001ac48) = 0x100200090:""
DEBUG tests/bstr_tests.c:2586: .	bcatcstr (0x100200090[p]:"", 
DEBUG tests/bstr_tests.c:2592: 0x10001b201) = 0x100200090[p]:""
DEBUG tests/bstr_tests.c:2596: .	bcatcstr (0x100200090:"", 
DEBUG tests/bstr_tests.c:2600: 0x10001b201) = 0x100200090:"bogus"
DEBUG tests/bstr_tests.c:2586: .	bcatcstr (0x100200090[p]:"bogus", 
DEBUG tests/bstr_tests.c:2592: 0x10001ac48) = 0x100200090[p]:"bogus"
DEBUG tests/bstr_tests.c:2596: .	bcatcstr (0x100200090:"bogus", 
DEBUG tests/bstr_tests.c:2600: 0x10001ac48) = 0x100200090:"bogus"
DEBUG tests/bstr_tests.c:2586: .	bcatcstr (0x100200090[p]:"bogus", 
DEBUG tests/bstr_tests.c:2592: 0x10001b201) = 0x100200090[p]:"bogus"
DEBUG tests/bstr_tests.c:2596: .	bcatcstr (0x100200090:"bogus", 
DEBUG tests/bstr_tests.c:2600: 0x10001b201) = 0x100200090:"bogusbogus"
DEBUG tests/bstr_tests.c:2638: 	# failures: 0
DEBUG tests/bstr_tests.c:2691: TEST: int bcatblk (bstring b0, const char * s);
DEBUG tests/bstr_tests.c:2677: .	bcatblk (NULL, 0x0, 0) = -1
DEBUG tests/bstr_tests.c:2677: .	bcatblk (NULL, 0x10001ac48, 0) = -1
DEBUG tests/bstr_tests.c:2650: .	bcatblk (0x100200090[p]:"", 
DEBUG tests/bstr_tests.c:2656: 0x0) = 0x100200090[p]:""
DEBUG tests/bstr_tests.c:2660: .	bcatblk (0x100200090:"", 
DEBUG tests/bstr_tests.c:2664: 0x0) = 0x100200090:""
DEBUG tests/bstr_tests.c:2650: .	bcatblk (0x100200090[p]:"", 
DEBUG tests/bstr_tests.c:2656: 0x0) = 0x100200090[p]:""
DEBUG tests/bstr_tests.c:2660: .	bcatblk (0x100200090:"", 
DEBUG tests/bstr_tests.c:2664: 0x0) = 0x100200090:""
DEBUG tests/bstr_tests.c:2677: .	bcatblk (0x1000221a0:[err:data=NULL], 0x0, 0) = -1
DEBUG tests/bstr_tests.c:2677: .	bcatblk (0x1000221b0:[err:slen=-5<0], 0x0, 0) = -1
DEBUG tests/bstr_tests.c:2650: .	bcatblk (0x100200090[p]:"", 
DEBUG tests/bstr_tests.c:2656: 0x10001ac48) = 0x100200090[p]:""
DEBUG tests/bstr_tests.c:2660: .	bcatblk (0x100200090:"", 
DEBUG tests/bstr_tests.c:2664: 0x10001ac48) = 0x100200090:""
DEBUG tests/bstr_tests.c:2650: .	bcatblk (0x100200090[p]:"", 
DEBUG tests/bstr_tests.c:2656: 0x10001ac48) = 0x100200090[p]:""
DEBUG tests/bstr_tests.c:2660: .	bcatblk (0x100200090:"", 
DEBUG tests/bstr_tests.c:2664: 0x10001ac48) = 0x100200090:""
DEBUG tests/bstr_tests.c:2650: .	bcatblk (0x100200090[p]:"", 
DEBUG tests/bstr_tests.c:2656: 0x10001b201) = 0x100200090[p]:""
DEBUG tests/bstr_tests.c:2660: .	bcatblk (0x100200090:"", 
DEBUG tests/bstr_tests.c:2664: 0x10001b201) = 0x100200090:"bogus"
DEBUG tests/bstr_tests.c:2650: .	bcatblk (0x100200090[p]:"bogus", 
DEBUG tests/bstr_tests.c:2656: 0x10001ac48) = 0x100200090[p]:"bogus"
DEBUG tests/bstr_tests.c:2660: .	bcatblk (0x100200090:"bogus", 
DEBUG tests/bstr_tests.c:2664: 0x10001ac48) = 0x100200090:"bogus"
DEBUG tests/bstr_tests.c:2650: .	bcatblk (0x100200090[p]:"bogus", 
DEBUG tests/bstr_tests.c:2656: 0x10001b201) = 0x100200090[p]:"bogus"
DEBUG tests/bstr_tests.c:2660: .	bcatblk (0x100200090:"bogus", 
DEBUG tests/bstr_tests.c:2664: 0x10001b201) = 0x100200090:"bogusbogus"
DEBUG tests/bstr_tests.c:2650: .	bcatblk (0x100200090[p]:"bogus", 
DEBUG tests/bstr_tests.c:2656: 0x10001b201) = 0x100200090[p]:"bogus"
DEBUG tests/bstr_tests.c:2660: .	bcatblk (0x100200090:"bogus", 
DEBUG tests/bstr_tests.c:2664: 0x10001b201) = 0x100200090:"bogus"
DEBUG tests/bstr_tests.c:2708: 	# failures: 0
DEBUG tests/bstr_tests.c:2815: TEST: int bfindreplace (bstring b, const_bstring f, const_bstring r, int pos);
DEBUG tests/bstr_tests.c:2745: .	bfindreplace (NULL, NULL, NULL, 0) = -1
DEBUG tests/bstr_tests.c:2745: .	bfindreplace (0x100022180[c]:"bogus", NULL, 0x1008083b0[c]:"weird", 0) = -1
DEBUG tests/bstr_tests.c:2745: .	bfindreplace (0x100022180[c]:"bogus", 0x1008083a0[c]:"s", NULL, 0) = -1
DEBUG tests/bstr_tests.c:2745: .	bfindreplace (0x1000221a0:[err:data=NULL], 0x1008083a0[c]:"s", 0x1008083b0[c]:"weird", 0) = -1
DEBUG tests/bstr_tests.c:2745: .	bfindreplace (0x1000221b0:[err:slen=-5<0], 0x1008083a0[c]:"s", 0x1008083b0[c]:"weird", 0) = -1
DEBUG tests/bstr_tests.c:2722: .	bfindreplace (0x100200090[p]:"This is a bogus but reasonably long string.  Just long enough to cause some mallocing.", 0x100022180[c]:"bogus", 0x1008083c0[c]:"funny", 0) = 
DEBUG tests/bstr_tests.c:2728: -1
DEBUG tests/bstr_tests.c:2732: .	bfindreplace (0x100200090:"This is a bogus but reasonably long string.  Just long enough to cause some mallocing.", 0x100022180[c]:"bogus", 0x1008083c0[c]:"funny", 0)
DEBUG tests/bstr_tests.c:2740:  -> 0x100200090:"This is a funny but reasonably long string.  Just long enough to cause some mallocing."
DEBUG tests/bstr_tests.c:2722: .	bfindreplace (0x100200090[p]:"This is a bogus but reasonably long string.  Just long enough to cause some mallocing.", 0x1008083a0[c]:"s", 0x1008083b0[c]:"weird", 0) = 
DEBUG tests/bstr_tests.c:2728: -1
DEBUG tests/bstr_tests.c:2732: .	bfindreplace (0x100200090:"This is a bogus but reasonably long string.  Just long enough to cause some mallocing.", 0x1008083a0[c]:"s", 0x1008083b0[c]:"weird", 0)
DEBUG tests/bstr_tests.c:2740:  -> 0x100200090:"Thiweird iweird a boguweird but reaweirdonably long weirdtring.  Juweirdt long enough to cauweirde weirdome mallocing."
DEBUG tests/bstr_tests.c:2722: .	bfindreplace (0x100200090[p]:"bogus", 0x1008083a0[c]:"s", 0x1008083b0[c]:"weird", 0) = 
DEBUG tests/bstr_tests.c:2728: -1
DEBUG tests/bstr_tests.c:2732: .	bfindreplace (0x100200090:"bogus", 0x1008083a0[c]:"s", 0x1008083b0[c]:"weird", 0)
DEBUG tests/bstr_tests.c:2740:  -> 0x100200090:"boguweird"
DEBUG tests/bstr_tests.c:2722: .	bfindreplace (0x100200090[p]:"bogus", 0x100808340[c]:"S", 0x1008083b0[c]:"weird", 0) = 
DEBUG tests/bstr_tests.c:2728: -1
DEBUG tests/bstr_tests.c:2732: .	bfindreplace (0x100200090:"bogus", 0x100808340[c]:"S", 0x1008083b0[c]:"weird", 0)
DEBUG tests/bstr_tests.c:2740:  -> 0x100200090:"bogus"
DEBUG tests/bstr_tests.c:2722: .	bfindreplace (0x100200090[p]:"This is a bogus but reasonably long string.  Just long enough to cause some mallocing.", 0x1008083a0[c]:"s", 0x1008083b0[c]:"weird", 27) = 
DEBUG tests/bstr_tests.c:2728: -1
DEBUG tests/bstr_tests.c:2732: .	bfindreplace (0x100200090:"This is a bogus but reasonably long string.  Just long enough to cause some mallocing.", 0x1008083a0[c]:"s", 0x1008083b0[c]:"weird", 27)
DEBUG tests/bstr_tests.c:2740:  -> 0x100200090:"This is a bogus but reasonably long weirdtring.  Juweirdt long enough to cauweirde weirdome mallocing."
DEBUG tests/bstr_tests.c:2722: .	bfindreplace (0x100200090[p]:"This is a bogus but reasonably long string.  Just long enough to cause some mallocing.", 0x100808390[c]:"long", 0x100808380[c]:"big", 0) = 
DEBUG tests/bstr_tests.c:2728: -1
DEBUG tests/bstr_tests.c:2732: .	bfindreplace (0x100200090:"This is a bogus but reasonably long string.  Just long enough to cause some mallocing.", 0x100808390[c]:"long", 0x100808380[c]:"big", 0)
DEBUG tests/bstr_tests.c:2740:  -> 0x100200090:"This is a bogus but reasonably big string.  Just big enough to cause some mallocing."
DEBUG tests/bstr_tests.c:2722: .	bfindreplace (0x100200090[p]:"This is a bogus but reasonably long string.  Just long enough to cause some mallocing.", 0x100808330[c]:"LONG", 0x100808380[c]:"big", 0) = 
DEBUG tests/bstr_tests.c:2728: -1
DEBUG tests/bstr_tests.c:2732: .	bfindreplace (0x100200090:"This is a bogus but reasonably long string.  Just long enough to cause some mallocing.", 0x100808330[c]:"LONG", 0x100808380[c]:"big", 0)
DEBUG tests/bstr_tests.c:2740:  -> 0x100200090:"This is a bogus but reasonably long string.  Just long enough to cause some mallocing."
DEBUG tests/bstr_tests.c:2722: .	bfindreplace (0x100200090[p]:"sstsst", 0x1008083a0[c]:"s", 0x100808370[c]:"ss", 0) = 
DEBUG tests/bstr_tests.c:2728: -1
DEBUG tests/bstr_tests.c:2732: .	bfindreplace (0x100200090:"sstsst", 0x1008083a0[c]:"s", 0x100808370[c]:"ss", 0)
DEBUG tests/bstr_tests.c:2740:  -> 0x100200090:"sssstsssst"
DEBUG tests/bstr_tests.c:2722: .	bfindreplace (0x100200090[p]:"xxssssssssssssssssssssssssssssssssssssssssssssssssssssssssssssssssssxx", 0x1008083a0[c]:"s", 0x100808370[c]:"ss", 0) = 
DEBUG tests/bstr_tests.c:2728: -1
DEBUG tests/bstr_tests.c:2732: .	bfindreplace (0x100200090:"xxssssssssssssssssssssssssssssssssssssssssssssssssssssssssssssssssssxx", 0x1008083a0[c]:"s", 0x100808370[c]:"ss", 0)
DEBUG tests/bstr_tests.c:2740:  -> 0x100200090:"xxssssssssssssssssssssssssssssssssssssssssssssssssssssssssssssssssssssssssssssssssssssssssssssssssssssssssssssssssssssssssssssssssssssxx"
DEBUG tests/bstr_tests.c:2834: TEST: int bfindreplacecaseless (bstring b, const_bstring f, const_bstring r, int pos);
DEBUG tests/bstr_tests.c:2789: .	bfindreplacecaseless (NULL, NULL, NULL, 0) = -1
DEBUG tests/bstr_tests.c:2789: .	bfindreplacecaseless (0x100022180[c]:"bogus", NULL, 0x1008083b0[c]:"weird", 0) = -1
DEBUG tests/bstr_tests.c:2789: .	bfindreplacecaseless (0x100022180[c]:"bogus", 0x1008083a0[c]:"s", NULL, 0) = -1
DEBUG tests/bstr_tests.c:2789: .	bfindreplacecaseless (0x1000221a0:[err:data=NULL], 0x1008083a0[c]:"s", 0x1008083b0[c]:"weird", 0) = -1
DEBUG tests/bstr_tests.c:2789: .	bfindreplacecaseless (0x1000221b0:[err:slen=-5<0], 0x1008083a0[c]:"s", 0x1008083b0[c]:"weird", 0) = -1
DEBUG tests/bstr_tests.c:2766: .	bfindreplacecaseless (0x100200090[p]:"This is a bogus but reasonably long string.  Just long enough to cause some mallocing.", 0x100022180[c]:"bogus", 0x1008083c0[c]:"funny", 0) = 
DEBUG tests/bstr_tests.c:2772: -1
DEBUG tests/bstr_tests.c:2776: .	bfindreplacecaseless (0x100200090:"This is a bogus but reasonably long string.  Just long enough to cause some mallocing.", 0x100022180[c]:"bogus", 0x1008083c0[c]:"funny", 0)
DEBUG tests/bstr_tests.c:2784:  -> 0x100200090:"This is a funny but reasonably long string.  Just long enough to cause some mallocing."
DEBUG tests/bstr_tests.c:2766: .	bfindreplacecaseless (0x100200090[p]:"This is a bogus but reasonably long string.  Just long enough to cause some mallocing.", 0x1008083a0[c]:"s", 0x1008083b0[c]:"weird", 0) = 
DEBUG tests/bstr_tests.c:2772: -1
DEBUG tests/bstr_tests.c:2776: .	bfindreplacecaseless (0x100200090:"This is a bogus but reasonably long string.  Just long enough to cause some mallocing.", 0x1008083a0[c]:"s", 0x1008083b0[c]:"weird", 0)
DEBUG tests/bstr_tests.c:2784:  -> 0x100200090:"Thiweird iweird a boguweird but reaweirdonably long weirdtring.  Juweirdt long enough to cauweirde weirdome mallocing."
DEBUG tests/bstr_tests.c:2766: .	bfindreplacecaseless (0x100200090[p]:"bogus", 0x1008083a0[c]:"s", 0x1008083b0[c]:"weird", 0) = 
DEBUG tests/bstr_tests.c:2772: -1
DEBUG tests/bstr_tests.c:2776: .	bfindreplacecaseless (0x100200090:"bogus", 0x1008083a0[c]:"s", 0x1008083b0[c]:"weird", 0)
DEBUG tests/bstr_tests.c:2784:  -> 0x100200090:"boguweird"
DEBUG tests/bstr_tests.c:2766: .	bfindreplacecaseless (0x100200090[p]:"bogus", 0x100808340[c]:"S", 0x1008083b0[c]:"weird", 0) = 
DEBUG tests/bstr_tests.c:2772: -1
DEBUG tests/bstr_tests.c:2776: .	bfindreplacecaseless (0x100200090:"bogus", 0x100808340[c]:"S", 0x1008083b0[c]:"weird", 0)
DEBUG tests/bstr_tests.c:2784:  -> 0x100200090:"boguweird"
DEBUG tests/bstr_tests.c:2766: .	bfindreplacecaseless (0x100200090[p]:"This is a bogus but reasonably long string.  Just long enough to cause some mallocing.", 0x1008083a0[c]:"s", 0x1008083b0[c]:"weird", 27) = 
DEBUG tests/bstr_tests.c:2772: -1
DEBUG tests/bstr_tests.c:2776: .	bfindreplacecaseless (0x100200090:"This is a bogus but reasonably long string.  Just long enough to cause some mallocing.", 0x1008083a0[c]:"s", 0x1008083b0[c]:"weird", 27)
DEBUG tests/bstr_tests.c:2784:  -> 0x100200090:"This is a bogus but reasonably long weirdtring.  Juweirdt long enough to cauweirde weirdome mallocing."
DEBUG tests/bstr_tests.c:2766: .	bfindreplacecaseless (0x100200090[p]:"This is a bogus but reasonably long string.  Just long enough to cause some mallocing.", 0x100808390[c]:"long", 0x100808380[c]:"big", 0) = 
DEBUG tests/bstr_tests.c:2772: -1
DEBUG tests/bstr_tests.c:2776: .	bfindreplacecaseless (0x100200090:"This is a bogus but reasonably long string.  Just long enough to cause some mallocing.", 0x100808390[c]:"long", 0x100808380[c]:"big", 0)
DEBUG tests/bstr_tests.c:2784:  -> 0x100200090:"This is a bogus but reasonably big string.  Just big enough to cause some mallocing."
DEBUG tests/bstr_tests.c:2766: .	bfindreplacecaseless (0x100200090[p]:"This is a bogus but reasonably long string.  Just long enough to cause some mallocing.", 0x100808330[c]:"LONG", 0x100808380[c]:"big", 0) = 
DEBUG tests/bstr_tests.c:2772: -1
DEBUG tests/bstr_tests.c:2776: .	bfindreplacecaseless (0x100200090:"This is a bogus but reasonably long string.  Just long enough to cause some mallocing.", 0x100808330[c]:"LONG", 0x100808380[c]:"big", 0)
DEBUG tests/bstr_tests.c:2784:  -> 0x100200090:"This is a bogus but reasonably big string.  Just big enough to cause some mallocing."
DEBUG tests/bstr_tests.c:2766: .	bfindreplacecaseless (0x100200090[p]:"sstsst", 0x1008083a0[c]:"s", 0x100808370[c]:"ss", 0) = 
DEBUG tests/bstr_tests.c:2772: -1
DEBUG tests/bstr_tests.c:2776: .	bfindreplacecaseless (0x100200090:"sstsst", 0x1008083a0[c]:"s", 0x100808370[c]:"ss", 0)
DEBUG tests/bstr_tests.c:2784:  -> 0x100200090:"sssstsssst"
DEBUG tests/bstr_tests.c:2766: .	bfindreplacecaseless (0x100200090[p]:"sstsst", 0x100808340[c]:"S", 0x100808370[c]:"ss", 0) = 
DEBUG tests/bstr_tests.c:2772: -1
DEBUG tests/bstr_tests.c:2776: .	bfindreplacecaseless (0x100200090:"sstsst", 0x100808340[c]:"S", 0x100808370[c]:"ss", 0)
DEBUG tests/bstr_tests.c:2784:  -> 0x100200090:"sssstsssst"
DEBUG tests/bstr_tests.c:2766: .	bfindreplacecaseless (0x100200090[p]:"xxssssssssssssssssssssssssssssssssssssssssssssssssssssssssssssssssssxx", 0x1008083a0[c]:"s", 0x100808370[c]:"ss", 0) = 
DEBUG tests/bstr_tests.c:2772: -1
DEBUG tests/bstr_tests.c:2776: .	bfindreplacecaseless (0x100200090:"xxssssssssssssssssssssssssssssssssssssssssssssssssssssssssssssssssssxx", 0x1008083a0[c]:"s", 0x100808370[c]:"ss", 0)
DEBUG tests/bstr_tests.c:2784:  -> 0x100200090:"xxssssssssssssssssssssssssssssssssssssssssssssssssssssssssssssssssssssssssssssssssssssssssssssssssssssssssssssssssssssssssssssssssssssxx"
DEBUG tests/bstr_tests.c:2854: 	# failures: 0
DEBUG tests/bstr_tests.c:2884: TEST: int biseqcstr (const_bstring b, const char * s);
DEBUG tests/bstr_tests.c:2862: .	biseqcstr (NULL, 0x0:<(null)>) = -1
DEBUG tests/bstr_tests.c:2862: .	biseqcstr (0x100022170[c]:"", 0x0:<(null)>) = -1
DEBUG tests/bstr_tests.c:2862: .	biseqcstr (NULL, 0x10001ac48:<>) = -1
DEBUG tests/bstr_tests.c:2862: .	biseqcstr (0x1000221a0:[err:data=NULL], 0x10001ac48:<>) = -1
DEBUG tests/bstr_tests.c:2862: .	biseqcstr (0x1000221b0:[err:slen=-5<0], 0x10001b201:<bogus>) = -1
DEBUG tests/bstr_tests.c:2862: .	biseqcstr (0x100022170[c]:"", 0x10001ac48:<>) = 1
DEBUG tests/bstr_tests.c:2862: .	biseqcstr (0x100022180[c]:"bogus", 0x10001b201:<bogus>) = 1
DEBUG tests/bstr_tests.c:2862: .	biseqcstr (0x100022170[c]:"", 0x10001b201:<bogus>) = 0
DEBUG tests/bstr_tests.c:2862: .	biseqcstr (0x100022180[c]:"bogus", 0x10001ac48:<>) = 0
DEBUG tests/bstr_tests.c:2862: .	biseqcstr (0x100200090:"bpgus", 0x10001b201:<bogus>) = 0
DEBUG tests/bstr_tests.c:2906: TEST: int biseqcstrcaseless (const_bstring b, const char * s);
DEBUG tests/bstr_tests.c:2873: .	biseqcstrcaseless (NULL, 0x0:<(null)>) = -1
DEBUG tests/bstr_tests.c:2873: .	biseqcstrcaseless (0x100022170[c]:"", 0x0:<(null)>) = -1
DEBUG tests/bstr_tests.c:2873: .	biseqcstrcaseless (NULL, 0x10001ac48:<>) = -1
DEBUG tests/bstr_tests.c:2873: .	biseqcstrcaseless (0x1000221a0:[err:data=NULL], 0x10001ac48:<>) = -1
DEBUG tests/bstr_tests.c:2873: .	biseqcstrcaseless (0x1000221b0:[err:slen=-5<0], 0x10001b201:<bogus>) = -1
DEBUG tests/bstr_tests.c:2873: .	biseqcstrcaseless (0x100022170[c]:"", 0x10001ac48:<>) = 1
DEBUG tests/bstr_tests.c:2873: .	biseqcstrcaseless (0x100022180[c]:"bogus", 0x10001b201:<bogus>) = 1
DEBUG tests/bstr_tests.c:2873: .	biseqcstrcaseless (0x100022180[c]:"bogus", 0x10001b4ae:<BOGUS>) = 1
DEBUG tests/bstr_tests.c:2873: .	biseqcstrcaseless (0x100022170[c]:"", 0x10001b201:<bogus>) = 0
DEBUG tests/bstr_tests.c:2873: .	biseqcstrcaseless (0x100022180[c]:"bogus", 0x10001ac48:<>) = 0
DEBUG tests/bstr_tests.c:2873: .	biseqcstrcaseless (0x100200090:"bpgus", 0x10001b201:<bogus>) = 0
DEBUG tests/bstr_tests.c:2979: TEST: int btoupper (bstring b);
DEBUG tests/bstr_tests.c:2965: .	btoupper (NULL) = -1
DEBUG tests/bstr_tests.c:2965: .	btoupper (0x1000221a0:[err:data=NULL]) = -1
DEBUG tests/bstr_tests.c:2965: .	btoupper (0x1000221b0:[err:slen=-5<0]) = -1
DEBUG tests/bstr_tests.c:2941: .	btoupper (0x100200090[p]:"")
DEBUG tests/bstr_tests.c:2947:  = 0x100200090[p]:""
DEBUG tests/bstr_tests.c:2951: .	btoupper (0x100200090:"")
DEBUG tests/bstr_tests.c:2955:  = 0x100200090:""
DEBUG tests/bstr_tests.c:2941: .	btoupper (0x100200090[p]:"bogus")
DEBUG tests/bstr_tests.c:2947:  = 0x100200090[p]:"bogus"
DEBUG tests/bstr_tests.c:2951: .	btoupper (0x100200090:"bogus")
DEBUG tests/bstr_tests.c:2955:  = 0x100200090:"BOGUS"
DEBUG tests/bstr_tests.c:2941: .	btoupper (0x100200090[p]:"This is a bogus but reasonably long string.  Just long enough to cause some mallocing.")
DEBUG tests/bstr_tests.c:2947:  = 0x100200090[p]:"This is a bogus but reasonably long string.  Just long enough to cause some mallocing."
DEBUG tests/bstr_tests.c:2951: .	btoupper (0x100200090:"This is a bogus but reasonably long string.  Just long enough to cause some mallocing.")
DEBUG tests/bstr_tests.c:2955:  = 0x100200090:"THIS IS A BOGUS BUT REASONABLY LONG STRING.  JUST LONG ENOUGH TO CAUSE SOME MALLOCING."
DEBUG tests/bstr_tests.c:3041: TEST: int btolower (bstring b);
DEBUG tests/bstr_tests.c:3027: .	btolower (NULL) = -1
DEBUG tests/bstr_tests.c:3027: .	btolower (0x1000221a0:[err:data=NULL]) = -1
DEBUG tests/bstr_tests.c:3027: .	btolower (0x1000221b0:[err:slen=-5<0]) = -1
DEBUG tests/bstr_tests.c:3003: .	btolower (0x100200090[p]:"")
DEBUG tests/bstr_tests.c:3009:  = 0x100200090[p]:""
DEBUG tests/bstr_tests.c:3013: .	btolower (0x100200090:"")
DEBUG tests/bstr_tests.c:3017:  = 0x100200090:""
DEBUG tests/bstr_tests.c:3003: .	btolower (0x100200090[p]:"bogus")
DEBUG tests/bstr_tests.c:3009:  = 0x100200090[p]:"bogus"
DEBUG tests/bstr_tests.c:3013: .	btolower (0x100200090:"bogus")
DEBUG tests/bstr_tests.c:3017:  = 0x100200090:"bogus"
DEBUG tests/bstr_tests.c:3003: .	btolower (0x100200090[p]:"This is a bogus but reasonably long string.  Just long enough to cause some mallocing.")
DEBUG tests/bstr_tests.c:3009:  = 0x100200090[p]:"This is a bogus but reasonably long string.  Just long enough to cause some mallocing."
DEBUG tests/bstr_tests.c:3013: .	btolower (0x100200090:"This is a bogus but reasonably long string.  Just long enough to cause some mallocing.")
DEBUG tests/bstr_tests.c:3017:  = 0x100200090:"this is a bogus but reasonably long string.  just long enough to cause some mallocing."
DEBUG tests/bstr_tests.c:3074: TEST: int bstricmp (const_bstring b0, const_bstring b1);
DEBUG tests/bstr_tests.c:3061: .	bstricmp (NULL, NULL) = -32768
DEBUG tests/bstr_tests.c:3061: .	bstricmp (0x100022170[c]:"", NULL) = -32768
DEBUG tests/bstr_tests.c:3061: .	bstricmp (NULL, 0x100022170[c]:"") = -32768
DEBUG tests/bstr_tests.c:3061: .	bstricmp (0x100022170[c]:"", 0x1000221a0:[err:data=NULL]) = -32768
DEBUG tests/bstr_tests.c:3061: .	bstricmp (0x1000221a0:[err:data=NULL], 0x100022170[c]:"") = -32768
DEBUG tests/bstr_tests.c:3061: .	bstricmp (0x100022180[c]:"bogus", 0x1000221b0:[err:slen=-5<0]) = -32768
DEBUG tests/bstr_tests.c:3061: .	bstricmp (0x1000221b0:[err:slen=-5<0], 0x100022180[c]:"bogus") = -32768
DEBUG tests/bstr_tests.c:3061: .	bstricmp (0x100022170[c]:"", 0x100022170[c]:"") = 0
DEBUG tests/bstr_tests.c:3061: .	bstricmp (0x100022180[c]:"bogus", 0x1008083c0[c]:"bOgUs") = 0
DEBUG tests/bstr_tests.c:3061: .	bstricmp (0x100022180[c]:"bogus", 0x1008083b0[c]:"bOgUR") = 1
DEBUG tests/bstr_tests.c:3061: .	bstricmp (0x100022180[c]:"bogus", 0x1008083a0[c]:"bOgUt") = -1
DEBUG tests/bstr_tests.c:3061: .	bstricmp (0x100022180[c]:"bogus", 0x1008083c0[c]:"bOgUs") = -256
DEBUG tests/bstr_tests.c:3061: .	bstricmp (0x1008083c0[c]:"bOgUs", 0x100022180[c]:"bogus") = 256
DEBUG tests/bstr_tests.c:3116: TEST: int bstrnicmp (const_bstring b0, const_bstring b1);
DEBUG tests/bstr_tests.c:3103: .	bstrnicmp (NULL, NULL, 0) = -32768
DEBUG tests/bstr_tests.c:3103: .	bstrnicmp (0x100022170[c]:"", NULL, 0) = -32768
DEBUG tests/bstr_tests.c:3103: .	bstrnicmp (NULL, 0x100022170[c]:"", 0) = -32768
DEBUG tests/bstr_tests.c:3103: .	bstrnicmp (0x100022170[c]:"", 0x1000221a0:[err:data=NULL], 0) = -32768
DEBUG tests/bstr_tests.c:3103: .	bstrnicmp (0x1000221a0:[err:data=NULL], 0x100022170[c]:"", 0) = -32768
DEBUG tests/bstr_tests.c:3103: .	bstrnicmp (0x100022180[c]:"bogus", 0x1000221b0:[err:slen=-5<0], 5) = -32768
DEBUG tests/bstr_tests.c:3103: .	bstrnicmp (0x1000221b0:[err:slen=-5<0], 0x100022180[c]:"bogus", 5) = -32768
DEBUG tests/bstr_tests.c:3103: .	bstrnicmp (0x100022170[c]:"", 0x100022170[c]:"", 0) = 0
DEBUG tests/bstr_tests.c:3103: .	bstrnicmp (0x100022180[c]:"bogus", 0x1008083c0[c]:"bOgUs", 0) = 0
DEBUG tests/bstr_tests.c:3103: .	bstrnicmp (0x100022180[c]:"bogus", 0x1008083c0[c]:"bOgUs", 5) = 0
DEBUG tests/bstr_tests.c:3103: .	bstrnicmp (0x100022180[c]:"bogus", 0x1008083c0[c]:"bOgUs", 4) = 0
DEBUG tests/bstr_tests.c:3103: .	bstrnicmp (0x100022180[c]:"bogus", 0x1008083c0[c]:"bOgUs", 6) = 0
DEBUG tests/bstr_tests.c:3103: .	bstrnicmp (0x100022180[c]:"bogus", 0x1008083b0[c]:"bOgUR", 5) = 33
DEBUG tests/bstr_tests.c:3103: .	bstrnicmp (0x100022180[c]:"bogus", 0x1008083b0[c]:"bOgUR", 4) = 0
DEBUG tests/bstr_tests.c:3103: .	bstrnicmp (0x100022180[c]:"bogus", 0x1008083b0[c]:"bOgUR", 6) = 33
DEBUG tests/bstr_tests.c:3103: .	bstrnicmp (0x100022180[c]:"bogus", 0x1008083a0[c]:"bOgUt", 5) = -1
DEBUG tests/bstr_tests.c:3103: .	bstrnicmp (0x100022180[c]:"bogus", 0x1008083a0[c]:"bOgUt", 4) = 0
DEBUG tests/bstr_tests.c:3103: .	bstrnicmp (0x100022180[c]:"bogus", 0x1008083a0[c]:"bOgUt", 6) = -1
DEBUG tests/bstr_tests.c:3103: .	bstrnicmp (0x100022180[c]:"bogus", 0x1008083c0[c]:"bOgUs", 5) = 0
DEBUG tests/bstr_tests.c:3103: .	bstrnicmp (0x100022180[c]:"bogus", 0x1008083c0[c]:"bOgUs", 6) = -256
DEBUG tests/bstr_tests.c:3103: .	bstrnicmp (0x1008083c0[c]:"bOgUs", 0x100022180[c]:"bogus", 6) = 256
DEBUG tests/bstr_tests.c:3166: TEST: int biseqcaseless (const_bstring b0, const_bstring b1);
DEBUG tests/bstr_tests.c:3153: .	biseqcaseless (NULL, NULL) = -1
DEBUG tests/bstr_tests.c:3153: .	biseqcaseless (0x100022170[c]:"", NULL) = -1
DEBUG tests/bstr_tests.c:3153: .	biseqcaseless (NULL, 0x100022170[c]:"") = -1
DEBUG tests/bstr_tests.c:3153: .	biseqcaseless (0x100022170[c]:"", 0x1000221a0:[err:data=NULL]) = -1
DEBUG tests/bstr_tests.c:3153: .	biseqcaseless (0x1000221a0:[err:data=NULL], 0x100022170[c]:"") = -1
DEBUG tests/bstr_tests.c:3153: .	biseqcaseless (0x100022180[c]:"bogus", 0x1000221b0:[err:slen=-5<0]) = -1
DEBUG tests/bstr_tests.c:3153: .	biseqcaseless (0x1000221b0:[err:slen=-5<0], 0x100022180[c]:"bogus") = -1
DEBUG tests/bstr_tests.c:3153: .	biseqcaseless (0x100022170[c]:"", 0x100022170[c]:"") = 1
DEBUG tests/bstr_tests.c:3153: .	biseqcaseless (0x100022180[c]:"bogus", 0x1008083c0[c]:"bOgUs") = 1
DEBUG tests/bstr_tests.c:3153: .	biseqcaseless (0x100022180[c]:"bogus", 0x1008083b0[c]:"bOgUR") = 0
DEBUG tests/bstr_tests.c:3153: .	biseqcaseless (0x100022180[c]:"bogus", 0x1008083a0[c]:"bOgUt") = 0
DEBUG tests/bstr_tests.c:3231: TEST: bgets/breads test
DEBUG tests/bstr_tests.c:3324: TEST: trim functions
DEBUG tests/bstr_tests.c:3296: .	bltrim (0x1008083c0[c]:"   bogus string   ") = 0x100200170:"bogus string   "
DEBUG tests/bstr_tests.c:3302: .	brtrim (0x1008083c0[c]:"   bogus string   ") = 0x100200170:"   bogus string"
DEBUG tests/bstr_tests.c:3308: .	btrim  (0x1008083c0[c]:"   bogus string   ") = 0x100200170:"bogus string"
DEBUG tests/bstr_tests.c:3296: .	bltrim (0x1008083b0[c]:"bogus string   ") = 0x100200170:"bogus string   "
DEBUG tests/bstr_tests.c:3302: .	brtrim (0x1008083b0[c]:"bogus string   ") = 0x100200170:"bogus string"
DEBUG tests/bstr_tests.c:3308: .	btrim  (0x1008083b0[c]:"bogus string   ") = 0x100200170:"bogus string"
DEBUG tests/bstr_tests.c:3296: .	bltrim (0x1008083a0[c]:"   bogus string") = 0x100200170:"bogus string"
DEBUG tests/bstr_tests.c:3302: .	brtrim (0x1008083a0[c]:"   bogus string") = 0x100200170:"   bogus string"
DEBUG tests/bstr_tests.c:3308: .	btrim  (0x1008083a0[c]:"   bogus string") = 0x100200170:"bogus string"
DEBUG tests/bstr_tests.c:3296: .	bltrim (0x100808390[c]:"bogus string") = 0x100200170:"bogus string"
DEBUG tests/bstr_tests.c:3302: .	brtrim (0x100808390[c]:"bogus string") = 0x100200170:"bogus string"
DEBUG tests/bstr_tests.c:3308: .	btrim  (0x100808390[c]:"bogus string") = 0x100200170:"bogus string"
DEBUG tests/bstr_tests.c:3296: .	bltrim (0x100808380[c]:"     ") = 0x100200170:""
DEBUG tests/bstr_tests.c:3302: .	brtrim (0x100808380[c]:"     ") = 0x100200170:""
DEBUG tests/bstr_tests.c:3308: .	btrim  (0x100808380[c]:"     ") = 0x100200170:""
DEBUG tests/bstr_tests.c:3296: .	bltrim (0x100808370[c]:"") = 0x100200170:""
DEBUG tests/bstr_tests.c:3302: .	brtrim (0x100808370[c]:"") = 0x100200170:""
DEBUG tests/bstr_tests.c:3308: .	btrim  (0x100808370[c]:"") = 0x100200170:""
DEBUG tests/bstr_tests.c:3384: TEST: int bassignmidstr (bstring b0, const_bstring b1, int left, int len);
DEBUG tests/bstr_tests.c:3370: .	bassignmidstr (NULL, NULL, 0, 1) = -1
DEBUG tests/bstr_tests.c:3370: .	bassignmidstr (NULL, 0x100022170[c]:"", 0, 1) = -1
DEBUG tests/bstr_tests.c:3370: .	bassignmidstr (0x100022170[c]:"", NULL, 0, 1) = -1
DEBUG tests/bstr_tests.c:3370: .	bassignmidstr (0x1000221a0:[err:data=NULL], 0x100022170[c]:"", 0, 1) = -1
DEBUG tests/bstr_tests.c:3370: .	bassignmidstr (0x1000221b0:[err:slen=-5<0], 0x100022170[c]:"", 0, 1) = -1
DEBUG tests/bstr_tests.c:3370: .	bassignmidstr (0x100022170[c]:"", 0x1000221a0:[err:data=NULL], 0, 1) = -1
DEBUG tests/bstr_tests.c:3370: .	bassignmidstr (0x100022170[c]:"", 0x1000221b0:[err:slen=-5<0], 0, 1) = -1
DEBUG tests/bstr_tests.c:3346: .	bassignmidstr (0x100200170[p]:"", 
DEBUG tests/bstr_tests.c:3352: 0x100022170[c]:"", 0, 1) = 0x100200170[p]:""
DEBUG tests/bstr_tests.c:3356: .	bassignmidstr (0x100200170:"", 
DEBUG tests/bstr_tests.c:3360: 0x100022170[c]:"", 0, 1) = 0x100200170:""
DEBUG tests/bstr_tests.c:3346: .	bassignmidstr (0x100200170[p]:"", 
DEBUG tests/bstr_tests.c:3352: 0x100022180[c]:"bogus", 1, 3) = 0x100200170[p]:""
DEBUG tests/bstr_tests.c:3356: .	bassignmidstr (0x100200170:"", 
DEBUG tests/bstr_tests.c:3360: 0x100022180[c]:"bogus", 1, 3) = 0x100200170:"ogu"
DEBUG tests/bstr_tests.c:3346: .	bassignmidstr (0x100200170[p]:"bogus", 
DEBUG tests/bstr_tests.c:3352: 0x100022170[c]:"", 0, 1) = 0x100200170[p]:"bogus"
DEBUG tests/bstr_tests.c:3356: .	bassignmidstr (0x100200170:"bogus", 
DEBUG tests/bstr_tests.c:3360: 0x100022170[c]:"", 0, 1) = 0x100200170:""
DEBUG tests/bstr_tests.c:3346: .	bassignmidstr (0x100200170[p]:"bogus", 
DEBUG tests/bstr_tests.c:3352: 0x100022180[c]:"bogus", 1, 3) = 0x100200170[p]:"bogus"
DEBUG tests/bstr_tests.c:3356: .	bassignmidstr (0x100200170:"bogus", 
DEBUG tests/bstr_tests.c:3360: 0x100022180[c]:"bogus", 1, 3) = 0x100200170:"ogu"
DEBUG tests/bstr_tests.c:3346: .	bassignmidstr (0x100200170[p]:"bogus", 
DEBUG tests/bstr_tests.c:3352: 0x100022180[c]:"bogus", -1, 4) = 0x100200170[p]:"bogus"
DEBUG tests/bstr_tests.c:3356: .	bassignmidstr (0x100200170:"bogus", 
DEBUG tests/bstr_tests.c:3360: 0x100022180[c]:"bogus", -1, 4) = 0x100200170:"bog"
DEBUG tests/bstr_tests.c:3346: .	bassignmidstr (0x100200170[p]:"bogus", 
DEBUG tests/bstr_tests.c:3352: 0x100022180[c]:"bogus", 1, 9) = 0x100200170[p]:"bogus"
DEBUG tests/bstr_tests.c:3356: .	bassignmidstr (0x100200170:"bogus", 
DEBUG tests/bstr_tests.c:3360: 0x100022180[c]:"bogus", 1, 9) = 0x100200170:"ogus"
DEBUG tests/bstr_tests.c:3346: .	bassignmidstr (0x100200170[p]:"bogus", 
DEBUG tests/bstr_tests.c:3352: 0x100022180[c]:"bogus", 9, 1) = 0x100200170[p]:"bogus"
DEBUG tests/bstr_tests.c:3356: .	bassignmidstr (0x100200170:"bogus", 
DEBUG tests/bstr_tests.c:3360: 0x100022180[c]:"bogus", 9, 1) = 0x100200170:""
DEBUG tests/bstr_tests.c:3404: 	# failures: 0
DEBUG tests/bstr_tests.c:3447: TEST: int bmid2tbstr (struct tagbstring &t, const_bstring b1, int left, int len);
DEBUG tests/bstr_tests.c:3432: .	bmid2tbstr (NULL, 0, 1) = 0x100200170:""
DEBUG tests/bstr_tests.c:3421: .	bmid2tbstr (0x100022170[c]:"", 0, 1) = 0x100200220:""
DEBUG tests/bstr_tests.c:3432: .	bmid2tbstr (NULL, 0, 1) = 0x100200220:""
DEBUG tests/bstr_tests.c:3421: .	bmid2tbstr (0x100022170[c]:"", 0, 1) = 0x100200170:""
DEBUG tests/bstr_tests.c:3421: .	bmid2tbstr (0x100022170[c]:"", 0, 1) = 0x100200220:""
DEBUG tests/bstr_tests.c:3432: .	bmid2tbstr (0x1000221a0:[err:data=NULL], 0, 1) = 0x100200220:""
DEBUG tests/bstr_tests.c:3432: .	bmid2tbstr (0x1000221b0:[err:slen=-5<0], 0, 1) = 0x100200220:""
DEBUG tests/bstr_tests.c:3421: .	bmid2tbstr (0x100022170[c]:"", 0, 1) = 0x100200170:""
DEBUG tests/bstr_tests.c:3421: .	bmid2tbstr (0x100022180[c]:"bogus", 1, 3) = 0x100200220:"ogu"
DEBUG tests/bstr_tests.c:3421: .	bmid2tbstr (0x100022170[c]:"", 0, 1) = 0x100200170:""
DEBUG tests/bstr_tests.c:3421: .	bmid2tbstr (0x100022180[c]:"bogus", 1, 3) = 0x100200220:"ogu"
DEBUG tests/bstr_tests.c:3421: .	bmid2tbstr (0x100022180[c]:"bogus", -1, 4) = 0x100200170:"bog"
DEBUG tests/bstr_tests.c:3421: .	bmid2tbstr (0x100022180[c]:"bogus", 1, 9) = 0x100200220:"ogus"
DEBUG tests/bstr_tests.c:3421: .	bmid2tbstr (0x100022180[c]:"bogus", 9, 1) = 0x100200170:""
DEBUG tests/bstr_tests.c:3467: 	# failures: 0
DEBUG tests/bstr_tests.c:3486: TEST: int btrunc (bstring b, int n);
DEBUG tests/bstr_tests.c:3478: .	btrunc (0x100022170[c]:"", 10) = 0x100200170:""
DEBUG tests/bstr_tests.c:3478: .	btrunc (0x100022170[c]:"", 0) = 0x100200170:""
DEBUG tests/bstr_tests.c:3478: .	btrunc (0x100022170[c]:"", -1) = 0x100200170:""
DEBUG tests/bstr_tests.c:3478: .	btrunc (0x100022180[c]:"bogus", 10) = 0x100200170:"bogus"
DEBUG tests/bstr_tests.c:3478: .	btrunc (0x100022180[c]:"bogus", 3) = 0x100200170:"bog"
DEBUG tests/bstr_tests.c:3478: .	btrunc (0x100022180[c]:"bogus", 0) = 0x100200170:""
DEBUG tests/bstr_tests.c:3478: .	btrunc (0x100022180[c]:"bogus", -1) = 0x100200170:"bogus"
DEBUG tests/bstr_tests.c:3507: 	# failures: 0
DEBUG tests/bstr_tests.c:3522: TEST: int btfromblk*trim (struct tagbstring t, void * s, int l);
DEBUG tests/bstr_tests.c:3535: .	btfromblkltrimws ("", "", 0)
DEBUG tests/bstr_tests.c:3545: .	btfromblkrtrimws ("", "", 0)
DEBUG tests/bstr_tests.c:3555: .	btfromblktrimws ("", "", 0)
DEBUG tests/bstr_tests.c:3535: .	btfromblkltrimws ("", "    ", 4)
DEBUG tests/bstr_tests.c:3545: .	btfromblkrtrimws ("", "    ", 4)
DEBUG tests/bstr_tests.c:3555: .	btfromblktrimws ("", "    ", 4)
DEBUG tests/bstr_tests.c:3535: .	btfromblkltrimws ("abc", " abc", 4)
DEBUG tests/bstr_tests.c:3545: .	btfromblkrtrimws (" abc", " abc", 4)
DEBUG tests/bstr_tests.c:3555: .	btfromblktrimws ("abc", " abc", 4)
DEBUG tests/bstr_tests.c:3535: .	btfromblkltrimws ("abc ", "abc ", 4)
DEBUG tests/bstr_tests.c:3545: .	btfromblkrtrimws ("abc", "abc ", 4)
DEBUG tests/bstr_tests.c:3555: .	btfromblktrimws ("abc", "abc ", 4)
DEBUG tests/bstr_tests.c:3535: .	btfromblkltrimws ("abc ", " abc ", 5)
DEBUG tests/bstr_tests.c:3545: .	btfromblkrtrimws (" abc", " abc ", 5)
DEBUG tests/bstr_tests.c:3555: .	btfromblktrimws ("abc", " abc ", 5)
DEBUG tests/bstr_tests.c:3535: .	btfromblkltrimws ("abc", "abc", 3)
DEBUG tests/bstr_tests.c:3545: .	btfromblkrtrimws ("abc", "abc", 3)
DEBUG tests/bstr_tests.c:3555: .	btfromblktrimws ("abc", "abc", 3)
DEBUG tests/bstr_tests.c:3559: 	# failures: 0
DEBUG tests/bstr_tests.c:3602: TEST: int bassigncstr (bstring a, char * str);
DEBUG tests/bstr_tests.c:3569: .	bassigncstr (b = 0x100200220:"", NULL)
DEBUG tests/bstr_tests.c:3571:  = -1; b -> 0x100200220:""
DEBUG tests/bstr_tests.c:3578: .	bassigncstr (b = 0x1002002b0:"", "")
DEBUG tests/bstr_tests.c:3580:  = 0; b -> 0x1002002b0:""
[INFO] (tests/bstr_tests.c:3585) .	bassigncstr (b = 0x1002002b0[p]:"xxxxx", "")
DEBUG tests/bstr_tests.c:3587:  = -1; b -> 0x1002002b0[p]:"xxxxx"
DEBUG tests/bstr_tests.c:3593: .	bassigncstr (a = 0x100022180[c]:"bogus", "")
DEBUG tests/bstr_tests.c:3595:  = -1; a -> 0x100022180[c]:"bogus"
DEBUG tests/bstr_tests.c:3578: .	bassigncstr (b = 0x100200310:"", "bogus")
DEBUG tests/bstr_tests.c:3580:  = 0; b -> 0x100200310:"bogus"
[INFO] (tests/bstr_tests.c:3585) .	bassigncstr (b = 0x100200310[p]:"xxxxx", "bogus")
DEBUG tests/bstr_tests.c:3587:  = -1; b -> 0x100200310[p]:"xxxxx"
DEBUG tests/bstr_tests.c:3593: .	bassigncstr (a = 0x100022180[c]:"bogus", "bogus")
DEBUG tests/bstr_tests.c:3595:  = -1; a -> 0x100022180[c]:"bogus"
DEBUG tests/bstr_tests.c:3578: .	bassigncstr (b = 0x100200250:"", "This is a bogus but reasonably long string.  Just long enough to cause some mallocing.")
DEBUG tests/bstr_tests.c:3580:  = 0; b -> 0x100200250:"This is a bogus but reasonably long string.  Just long enough to cause some mallocing."
[INFO] (tests/bstr_tests.c:3585) .	bassigncstr (b = 0x100200250[p]:"xxxxx", "This is a bogus but reasonably long string.  Just long enough to cause some mallocing.")
DEBUG tests/bstr_tests.c:3587:  = -1; b -> 0x100200250[p]:"xxxxx"
DEBUG tests/bstr_tests.c:3593: .	bassigncstr (a = 0x100022180[c]:"bogus", "This is a bogus but reasonably long string.  Just long enough to cause some mallocing.")
DEBUG tests/bstr_tests.c:3595:  = -1; a -> 0x100022180[c]:"bogus"
DEBUG tests/bstr_tests.c:3611: 	# failures: 0
DEBUG tests/bstr_tests.c:3654: TEST: int bassignblk (bstring a, const void * s, int len);
DEBUG tests/bstr_tests.c:3620: .	bassignblk (b = 0x1002002e0:"", NULL, 1)
DEBUG tests/bstr_tests.c:3622:  = -1; b -> 0x1002002e0:""
DEBUG tests/bstr_tests.c:3630: .	bassignblk (b = 0x1002000f0:"", "", 0)
DEBUG tests/bstr_tests.c:3632:  = 0; b -> 0x1002000f0:""
DEBUG tests/bstr_tests.c:3637: .	bassignblk (b = 0x1002000f0[p]:"xxxxx", "", 0)
DEBUG tests/bstr_tests.c:3639:  = -1; b -> 0x1002000f0[p]:"xxxxx"
DEBUG tests/bstr_tests.c:3645: .	bassignblk (a = 0x100022180[c]:"bogus", "", 0)
DEBUG tests/bstr_tests.c:3647:  = -1; a -> 0x100022180[c]:"bogus"
DEBUG tests/bstr_tests.c:3630: .	bassignblk (b = 0x100200110:"", "bogus", 5)
DEBUG tests/bstr_tests.c:3632:  = 0; b -> 0x100200110:"bogus"
DEBUG tests/bstr_tests.c:3637: .	bassignblk (b = 0x100200110[p]:"xxxxx", "bogus", 5)
DEBUG tests/bstr_tests.c:3639:  = -1; b -> 0x100200110[p]:"xxxxx"
DEBUG tests/bstr_tests.c:3645: .	bassignblk (a = 0x100022180[c]:"bogus", "bogus", 5)
DEBUG tests/bstr_tests.c:3647:  = -1; a -> 0x100022180[c]:"bogus"
DEBUG tests/bstr_tests.c:3630: .	bassignblk (b = 0x100200280:"", "This is a bogus but reasonably long string.  Just long enough to cause some mallocing.", 86)
DEBUG tests/bstr_tests.c:3632:  = 0; b -> 0x100200280:"This is a bogus but reasonably long string.  Just long enough to cause some mallocing."
DEBUG tests/bstr_tests.c:3637: .	bassignblk (b = 0x100200280[p]:"xxxxx", "This is a bogus but reasonably long string.  Just long enough to cause some mallocing.", 86)
DEBUG tests/bstr_tests.c:3639:  = -1; b -> 0x100200280[p]:"xxxxx"
DEBUG tests/bstr_tests.c:3645: .	bassignblk (a = 0x100022180[c]:"bogus", "This is a bogus but reasonably long string.  Just long enough to cause some mallocing.", 86)
DEBUG tests/bstr_tests.c:3647:  = -1; a -> 0x100022180[c]:"bogus"
DEBUG tests/bstr_tests.c:3663: 	# failures: 0
DEBUG tests/bstr_tests.c:3698: TEST: int bvcformata (bstring b, int count, const char * fmt, va_list arg);
DEBUG tests/bstr_tests.c:3671: .	bvcformata (NULL, 8, "[%d]", ...) -> 
DEBUG tests/bstr_tests.c:3675: -1, NULL (NULL)
DEBUG tests/bstr_tests.c:3671: .	bvcformata (0x100022180[c]:"bogus", 8, "[%d]", ...) -> 
DEBUG tests/bstr_tests.c:3675: -1, 0x100022180[c]:"bogus" (NULL)
DEBUG tests/bstr_tests.c:3671: .	bvcformata (0x1000221a0:[err:data=NULL], 8, "[%d]", ...) -> 
DEBUG tests/bstr_tests.c:3675: -1, 0x1000221a0:[err:data=NULL] (NULL)
DEBUG tests/bstr_tests.c:3671: .	bvcformata (0x1000221b0:[err:slen=-5<0], 8, "[%d]", ...) -> 
DEBUG tests/bstr_tests.c:3675: -1, 0x1000221b0:[err:slen=-5<0] (NULL)
DEBUG tests/bstr_tests.c:3671: .	bvcformata (0x1000221c0:[err:mlen=2<slen=5], 8, "[%d]", ...) -> 
DEBUG tests/bstr_tests.c:3675: -1, 0x1000221c0:[err:mlen=2<slen=5] (NULL)
DEBUG tests/bstr_tests.c:3671: .	bvcformata (0x100200280:"", 5, "%s", ...) -> 
DEBUG tests/bstr_tests.c:3675: 0, 0x100200280:"bogus" (0x100022180[c]:"bogus")
DEBUG tests/bstr_tests.c:3671: .	bvcformata (0x100200280:"bogus", 6, "%s", ...) -> 
DEBUG tests/bstr_tests.c:3675: 0, 0x100200280:"bogus" (0x100022180[c]:"bogus")
DEBUG tests/bstr_tests.c:3671: .	bvcformata (0x100200280:"bogus", 4, "%s", ...) -> 
DEBUG tests/bstr_tests.c:3675: -8, 0x100200280:"" (NULL)
DEBUG tests/bstr_tests.c:3713: TEST: bvformata (int &ret, bstring b, const char * fmt, <type> lastarg);
DEBUG tests/bstr_tests.c:3685: .	bvformata (&, NULL, "[%d]", ...) -> 
DEBUG tests/bstr_tests.c:3687: -1, NULL (NULL)
DEBUG tests/bstr_tests.c:3685: .	bvformata (&, 0x100022180[c]:"bogus", "[%d]", ...) -> 
DEBUG tests/bstr_tests.c:3687: -1, 0x100022180[c]:"bogus" (NULL)
DEBUG tests/bstr_tests.c:3685: .	bvformata (&, 0x1000221a0:[err:data=NULL], "[%d]", ...) -> 
DEBUG tests/bstr_tests.c:3687: -1, 0x1000221a0:[err:data=NULL] (NULL)
DEBUG tests/bstr_tests.c:3685: .	bvformata (&, 0x1000221b0:[err:slen=-5<0], "[%d]", ...) -> 
DEBUG tests/bstr_tests.c:3687: -1, 0x1000221b0:[err:slen=-5<0] (NULL)
DEBUG tests/bstr_tests.c:3685: .	bvformata (&, 0x1000221c0:[err:mlen=2<slen=5], "[%d]", ...) -> 
DEBUG tests/bstr_tests.c:3687: -1, 0x1000221c0:[err:mlen=2<slen=5] (NULL)
DEBUG tests/bstr_tests.c:3685: .	bvformata (&, 0x100200280:"", "%s", ...) -> 
DEBUG tests/bstr_tests.c:3687: 0, 0x100200280:"bogus" (0x100022180[c]:"bogus")
DEBUG tests/bstr_tests.c:3685: .	bvformata (&, 0x100200280:"bogus", "%s", ...) -> 
DEBUG tests/bstr_tests.c:3687: 0, 0x100200280:"This is a bogus but reasonably long string.  Just long enough to cause some mallocing." (0x100022190[c]:"This is a bogus but reasonably long string.  Just long enough to cause some mallocing.")
DEBUG tests/bstr_tests.c:3728: 	# failures: 0
DEBUG tests/bstr_tests.c:3792: # test bstr failures: 0
DEBUG tests/bstr_tests.c:3794: Direct case testing of bstraux functions
DEBUG tests/bstr_tests.c:33: TEST: struct bwriteStream functions.
DEBUG tests/bstr_tests.c:47: 	# failures: 0
DEBUG tests/bstr_tests.c:57: TEST: bTail and bHead functions.
DEBUG tests/bstr_tests.c:81: 	# failures: 0
DEBUG tests/bstr_tests.c:91: TEST: bSetChar function.
DEBUG tests/bstr_tests.c:108: 	# failures: 0
DEBUG tests/bstr_tests.c:113: TEST: bSetCstrChar function.
DEBUG tests/bstr_tests.c:128: 	# failures: 0
DEBUG tests/bstr_tests.c:138: TEST: bFill function.
DEBUG tests/bstr_tests.c:147: 	# failures: 0
DEBUG tests/bstr_tests.c:157: TEST: bReplicate function.
DEBUG tests/bstr_tests.c:166: 	# failures: 0
DEBUG tests/bstr_tests.c:176: TEST: bReverse function.
DEBUG tests/bstr_tests.c:185: 	# failures: 0
DEBUG tests/bstr_tests.c:195: TEST: bInsertChrs function.
DEBUG tests/bstr_tests.c:201: 	# failures: 0
DEBUG tests/bstr_tests.c:211: TEST: bJustify functions.
DEBUG tests/bstr_tests.c:226: 	# failures: 0
DEBUG tests/bstr_tests.c:237: TEST: NetStr functions.
DEBUG tests/bstr_tests.c:245: 	# failures: 0
DEBUG tests/bstr_tests.c:255: TEST: Base 64 codec.
DEBUG tests/bstr_tests.c:265: 	# failures: 0
DEBUG tests/bstr_tests.c:275: TEST: UU codec.
DEBUG tests/bstr_tests.c:285: 	# failures: 0
DEBUG tests/bstr_tests.c:296: TEST: Y codec.
DEBUG tests/bstr_tests.c:306: 	# failures: 0
DEBUG tests/bstr_tests.c:317: TEST: bsFromBstr.
DEBUG tests/bstr_tests.c:328: 	# failures: 0
DEBUG tests/bstr_tests.c:3814: # test aux failures: 0
DEBUG tests/cache_tests.c:112: ----- RUNNING: ./tests/cache_tests
DEBUG tests/cache_tests.c:105: 
----- test_cache_evict
DEBUG tests/cache_tests.c:106: 
----- test_cache_manual_evict
DEBUG tests/cache_tests.c:107: 
----- test_cache_lookup
DEBUG tests/config_tests.c:37: ----- RUNNING: ./tests/config_tests
[INFO] (src/server.c:164) Starting 0MQ with 1 threads.
[INFO] (src/request.c:81) MAX limits.header_count=1280
[INFO] (src/connection.c:669) MAX limits.content_length=20480, limits.buffer_size=4096, limits.connection_stack_size=32768, limits.client_read_retries=5
[INFO] (src/connection.c:675) MAX limits.proxy_read_retries=100, limits.proxy_read_retry_warn=10
DEBUG tests/config_tests.c:30: 
----- test_Config_load
DEBUG src/config/db.c:65: [SQL] SELECT id, send_spec, send_ident, recv_spec, recv_ident FROM handler
DEBUG src/handler.c:316: Creating handler tcp://127.0.0.1:9999:54c6755b-9628-40a4-9a2d-cc82a816345e
[INFO] (src/handler.c:320) MAX limits.handler_stack=102400
[INFO] (src/config/config.c:92) Loaded handler 1 with send_spec=tcp://127.0.0.1:9999 send_ident=54c6755b-9628-40a4-9a2d-cc82a816345e recv_spec=tcp://127.0.0.1:9998 recv_ident=
DEBUG src/config/db.c:65: [SQL] SELECT id, raw_payload FROM handler WHERE id=1
DEBUG src/handler.c:316: Creating handler tcp://127.0.0.1:9997:54c6755b-9628-40a4-9a2d-cc82a816345e
[INFO] (src/config/config.c:92) Loaded handler 2 with send_spec=tcp://127.0.0.1:9997 send_ident=54c6755b-9628-40a4-9a2d-cc82a816345e recv_spec=tcp://127.0.0.1:9996 recv_ident=
DEBUG src/config/db.c:65: [SQL] SELECT id, raw_payload FROM handler WHERE id=2
DEBUG src/config/db.c:65: [SQL] SELECT id, addr, port FROM proxy
[INFO] (src/config/config.c:133) Loaded proxy 1 with address=127.0.0.1 port=8080
[INFO] (src/config/config.c:133) Loaded proxy 2 with address=127.0.0.1 port=8080
DEBUG src/config/db.c:65: [SQL] SELECT id, base, index_file, default_ctype FROM directory
[INFO] (src/dir.c:177) MAX limits.dir_send_buffer=16384, limits.dir_max_path=256
[INFO] (src/config/config.c:163) Loaded dir 1 with base=tests/ index=index.html def_ctype=text/plain
[INFO] (src/config/config.c:163) Loaded dir 2 with base=examples/chat/static/ index=index.html def_ctype=text/plain
[INFO] (src/config/config.c:163) Loaded dir 3 with base=examples/chat/static/ index=index.html def_ctype=text/plain
DEBUG src/config/db.c:65: [SQL] SELECT id, uuid, default_host, bind_addr, port, chroot, access_log, error_log, pid_file FROM server WHERE uuid='AC1F8236-5919-4696-9D40-0F38DE9E5861'
DEBUG src/config/db.c:65: [SQL] SELECT id, name, matching, server_id FROM host WHERE server_id = 1
[INFO] (src/host.c:62) MAX limits.url_path=256, limits.host_name=256
DEBUG src/config/db.c:65: [SQL] SELECT route.id, route.path, route.target_id, route.target_type FROM route, host WHERE host_id=1 AND host.server_id=1 AND host.id = route.host_id
[INFO] (src/config/config.c:203) Created handler route 1:@chat -> 54c6755b-9628-40a4-9a2d-cc82a816345e:tcp://127.0.0.1:9999
DEBUG src/routing.c:92: ADDING prefix: @chat, pattern: @chat
[INFO] (src/config/config.c:203) Created handler route 2:/handlertest -> 54c6755b-9628-40a4-9a2d-cc82a816345e:tcp://127.0.0.1:9997
DEBUG src/routing.c:92: ADDING prefix: /handlertest, pattern: /handlertest
[INFO] (src/config/config.c:213) Created proxy route 3:/chat/ -> 127.0.0.1:8080
DEBUG src/routing.c:92: ADDING prefix: /chat/, pattern: /chat/
[INFO] (src/config/config.c:213) Created proxy route 4:/ -> 127.0.0.1:8080
DEBUG src/routing.c:92: ADDING prefix: /, pattern: /
[INFO] (src/config/config.c:223) Created directory route 5:/tests/ -> 1:tests/
DEBUG src/routing.c:92: ADDING prefix: /tests/, pattern: /tests/
[INFO] (src/config/config.c:223) Created directory route 6:/testsmulti/(.*.json) -> 1:tests/
DEBUG src/routing.c:92: ADDING prefix: /testsmulti/, pattern: /testsmulti/(.*.json)
[INFO] (src/config/config.c:223) Created directory route 7:/chatdemo/ -> 2:examples/chat/static/
DEBUG src/routing.c:92: ADDING prefix: /chatdemo/, pattern: /chatdemo/
[INFO] (src/config/config.c:223) Created directory route 8:/static/ -> 3:examples/chat/static/
DEBUG src/routing.c:92: ADDING prefix: /static/, pattern: /static/
[INFO] (src/config/config.c:260) Adding host 1:localhost to server at pattern localhost
DEBUG src/routing.c:92: ADDING prefix: tsohlacol, pattern: localhost
DEBUG src/config/config.c:265: Setting default host to host 1:localhost
[INFO] (src/config/config.c:310) Loaded server 1:AC1F8236-5919-4696-9D40-0F38DE9E5861 on port 0.0.0.0 with default host localhost
DEBUG tests/connection_tests.c:98: ----- RUNNING: ./tests/connection_tests
[INFO] (src/server.c:164) Starting 0MQ with 1 threads.
[INFO] (src/request.c:81) MAX limits.header_count=1280
[INFO] (src/connection.c:669) MAX limits.content_length=20480, limits.buffer_size=4096, limits.connection_stack_size=32768, limits.client_read_retries=5
[INFO] (src/connection.c:675) MAX limits.proxy_read_retries=100, limits.proxy_read_retry_warn=10
[INFO] (src/host.c:62) MAX limits.url_path=256, limits.host_name=256
DEBUG src/routing.c:92: ADDING prefix: @chat, pattern: @chat
[INFO] (src/dir.c:177) MAX limits.dir_send_buffer=16384, limits.dir_max_path=256
DEBUG src/routing.c:92: ADDING prefix: /tests, pattern: /tests
DEBUG tests/connection_tests.c:87: 
----- test_Connection_create_destroy
DEBUG tests/connection_tests.c:88: 
----- test_Connection_deliver
DEBUG src/connection.c:592: Failed to write entire message to conn 1
DEBUG tests/connection_tests.c:89: 
----- test_Connection_task
DEBUG tests/db_tests.c:64: ----- RUNNING: ./tests/db_tests
DEBUG tests/db_tests.c:55: 
----- test_DB_init
DEBUG tests/db_tests.c:56: 
----- test_DB_close
DEBUG tests/db_tests.c:57: 
----- test_DB_exec
DEBUG src/config/db.c:65: [SQL] DROP TABLE IF EXISTS testing
DEBUG src/config/db.c:65: [SQL] CREATE TABLE testing (name TEXT, age INT)
DEBUG src/config/db.c:65: [SQL] INSERT INTO testing VALUES ('Zed',35)
DEBUG src/config/db.c:65: [SQL] SELECT * FROM testing
DEBUG tests/db_tests.c:27: QUERY RESULT: name=Zed
DEBUG tests/db_tests.c:27: QUERY RESULT: age=35
DEBUG tests/dict_tests.c:318: ----- RUNNING: ./tests/dict_tests
DEBUG tests/dict_tests.c:313: 
----- test_dict_operations
DEBUG tests/dir_tests.c:113: ----- RUNNING: ./tests/dir_tests
DEBUG tests/dir_tests.c:106: 
----- test_Dir_find_file
DEBUG tests/dir_tests.c:107: 
----- test_Dir_serve_file
[INFO] (src/dir.c:177) MAX limits.dir_send_buffer=16384, limits.dir_max_path=256
DEBUG src/dir.c:273: Lazy normalized base path tests/ into /Users/xavierlange/code/mongrel2/tests
DEBUG src/dir.c:329: Building target from base: /Users/xavierlange/code/mongrel2/tests prefix: / path: /sample.json index_file: sample.html
DEBUG src/dir.c:421: TESTING WITH: if_match: (null), if_none_match: (null), if_unmodified_since: 0, if_modified_since: 0
DEBUG src/dir.c:421: TESTING WITH: if_match: (null), if_none_match: (null), if_unmodified_since: 0, if_modified_since: 0
DEBUG tests/dir_tests.c:108: 
----- test_Dir_resolve_file
DEBUG src/dir.c:273: Lazy normalized base path tests/ into /Users/xavierlange/code/mongrel2/tests
DEBUG src/dir.c:329: Building target from base: /Users/xavierlange/code/mongrel2/tests prefix: / path: /sample.json index_file: sample.html
DEBUG src/dir.c:329: Building target from base: /Users/xavierlange/code/mongrel2/tests prefix: / path: / index_file: sample.html
DEBUG src/dir.c:329: Building target from base: /Users/xavierlange/code/mongrel2/tests prefix: / path: /../../../../../etc/passwd index_file: sample.html
DEBUG src/dir.c:351: Request for path /private/etc/passwd does not start with tests/ base after normalizing.
DEBUG src/dir.c:256: Failed to normalize path: foobar/
[ERROR] (src/dir.c:271: errno: None) Failed to normalize base path: foobar/
[ERROR] (src/dir.c:312: errno: None) Failed to normalize base path when requesting /sample.json
DEBUG tests/handler_parser_tests.c:50: ----- RUNNING: ./tests/handler_parser_tests
DEBUG tests/handler_parser_tests.c:45: 
----- test_HandlerParser_execute
[ERROR] (src/handler_parser.rl:72: errno: None) Target netstring length is wrong, actual 5 expected 10
[ERROR] (src/handler_parser.rl:72: errno: None) Target netstring length is wrong, actual 5 expected 3
DEBUG tests/handler_tests.c:67: ----- RUNNING: ./tests/handler_tests
DEBUG tests/handler_tests.c:58: 
----- test_Handler_send_create
[INFO] (src/handler.c:275) Binding handler PUSH socket tcp://127.0.0.1:12345 with identity: ZED
DEBUG tests/handler_tests.c:59: 
----- test_Handler_recv_create
[INFO] (src/handler.c:297) Binding listener SUB socket tcp://127.0.0.1:4321 subscribed to: ZED
DEBUG tests/handler_tests.c:61: 
----- test_Handler_create_destroy
DEBUG src/handler.c:316: Creating handler tcp://127.0.0.1:12348:ZED
[INFO] (src/handler.c:320) MAX limits.handler_stack=102400
DEBUG tests/hash_tests.c:201: ----- RUNNING: ./tests/hash_tests
DEBUG tests/hash_tests.c:196: 
----- test_hash_operations
DEBUG tests/host_tests.c:24: ----- RUNNING: ./tests/host_tests
DEBUG tests/host_tests.c:19: 
----- test_create_destroy
[INFO] (src/host.c:62) MAX limits.url_path=256, limits.host_name=256
DEBUG tests/http11_tests.c:120: ----- RUNNING: ./tests/http11_tests
DEBUG tests/http11_tests.c:114: 
----- test_http11_parser_basics
DEBUG tests/http11_tests.c:115: 
----- test_parser_thrashing
DEBUG tests/http11_tests.c:79: json PARSING: 0 of 1760 at HEAD / HTTP/1.1
Host: default

HEAD /,validate HTTP/1.1
Host: default

HEAD /,cssvalidate HTTP/1.1
Host: default

HEAD /,spell HTTP/1.1
Host: default

HEAD /,checklink HTTP/1.1
Host: default

HEAD /,rchecklink HTTP/1.1
Host: default

HEAD /,text HTTP/1.1
Host: default

HEAD /,links HTTP/1.1
Host: default

HEAD /,bloglinks HTTP/1.1
Host: default

HEAD /,cacheability HTTP/1.1
Host: default


HEAD /x,validate HTTP/1.1
Host: default

HEAD /x,cssvalidate HTTP/1.1
Host: default

HEAD /x,spell HTTP/1.1
Host: default

HEAD /x,checklink HTTP/1.1
Host: default

HEAD /x,rchecklink HTTP/1.1
Host: default

HEAD /x,text HTTP/1.1
Host: default

HEAD /x,links HTTP/1.1
Host: default

HEAD /x,bloglinks HTTP/1.1
Host: default

HEAD /x,cacheability HTTP/1.1
Host: default


HEAD /abcd/x,validate HTTP/1.1
Host: default

HEAD /abcd/x,cssvalidate HTTP/1.1
Host: default

HEAD /abcd/x,spell HTTP/1.1
Host: default

HEAD /abcd/x,checklink HTTP/1.1
Host: default

HEAD /abcd/x,rchecklink HTTP/1.1
Host: default

HEAD /abcd/x,text HTTP/1.1
Host: default

HEAD /abcd/x,links HTTP/1.1
Host: default

HEAD /abcd/x,bloglinks HTTP/1.1
Host: default

HEAD /abcd/x,cacheability HTTP/1.1
Host: default


HEAD /%61%62%63%64/x,validate HTTP/1.1
Host: default

HEAD /%61%62%63%64/x,cssvalidate HTTP/1.1
Host: default

HEAD /%61%62%63%64/x,spell HTTP/1.1
Host: default

HEAD /%61%62%63%64/x,checklink HTTP/1.1
Host: default

HEAD /%61%62%63%64/x,rchecklink HTTP/1.1
Host: default

HEAD /%61%62%63%64/x,text HTTP/1.1
Host: default

HEAD /%61%62%63%64/x,links HTTP/1.1
Host: default

HEAD /%61%62%63%64/x,bloglinks HTTP/1.1
Host: default

HEAD /%61%62%63%64/x,cacheability HTTP/1.1
Host: default


HEAD /Z/x,validate HTTP/1.1
Host: x

HEAD /Z/x,validate HTTP/1.1
Host: x
Connection: close


DEBUG tests/http11_tests.c:98: TEST tests/and_suite/ex_httpd_conf_10_tst_1 results: delta 31, has_error: 0, is_finished: 1
DEBUG tests/http11_tests.c:79: json PARSING: 31 of 1760 at HEAD /,validate HTTP/1.1
Host: default

HEAD /,cssvalidate HTTP/1.1
Host: default

HEAD /,spell HTTP/1.1
Host: default

HEAD /,checklink HTTP/1.1
Host: default

HEAD /,rchecklink HTTP/1.1
Host: default

HEAD /,text HTTP/1.1
Host: default

HEAD /,links HTTP/1.1
Host: default

HEAD /,bloglinks HTTP/1.1
Host: default

HEAD /,cacheability HTTP/1.1
Host: default


HEAD /x,validate HTTP/1.1
Host: default

HEAD /x,cssvalidate HTTP/1.1
Host: default

HEAD /x,spell HTTP/1.1
Host: default

HEAD /x,checklink HTTP/1.1
Host: default

HEAD /x,rchecklink HTTP/1.1
Host: default

HEAD /x,text HTTP/1.1
Host: default

HEAD /x,links HTTP/1.1
Host: default

HEAD /x,bloglinks HTTP/1.1
Host: default

HEAD /x,cacheability HTTP/1.1
Host: default


HEAD /abcd/x,validate HTTP/1.1
Host: default

HEAD /abcd/x,cssvalidate HTTP/1.1
Host: default

HEAD /abcd/x,spell HTTP/1.1
Host: default

HEAD /abcd/x,checklink HTTP/1.1
Host: default

HEAD /abcd/x,rchecklink HTTP/1.1
Host: default

HEAD /abcd/x,text HTTP/1.1
Host: default

HEAD /abcd/x,links HTTP/1.1
Host: default

HEAD /abcd/x,bloglinks HTTP/1.1
Host: default

HEAD /abcd/x,cacheability HTTP/1.1
Host: default


HEAD /%61%62%63%64/x,validate HTTP/1.1
Host: default

HEAD /%61%62%63%64/x,cssvalidate HTTP/1.1
Host: default

HEAD /%61%62%63%64/x,spell HTTP/1.1
Host: default

HEAD /%61%62%63%64/x,checklink HTTP/1.1
Host: default

HEAD /%61%62%63%64/x,rchecklink HTTP/1.1
Host: default

HEAD /%61%62%63%64/x,text HTTP/1.1
Host: default

HEAD /%61%62%63%64/x,links HTTP/1.1
Host: default

HEAD /%61%62%63%64/x,bloglinks HTTP/1.1
Host: default

HEAD /%61%62%63%64/x,cacheability HTTP/1.1
Host: default


HEAD /Z/x,validate HTTP/1.1
Host: x

HEAD /Z/x,validate HTTP/1.1
Host: x
Connection: close


DEBUG tests/http11_tests.c:98: TEST tests/and_suite/ex_httpd_conf_10_tst_1 results: delta 71, has_error: 0, is_finished: 1
DEBUG tests/http11_tests.c:79: json PARSING: 71 of 1760 at HEAD /,cssvalidate HTTP/1.1
Host: default

HEAD /,spell HTTP/1.1
Host: default

HEAD /,checklink HTTP/1.1
Host: default

HEAD /,rchecklink HTTP/1.1
Host: default

HEAD /,text HTTP/1.1
Host: default

HEAD /,links HTTP/1.1
Host: default

HEAD /,bloglinks HTTP/1.1
Host: default

HEAD /,cacheability HTTP/1.1
Host: default


HEAD /x,validate HTTP/1.1
Host: default

HEAD /x,cssvalidate HTTP/1.1
Host: default

HEAD /x,spell HTTP/1.1
Host: default

HEAD /x,checklink HTTP/1.1
Host: default

HEAD /x,rchecklink HTTP/1.1
Host: default

HEAD /x,text HTTP/1.1
Host: default

HEAD /x,links HTTP/1.1
Host: default

HEAD /x,bloglinks HTTP/1.1
Host: default

HEAD /x,cacheability HTTP/1.1
Host: default


HEAD /abcd/x,validate HTTP/1.1
Host: default

HEAD /abcd/x,cssvalidate HTTP/1.1
Host: default

HEAD /abcd/x,spell HTTP/1.1
Host: default

HEAD /abcd/x,checklink HTTP/1.1
Host: default

HEAD /abcd/x,rchecklink HTTP/1.1
Host: default

HEAD /abcd/x,text HTTP/1.1
Host: default

HEAD /abcd/x,links HTTP/1.1
Host: default

HEAD /abcd/x,bloglinks HTTP/1.1
Host: default

HEAD /abcd/x,cacheability HTTP/1.1
Host: default


HEAD /%61%62%63%64/x,validate HTTP/1.1
Host: default

HEAD /%61%62%63%64/x,cssvalidate HTTP/1.1
Host: default

HEAD /%61%62%63%64/x,spell HTTP/1.1
Host: default

HEAD /%61%62%63%64/x,checklink HTTP/1.1
Host: default

HEAD /%61%62%63%64/x,rchecklink HTTP/1.1
Host: default

HEAD /%61%62%63%64/x,text HTTP/1.1
Host: default

HEAD /%61%62%63%64/x,links HTTP/1.1
Host: default

HEAD /%61%62%63%64/x,bloglinks HTTP/1.1
Host: default

HEAD /%61%62%63%64/x,cacheability HTTP/1.1
Host: default


HEAD /Z/x,validate HTTP/1.1
Host: x

HEAD /Z/x,validate HTTP/1.1
Host: x
Connection: close


DEBUG tests/http11_tests.c:98: TEST tests/and_suite/ex_httpd_conf_10_tst_1 results: delta 114, has_error: 0, is_finished: 1
DEBUG tests/http11_tests.c:79: json PARSING: 114 of 1760 at HEAD /,spell HTTP/1.1
Host: default

HEAD /,checklink HTTP/1.1
Host: default

HEAD /,rchecklink HTTP/1.1
Host: default

HEAD /,text HTTP/1.1
Host: default

HEAD /,links HTTP/1.1
Host: default

HEAD /,bloglinks HTTP/1.1
Host: default

HEAD /,cacheability HTTP/1.1
Host: default


HEAD /x,validate HTTP/1.1
Host: default

HEAD /x,cssvalidate HTTP/1.1
Host: default

HEAD /x,spell HTTP/1.1
Host: default

HEAD /x,checklink HTTP/1.1
Host: default

HEAD /x,rchecklink HTTP/1.1
Host: default

HEAD /x,text HTTP/1.1
Host: default

HEAD /x,links HTTP/1.1
Host: default

HEAD /x,bloglinks HTTP/1.1
Host: default

HEAD /x,cacheability HTTP/1.1
Host: default


HEAD /abcd/x,validate HTTP/1.1
Host: default

HEAD /abcd/x,cssvalidate HTTP/1.1
Host: default

HEAD /abcd/x,spell HTTP/1.1
Host: default

HEAD /abcd/x,checklink HTTP/1.1
Host: default

HEAD /abcd/x,rchecklink HTTP/1.1
Host: default

HEAD /abcd/x,text HTTP/1.1
Host: default

HEAD /abcd/x,links HTTP/1.1
Host: default

HEAD /abcd/x,bloglinks HTTP/1.1
Host: default

HEAD /abcd/x,cacheability HTTP/1.1
Host: default


HEAD /%61%62%63%64/x,validate HTTP/1.1
Host: default

HEAD /%61%62%63%64/x,cssvalidate HTTP/1.1
Host: default

HEAD /%61%62%63%64/x,spell HTTP/1.1
Host: default

HEAD /%61%62%63%64/x,checklink HTTP/1.1
Host: default

HEAD /%61%62%63%64/x,rchecklink HTTP/1.1
Host: default

HEAD /%61%62%63%64/x,text HTTP/1.1
Host: default

HEAD /%61%62%63%64/x,links HTTP/1.1
Host: default

HEAD /%61%62%63%64/x,bloglinks HTTP/1.1
Host: default

HEAD /%61%62%63%64/x,cacheability HTTP/1.1
Host: default


HEAD /Z/x,validate HTTP/1.1
Host: x

HEAD /Z/x,validate HTTP/1.1
Host: x
Connection: close


DEBUG tests/http11_tests.c:98: TEST tests/and_suite/ex_httpd_conf_10_tst_1 results: delta 151, has_error: 0, is_finished: 1
DEBUG tests/http11_tests.c:79: json PARSING: 151 of 1760 at HEAD /,checklink HTTP/1.1
Host: default

HEAD /,rchecklink HTTP/1.1
Host: default

HEAD /,text HTTP/1.1
Host: default

HEAD /,links HTTP/1.1
Host: default

HEAD /,bloglinks HTTP/1.1
Host: default

HEAD /,cacheability HTTP/1.1
Host: default


HEAD /x,validate HTTP/1.1
Host: default

HEAD /x,cssvalidate HTTP/1.1
Host: default

HEAD /x,spell HTTP/1.1
Host: default

HEAD /x,checklink HTTP/1.1
Host: default

HEAD /x,rchecklink HTTP/1.1
Host: default

HEAD /x,text HTTP/1.1
Host: default

HEAD /x,links HTTP/1.1
Host: default

HEAD /x,bloglinks HTTP/1.1
Host: default

HEAD /x,cacheability HTTP/1.1
Host: default


HEAD /abcd/x,validate HTTP/1.1
Host: default

HEAD /abcd/x,cssvalidate HTTP/1.1
Host: default

HEAD /abcd/x,spell HTTP/1.1
Host: default

HEAD /abcd/x,checklink HTTP/1.1
Host: default

HEAD /abcd/x,rchecklink HTTP/1.1
Host: default

HEAD /abcd/x,text HTTP/1.1
Host: default

HEAD /abcd/x,links HTTP/1.1
Host: default

HEAD /abcd/x,bloglinks HTTP/1.1
Host: default

HEAD /abcd/x,cacheability HTTP/1.1
Host: default


HEAD /%61%62%63%64/x,validate HTTP/1.1
Host: default

HEAD /%61%62%63%64/x,cssvalidate HTTP/1.1
Host: default

HEAD /%61%62%63%64/x,spell HTTP/1.1
Host: default

HEAD /%61%62%63%64/x,checklink HTTP/1.1
Host: default

HEAD /%61%62%63%64/x,rchecklink HTTP/1.1
Host: default

HEAD /%61%62%63%64/x,text HTTP/1.1
Host: default

HEAD /%61%62%63%64/x,links HTTP/1.1
Host: default

HEAD /%61%62%63%64/x,bloglinks HTTP/1.1
Host: default

HEAD /%61%62%63%64/x,cacheability HTTP/1.1
Host: default


HEAD /Z/x,validate HTTP/1.1
Host: x

HEAD /Z/x,validate HTTP/1.1
Host: x
Connection: close


DEBUG tests/http11_tests.c:98: TEST tests/and_suite/ex_httpd_conf_10_tst_1 results: delta 192, has_error: 0, is_finished: 1
DEBUG tests/http11_tests.c:79: json PARSING: 192 of 1760 at HEAD /,rchecklink HTTP/1.1
Host: default

HEAD /,text HTTP/1.1
Host: default

HEAD /,links HTTP/1.1
Host: default

HEAD /,bloglinks HTTP/1.1
Host: default

HEAD /,cacheability HTTP/1.1
Host: default


HEAD /x,validate HTTP/1.1
Host: default

HEAD /x,cssvalidate HTTP/1.1
Host: default

HEAD /x,spell HTTP/1.1
Host: default

HEAD /x,checklink HTTP/1.1
Host: default

HEAD /x,rchecklink HTTP/1.1
Host: default

HEAD /x,text HTTP/1.1
Host: default

HEAD /x,links HTTP/1.1
Host: default

HEAD /x,bloglinks HTTP/1.1
Host: default

HEAD /x,cacheability HTTP/1.1
Host: default


HEAD /abcd/x,validate HTTP/1.1
Host: default

HEAD /abcd/x,cssvalidate HTTP/1.1
Host: default

HEAD /abcd/x,spell HTTP/1.1
Host: default

HEAD /abcd/x,checklink HTTP/1.1
Host: default

HEAD /abcd/x,rchecklink HTTP/1.1
Host: default

HEAD /abcd/x,text HTTP/1.1
Host: default

HEAD /abcd/x,links HTTP/1.1
Host: default

HEAD /abcd/x,bloglinks HTTP/1.1
Host: default

HEAD /abcd/x,cacheability HTTP/1.1
Host: default


HEAD /%61%62%63%64/x,validate HTTP/1.1
Host: default

HEAD /%61%62%63%64/x,cssvalidate HTTP/1.1
Host: default

HEAD /%61%62%63%64/x,spell HTTP/1.1
Host: default

HEAD /%61%62%63%64/x,checklink HTTP/1.1
Host: default

HEAD /%61%62%63%64/x,rchecklink HTTP/1.1
Host: default

HEAD /%61%62%63%64/x,text HTTP/1.1
Host: default

HEAD /%61%62%63%64/x,links HTTP/1.1
Host: default

HEAD /%61%62%63%64/x,bloglinks HTTP/1.1
Host: default

HEAD /%61%62%63%64/x,cacheability HTTP/1.1
Host: default


HEAD /Z/x,validate HTTP/1.1
Host: x

HEAD /Z/x,validate HTTP/1.1
Host: x
Connection: close


DEBUG tests/http11_tests.c:98: TEST tests/and_suite/ex_httpd_conf_10_tst_1 results: delta 234, has_error: 0, is_finished: 1
DEBUG tests/http11_tests.c:79: json PARSING: 234 of 1760 at HEAD /,text HTTP/1.1
Host: default

HEAD /,links HTTP/1.1
Host: default

HEAD /,bloglinks HTTP/1.1
Host: default

HEAD /,cacheability HTTP/1.1
Host: default


HEAD /x,validate HTTP/1.1
Host: default

HEAD /x,cssvalidate HTTP/1.1
Host: default

HEAD /x,spell HTTP/1.1
Host: default

HEAD /x,checklink HTTP/1.1
Host: default

HEAD /x,rchecklink HTTP/1.1
Host: default

HEAD /x,text HTTP/1.1
Host: default

HEAD /x,links HTTP/1.1
Host: default

HEAD /x,bloglinks HTTP/1.1
Host: default

HEAD /x,cacheability HTTP/1.1
Host: default


HEAD /abcd/x,validate HTTP/1.1
Host: default

HEAD /abcd/x,cssvalidate HTTP/1.1
Host: default

HEAD /abcd/x,spell HTTP/1.1
Host: default

HEAD /abcd/x,checklink HTTP/1.1
Host: default

HEAD /abcd/x,rchecklink HTTP/1.1
Host: default

HEAD /abcd/x,text HTTP/1.1
Host: default

HEAD /abcd/x,links HTTP/1.1
Host: default

HEAD /abcd/x,bloglinks HTTP/1.1
Host: default

HEAD /abcd/x,cacheability HTTP/1.1
Host: default


HEAD /%61%62%63%64/x,validate HTTP/1.1
Host: default

HEAD /%61%62%63%64/x,cssvalidate HTTP/1.1
Host: default

HEAD /%61%62%63%64/x,spell HTTP/1.1
Host: default

HEAD /%61%62%63%64/x,checklink HTTP/1.1
Host: default

HEAD /%61%62%63%64/x,rchecklink HTTP/1.1
Host: default

HEAD /%61%62%63%64/x,text HTTP/1.1
Host: default

HEAD /%61%62%63%64/x,links HTTP/1.1
Host: default

HEAD /%61%62%63%64/x,bloglinks HTTP/1.1
Host: default

HEAD /%61%62%63%64/x,cacheability HTTP/1.1
Host: default


HEAD /Z/x,validate HTTP/1.1
Host: x

HEAD /Z/x,validate HTTP/1.1
Host: x
Connection: close


DEBUG tests/http11_tests.c:98: TEST tests/and_suite/ex_httpd_conf_10_tst_1 results: delta 270, has_error: 0, is_finished: 1
DEBUG tests/http11_tests.c:79: json PARSING: 270 of 1760 at HEAD /,links HTTP/1.1
Host: default

HEAD /,bloglinks HTTP/1.1
Host: default

HEAD /,cacheability HTTP/1.1
Host: default


HEAD /x,validate HTTP/1.1
Host: default

HEAD /x,cssvalidate HTTP/1.1
Host: default

HEAD /x,spell HTTP/1.1
Host: default

HEAD /x,checklink HTTP/1.1
Host: default

HEAD /x,rchecklink HTTP/1.1
Host: default

HEAD /x,text HTTP/1.1
Host: default

HEAD /x,links HTTP/1.1
Host: default

HEAD /x,bloglinks HTTP/1.1
Host: default

HEAD /x,cacheability HTTP/1.1
Host: default


HEAD /abcd/x,validate HTTP/1.1
Host: default

HEAD /abcd/x,cssvalidate HTTP/1.1
Host: default

HEAD /abcd/x,spell HTTP/1.1
Host: default

HEAD /abcd/x,checklink HTTP/1.1
Host: default

HEAD /abcd/x,rchecklink HTTP/1.1
Host: default

HEAD /abcd/x,text HTTP/1.1
Host: default

HEAD /abcd/x,links HTTP/1.1
Host: default

HEAD /abcd/x,bloglinks HTTP/1.1
Host: default

HEAD /abcd/x,cacheability HTTP/1.1
Host: default


HEAD /%61%62%63%64/x,validate HTTP/1.1
Host: default

HEAD /%61%62%63%64/x,cssvalidate HTTP/1.1
Host: default

HEAD /%61%62%63%64/x,spell HTTP/1.1
Host: default

HEAD /%61%62%63%64/x,checklink HTTP/1.1
Host: default

HEAD /%61%62%63%64/x,rchecklink HTTP/1.1
Host: default

HEAD /%61%62%63%64/x,text HTTP/1.1
Host: default

HEAD /%61%62%63%64/x,links HTTP/1.1
Host: default

HEAD /%61%62%63%64/x,bloglinks HTTP/1.1
Host: default

HEAD /%61%62%63%64/x,cacheability HTTP/1.1
Host: default


HEAD /Z/x,validate HTTP/1.1
Host: x

HEAD /Z/x,validate HTTP/1.1
Host: x
Connection: close


DEBUG tests/http11_tests.c:98: TEST tests/and_suite/ex_httpd_conf_10_tst_1 results: delta 307, has_error: 0, is_finished: 1
DEBUG tests/http11_tests.c:79: json PARSING: 307 of 1760 at HEAD /,bloglinks HTTP/1.1
Host: default

HEAD /,cacheability HTTP/1.1
Host: default


HEAD /x,validate HTTP/1.1
Host: default

HEAD /x,cssvalidate HTTP/1.1
Host: default

HEAD /x,spell HTTP/1.1
Host: default

HEAD /x,checklink HTTP/1.1
Host: default

HEAD /x,rchecklink HTTP/1.1
Host: default

HEAD /x,text HTTP/1.1
Host: default

HEAD /x,links HTTP/1.1
Host: default

HEAD /x,bloglinks HTTP/1.1
Host: default

HEAD /x,cacheability HTTP/1.1
Host: default


HEAD /abcd/x,validate HTTP/1.1
Host: default

HEAD /abcd/x,cssvalidate HTTP/1.1
Host: default

HEAD /abcd/x,spell HTTP/1.1
Host: default

HEAD /abcd/x,checklink HTTP/1.1
Host: default

HEAD /abcd/x,rchecklink HTTP/1.1
Host: default

HEAD /abcd/x,text HTTP/1.1
Host: default

HEAD /abcd/x,links HTTP/1.1
Host: default

HEAD /abcd/x,bloglinks HTTP/1.1
Host: default

HEAD /abcd/x,cacheability HTTP/1.1
Host: default


HEAD /%61%62%63%64/x,validate HTTP/1.1
Host: default

HEAD /%61%62%63%64/x,cssvalidate HTTP/1.1
Host: default

HEAD /%61%62%63%64/x,spell HTTP/1.1
Host: default

HEAD /%61%62%63%64/x,checklink HTTP/1.1
Host: default

HEAD /%61%62%63%64/x,rchecklink HTTP/1.1
Host: default

HEAD /%61%62%63%64/x,text HTTP/1.1
Host: default

HEAD /%61%62%63%64/x,links HTTP/1.1
Host: default

HEAD /%61%62%63%64/x,bloglinks HTTP/1.1
Host: default

HEAD /%61%62%63%64/x,cacheability HTTP/1.1
Host: default


HEAD /Z/x,validate HTTP/1.1
Host: x

HEAD /Z/x,validate HTTP/1.1
Host: x
Connection: close


DEBUG tests/http11_tests.c:98: TEST tests/and_suite/ex_httpd_conf_10_tst_1 results: delta 348, has_error: 0, is_finished: 1
DEBUG tests/http11_tests.c:79: json PARSING: 348 of 1760 at HEAD /,cacheability HTTP/1.1
Host: default


HEAD /x,validate HTTP/1.1
Host: default

HEAD /x,cssvalidate HTTP/1.1
Host: default

HEAD /x,spell HTTP/1.1
Host: default

HEAD /x,checklink HTTP/1.1
Host: default

HEAD /x,rchecklink HTTP/1.1
Host: default

HEAD /x,text HTTP/1.1
Host: default

HEAD /x,links HTTP/1.1
Host: default

HEAD /x,bloglinks HTTP/1.1
Host: default

HEAD /x,cacheability HTTP/1.1
Host: default


HEAD /abcd/x,validate HTTP/1.1
Host: default

HEAD /abcd/x,cssvalidate HTTP/1.1
Host: default

HEAD /abcd/x,spell HTTP/1.1
Host: default

HEAD /abcd/x,checklink HTTP/1.1
Host: default

HEAD /abcd/x,rchecklink HTTP/1.1
Host: default

HEAD /abcd/x,text HTTP/1.1
Host: default

HEAD /abcd/x,links HTTP/1.1
Host: default

HEAD /abcd/x,bloglinks HTTP/1.1
Host: default

HEAD /abcd/x,cacheability HTTP/1.1
Host: default


HEAD /%61%62%63%64/x,validate HTTP/1.1
Host: default

HEAD /%61%62%63%64/x,cssvalidate HTTP/1.1
Host: default

HEAD /%61%62%63%64/x,spell HTTP/1.1
Host: default

HEAD /%61%62%63%64/x,checklink HTTP/1.1
Host: default

HEAD /%61%62%63%64/x,rchecklink HTTP/1.1
Host: default

HEAD /%61%62%63%64/x,text HTTP/1.1
Host: default

HEAD /%61%62%63%64/x,links HTTP/1.1
Host: default

HEAD /%61%62%63%64/x,bloglinks HTTP/1.1
Host: default

HEAD /%61%62%63%64/x,cacheability HTTP/1.1
Host: default


HEAD /Z/x,validate HTTP/1.1
Host: x

HEAD /Z/x,validate HTTP/1.1
Host: x
Connection: close


DEBUG tests/http11_tests.c:98: TEST tests/and_suite/ex_httpd_conf_10_tst_1 results: delta 392, has_error: 0, is_finished: 1
DEBUG tests/http11_tests.c:79: json PARSING: 392 of 1760 at 
HEAD /x,validate HTTP/1.1
Host: default

HEAD /x,cssvalidate HTTP/1.1
Host: default

HEAD /x,spell HTTP/1.1
Host: default

HEAD /x,checklink HTTP/1.1
Host: default

HEAD /x,rchecklink HTTP/1.1
Host: default

HEAD /x,text HTTP/1.1
Host: default

HEAD /x,links HTTP/1.1
Host: default

HEAD /x,bloglinks HTTP/1.1
Host: default

HEAD /x,cacheability HTTP/1.1
Host: default


HEAD /abcd/x,validate HTTP/1.1
Host: default

HEAD /abcd/x,cssvalidate HTTP/1.1
Host: default

HEAD /abcd/x,spell HTTP/1.1
Host: default

HEAD /abcd/x,checklink HTTP/1.1
Host: default

HEAD /abcd/x,rchecklink HTTP/1.1
Host: default

HEAD /abcd/x,text HTTP/1.1
Host: default

HEAD /abcd/x,links HTTP/1.1
Host: default

HEAD /abcd/x,bloglinks HTTP/1.1
Host: default

HEAD /abcd/x,cacheability HTTP/1.1
Host: default


HEAD /%61%62%63%64/x,validate HTTP/1.1
Host: default

HEAD /%61%62%63%64/x,cssvalidate HTTP/1.1
Host: default

HEAD /%61%62%63%64/x,spell HTTP/1.1
Host: default

HEAD /%61%62%63%64/x,checklink HTTP/1.1
Host: default

HEAD /%61%62%63%64/x,rchecklink HTTP/1.1
Host: default

HEAD /%61%62%63%64/x,text HTTP/1.1
Host: default

HEAD /%61%62%63%64/x,links HTTP/1.1
Host: default

HEAD /%61%62%63%64/x,bloglinks HTTP/1.1
Host: default

HEAD /%61%62%63%64/x,cacheability HTTP/1.1
Host: default


HEAD /Z/x,validate HTTP/1.1
Host: x

HEAD /Z/x,validate HTTP/1.1
Host: x
Connection: close


DEBUG tests/http11_tests.c:79: json PARSING: 0 of 360 at GET /virt/tst_11/uppercase-path/a">x</a><SCRIPT>...</script>,validate HTTP/1.1
Accept-Encoding: foo
Host:

GET /virt/tst_11/lowercase-abs-maybe-path/a">x</a><script>...</script>,validate HTTP/1.1
Accept-Encoding: foo
Host:

GET /virt/tst_11/lowercase-abs-maybe-path/a">x</a><SCRIPT>...</script>,validate HTTP/1.1
Accept-Encoding: foo
Host:
Connection: close



DEBUG tests/http11_tests.c:98: TEST tests/and_suite/ex_httpd_conf_10_tst_2 results: delta 33, has_error: 1, is_finished: 0
DEBUG tests/http11_tests.c:79: json PARSING: 33 of 360 at ">x</a><SCRIPT>...</script>,validate HTTP/1.1
Accept-Encoding: foo
Host:

GET /virt/tst_11/lowercase-abs-maybe-path/a">x</a><script>...</script>,validate HTTP/1.1
Accept-Encoding: foo
Host:

GET /virt/tst_11/lowercase-abs-maybe-path/a">x</a><SCRIPT>...</script>,validate HTTP/1.1
Accept-Encoding: foo
Host:
Connection: close



DEBUG tests/http11_tests.c:79: json PARSING: 0 of 439 at GET / HTTP/1.1
Host: default
Accept-Encoding: foo

GET / HTTP/1.1
Host: default
Accept-Encoding: xgzip

GET / HTTP/1.1
Host: default
Accept-Encoding: foo

GET / HTTP/1.1
Host: default
Accept-Encoding: foo


HEAD / HTTP/1.1
Host: default
Accept-Encoding: bzip2

HEAD / HTTP/1.1
Host: default
Accept-Encoding: bzip2x

HEAD / HTTP/1.1
Host: default
Accept-Encoding: gzip

HEAD / HTTP/1.1
Accept-Encoding: foo
Host: default
Connection: close


DEBUG tests/http11_tests.c:98: TEST tests/and_suite/ex_httpd_conf_11_tst_1 results: delta 51, has_error: 0, is_finished: 1
DEBUG tests/http11_tests.c:79: json PARSING: 51 of 439 at GET / HTTP/1.1
Host: default
Accept-Encoding: xgzip

GET / HTTP/1.1
Host: default
Accept-Encoding: foo

GET / HTTP/1.1
Host: default
Accept-Encoding: foo


HEAD / HTTP/1.1
Host: default
Accept-Encoding: bzip2

HEAD / HTTP/1.1
Host: default
Accept-Encoding: bzip2x

HEAD / HTTP/1.1
Host: default
Accept-Encoding: gzip

HEAD / HTTP/1.1
Accept-Encoding: foo
Host: default
Connection: close


DEBUG tests/http11_tests.c:98: TEST tests/and_suite/ex_httpd_conf_11_tst_1 results: delta 104, has_error: 0, is_finished: 1
DEBUG tests/http11_tests.c:79: json PARSING: 104 of 439 at GET / HTTP/1.1
Host: default
Accept-Encoding: foo

GET / HTTP/1.1
Host: default
Accept-Encoding: foo


HEAD / HTTP/1.1
Host: default
Accept-Encoding: bzip2

HEAD / HTTP/1.1
Host: default
Accept-Encoding: bzip2x

HEAD / HTTP/1.1
Host: default
Accept-Encoding: gzip

HEAD / HTTP/1.1
Accept-Encoding: foo
Host: default
Connection: close


DEBUG tests/http11_tests.c:98: TEST tests/and_suite/ex_httpd_conf_11_tst_1 results: delta 155, has_error: 0, is_finished: 1
DEBUG tests/http11_tests.c:79: json PARSING: 155 of 439 at GET / HTTP/1.1
Host: default
Accept-Encoding: foo


HEAD / HTTP/1.1
Host: default
Accept-Encoding: bzip2

HEAD / HTTP/1.1
Host: default
Accept-Encoding: bzip2x

HEAD / HTTP/1.1
Host: default
Accept-Encoding: gzip

HEAD / HTTP/1.1
Accept-Encoding: foo
Host: default
Connection: close


DEBUG tests/http11_tests.c:98: TEST tests/and_suite/ex_httpd_conf_11_tst_1 results: delta 206, has_error: 0, is_finished: 1
DEBUG tests/http11_tests.c:79: json PARSING: 206 of 439 at 
HEAD / HTTP/1.1
Host: default
Accept-Encoding: bzip2

HEAD / HTTP/1.1
Host: default
Accept-Encoding: bzip2x

HEAD / HTTP/1.1
Host: default
Accept-Encoding: gzip

HEAD / HTTP/1.1
Accept-Encoding: foo
Host: default
Connection: close


DEBUG tests/http11_tests.c:79: json PARSING: 0 of 444 at HEAD /virt/tst_11/r503 HTTP/1.1
Host:
Accept-Encoding: foo

HEAD /virt/tst_11/c503 HTTP/1.1
Host:
Accept-Encoding: foo

GET /virt/tst_11/vary%20static%20all HTTP/1.1
Host:
Accept-Encoding: foo
Connection: Accept-encoding

GET /virt/tst_11/vary%20static%20all HTTP/1.0
Host:
Accept-Encoding: foo
Connection: keep-alive,Accept-encoding

GET /virt/tst_11/vary%20static%20all HTTP/1.1
Host:
Accept-Encoding: foo
Connection: close, Accept-encoding


DEBUG tests/http11_tests.c:98: TEST tests/and_suite/ex_httpd_conf_11_tst_2 results: delta 60, has_error: 0, is_finished: 1
DEBUG tests/http11_tests.c:79: json PARSING: 60 of 444 at HEAD /virt/tst_11/c503 HTTP/1.1
Host:
Accept-Encoding: foo

GET /virt/tst_11/vary%20static%20all HTTP/1.1
Host:
Accept-Encoding: foo
Connection: Accept-encoding

GET /virt/tst_11/vary%20static%20all HTTP/1.0
Host:
Accept-Encoding: foo
Connection: keep-alive,Accept-encoding

GET /virt/tst_11/vary%20static%20all HTTP/1.1
Host:
Accept-Encoding: foo
Connection: close, Accept-encoding


DEBUG tests/http11_tests.c:98: TEST tests/and_suite/ex_httpd_conf_11_tst_2 results: delta 120, has_error: 0, is_finished: 1
DEBUG tests/http11_tests.c:79: json PARSING: 120 of 444 at GET /virt/tst_11/vary%20static%20all HTTP/1.1
Host:
Accept-Encoding: foo
Connection: Accept-encoding

GET /virt/tst_11/vary%20static%20all HTTP/1.0
Host:
Accept-Encoding: foo
Connection: keep-alive,Accept-encoding

GET /virt/tst_11/vary%20static%20all HTTP/1.1
Host:
Accept-Encoding: foo
Connection: close, Accept-encoding


DEBUG tests/http11_tests.c:98: TEST tests/and_suite/ex_httpd_conf_11_tst_2 results: delta 222, has_error: 0, is_finished: 1
DEBUG tests/http11_tests.c:79: json PARSING: 222 of 444 at GET /virt/tst_11/vary%20static%20all HTTP/1.0
Host:
Accept-Encoding: foo
Connection: keep-alive,Accept-encoding

GET /virt/tst_11/vary%20static%20all HTTP/1.1
Host:
Accept-Encoding: foo
Connection: close, Accept-encoding


DEBUG tests/http11_tests.c:98: TEST tests/and_suite/ex_httpd_conf_11_tst_2 results: delta 335, has_error: 0, is_finished: 1
DEBUG tests/http11_tests.c:79: json PARSING: 335 of 444 at GET /virt/tst_11/vary%20static%20all HTTP/1.1
Host:
Accept-Encoding: foo
Connection: close, Accept-encoding


DEBUG tests/http11_tests.c:98: TEST tests/and_suite/ex_httpd_conf_11_tst_2 results: delta 444, has_error: 0, is_finished: 1
DEBUG tests/http11_tests.c:79: json PARSING: 0 of 1723 at GET /virt/tst_11/lowercase-path/fOO.html.PL HTTP/1.1
Accept-Encoding: foo
Host:

GET /virt/tst_11/lowercase-path/fOo.HTML.pl HTTP/1.1
Accept-Encoding: foo
Host:

HEAD /virt/tst_11/lowercase-path/fOo.html.Pl HTTP/1.1
Host:

HEAD /virt/tst_11/lowercase-path/FOo.hTMl.pL HTTP/1.1
Host:


GET /virt/tst_11/uppercase-path/fOO.html.PL HTTP/1.1
Accept-Encoding: foo
Host:

GET /virt/tst_11/uppercase-path/fOo.HTML.pl HTTP/1.1
Accept-Encoding: foo
Host:

HEAD /virt/tst_11/uppercase-path/fOo.html.Pl HTTP/1.1
Host:

HEAD /virt/tst_11/uppercase-path/FOo.hTMl.pL HTTP/1.1
Host:




GET /virt/tst_11/lowercase-ext/fOO.html.PL HTTP/1.1
Accept-Encoding: foo
Host:

GET /virt/tst_11/lowercase-ext/fOo.HTML.pl HTTP/1.1
Accept-Encoding: foo
Host:

HEAD /virt/tst_11/lowercase-ext/fOo.html.Pl HTTP/1.1
Host:

HEAD /virt/tst_11/lowercase-ext/FOo.hTMl.pL HTTP/1.1
Host:


GET /virt/tst_11/uppercase-ext/fOO.html.PL HTTP/1.1
Accept-Encoding: foo
Host:

GET /virt/tst_11/uppercase-ext/fOo.HTML.pl HTTP/1.1
Accept-Encoding: foo
Host:

HEAD /virt/tst_11/uppercase-ext/fOo.html.Pl HTTP/1.1
Host:

HEAD /virt/tst_11/uppercase-ext/FOo.hTMl.pL HTTP/1.1
Host:




GET /virt/tst_11/lowercase-exts/fOO.html.PL HTTP/1.1
Accept-Encoding: foo
Host:

GET /virt/tst_11/lowercase-exts/fOo.HTML.pl HTTP/1.1
Accept-Encoding: foo
Host:

HEAD /virt/tst_11/lowercase-exts/fOo.html.Pl HTTP/1.1
Host:

HEAD /virt/tst_11/lowercase-exts/FOo.hTMl.pL HTTP/1.1
Host:


GET /virt/tst_11/uppercase-exts/fOO.html.PL HTTP/1.1
Accept-Encoding: foo
Host:

GET /virt/tst_11/uppercase-exts/fOo.HTML.pl HTTP/1.1
Accept-Encoding: foo
Host:

HEAD /virt/tst_11/uppercase-exts/fOo.html.Pl HTTP/1.1
Host:

HEAD /virt/tst_11/uppercase-exts/FOo.hTMl.pL HTTP/1.1
Host:
Connection: close


DEBUG tests/http11_tests.c:98: TEST tests/and_suite/ex_httpd_conf_11_tst_3 results: delta 81, has_error: 0, is_finished: 1
DEBUG tests/http11_tests.c:79: json PARSING: 81 of 1723 at GET /virt/tst_11/lowercase-path/fOo.HTML.pl HTTP/1.1
Accept-Encoding: foo
Host:

HEAD /virt/tst_11/lowercase-path/fOo.html.Pl HTTP/1.1
Host:

HEAD /virt/tst_11/lowercase-path/FOo.hTMl.pL HTTP/1.1
Host:


GET /virt/tst_11/uppercase-path/fOO.html.PL HTTP/1.1
Accept-Encoding: foo
Host:

GET /virt/tst_11/uppercase-path/fOo.HTML.pl HTTP/1.1
Accept-Encoding: foo
Host:

HEAD /virt/tst_11/uppercase-path/fOo.html.Pl HTTP/1.1
Host:

HEAD /virt/tst_11/uppercase-path/FOo.hTMl.pL HTTP/1.1
Host:




GET /virt/tst_11/lowercase-ext/fOO.html.PL HTTP/1.1
Accept-Encoding: foo
Host:

GET /virt/tst_11/lowercase-ext/fOo.HTML.pl HTTP/1.1
Accept-Encoding: foo
Host:

HEAD /virt/tst_11/lowercase-ext/fOo.html.Pl HTTP/1.1
Host:

HEAD /virt/tst_11/lowercase-ext/FOo.hTMl.pL HTTP/1.1
Host:


GET /virt/tst_11/uppercase-ext/fOO.html.PL HTTP/1.1
Accept-Encoding: foo
Host:

GET /virt/tst_11/uppercase-ext/fOo.HTML.pl HTTP/1.1
Accept-Encoding: foo
Host:

HEAD /virt/tst_11/uppercase-ext/fOo.html.Pl HTTP/1.1
Host:

HEAD /virt/tst_11/uppercase-ext/FOo.hTMl.pL HTTP/1.1
Host:




GET /virt/tst_11/lowercase-exts/fOO.html.PL HTTP/1.1
Accept-Encoding: foo
Host:

GET /virt/tst_11/lowercase-exts/fOo.HTML.pl HTTP/1.1
Accept-Encoding: foo
Host:

HEAD /virt/tst_11/lowercase-exts/fOo.html.Pl HTTP/1.1
Host:

HEAD /virt/tst_11/lowercase-exts/FOo.hTMl.pL HTTP/1.1
Host:


GET /virt/tst_11/uppercase-exts/fOO.html.PL HTTP/1.1
Accept-Encoding: foo
Host:

GET /virt/tst_11/uppercase-exts/fOo.HTML.pl HTTP/1.1
Accept-Encoding: foo
Host:

HEAD /virt/tst_11/uppercase-exts/fOo.html.Pl HTTP/1.1
Host:

HEAD /virt/tst_11/uppercase-exts/FOo.hTMl.pL HTTP/1.1
Host:
Connection: close


DEBUG tests/http11_tests.c:98: TEST tests/and_suite/ex_httpd_conf_11_tst_3 results: delta 162, has_error: 0, is_finished: 1
DEBUG tests/http11_tests.c:79: json PARSING: 162 of 1723 at HEAD /virt/tst_11/lowercase-path/fOo.html.Pl HTTP/1.1
Host:

HEAD /virt/tst_11/lowercase-path/FOo.hTMl.pL HTTP/1.1
Host:


GET /virt/tst_11/uppercase-path/fOO.html.PL HTTP/1.1
Accept-Encoding: foo
Host:

GET /virt/tst_11/uppercase-path/fOo.HTML.pl HTTP/1.1
Accept-Encoding: foo
Host:

HEAD /virt/tst_11/uppercase-path/fOo.html.Pl HTTP/1.1
Host:

HEAD /virt/tst_11/uppercase-path/FOo.hTMl.pL HTTP/1.1
Host:




GET /virt/tst_11/lowercase-ext/fOO.html.PL HTTP/1.1
Accept-Encoding: foo
Host:

GET /virt/tst_11/lowercase-ext/fOo.HTML.pl HTTP/1.1
Accept-Encoding: foo
Host:

HEAD /virt/tst_11/lowercase-ext/fOo.html.Pl HTTP/1.1
Host:

HEAD /virt/tst_11/lowercase-ext/FOo.hTMl.pL HTTP/1.1
Host:


GET /virt/tst_11/uppercase-ext/fOO.html.PL HTTP/1.1
Accept-Encoding: foo
Host:

GET /virt/tst_11/uppercase-ext/fOo.HTML.pl HTTP/1.1
Accept-Encoding: foo
Host:

HEAD /virt/tst_11/uppercase-ext/fOo.html.Pl HTTP/1.1
Host:

HEAD /virt/tst_11/uppercase-ext/FOo.hTMl.pL HTTP/1.1
Host:




GET /virt/tst_11/lowercase-exts/fOO.html.PL HTTP/1.1
Accept-Encoding: foo
Host:

GET /virt/tst_11/lowercase-exts/fOo.HTML.pl HTTP/1.1
Accept-Encoding: foo
Host:

HEAD /virt/tst_11/lowercase-exts/fOo.html.Pl HTTP/1.1
Host:

HEAD /virt/tst_11/lowercase-exts/FOo.hTMl.pL HTTP/1.1
Host:


GET /virt/tst_11/uppercase-exts/fOO.html.PL HTTP/1.1
Accept-Encoding: foo
Host:

GET /virt/tst_11/uppercase-exts/fOo.HTML.pl HTTP/1.1
Accept-Encoding: foo
Host:

HEAD /virt/tst_11/uppercase-exts/fOo.html.Pl HTTP/1.1
Host:

HEAD /virt/tst_11/uppercase-exts/FOo.hTMl.pL HTTP/1.1
Host:
Connection: close


DEBUG tests/http11_tests.c:98: TEST tests/and_suite/ex_httpd_conf_11_tst_3 results: delta 223, has_error: 0, is_finished: 1
DEBUG tests/http11_tests.c:79: json PARSING: 223 of 1723 at HEAD /virt/tst_11/lowercase-path/FOo.hTMl.pL HTTP/1.1
Host:


GET /virt/tst_11/uppercase-path/fOO.html.PL HTTP/1.1
Accept-Encoding: foo
Host:

GET /virt/tst_11/uppercase-path/fOo.HTML.pl HTTP/1.1
Accept-Encoding: foo
Host:

HEAD /virt/tst_11/uppercase-path/fOo.html.Pl HTTP/1.1
Host:

HEAD /virt/tst_11/uppercase-path/FOo.hTMl.pL HTTP/1.1
Host:




GET /virt/tst_11/lowercase-ext/fOO.html.PL HTTP/1.1
Accept-Encoding: foo
Host:

GET /virt/tst_11/lowercase-ext/fOo.HTML.pl HTTP/1.1
Accept-Encoding: foo
Host:

HEAD /virt/tst_11/lowercase-ext/fOo.html.Pl HTTP/1.1
Host:

HEAD /virt/tst_11/lowercase-ext/FOo.hTMl.pL HTTP/1.1
Host:


GET /virt/tst_11/uppercase-ext/fOO.html.PL HTTP/1.1
Accept-Encoding: foo
Host:

GET /virt/tst_11/uppercase-ext/fOo.HTML.pl HTTP/1.1
Accept-Encoding: foo
Host:

HEAD /virt/tst_11/uppercase-ext/fOo.html.Pl HTTP/1.1
Host:

HEAD /virt/tst_11/uppercase-ext/FOo.hTMl.pL HTTP/1.1
Host:




GET /virt/tst_11/lowercase-exts/fOO.html.PL HTTP/1.1
Accept-Encoding: foo
Host:

GET /virt/tst_11/lowercase-exts/fOo.HTML.pl HTTP/1.1
Accept-Encoding: foo
Host:

HEAD /virt/tst_11/lowercase-exts/fOo.html.Pl HTTP/1.1
Host:

HEAD /virt/tst_11/lowercase-exts/FOo.hTMl.pL HTTP/1.1
Host:


GET /virt/tst_11/uppercase-exts/fOO.html.PL HTTP/1.1
Accept-Encoding: foo
Host:

GET /virt/tst_11/uppercase-exts/fOo.HTML.pl HTTP/1.1
Accept-Encoding: foo
Host:

HEAD /virt/tst_11/uppercase-exts/fOo.html.Pl HTTP/1.1
Host:

HEAD /virt/tst_11/uppercase-exts/FOo.hTMl.pL HTTP/1.1
Host:
Connection: close


DEBUG tests/http11_tests.c:98: TEST tests/and_suite/ex_httpd_conf_11_tst_3 results: delta 284, has_error: 0, is_finished: 1
DEBUG tests/http11_tests.c:79: json PARSING: 284 of 1723 at 
GET /virt/tst_11/uppercase-path/fOO.html.PL HTTP/1.1
Accept-Encoding: foo
Host:

GET /virt/tst_11/uppercase-path/fOo.HTML.pl HTTP/1.1
Accept-Encoding: foo
Host:

HEAD /virt/tst_11/uppercase-path/fOo.html.Pl HTTP/1.1
Host:

HEAD /virt/tst_11/uppercase-path/FOo.hTMl.pL HTTP/1.1
Host:




GET /virt/tst_11/lowercase-ext/fOO.html.PL HTTP/1.1
Accept-Encoding: foo
Host:

GET /virt/tst_11/lowercase-ext/fOo.HTML.pl HTTP/1.1
Accept-Encoding: foo
Host:

HEAD /virt/tst_11/lowercase-ext/fOo.html.Pl HTTP/1.1
Host:

HEAD /virt/tst_11/lowercase-ext/FOo.hTMl.pL HTTP/1.1
Host:


GET /virt/tst_11/uppercase-ext/fOO.html.PL HTTP/1.1
Accept-Encoding: foo
Host:

GET /virt/tst_11/uppercase-ext/fOo.HTML.pl HTTP/1.1
Accept-Encoding: foo
Host:

HEAD /virt/tst_11/uppercase-ext/fOo.html.Pl HTTP/1.1
Host:

HEAD /virt/tst_11/uppercase-ext/FOo.hTMl.pL HTTP/1.1
Host:




GET /virt/tst_11/lowercase-exts/fOO.html.PL HTTP/1.1
Accept-Encoding: foo
Host:

GET /virt/tst_11/lowercase-exts/fOo.HTML.pl HTTP/1.1
Accept-Encoding: foo
Host:

HEAD /virt/tst_11/lowercase-exts/fOo.html.Pl HTTP/1.1
Host:

HEAD /virt/tst_11/lowercase-exts/FOo.hTMl.pL HTTP/1.1
Host:


GET /virt/tst_11/uppercase-exts/fOO.html.PL HTTP/1.1
Accept-Encoding: foo
Host:

GET /virt/tst_11/uppercase-exts/fOo.HTML.pl HTTP/1.1
Accept-Encoding: foo
Host:

HEAD /virt/tst_11/uppercase-exts/fOo.html.Pl HTTP/1.1
Host:

HEAD /virt/tst_11/uppercase-exts/FOo.hTMl.pL HTTP/1.1
Host:
Connection: close


DEBUG tests/http11_tests.c:79: json PARSING: 0 of 360 at GET /virt/tst_11/uppercase-path/a">x</a><SCRIPT>...</script>,validate HTTP/1.1
Accept-Encoding: foo
Host:

GET /virt/tst_11/lowercase-abs-maybe-path/a">x</a><script>...</script>,validate HTTP/1.1
Accept-Encoding: foo
Host:

GET /virt/tst_11/lowercase-abs-maybe-path/a">x</a><SCRIPT>...</script>,validate HTTP/1.1
Accept-Encoding: foo
Host:
Connection: close



DEBUG tests/http11_tests.c:98: TEST tests/and_suite/ex_httpd_conf_11_tst_4 results: delta 33, has_error: 1, is_finished: 0
DEBUG tests/http11_tests.c:79: json PARSING: 33 of 360 at ">x</a><SCRIPT>...</script>,validate HTTP/1.1
Accept-Encoding: foo
Host:

GET /virt/tst_11/lowercase-abs-maybe-path/a">x</a><script>...</script>,validate HTTP/1.1
Accept-Encoding: foo
Host:

GET /virt/tst_11/lowercase-abs-maybe-path/a">x</a><SCRIPT>...</script>,validate HTTP/1.1
Accept-Encoding: foo
Host:
Connection: close



DEBUG tests/http11_tests.c:79: json PARSING: 0 of 362 at GET /01_. HTTP/1.1
Host:

GET /02_ HTTP/1.1
Host:

HEAD /03%27 HTTP/1.1
Host:

HEAD /04, HTTP/1.1
Host:

HEAD /05! HTTP/1.1
Host:

HEAD /06> HTTP/1.1
Host:

HEAD /07) HTTP/1.1
Host:

HEAD /08] HTTP/1.1
Host:

HEAD /09" HTTP/1.1
Host:

HEAD /10' HTTP/1.1
Host:

HEAD /11%27 HTTP/1.1
Host:

HEAD /12%20 HTTP/1.1
Host:

GET /13">_ HTTP/1.1
Host:
Connection: close


DEBUG tests/http11_tests.c:98: TEST tests/and_suite/ex_httpd_conf_12_tst_1 results: delta 26, has_error: 0, is_finished: 1
DEBUG tests/http11_tests.c:79: json PARSING: 26 of 362 at GET /02_ HTTP/1.1
Host:

HEAD /03%27 HTTP/1.1
Host:

HEAD /04, HTTP/1.1
Host:

HEAD /05! HTTP/1.1
Host:

HEAD /06> HTTP/1.1
Host:

HEAD /07) HTTP/1.1
Host:

HEAD /08] HTTP/1.1
Host:

HEAD /09" HTTP/1.1
Host:

HEAD /10' HTTP/1.1
Host:

HEAD /11%27 HTTP/1.1
Host:

HEAD /12%20 HTTP/1.1
Host:

GET /13">_ HTTP/1.1
Host:
Connection: close


DEBUG tests/http11_tests.c:98: TEST tests/and_suite/ex_httpd_conf_12_tst_1 results: delta 51, has_error: 0, is_finished: 1
DEBUG tests/http11_tests.c:79: json PARSING: 51 of 362 at HEAD /03%27 HTTP/1.1
Host:

HEAD /04, HTTP/1.1
Host:

HEAD /05! HTTP/1.1
Host:

HEAD /06> HTTP/1.1
Host:

HEAD /07) HTTP/1.1
Host:

HEAD /08] HTTP/1.1
Host:

HEAD /09" HTTP/1.1
Host:

HEAD /10' HTTP/1.1
Host:

HEAD /11%27 HTTP/1.1
Host:

HEAD /12%20 HTTP/1.1
Host:

GET /13">_ HTTP/1.1
Host:
Connection: close


DEBUG tests/http11_tests.c:98: TEST tests/and_suite/ex_httpd_conf_12_tst_1 results: delta 79, has_error: 0, is_finished: 1
DEBUG tests/http11_tests.c:79: json PARSING: 79 of 362 at HEAD /04, HTTP/1.1
Host:

HEAD /05! HTTP/1.1
Host:

HEAD /06> HTTP/1.1
Host:

HEAD /07) HTTP/1.1
Host:

HEAD /08] HTTP/1.1
Host:

HEAD /09" HTTP/1.1
Host:

HEAD /10' HTTP/1.1
Host:

HEAD /11%27 HTTP/1.1
Host:

HEAD /12%20 HTTP/1.1
Host:

GET /13">_ HTTP/1.1
Host:
Connection: close


DEBUG tests/http11_tests.c:98: TEST tests/and_suite/ex_httpd_conf_12_tst_1 results: delta 105, has_error: 0, is_finished: 1
DEBUG tests/http11_tests.c:79: json PARSING: 105 of 362 at HEAD /05! HTTP/1.1
Host:

HEAD /06> HTTP/1.1
Host:

HEAD /07) HTTP/1.1
Host:

HEAD /08] HTTP/1.1
Host:

HEAD /09" HTTP/1.1
Host:

HEAD /10' HTTP/1.1
Host:

HEAD /11%27 HTTP/1.1
Host:

HEAD /12%20 HTTP/1.1
Host:

GET /13">_ HTTP/1.1
Host:
Connection: close


DEBUG tests/http11_tests.c:98: TEST tests/and_suite/ex_httpd_conf_12_tst_1 results: delta 131, has_error: 0, is_finished: 1
DEBUG tests/http11_tests.c:79: json PARSING: 131 of 362 at HEAD /06> HTTP/1.1
Host:

HEAD /07) HTTP/1.1
Host:

HEAD /08] HTTP/1.1
Host:

HEAD /09" HTTP/1.1
Host:

HEAD /10' HTTP/1.1
Host:

HEAD /11%27 HTTP/1.1
Host:

HEAD /12%20 HTTP/1.1
Host:

GET /13">_ HTTP/1.1
Host:
Connection: close


DEBUG tests/http11_tests.c:98: TEST tests/and_suite/ex_httpd_conf_12_tst_1 results: delta 139, has_error: 1, is_finished: 0
DEBUG tests/http11_tests.c:79: json PARSING: 139 of 362 at > HTTP/1.1
Host:

HEAD /07) HTTP/1.1
Host:

HEAD /08] HTTP/1.1
Host:

HEAD /09" HTTP/1.1
Host:

HEAD /10' HTTP/1.1
Host:

HEAD /11%27 HTTP/1.1
Host:

HEAD /12%20 HTTP/1.1
Host:

GET /13">_ HTTP/1.1
Host:
Connection: close


DEBUG tests/http11_tests.c:79: json PARSING: 0 of 1310 at HEAD /403/1 HTTP/1.1
Host:
Accept-Encoding: foo

HEAD /403/1 HTTP/1.1
Host:


HEAD /403/2 HTTP/1.1
Host:
If-Modified-Since: foo

HEAD /403/2 HTTP/1.1
Host:
If-Modified-Since: x

HEAD /403/2 HTTP/1.1
Host:


HEAD /403/3 HTTP/1.1
Host:
If-UNModified-Since: foo

HEAD /403/3 HTTP/1.1
Host:
If-Unmodified-Since: x

HEAD /403/3 HTTP/1.1
Host:


HEAD /403/4 HTTP/1.1
Host:
If-RANGE: foo

HEAD /403/4 HTTP/1.1
Host:
If-Range: x

HEAD /403/4 HTTP/1.1
Host:


HEAD /403/5 HTTP/1.1
Host:
If-Match: foo

HEAD /403/5 HTTP/1.1
Host:
If-Match: x

HEAD /403/5 HTTP/1.1
Host:


HEAD /403/6 HTTP/1.1
Host:
If-NONE-match: foo

HEAD /403/6 HTTP/1.1
Host:
If-None-MATCH: x

HEAD /403/6 HTTP/1.1
Host:


HEAD /403/7 HTTP/1.1
Host:
X-Moz: foo

HEAD /403/7 HTTP/1.1
Host:


HEAD /403/8 HTTP/1.1
Host:
User-Agent: blah_foo_

HEAD /403/8 HTTP/1.1
Host:
User-Agent: _foo_

HEAD /403/8 HTTP/1.1
Host:
User-AGENT: x

HEAD /403/8 HTTP/1.1
Host:


HEAD /403/9 HTTP/1.1
Host:
Referer: news:_x1234

GET /403/9 HTTP/1.1
Host:
Referer: news:_x1234

HEAD /403/9 HTTP/1.1
Host:
Referer: news:x1234

HEAD /403/9 HTTP/1.1
Host:
Referer: news:_foo_

HEAD /403/9 HTTP/1.1
Host:
REFERER: x

HEAD /403/9 HTTP/1.1
Host:


GET / HTTP/1.1
User-AGENT: a
USER-agent: b
Host:

HEAD / HTTP/1.1
Host:
Comment: above should be an error, but displayed as 404...

DEBUG tests/http11_tests.c:98: TEST tests/and_suite/ex_httpd_conf_12_tst_2 results: delta 49, has_error: 0, is_finished: 1
DEBUG tests/http11_tests.c:79: json PARSING: 49 of 1310 at HEAD /403/1 HTTP/1.1
Host:


HEAD /403/2 HTTP/1.1
Host:
If-Modified-Since: foo

HEAD /403/2 HTTP/1.1
Host:
If-Modified-Since: x

HEAD /403/2 HTTP/1.1
Host:


HEAD /403/3 HTTP/1.1
Host:
If-UNModified-Since: foo

HEAD /403/3 HTTP/1.1
Host:
If-Unmodified-Since: x

HEAD /403/3 HTTP/1.1
Host:


HEAD /403/4 HTTP/1.1
Host:
If-RANGE: foo

HEAD /403/4 HTTP/1.1
Host:
If-Range: x

HEAD /403/4 HTTP/1.1
Host:


HEAD /403/5 HTTP/1.1
Host:
If-Match: foo

HEAD /403/5 HTTP/1.1
Host:
If-Match: x

HEAD /403/5 HTTP/1.1
Host:


HEAD /403/6 HTTP/1.1
Host:
If-NONE-match: foo

HEAD /403/6 HTTP/1.1
Host:
If-None-MATCH: x

HEAD /403/6 HTTP/1.1
Host:


HEAD /403/7 HTTP/1.1
Host:
X-Moz: foo

HEAD /403/7 HTTP/1.1
Host:


HEAD /403/8 HTTP/1.1
Host:
User-Agent: blah_foo_

HEAD /403/8 HTTP/1.1
Host:
User-Agent: _foo_

HEAD /403/8 HTTP/1.1
Host:
User-AGENT: x

HEAD /403/8 HTTP/1.1
Host:


HEAD /403/9 HTTP/1.1
Host:
Referer: news:_x1234

GET /403/9 HTTP/1.1
Host:
Referer: news:_x1234

HEAD /403/9 HTTP/1.1
Host:
Referer: news:x1234

HEAD /403/9 HTTP/1.1
Host:
Referer: news:_foo_

HEAD /403/9 HTTP/1.1
Host:
REFERER: x

HEAD /403/9 HTTP/1.1
Host:


GET / HTTP/1.1
User-AGENT: a
USER-agent: b
Host:

HEAD / HTTP/1.1
Host:
Comment: above should be an error, but displayed as 404...

DEBUG tests/http11_tests.c:98: TEST tests/and_suite/ex_httpd_conf_12_tst_2 results: delta 77, has_error: 0, is_finished: 1
DEBUG tests/http11_tests.c:79: json PARSING: 77 of 1310 at 
HEAD /403/2 HTTP/1.1
Host:
If-Modified-Since: foo

HEAD /403/2 HTTP/1.1
Host:
If-Modified-Since: x

HEAD /403/2 HTTP/1.1
Host:


HEAD /403/3 HTTP/1.1
Host:
If-UNModified-Since: foo

HEAD /403/3 HTTP/1.1
Host:
If-Unmodified-Since: x

HEAD /403/3 HTTP/1.1
Host:


HEAD /403/4 HTTP/1.1
Host:
If-RANGE: foo

HEAD /403/4 HTTP/1.1
Host:
If-Range: x

HEAD /403/4 HTTP/1.1
Host:


HEAD /403/5 HTTP/1.1
Host:
If-Match: foo

HEAD /403/5 HTTP/1.1
Host:
If-Match: x

HEAD /403/5 HTTP/1.1
Host:


HEAD /403/6 HTTP/1.1
Host:
If-NONE-match: foo

HEAD /403/6 HTTP/1.1
Host:
If-None-MATCH: x

HEAD /403/6 HTTP/1.1
Host:


HEAD /403/7 HTTP/1.1
Host:
X-Moz: foo

HEAD /403/7 HTTP/1.1
Host:


HEAD /403/8 HTTP/1.1
Host:
User-Agent: blah_foo_

HEAD /403/8 HTTP/1.1
Host:
User-Agent: _foo_

HEAD /403/8 HTTP/1.1
Host:
User-AGENT: x

HEAD /403/8 HTTP/1.1
Host:


HEAD /403/9 HTTP/1.1
Host:
Referer: news:_x1234

GET /403/9 HTTP/1.1
Host:
Referer: news:_x1234

HEAD /403/9 HTTP/1.1
Host:
Referer: news:x1234

HEAD /403/9 HTTP/1.1
Host:
Referer: news:_foo_

HEAD /403/9 HTTP/1.1
Host:
REFERER: x

HEAD /403/9 HTTP/1.1
Host:


GET / HTTP/1.1
User-AGENT: a
USER-agent: b
Host:

HEAD / HTTP/1.1
Host:
Comment: above should be an error, but displayed as 404...

DEBUG tests/http11_tests.c:79: json PARSING: 0 of 270 at HEAD /bp.x.y HTTP/1.1
Host: foo.example.com

HEAD /bp.x%2E%79 HTTP/1.1
Host: foo.example.com

HEAD /bp%2ex.y HTTP/1.1
Host: foo.example.com

HEAD /bp.x.%79 HTTP/1.1
Host: foo.example.com

GET /%62%70%2e%78%2E%79?foo=bar HTTP/1.1
Connection: close
Host: foo.example.com


DEBUG tests/http11_tests.c:98: TEST tests/and_suite/ex_httpd_conf_12_tst_3 results: delta 45, has_error: 0, is_finished: 1
DEBUG tests/http11_tests.c:79: json PARSING: 45 of 270 at HEAD /bp.x%2E%79 HTTP/1.1
Host: foo.example.com

HEAD /bp%2ex.y HTTP/1.1
Host: foo.example.com

HEAD /bp.x.%79 HTTP/1.1
Host: foo.example.com

GET /%62%70%2e%78%2E%79?foo=bar HTTP/1.1
Connection: close
Host: foo.example.com


DEBUG tests/http11_tests.c:98: TEST tests/and_suite/ex_httpd_conf_12_tst_3 results: delta 94, has_error: 0, is_finished: 1
DEBUG tests/http11_tests.c:79: json PARSING: 94 of 270 at HEAD /bp%2ex.y HTTP/1.1
Host: foo.example.com

HEAD /bp.x.%79 HTTP/1.1
Host: foo.example.com

GET /%62%70%2e%78%2E%79?foo=bar HTTP/1.1
Connection: close
Host: foo.example.com


DEBUG tests/http11_tests.c:98: TEST tests/and_suite/ex_httpd_conf_12_tst_3 results: delta 141, has_error: 0, is_finished: 1
DEBUG tests/http11_tests.c:79: json PARSING: 141 of 270 at HEAD /bp.x.%79 HTTP/1.1
Host: foo.example.com

GET /%62%70%2e%78%2E%79?foo=bar HTTP/1.1
Connection: close
Host: foo.example.com


DEBUG tests/http11_tests.c:98: TEST tests/and_suite/ex_httpd_conf_12_tst_3 results: delta 188, has_error: 0, is_finished: 1
DEBUG tests/http11_tests.c:79: json PARSING: 188 of 270 at GET /%62%70%2e%78%2E%79?foo=bar HTTP/1.1
Connection: close
Host: foo.example.com


DEBUG tests/http11_tests.c:98: TEST tests/and_suite/ex_httpd_conf_12_tst_3 results: delta 270, has_error: 0, is_finished: 1
DEBUG tests/http11_tests.c:79: json PARSING: 0 of 277 at GET /conf-tst13/cond HTTP/1.1
Host:

GET /conf-tst13/cond HTTP/1.1
Host:
Referer: www.example.com

GET /conf-tst13/cond HTTP/1.1
Host:
Referer: http://www.example.com/index.html
Accept-Encoding: gzip

GET /conf-tst13/cond HTTP/1.1
Host:
Referer: example.com
Connection: close


DEBUG tests/http11_tests.c:98: TEST tests/and_suite/ex_httpd_conf_13.2_tst_1 results: delta 37, has_error: 0, is_finished: 1
DEBUG tests/http11_tests.c:79: json PARSING: 37 of 277 at GET /conf-tst13/cond HTTP/1.1
Host:
Referer: www.example.com

GET /conf-tst13/cond HTTP/1.1
Host:
Referer: http://www.example.com/index.html
Accept-Encoding: gzip

GET /conf-tst13/cond HTTP/1.1
Host:
Referer: example.com
Connection: close


DEBUG tests/http11_tests.c:98: TEST tests/and_suite/ex_httpd_conf_13.2_tst_1 results: delta 99, has_error: 0, is_finished: 1
DEBUG tests/http11_tests.c:79: json PARSING: 99 of 277 at GET /conf-tst13/cond HTTP/1.1
Host:
Referer: http://www.example.com/index.html
Accept-Encoding: gzip

GET /conf-tst13/cond HTTP/1.1
Host:
Referer: example.com
Connection: close


DEBUG tests/http11_tests.c:98: TEST tests/and_suite/ex_httpd_conf_13.2_tst_1 results: delta 201, has_error: 0, is_finished: 1
DEBUG tests/http11_tests.c:79: json PARSING: 201 of 277 at GET /conf-tst13/cond HTTP/1.1
Host:
Referer: example.com
Connection: close


DEBUG tests/http11_tests.c:98: TEST tests/and_suite/ex_httpd_conf_13.2_tst_1 results: delta 277, has_error: 0, is_finished: 1
DEBUG tests/http11_tests.c:79: json PARSING: 0 of 281 at GET /neg HTTP/1.1
host:

GET /neg HTTP/1.1
HOST:
Accept: text/html

GET /neg HTTP/1.1
HOST:
Accept: text/html
Accept-Language: fr

GET /neg HTTP/1.1
Accept-Language: es
Host:

GET /neg HTTP/1.1
Accept-Language: es
Accept: foo/bar
Host:

GET /neg HTTP/1.1
Accept-Language: it
HOST


DEBUG tests/http11_tests.c:98: TEST tests/and_suite/ex_httpd_conf_13_tst_1 results: delta 25, has_error: 0, is_finished: 1
DEBUG tests/http11_tests.c:79: json PARSING: 25 of 281 at GET /neg HTTP/1.1
HOST:
Accept: text/html

GET /neg HTTP/1.1
HOST:
Accept: text/html
Accept-Language: fr

GET /neg HTTP/1.1
Accept-Language: es
Host:

GET /neg HTTP/1.1
Accept-Language: es
Accept: foo/bar
Host:

GET /neg HTTP/1.1
Accept-Language: it
HOST


DEBUG tests/http11_tests.c:98: TEST tests/and_suite/ex_httpd_conf_13_tst_1 results: delta 68, has_error: 0, is_finished: 1
DEBUG tests/http11_tests.c:79: json PARSING: 68 of 281 at GET /neg HTTP/1.1
HOST:
Accept: text/html
Accept-Language: fr

GET /neg HTTP/1.1
Accept-Language: es
Host:

GET /neg HTTP/1.1
Accept-Language: es
Accept: foo/bar
Host:

GET /neg HTTP/1.1
Accept-Language: it
HOST


DEBUG tests/http11_tests.c:98: TEST tests/and_suite/ex_httpd_conf_13_tst_1 results: delta 131, has_error: 0, is_finished: 1
DEBUG tests/http11_tests.c:79: json PARSING: 131 of 281 at GET /neg HTTP/1.1
Accept-Language: es
Host:

GET /neg HTTP/1.1
Accept-Language: es
Accept: foo/bar
Host:

GET /neg HTTP/1.1
Accept-Language: it
HOST


DEBUG tests/http11_tests.c:98: TEST tests/and_suite/ex_httpd_conf_13_tst_1 results: delta 176, has_error: 0, is_finished: 1
DEBUG tests/http11_tests.c:79: json PARSING: 176 of 281 at GET /neg HTTP/1.1
Accept-Language: es
Accept: foo/bar
Host:

GET /neg HTTP/1.1
Accept-Language: it
HOST


DEBUG tests/http11_tests.c:98: TEST tests/and_suite/ex_httpd_conf_13_tst_1 results: delta 237, has_error: 0, is_finished: 1
DEBUG tests/http11_tests.c:79: json PARSING: 237 of 281 at GET /neg HTTP/1.1
Accept-Language: it
HOST


DEBUG tests/http11_tests.c:98: TEST tests/and_suite/ex_httpd_conf_13_tst_1 results: delta 279, has_error: 1, is_finished: 0
DEBUG tests/http11_tests.c:79: json PARSING: 279 of 281 at 


DEBUG tests/http11_tests.c:79: json PARSING: 0 of 1802 at GET /conf-tst13/hex HTTP/1.1
Host:

GET /conf-tst13/string HTTP/1.1
Host:

GET /conf-tst13/byte HTTP/1.1
Host:


GET /conf-tst13/hex HTTP/1.1
Accept-Encoding: gzip
Host:

GET /conf-tst13/string HTTP/1.1
Accept-Encoding: gzip
Host:

GET /conf-tst13/byte HTTP/1.1
Accept-Encoding: gzip
Host:


GET /conf-tst13/hex HTTP/1.1
Accept-Encoding: bzip2
Host:

GET /conf-tst13/string HTTP/1.1
Accept-Encoding: bzip2
Host:

GET /conf-tst13/byte HTTP/1.1
Accept-Encoding: bzip2
Host:


GET /conf-tst13/hex HTTP/1.1
If-Match: "foo"
Host:

GET /conf-tst13/hex HTTP/1.1
If-None-Match: "foo"
Host:

GET /conf-tst13/string HTTP/1.1
Accept-Encoding: gzip
If-Match: "foo"
Host:

GET /conf-tst13/byte HTTP/1.1
Accept-Encoding: bzip2
If-None-Match: "foo"
Host:


GET /conf-tst13/hex HTTP/1.1
Accept-Encoding: gzip
If-None-Match: "79-416b8180"
Host:

GET /conf-tst13/string HTTP/1.1
If-None-Match: "79-416b8180"
Host:

GET /conf-tst13/byte HTTP/1.1
Accept-Encoding: bzip2
If-None-Match: "79-416b8180"
Host:


GET /conf-tst13/hex HTTP/1.1
Accept-Encoding: bzip2
If-Match: "bar", "79-416b8180"
Host:

GET /conf-tst13/string HTTP/1.1
Accept-Encoding: gzip
If-Match: "bar", "79-416b8180"
Host:

GET /conf-tst13/byte HTTP/1.1
If-Match: "bar", "79-416b8180"
Host:


GET /conf-tst13/hex HTTP/1.1
Accept-Encoding: bzip2
If-None-Match: "bar", "79-416b8180"
Host:

GET /conf-tst13/string HTTP/1.1
If-None-Match: "bar", "79-416b8180"
Host:

GET /conf-tst13/byte HTTP/1.1
If-None-Match: "bar", "79-416b8180"
Accept-Encoding: gzip
Host:


GET /conf-tst13/hex HTTP/1.1
If-Range: "79-416b8180"
Accept-Encoding: gzip
Range: bytes=1-1
Host:

GET /conf-tst13/string HTTP/1.1
If-Range: "79-416b8180"
Accept-Encoding: bzip2
Range: bytes=1-1
Host:

GET /conf-tst13/byte HTTP/1.1
If-Range: "79-416b8180"
Range: bytes=1-1
Host:
Connection: close


DEBUG tests/http11_tests.c:98: TEST tests/and_suite/ex_httpd_conf_13_tst_2 results: delta 36, has_error: 0, is_finished: 1
DEBUG tests/http11_tests.c:79: json PARSING: 36 of 1802 at GET /conf-tst13/string HTTP/1.1
Host:

GET /conf-tst13/byte HTTP/1.1
Host:


GET /conf-tst13/hex HTTP/1.1
Accept-Encoding: gzip
Host:

GET /conf-tst13/string HTTP/1.1
Accept-Encoding: gzip
Host:

GET /conf-tst13/byte HTTP/1.1
Accept-Encoding: gzip
Host:


GET /conf-tst13/hex HTTP/1.1
Accept-Encoding: bzip2
Host:

GET /conf-tst13/string HTTP/1.1
Accept-Encoding: bzip2
Host:

GET /conf-tst13/byte HTTP/1.1
Accept-Encoding: bzip2
Host:


GET /conf-tst13/hex HTTP/1.1
If-Match: "foo"
Host:

GET /conf-tst13/hex HTTP/1.1
If-None-Match: "foo"
Host:

GET /conf-tst13/string HTTP/1.1
Accept-Encoding: gzip
If-Match: "foo"
Host:

GET /conf-tst13/byte HTTP/1.1
Accept-Encoding: bzip2
If-None-Match: "foo"
Host:


GET /conf-tst13/hex HTTP/1.1
Accept-Encoding: gzip
If-None-Match: "79-416b8180"
Host:

GET /conf-tst13/string HTTP/1.1
If-None-Match: "79-416b8180"
Host:

GET /conf-tst13/byte HTTP/1.1
Accept-Encoding: bzip2
If-None-Match: "79-416b8180"
Host:


GET /conf-tst13/hex HTTP/1.1
Accept-Encoding: bzip2
If-Match: "bar", "79-416b8180"
Host:

GET /conf-tst13/string HTTP/1.1
Accept-Encoding: gzip
If-Match: "bar", "79-416b8180"
Host:

GET /conf-tst13/byte HTTP/1.1
If-Match: "bar", "79-416b8180"
Host:


GET /conf-tst13/hex HTTP/1.1
Accept-Encoding: bzip2
If-None-Match: "bar", "79-416b8180"
Host:

GET /conf-tst13/string HTTP/1.1
If-None-Match: "bar", "79-416b8180"
Host:

GET /conf-tst13/byte HTTP/1.1
If-None-Match: "bar", "79-416b8180"
Accept-Encoding: gzip
Host:


GET /conf-tst13/hex HTTP/1.1
If-Range: "79-416b8180"
Accept-Encoding: gzip
Range: bytes=1-1
Host:

GET /conf-tst13/string HTTP/1.1
If-Range: "79-416b8180"
Accept-Encoding: bzip2
Range: bytes=1-1
Host:

GET /conf-tst13/byte HTTP/1.1
If-Range: "79-416b8180"
Range: bytes=1-1
Host:
Connection: close


DEBUG tests/http11_tests.c:98: TEST tests/and_suite/ex_httpd_conf_13_tst_2 results: delta 75, has_error: 0, is_finished: 1
DEBUG tests/http11_tests.c:79: json PARSING: 75 of 1802 at GET /conf-tst13/byte HTTP/1.1
Host:


GET /conf-tst13/hex HTTP/1.1
Accept-Encoding: gzip
Host:

GET /conf-tst13/string HTTP/1.1
Accept-Encoding: gzip
Host:

GET /conf-tst13/byte HTTP/1.1
Accept-Encoding: gzip
Host:


GET /conf-tst13/hex HTTP/1.1
Accept-Encoding: bzip2
Host:

GET /conf-tst13/string HTTP/1.1
Accept-Encoding: bzip2
Host:

GET /conf-tst13/byte HTTP/1.1
Accept-Encoding: bzip2
Host:


GET /conf-tst13/hex HTTP/1.1
If-Match: "foo"
Host:

GET /conf-tst13/hex HTTP/1.1
If-None-Match: "foo"
Host:

GET /conf-tst13/string HTTP/1.1
Accept-Encoding: gzip
If-Match: "foo"
Host:

GET /conf-tst13/byte HTTP/1.1
Accept-Encoding: bzip2
If-None-Match: "foo"
Host:


GET /conf-tst13/hex HTTP/1.1
Accept-Encoding: gzip
If-None-Match: "79-416b8180"
Host:

GET /conf-tst13/string HTTP/1.1
If-None-Match: "79-416b8180"
Host:

GET /conf-tst13/byte HTTP/1.1
Accept-Encoding: bzip2
If-None-Match: "79-416b8180"
Host:


GET /conf-tst13/hex HTTP/1.1
Accept-Encoding: bzip2
If-Match: "bar", "79-416b8180"
Host:

GET /conf-tst13/string HTTP/1.1
Accept-Encoding: gzip
If-Match: "bar", "79-416b8180"
Host:

GET /conf-tst13/byte HTTP/1.1
If-Match: "bar", "79-416b8180"
Host:


GET /conf-tst13/hex HTTP/1.1
Accept-Encoding: bzip2
If-None-Match: "bar", "79-416b8180"
Host:

GET /conf-tst13/string HTTP/1.1
If-None-Match: "bar", "79-416b8180"
Host:

GET /conf-tst13/byte HTTP/1.1
If-None-Match: "bar", "79-416b8180"
Accept-Encoding: gzip
Host:


GET /conf-tst13/hex HTTP/1.1
If-Range: "79-416b8180"
Accept-Encoding: gzip
Range: bytes=1-1
Host:

GET /conf-tst13/string HTTP/1.1
If-Range: "79-416b8180"
Accept-Encoding: bzip2
Range: bytes=1-1
Host:

GET /conf-tst13/byte HTTP/1.1
If-Range: "79-416b8180"
Range: bytes=1-1
Host:
Connection: close


DEBUG tests/http11_tests.c:98: TEST tests/and_suite/ex_httpd_conf_13_tst_2 results: delta 112, has_error: 0, is_finished: 1
DEBUG tests/http11_tests.c:79: json PARSING: 112 of 1802 at 
GET /conf-tst13/hex HTTP/1.1
Accept-Encoding: gzip
Host:

GET /conf-tst13/string HTTP/1.1
Accept-Encoding: gzip
Host:

GET /conf-tst13/byte HTTP/1.1
Accept-Encoding: gzip
Host:


GET /conf-tst13/hex HTTP/1.1
Accept-Encoding: bzip2
Host:

GET /conf-tst13/string HTTP/1.1
Accept-Encoding: bzip2
Host:

GET /conf-tst13/byte HTTP/1.1
Accept-Encoding: bzip2
Host:


GET /conf-tst13/hex HTTP/1.1
If-Match: "foo"
Host:

GET /conf-tst13/hex HTTP/1.1
If-None-Match: "foo"
Host:

GET /conf-tst13/string HTTP/1.1
Accept-Encoding: gzip
If-Match: "foo"
Host:

GET /conf-tst13/byte HTTP/1.1
Accept-Encoding: bzip2
If-None-Match: "foo"
Host:


GET /conf-tst13/hex HTTP/1.1
Accept-Encoding: gzip
If-None-Match: "79-416b8180"
Host:

GET /conf-tst13/string HTTP/1.1
If-None-Match: "79-416b8180"
Host:

GET /conf-tst13/byte HTTP/1.1
Accept-Encoding: bzip2
If-None-Match: "79-416b8180"
Host:


GET /conf-tst13/hex HTTP/1.1
Accept-Encoding: bzip2
If-Match: "bar", "79-416b8180"
Host:

GET /conf-tst13/string HTTP/1.1
Accept-Encoding: gzip
If-Match: "bar", "79-416b8180"
Host:

GET /conf-tst13/byte HTTP/1.1
If-Match: "bar", "79-416b8180"
Host:


GET /conf-tst13/hex HTTP/1.1
Accept-Encoding: bzip2
If-None-Match: "bar", "79-416b8180"
Host:

GET /conf-tst13/string HTTP/1.1
If-None-Match: "bar", "79-416b8180"
Host:

GET /conf-tst13/byte HTTP/1.1
If-None-Match: "bar", "79-416b8180"
Accept-Encoding: gzip
Host:


GET /conf-tst13/hex HTTP/1.1
If-Range: "79-416b8180"
Accept-Encoding: gzip
Range: bytes=1-1
Host:

GET /conf-tst13/string HTTP/1.1
If-Range: "79-416b8180"
Accept-Encoding: bzip2
Range: bytes=1-1
Host:

GET /conf-tst13/byte HTTP/1.1
If-Range: "79-416b8180"
Range: bytes=1-1
Host:
Connection: close


DEBUG tests/http11_tests.c:79: json PARSING: 0 of 3547 at GET /A2/neg HTTP/1.1
X-comment: Doing with no auth
host:

GET /A2/neg HTTP/1.1
HOST:
Accept: text/html

GET /A2/neg HTTP/1.1
HOST:
Accept: text/html
Accept-Language: fr

GET /A2/neg HTTP/1.1
Accept-Language: es
Host:

GET /A2/neg HTTP/1.1
Accept-Language: es
Accept: foo/bar
Host:



GET /A2/neg HTTP/1.1
X-comment: Doing with bad auth
AUTHorization:
host:

GET /A2/neg HTTP/1.1
AUTHorization: ==
HOST:
Accept: text/html

GET /A2/neg HTTP/1.1
HOST:
Accept: text/html
AUTHorization: Basic eAo=
Accept-Language: fr

GET /A2/neg HTTP/1.1
Accept-Language: es
AUTHorization: Basicalfkjal
Host:

GET /A2/neg HTTP/1.1
Accept-Language: es
Accept: foo/bar
AUTHorization: Basic alfkjal
Host:




GET /A2/neg HTTP/1.1
X-comment: Doing with good auth
AUTHorization: Basic Zm9vOmJhcg==
host:

GET /A2/neg HTTP/1.1
AUTHorization: Basic Zm9vOmJhcg==
HOST:
Accept: text/html

GET /A2/neg HTTP/1.1
HOST:
AUTHorization: Basic Zm9vOmJhcg==
Accept: text/html
Accept-Language: fr

GET /A2/neg HTTP/1.1
AUTHorization: Basic Zm9vOmJhcg==
Accept-Language: es
Host:

GET /A2/neg HTTP/1.1
Accept-Language: es
AUTHorization: Basic Zm9vOmJhcg==
Accept: foo/bar
Host:















GET /D2/neg HTTP/1.1
X-comment2: Again with /D2/
X-comment: Doing with no auth
host:

GET /D2/neg HTTP/1.1
HOST:
Accept: text/html

GET /D2/neg HTTP/1.1
HOST:
Accept: text/html
Accept-Language: fr

GET /D2/neg HTTP/1.1
Accept-Language: es
Host:

GET /D2/neg HTTP/1.1
Accept-Language: es
Accept: foo/bar
Host:



GET /D2/neg HTTP/1.1
X-comment: Doing with bad auth
AUTHorization:
host:

GET /D2/neg HTTP/1.1
AUTHorization: Basic ==
HOST:
Accept: text/html

GET /D2/neg HTTP/1.1
HOST:
Accept: text/html
AUTHorization: Basic
Accept-Language: fr

GET /D2/neg HTTP/1.1
Accept-Language: es
AUTHorization: Basic alfkjal
Host:

GET /D2/neg HTTP/1.1
Accept-Language: es
Accept: foo/bar
AUTHorization: alfkjal
Host:




GET /D2/neg HTTP/1.1
X-comment: Doing with good auth
AUTHorization: Basic Zm9vOmJhcg==
host:

GET /D2/neg HTTP/1.1
AUTHorization: Basic Zm9vOmJhcg==
HOST:
Accept: text/html

GET /D2/neg HTTP/1.1
HOST:
AUTHorization: Basic Zm9vOmJhcg==
Accept: text/html
Accept-Language: fr

GET /D2/neg HTTP/1.1
AUTHorization: Basic Zm9vOmJhcg==
Accept-Language: es
Host:

GET /D2/neg HTTP/1.1
Accept-Language: es
AUTHorization: Basic Zm9vOmJhcg==
Accept: foo/bar
Host:








GET /A3/neg HTTP/1.1
X-comment2: Again with /A3/
X-comment: Doing with no auth
host:

GET /A3/neg HTTP/1.1
HOST:
Accept: text/html

GET /A3/neg HTTP/1.1
HOST:
Accept: text/html
Accept-Language: fr

GET /A3/neg HTTP/1.1
Accept-Language: es
Host:

GET /A3/neg HTTP/1.1
Accept-Language: es
Accept: foo/bar
Host:



GET /A3/neg HTTP/1.1
X-comment: Doing with bad auth
AUTHorization:Basic
host:

GET /A3/neg HTTP/1.1
AUTHorization: Basic ==
HOST:
Accept: text/html

GET /A3/neg HTTP/1.1
HOST:
Accept: text/html
AUTHorization: Basic eAo=
Accept-Language: fr

GET /A3/neg HTTP/1.1
Accept-Language: es
AUTHorization: Basic alfkjal
Host:

GET /A3/neg HTTP/1.1
Accept-Language: es
Accept: foo/bar
AUTHorization: alfkjal
Host:




GET /A3/neg HTTP/1.1
X-comment: Doing with good auth
AUTHorization: Basic Zm9vOmJhcg==
host:

GET /A3/neg HTTP/1.1
AUTHorization: Basic Zm9vOmJhcg==
HOST:
Accept: text/html

GET /A3/neg HTTP/1.1
HOST:
AUTHorization: Basic Zm9vOmJhcg==
Accept: text/html
Accept-Language: fr

GET /A3/neg HTTP/1.1
AUTHorization: Basic Zm9vOmJhcg==
Accept-Language: es
Host:

GET /A3/neg HTTP/1.1
Accept-Language: es
AUTHorization: Basic Zm9vOmJhcg==
Accept: foo/bar
Host:





GET /neg HTTP/1.1
Accept-Language: it
HOST


DEBUG tests/http11_tests.c:98: TEST tests/and_suite/ex_httpd_conf_13_tst_3 results: delta 58, has_error: 0, is_finished: 1
DEBUG tests/http11_tests.c:79: json PARSING: 58 of 3547 at GET /A2/neg HTTP/1.1
HOST:
Accept: text/html

GET /A2/neg HTTP/1.1
HOST:
Accept: text/html
Accept-Language: fr

GET /A2/neg HTTP/1.1
Accept-Language: es
Host:

GET /A2/neg HTTP/1.1
Accept-Language: es
Accept: foo/bar
Host:



GET /A2/neg HTTP/1.1
X-comment: Doing with bad auth
AUTHorization:
host:

GET /A2/neg HTTP/1.1
AUTHorization: ==
HOST:
Accept: text/html

GET /A2/neg HTTP/1.1
HOST:
Accept: text/html
AUTHorization: Basic eAo=
Accept-Language: fr

GET /A2/neg HTTP/1.1
Accept-Language: es
AUTHorization: Basicalfkjal
Host:

GET /A2/neg HTTP/1.1
Accept-Language: es
Accept: foo/bar
AUTHorization: Basic alfkjal
Host:




GET /A2/neg HTTP/1.1
X-comment: Doing with good auth
AUTHorization: Basic Zm9vOmJhcg==
host:

GET /A2/neg HTTP/1.1
AUTHorization: Basic Zm9vOmJhcg==
HOST:
Accept: text/html

GET /A2/neg HTTP/1.1
HOST:
AUTHorization: Basic Zm9vOmJhcg==
Accept: text/html
Accept-Language: fr

GET /A2/neg HTTP/1.1
AUTHorization: Basic Zm9vOmJhcg==
Accept-Language: es
Host:

GET /A2/neg HTTP/1.1
Accept-Language: es
AUTHorization: Basic Zm9vOmJhcg==
Accept: foo/bar
Host:















GET /D2/neg HTTP/1.1
X-comment2: Again with /D2/
X-comment: Doing with no auth
host:

GET /D2/neg HTTP/1.1
HOST:
Accept: text/html

GET /D2/neg HTTP/1.1
HOST:
Accept: text/html
Accept-Language: fr

GET /D2/neg HTTP/1.1
Accept-Language: es
Host:

GET /D2/neg HTTP/1.1
Accept-Language: es
Accept: foo/bar
Host:



GET /D2/neg HTTP/1.1
X-comment: Doing with bad auth
AUTHorization:
host:

GET /D2/neg HTTP/1.1
AUTHorization: Basic ==
HOST:
Accept: text/html

GET /D2/neg HTTP/1.1
HOST:
Accept: text/html
AUTHorization: Basic
Accept-Language: fr

GET /D2/neg HTTP/1.1
Accept-Language: es
AUTHorization: Basic alfkjal
Host:

GET /D2/neg HTTP/1.1
Accept-Language: es
Accept: foo/bar
AUTHorization: alfkjal
Host:




GET /D2/neg HTTP/1.1
X-comment: Doing with good auth
AUTHorization: Basic Zm9vOmJhcg==
host:

GET /D2/neg HTTP/1.1
AUTHorization: Basic Zm9vOmJhcg==
HOST:
Accept: text/html

GET /D2/neg HTTP/1.1
HOST:
AUTHorization: Basic Zm9vOmJhcg==
Accept: text/html
Accept-Language: fr

GET /D2/neg HTTP/1.1
AUTHorization: Basic Zm9vOmJhcg==
Accept-Language: es
Host:

GET /D2/neg HTTP/1.1
Accept-Language: es
AUTHorization: Basic Zm9vOmJhcg==
Accept: foo/bar
Host:








GET /A3/neg HTTP/1.1
X-comment2: Again with /A3/
X-comment: Doing with no auth
host:

GET /A3/neg HTTP/1.1
HOST:
Accept: text/html

GET /A3/neg HTTP/1.1
HOST:
Accept: text/html
Accept-Language: fr

GET /A3/neg HTTP/1.1
Accept-Language: es
Host:

GET /A3/neg HTTP/1.1
Accept-Language: es
Accept: foo/bar
Host:



GET /A3/neg HTTP/1.1
X-comment: Doing with bad auth
AUTHorization:Basic
host:

GET /A3/neg HTTP/1.1
AUTHorization: Basic ==
HOST:
Accept: text/html

GET /A3/neg HTTP/1.1
HOST:
Accept: text/html
AUTHorization: Basic eAo=
Accept-Language: fr

GET /A3/neg HTTP/1.1
Accept-Language: es
AUTHorization: Basic alfkjal
Host:

GET /A3/neg HTTP/1.1
Accept-Language: es
Accept: foo/bar
AUTHorization: alfkjal
Host:




GET /A3/neg HTTP/1.1
X-comment: Doing with good auth
AUTHorization: Basic Zm9vOmJhcg==
host:

GET /A3/neg HTTP/1.1
AUTHorization: Basic Zm9vOmJhcg==
HOST:
Accept: text/html

GET /A3/neg HTTP/1.1
HOST:
AUTHorization: Basic Zm9vOmJhcg==
Accept: text/html
Accept-Language: fr

GET /A3/neg HTTP/1.1
AUTHorization: Basic Zm9vOmJhcg==
Accept-Language: es
Host:

GET /A3/neg HTTP/1.1
Accept-Language: es
AUTHorization: Basic Zm9vOmJhcg==
Accept: foo/bar
Host:





GET /neg HTTP/1.1
Accept-Language: it
HOST


DEBUG tests/http11_tests.c:98: TEST tests/and_suite/ex_httpd_conf_13_tst_3 results: delta 104, has_error: 0, is_finished: 1
DEBUG tests/http11_tests.c:79: json PARSING: 104 of 3547 at GET /A2/neg HTTP/1.1
HOST:
Accept: text/html
Accept-Language: fr

GET /A2/neg HTTP/1.1
Accept-Language: es
Host:

GET /A2/neg HTTP/1.1
Accept-Language: es
Accept: foo/bar
Host:



GET /A2/neg HTTP/1.1
X-comment: Doing with bad auth
AUTHorization:
host:

GET /A2/neg HTTP/1.1
AUTHorization: ==
HOST:
Accept: text/html

GET /A2/neg HTTP/1.1
HOST:
Accept: text/html
AUTHorization: Basic eAo=
Accept-Language: fr

GET /A2/neg HTTP/1.1
Accept-Language: es
AUTHorization: Basicalfkjal
Host:

GET /A2/neg HTTP/1.1
Accept-Language: es
Accept: foo/bar
AUTHorization: Basic alfkjal
Host:




GET /A2/neg HTTP/1.1
X-comment: Doing with good auth
AUTHorization: Basic Zm9vOmJhcg==
host:

GET /A2/neg HTTP/1.1
AUTHorization: Basic Zm9vOmJhcg==
HOST:
Accept: text/html

GET /A2/neg HTTP/1.1
HOST:
AUTHorization: Basic Zm9vOmJhcg==
Accept: text/html
Accept-Language: fr

GET /A2/neg HTTP/1.1
AUTHorization: Basic Zm9vOmJhcg==
Accept-Language: es
Host:

GET /A2/neg HTTP/1.1
Accept-Language: es
AUTHorization: Basic Zm9vOmJhcg==
Accept: foo/bar
Host:















GET /D2/neg HTTP/1.1
X-comment2: Again with /D2/
X-comment: Doing with no auth
host:

GET /D2/neg HTTP/1.1
HOST:
Accept: text/html

GET /D2/neg HTTP/1.1
HOST:
Accept: text/html
Accept-Language: fr

GET /D2/neg HTTP/1.1
Accept-Language: es
Host:

GET /D2/neg HTTP/1.1
Accept-Language: es
Accept: foo/bar
Host:



GET /D2/neg HTTP/1.1
X-comment: Doing with bad auth
AUTHorization:
host:

GET /D2/neg HTTP/1.1
AUTHorization: Basic ==
HOST:
Accept: text/html

GET /D2/neg HTTP/1.1
HOST:
Accept: text/html
AUTHorization: Basic
Accept-Language: fr

GET /D2/neg HTTP/1.1
Accept-Language: es
AUTHorization: Basic alfkjal
Host:

GET /D2/neg HTTP/1.1
Accept-Language: es
Accept: foo/bar
AUTHorization: alfkjal
Host:




GET /D2/neg HTTP/1.1
X-comment: Doing with good auth
AUTHorization: Basic Zm9vOmJhcg==
host:

GET /D2/neg HTTP/1.1
AUTHorization: Basic Zm9vOmJhcg==
HOST:
Accept: text/html

GET /D2/neg HTTP/1.1
HOST:
AUTHorization: Basic Zm9vOmJhcg==
Accept: text/html
Accept-Language: fr

GET /D2/neg HTTP/1.1
AUTHorization: Basic Zm9vOmJhcg==
Accept-Language: es
Host:

GET /D2/neg HTTP/1.1
Accept-Language: es
AUTHorization: Basic Zm9vOmJhcg==
Accept: foo/bar
Host:








GET /A3/neg HTTP/1.1
X-comment2: Again with /A3/
X-comment: Doing with no auth
host:

GET /A3/neg HTTP/1.1
HOST:
Accept: text/html

GET /A3/neg HTTP/1.1
HOST:
Accept: text/html
Accept-Language: fr

GET /A3/neg HTTP/1.1
Accept-Language: es
Host:

GET /A3/neg HTTP/1.1
Accept-Language: es
Accept: foo/bar
Host:



GET /A3/neg HTTP/1.1
X-comment: Doing with bad auth
AUTHorization:Basic
host:

GET /A3/neg HTTP/1.1
AUTHorization: Basic ==
HOST:
Accept: text/html

GET /A3/neg HTTP/1.1
HOST:
Accept: text/html
AUTHorization: Basic eAo=
Accept-Language: fr

GET /A3/neg HTTP/1.1
Accept-Language: es
AUTHorization: Basic alfkjal
Host:

GET /A3/neg HTTP/1.1
Accept-Language: es
Accept: foo/bar
AUTHorization: alfkjal
Host:




GET /A3/neg HTTP/1.1
X-comment: Doing with good auth
AUTHorization: Basic Zm9vOmJhcg==
host:

GET /A3/neg HTTP/1.1
AUTHorization: Basic Zm9vOmJhcg==
HOST:
Accept: text/html

GET /A3/neg HTTP/1.1
HOST:
AUTHorization: Basic Zm9vOmJhcg==
Accept: text/html
Accept-Language: fr

GET /A3/neg HTTP/1.1
AUTHorization: Basic Zm9vOmJhcg==
Accept-Language: es
Host:

GET /A3/neg HTTP/1.1
Accept-Language: es
AUTHorization: Basic Zm9vOmJhcg==
Accept: foo/bar
Host:





GET /neg HTTP/1.1
Accept-Language: it
HOST


DEBUG tests/http11_tests.c:98: TEST tests/and_suite/ex_httpd_conf_13_tst_3 results: delta 170, has_error: 0, is_finished: 1
DEBUG tests/http11_tests.c:79: json PARSING: 170 of 3547 at GET /A2/neg HTTP/1.1
Accept-Language: es
Host:

GET /A2/neg HTTP/1.1
Accept-Language: es
Accept: foo/bar
Host:



GET /A2/neg HTTP/1.1
X-comment: Doing with bad auth
AUTHorization:
host:

GET /A2/neg HTTP/1.1
AUTHorization: ==
HOST:
Accept: text/html

GET /A2/neg HTTP/1.1
HOST:
Accept: text/html
AUTHorization: Basic eAo=
Accept-Language: fr

GET /A2/neg HTTP/1.1
Accept-Language: es
AUTHorization: Basicalfkjal
Host:

GET /A2/neg HTTP/1.1
Accept-Language: es
Accept: foo/bar
AUTHorization: Basic alfkjal
Host:




GET /A2/neg HTTP/1.1
X-comment: Doing with good auth
AUTHorization: Basic Zm9vOmJhcg==
host:

GET /A2/neg HTTP/1.1
AUTHorization: Basic Zm9vOmJhcg==
HOST:
Accept: text/html

GET /A2/neg HTTP/1.1
HOST:
AUTHorization: Basic Zm9vOmJhcg==
Accept: text/html
Accept-Language: fr

GET /A2/neg HTTP/1.1
AUTHorization: Basic Zm9vOmJhcg==
Accept-Language: es
Host:

GET /A2/neg HTTP/1.1
Accept-Language: es
AUTHorization: Basic Zm9vOmJhcg==
Accept: foo/bar
Host:















GET /D2/neg HTTP/1.1
X-comment2: Again with /D2/
X-comment: Doing with no auth
host:

GET /D2/neg HTTP/1.1
HOST:
Accept: text/html

GET /D2/neg HTTP/1.1
HOST:
Accept: text/html
Accept-Language: fr

GET /D2/neg HTTP/1.1
Accept-Language: es
Host:

GET /D2/neg HTTP/1.1
Accept-Language: es
Accept: foo/bar
Host:



GET /D2/neg HTTP/1.1
X-comment: Doing with bad auth
AUTHorization:
host:

GET /D2/neg HTTP/1.1
AUTHorization: Basic ==
HOST:
Accept: text/html

GET /D2/neg HTTP/1.1
HOST:
Accept: text/html
AUTHorization: Basic
Accept-Language: fr

GET /D2/neg HTTP/1.1
Accept-Language: es
AUTHorization: Basic alfkjal
Host:

GET /D2/neg HTTP/1.1
Accept-Language: es
Accept: foo/bar
AUTHorization: alfkjal
Host:




GET /D2/neg HTTP/1.1
X-comment: Doing with good auth
AUTHorization: Basic Zm9vOmJhcg==
host:

GET /D2/neg HTTP/1.1
AUTHorization: Basic Zm9vOmJhcg==
HOST:
Accept: text/html

GET /D2/neg HTTP/1.1
HOST:
AUTHorization: Basic Zm9vOmJhcg==
Accept: text/html
Accept-Language: fr

GET /D2/neg HTTP/1.1
AUTHorization: Basic Zm9vOmJhcg==
Accept-Language: es
Host:

GET /D2/neg HTTP/1.1
Accept-Language: es
AUTHorization: Basic Zm9vOmJhcg==
Accept: foo/bar
Host:








GET /A3/neg HTTP/1.1
X-comment2: Again with /A3/
X-comment: Doing with no auth
host:

GET /A3/neg HTTP/1.1
HOST:
Accept: text/html

GET /A3/neg HTTP/1.1
HOST:
Accept: text/html
Accept-Language: fr

GET /A3/neg HTTP/1.1
Accept-Language: es
Host:

GET /A3/neg HTTP/1.1
Accept-Language: es
Accept: foo/bar
Host:



GET /A3/neg HTTP/1.1
X-comment: Doing with bad auth
AUTHorization:Basic
host:

GET /A3/neg HTTP/1.1
AUTHorization: Basic ==
HOST:
Accept: text/html

GET /A3/neg HTTP/1.1
HOST:
Accept: text/html
AUTHorization: Basic eAo=
Accept-Language: fr

GET /A3/neg HTTP/1.1
Accept-Language: es
AUTHorization: Basic alfkjal
Host:

GET /A3/neg HTTP/1.1
Accept-Language: es
Accept: foo/bar
AUTHorization: alfkjal
Host:




GET /A3/neg HTTP/1.1
X-comment: Doing with good auth
AUTHorization: Basic Zm9vOmJhcg==
host:

GET /A3/neg HTTP/1.1
AUTHorization: Basic Zm9vOmJhcg==
HOST:
Accept: text/html

GET /A3/neg HTTP/1.1
HOST:
AUTHorization: Basic Zm9vOmJhcg==
Accept: text/html
Accept-Language: fr

GET /A3/neg HTTP/1.1
AUTHorization: Basic Zm9vOmJhcg==
Accept-Language: es
Host:

GET /A3/neg HTTP/1.1
Accept-Language: es
AUTHorization: Basic Zm9vOmJhcg==
Accept: foo/bar
Host:





GET /neg HTTP/1.1
Accept-Language: it
HOST


DEBUG tests/http11_tests.c:98: TEST tests/and_suite/ex_httpd_conf_13_tst_3 results: delta 218, has_error: 0, is_finished: 1
DEBUG tests/http11_tests.c:79: json PARSING: 218 of 3547 at GET /A2/neg HTTP/1.1
Accept-Language: es
Accept: foo/bar
Host:



GET /A2/neg HTTP/1.1
X-comment: Doing with bad auth
AUTHorization:
host:

GET /A2/neg HTTP/1.1
AUTHorization: ==
HOST:
Accept: text/html

GET /A2/neg HTTP/1.1
HOST:
Accept: text/html
AUTHorization: Basic eAo=
Accept-Language: fr

GET /A2/neg HTTP/1.1
Accept-Language: es
AUTHorization: Basicalfkjal
Host:

GET /A2/neg HTTP/1.1
Accept-Language: es
Accept: foo/bar
AUTHorization: Basic alfkjal
Host:




GET /A2/neg HTTP/1.1
X-comment: Doing with good auth
AUTHorization: Basic Zm9vOmJhcg==
host:

GET /A2/neg HTTP/1.1
AUTHorization: Basic Zm9vOmJhcg==
HOST:
Accept: text/html

GET /A2/neg HTTP/1.1
HOST:
AUTHorization: Basic Zm9vOmJhcg==
Accept: text/html
Accept-Language: fr

GET /A2/neg HTTP/1.1
AUTHorization: Basic Zm9vOmJhcg==
Accept-Language: es
Host:

GET /A2/neg HTTP/1.1
Accept-Language: es
AUTHorization: Basic Zm9vOmJhcg==
Accept: foo/bar
Host:















GET /D2/neg HTTP/1.1
X-comment2: Again with /D2/
X-comment: Doing with no auth
host:

GET /D2/neg HTTP/1.1
HOST:
Accept: text/html

GET /D2/neg HTTP/1.1
HOST:
Accept: text/html
Accept-Language: fr

GET /D2/neg HTTP/1.1
Accept-Language: es
Host:

GET /D2/neg HTTP/1.1
Accept-Language: es
Accept: foo/bar
Host:



GET /D2/neg HTTP/1.1
X-comment: Doing with bad auth
AUTHorization:
host:

GET /D2/neg HTTP/1.1
AUTHorization: Basic ==
HOST:
Accept: text/html

GET /D2/neg HTTP/1.1
HOST:
Accept: text/html
AUTHorization: Basic
Accept-Language: fr

GET /D2/neg HTTP/1.1
Accept-Language: es
AUTHorization: Basic alfkjal
Host:

GET /D2/neg HTTP/1.1
Accept-Language: es
Accept: foo/bar
AUTHorization: alfkjal
Host:




GET /D2/neg HTTP/1.1
X-comment: Doing with good auth
AUTHorization: Basic Zm9vOmJhcg==
host:

GET /D2/neg HTTP/1.1
AUTHorization: Basic Zm9vOmJhcg==
HOST:
Accept: text/html

GET /D2/neg HTTP/1.1
HOST:
AUTHorization: Basic Zm9vOmJhcg==
Accept: text/html
Accept-Language: fr

GET /D2/neg HTTP/1.1
AUTHorization: Basic Zm9vOmJhcg==
Accept-Language: es
Host:

GET /D2/neg HTTP/1.1
Accept-Language: es
AUTHorization: Basic Zm9vOmJhcg==
Accept: foo/bar
Host:








GET /A3/neg HTTP/1.1
X-comment2: Again with /A3/
X-comment: Doing with no auth
host:

GET /A3/neg HTTP/1.1
HOST:
Accept: text/html

GET /A3/neg HTTP/1.1
HOST:
Accept: text/html
Accept-Language: fr

GET /A3/neg HTTP/1.1
Accept-Language: es
Host:

GET /A3/neg HTTP/1.1
Accept-Language: es
Accept: foo/bar
Host:



GET /A3/neg HTTP/1.1
X-comment: Doing with bad auth
AUTHorization:Basic
host:

GET /A3/neg HTTP/1.1
AUTHorization: Basic ==
HOST:
Accept: text/html

GET /A3/neg HTTP/1.1
HOST:
Accept: text/html
AUTHorization: Basic eAo=
Accept-Language: fr

GET /A3/neg HTTP/1.1
Accept-Language: es
AUTHorization: Basic alfkjal
Host:

GET /A3/neg HTTP/1.1
Accept-Language: es
Accept: foo/bar
AUTHorization: alfkjal
Host:




GET /A3/neg HTTP/1.1
X-comment: Doing with good auth
AUTHorization: Basic Zm9vOmJhcg==
host:

GET /A3/neg HTTP/1.1
AUTHorization: Basic Zm9vOmJhcg==
HOST:
Accept: text/html

GET /A3/neg HTTP/1.1
HOST:
AUTHorization: Basic Zm9vOmJhcg==
Accept: text/html
Accept-Language: fr

GET /A3/neg HTTP/1.1
AUTHorization: Basic Zm9vOmJhcg==
Accept-Language: es
Host:

GET /A3/neg HTTP/1.1
Accept-Language: es
AUTHorization: Basic Zm9vOmJhcg==
Accept: foo/bar
Host:





GET /neg HTTP/1.1
Accept-Language: it
HOST


DEBUG tests/http11_tests.c:98: TEST tests/and_suite/ex_httpd_conf_13_tst_3 results: delta 282, has_error: 0, is_finished: 1
DEBUG tests/http11_tests.c:79: json PARSING: 282 of 3547 at 

GET /A2/neg HTTP/1.1
X-comment: Doing with bad auth
AUTHorization:
host:

GET /A2/neg HTTP/1.1
AUTHorization: ==
HOST:
Accept: text/html

GET /A2/neg HTTP/1.1
HOST:
Accept: text/html
AUTHorization: Basic eAo=
Accept-Language: fr

GET /A2/neg HTTP/1.1
Accept-Language: es
AUTHorization: Basicalfkjal
Host:

GET /A2/neg HTTP/1.1
Accept-Language: es
Accept: foo/bar
AUTHorization: Basic alfkjal
Host:




GET /A2/neg HTTP/1.1
X-comment: Doing with good auth
AUTHorization: Basic Zm9vOmJhcg==
host:

GET /A2/neg HTTP/1.1
AUTHorization: Basic Zm9vOmJhcg==
HOST:
Accept: text/html

GET /A2/neg HTTP/1.1
HOST:
AUTHorization: Basic Zm9vOmJhcg==
Accept: text/html
Accept-Language: fr

GET /A2/neg HTTP/1.1
AUTHorization: Basic Zm9vOmJhcg==
Accept-Language: es
Host:

GET /A2/neg HTTP/1.1
Accept-Language: es
AUTHorization: Basic Zm9vOmJhcg==
Accept: foo/bar
Host:















GET /D2/neg HTTP/1.1
X-comment2: Again with /D2/
X-comment: Doing with no auth
host:

GET /D2/neg HTTP/1.1
HOST:
Accept: text/html

GET /D2/neg HTTP/1.1
HOST:
Accept: text/html
Accept-Language: fr

GET /D2/neg HTTP/1.1
Accept-Language: es
Host:

GET /D2/neg HTTP/1.1
Accept-Language: es
Accept: foo/bar
Host:



GET /D2/neg HTTP/1.1
X-comment: Doing with bad auth
AUTHorization:
host:

GET /D2/neg HTTP/1.1
AUTHorization: Basic ==
HOST:
Accept: text/html

GET /D2/neg HTTP/1.1
HOST:
Accept: text/html
AUTHorization: Basic
Accept-Language: fr

GET /D2/neg HTTP/1.1
Accept-Language: es
AUTHorization: Basic alfkjal
Host:

GET /D2/neg HTTP/1.1
Accept-Language: es
Accept: foo/bar
AUTHorization: alfkjal
Host:




GET /D2/neg HTTP/1.1
X-comment: Doing with good auth
AUTHorization: Basic Zm9vOmJhcg==
host:

GET /D2/neg HTTP/1.1
AUTHorization: Basic Zm9vOmJhcg==
HOST:
Accept: text/html

GET /D2/neg HTTP/1.1
HOST:
AUTHorization: Basic Zm9vOmJhcg==
Accept: text/html
Accept-Language: fr

GET /D2/neg HTTP/1.1
AUTHorization: Basic Zm9vOmJhcg==
Accept-Language: es
Host:

GET /D2/neg HTTP/1.1
Accept-Language: es
AUTHorization: Basic Zm9vOmJhcg==
Accept: foo/bar
Host:








GET /A3/neg HTTP/1.1
X-comment2: Again with /A3/
X-comment: Doing with no auth
host:

GET /A3/neg HTTP/1.1
HOST:
Accept: text/html

GET /A3/neg HTTP/1.1
HOST:
Accept: text/html
Accept-Language: fr

GET /A3/neg HTTP/1.1
Accept-Language: es
Host:

GET /A3/neg HTTP/1.1
Accept-Language: es
Accept: foo/bar
Host:



GET /A3/neg HTTP/1.1
X-comment: Doing with bad auth
AUTHorization:Basic
host:

GET /A3/neg HTTP/1.1
AUTHorization: Basic ==
HOST:
Accept: text/html

GET /A3/neg HTTP/1.1
HOST:
Accept: text/html
AUTHorization: Basic eAo=
Accept-Language: fr

GET /A3/neg HTTP/1.1
Accept-Language: es
AUTHorization: Basic alfkjal
Host:

GET /A3/neg HTTP/1.1
Accept-Language: es
Accept: foo/bar
AUTHorization: alfkjal
Host:




GET /A3/neg HTTP/1.1
X-comment: Doing with good auth
AUTHorization: Basic Zm9vOmJhcg==
host:

GET /A3/neg HTTP/1.1
AUTHorization: Basic Zm9vOmJhcg==
HOST:
Accept: text/html

GET /A3/neg HTTP/1.1
HOST:
AUTHorization: Basic Zm9vOmJhcg==
Accept: text/html
Accept-Language: fr

GET /A3/neg HTTP/1.1
AUTHorization: Basic Zm9vOmJhcg==
Accept-Language: es
Host:

GET /A3/neg HTTP/1.1
Accept-Language: es
AUTHorization: Basic Zm9vOmJhcg==
Accept: foo/bar
Host:





GET /neg HTTP/1.1
Accept-Language: it
HOST


DEBUG tests/http11_tests.c:79: json PARSING: 0 of 1114 at GET /A2/conf-tst13/hex HTTP/1.1
AUTHorization: Basic Zm9vOmJhcg==
Host:

GET /A3/conf-tst13/string HTTP/1.1
AUTHorization: Basic Zm9vOmJhcg==
Host:

GET /D2/conf-tst13/byte HTTP/1.1
Host:


GET /D2/conf-tst13/hex HTTP/1.1
Accept-Encoding: gzip
Host:

GET /A2/conf-tst13/string HTTP/1.1
AUTHorization: Basic Zm9vOmJhcg==
Accept-Encoding: gzip
Host:

GET /A3/conf-tst13/byte HTTP/1.1
AUTHorization: Basic Zm9vOmJhcg==
Accept-Encoding: gzip
Host:


GET /A3/conf-tst13/hex HTTP/1.1
Accept-Encoding: bzip2
AUTHorization: Basic Zm9vOmJhcg==
Host:

GET /D2/conf-tst13/string HTTP/1.1
Accept-Encoding: bzip2
Host:

GET /A1/conf-tst13/byte HTTP/1.1
AUTHorization: Basic Zm9vOmJhcg==
Accept-Encoding: bzip2
Host:


GET /A2/conf-tst13/hex HTTP/1.1
If-Range: "79-416b8180"
AUTHorization: Basic Zm9vOmJhcg==
Accept-Encoding: gzip
Range: bytes=1-1
Host:

GET /A3/conf-tst13/string HTTP/1.1
If-Range: "79-416b8180"
Accept-Encoding: bzip2
Range: bytes=1-1
Host:
AUTHorization: Basic Zm9vOmJhcg==

GET /D2/conf-tst13/byte HTTP/1.1
If-Range: "79-416b8180"
Range: bytes=1-1
Host:
AUTHorization: Basic Zm9vOmJhcg==
Connection: close


DEBUG tests/http11_tests.c:98: TEST tests/and_suite/ex_httpd_conf_13_tst_4 results: delta 73, has_error: 0, is_finished: 1
DEBUG tests/http11_tests.c:79: json PARSING: 73 of 1114 at GET /A3/conf-tst13/string HTTP/1.1
AUTHorization: Basic Zm9vOmJhcg==
Host:

GET /D2/conf-tst13/byte HTTP/1.1
Host:


GET /D2/conf-tst13/hex HTTP/1.1
Accept-Encoding: gzip
Host:

GET /A2/conf-tst13/string HTTP/1.1
AUTHorization: Basic Zm9vOmJhcg==
Accept-Encoding: gzip
Host:

GET /A3/conf-tst13/byte HTTP/1.1
AUTHorization: Basic Zm9vOmJhcg==
Accept-Encoding: gzip
Host:


GET /A3/conf-tst13/hex HTTP/1.1
Accept-Encoding: bzip2
AUTHorization: Basic Zm9vOmJhcg==
Host:

GET /D2/conf-tst13/string HTTP/1.1
Accept-Encoding: bzip2
Host:

GET /A1/conf-tst13/byte HTTP/1.1
AUTHorization: Basic Zm9vOmJhcg==
Accept-Encoding: bzip2
Host:


GET /A2/conf-tst13/hex HTTP/1.1
If-Range: "79-416b8180"
AUTHorization: Basic Zm9vOmJhcg==
Accept-Encoding: gzip
Range: bytes=1-1
Host:

GET /A3/conf-tst13/string HTTP/1.1
If-Range: "79-416b8180"
Accept-Encoding: bzip2
Range: bytes=1-1
Host:
AUTHorization: Basic Zm9vOmJhcg==

GET /D2/conf-tst13/byte HTTP/1.1
If-Range: "79-416b8180"
Range: bytes=1-1
Host:
AUTHorization: Basic Zm9vOmJhcg==
Connection: close


DEBUG tests/http11_tests.c:98: TEST tests/and_suite/ex_httpd_conf_13_tst_4 results: delta 149, has_error: 0, is_finished: 1
DEBUG tests/http11_tests.c:79: json PARSING: 149 of 1114 at GET /D2/conf-tst13/byte HTTP/1.1
Host:


GET /D2/conf-tst13/hex HTTP/1.1
Accept-Encoding: gzip
Host:

GET /A2/conf-tst13/string HTTP/1.1
AUTHorization: Basic Zm9vOmJhcg==
Accept-Encoding: gzip
Host:

GET /A3/conf-tst13/byte HTTP/1.1
AUTHorization: Basic Zm9vOmJhcg==
Accept-Encoding: gzip
Host:


GET /A3/conf-tst13/hex HTTP/1.1
Accept-Encoding: bzip2
AUTHorization: Basic Zm9vOmJhcg==
Host:

GET /D2/conf-tst13/string HTTP/1.1
Accept-Encoding: bzip2
Host:

GET /A1/conf-tst13/byte HTTP/1.1
AUTHorization: Basic Zm9vOmJhcg==
Accept-Encoding: bzip2
Host:


GET /A2/conf-tst13/hex HTTP/1.1
If-Range: "79-416b8180"
AUTHorization: Basic Zm9vOmJhcg==
Accept-Encoding: gzip
Range: bytes=1-1
Host:

GET /A3/conf-tst13/string HTTP/1.1
If-Range: "79-416b8180"
Accept-Encoding: bzip2
Range: bytes=1-1
Host:
AUTHorization: Basic Zm9vOmJhcg==

GET /D2/conf-tst13/byte HTTP/1.1
If-Range: "79-416b8180"
Range: bytes=1-1
Host:
AUTHorization: Basic Zm9vOmJhcg==
Connection: close


DEBUG tests/http11_tests.c:98: TEST tests/and_suite/ex_httpd_conf_13_tst_4 results: delta 189, has_error: 0, is_finished: 1
DEBUG tests/http11_tests.c:79: json PARSING: 189 of 1114 at 
GET /D2/conf-tst13/hex HTTP/1.1
Accept-Encoding: gzip
Host:

GET /A2/conf-tst13/string HTTP/1.1
AUTHorization: Basic Zm9vOmJhcg==
Accept-Encoding: gzip
Host:

GET /A3/conf-tst13/byte HTTP/1.1
AUTHorization: Basic Zm9vOmJhcg==
Accept-Encoding: gzip
Host:


GET /A3/conf-tst13/hex HTTP/1.1
Accept-Encoding: bzip2
AUTHorization: Basic Zm9vOmJhcg==
Host:

GET /D2/conf-tst13/string HTTP/1.1
Accept-Encoding: bzip2
Host:

GET /A1/conf-tst13/byte HTTP/1.1
AUTHorization: Basic Zm9vOmJhcg==
Accept-Encoding: bzip2
Host:


GET /A2/conf-tst13/hex HTTP/1.1
If-Range: "79-416b8180"
AUTHorization: Basic Zm9vOmJhcg==
Accept-Encoding: gzip
Range: bytes=1-1
Host:

GET /A3/conf-tst13/string HTTP/1.1
If-Range: "79-416b8180"
Accept-Encoding: bzip2
Range: bytes=1-1
Host:
AUTHorization: Basic Zm9vOmJhcg==

GET /D2/conf-tst13/byte HTTP/1.1
If-Range: "79-416b8180"
Range: bytes=1-1
Host:
AUTHorization: Basic Zm9vOmJhcg==
Connection: close


DEBUG tests/http11_tests.c:79: json PARSING: 0 of 277 at GET /conf-tst13/cond HTTP/1.1
Host:

GET /conf-tst13/cond HTTP/1.1
Host:
Referer: www.example.com

GET /conf-tst13/cond HTTP/1.1
Host:
Referer: http://www.example.com/index.html
Accept-Encoding: gzip

GET /conf-tst13/cond HTTP/1.1
Host:
Referer: example.com
Connection: close


DEBUG tests/http11_tests.c:98: TEST tests/and_suite/ex_httpd_conf_13_tst_5 results: delta 37, has_error: 0, is_finished: 1
DEBUG tests/http11_tests.c:79: json PARSING: 37 of 277 at GET /conf-tst13/cond HTTP/1.1
Host:
Referer: www.example.com

GET /conf-tst13/cond HTTP/1.1
Host:
Referer: http://www.example.com/index.html
Accept-Encoding: gzip

GET /conf-tst13/cond HTTP/1.1
Host:
Referer: example.com
Connection: close


DEBUG tests/http11_tests.c:98: TEST tests/and_suite/ex_httpd_conf_13_tst_5 results: delta 99, has_error: 0, is_finished: 1
DEBUG tests/http11_tests.c:79: json PARSING: 99 of 277 at GET /conf-tst13/cond HTTP/1.1
Host:
Referer: http://www.example.com/index.html
Accept-Encoding: gzip

GET /conf-tst13/cond HTTP/1.1
Host:
Referer: example.com
Connection: close


DEBUG tests/http11_tests.c:98: TEST tests/and_suite/ex_httpd_conf_13_tst_5 results: delta 201, has_error: 0, is_finished: 1
DEBUG tests/http11_tests.c:79: json PARSING: 201 of 277 at GET /conf-tst13/cond HTTP/1.1
Host:
Referer: example.com
Connection: close


DEBUG tests/http11_tests.c:98: TEST tests/and_suite/ex_httpd_conf_13_tst_5 results: delta 277, has_error: 0, is_finished: 1
DEBUG tests/http11_tests.c:79: json PARSING: 0 of 305 at GET /index.html HTTP/1.0
Connection: keep-alive

HEAD /index.html HTTP/1.0
Connection: keep-alive

HEAD /index HTTP/1.0
Connection: keep-alive

HEAD /nothere/5.1-switch-5.3 HTTP/1.0
Connection: keep-alive

HEAD /index.html HTTP/1.0
Connection: keep-alive

GET /index HTTP/1.1
Host:

HEAD /index HTTP/1.0


DEBUG tests/http11_tests.c:98: TEST tests/and_suite/ex_httpd_conf_5_tst_1 results: delta 49, has_error: 0, is_finished: 1
DEBUG tests/http11_tests.c:79: json PARSING: 49 of 305 at HEAD /index.html HTTP/1.0
Connection: keep-alive

HEAD /index HTTP/1.0
Connection: keep-alive

HEAD /nothere/5.1-switch-5.3 HTTP/1.0
Connection: keep-alive

HEAD /index.html HTTP/1.0
Connection: keep-alive

GET /index HTTP/1.1
Host:

HEAD /index HTTP/1.0


DEBUG tests/http11_tests.c:98: TEST tests/and_suite/ex_httpd_conf_5_tst_1 results: delta 99, has_error: 0, is_finished: 1
DEBUG tests/http11_tests.c:79: json PARSING: 99 of 305 at HEAD /index HTTP/1.0
Connection: keep-alive

HEAD /nothere/5.1-switch-5.3 HTTP/1.0
Connection: keep-alive

HEAD /index.html HTTP/1.0
Connection: keep-alive

GET /index HTTP/1.1
Host:

HEAD /index HTTP/1.0


DEBUG tests/http11_tests.c:98: TEST tests/and_suite/ex_httpd_conf_5_tst_1 results: delta 144, has_error: 0, is_finished: 1
DEBUG tests/http11_tests.c:79: json PARSING: 144 of 305 at HEAD /nothere/5.1-switch-5.3 HTTP/1.0
Connection: keep-alive

HEAD /index.html HTTP/1.0
Connection: keep-alive

GET /index HTTP/1.1
Host:

HEAD /index HTTP/1.0


DEBUG tests/http11_tests.c:98: TEST tests/and_suite/ex_httpd_conf_5_tst_1 results: delta 206, has_error: 0, is_finished: 1
DEBUG tests/http11_tests.c:79: json PARSING: 206 of 305 at HEAD /index.html HTTP/1.0
Connection: keep-alive

GET /index HTTP/1.1
Host:

HEAD /index HTTP/1.0


DEBUG tests/http11_tests.c:98: TEST tests/and_suite/ex_httpd_conf_5_tst_1 results: delta 256, has_error: 0, is_finished: 1
DEBUG tests/http11_tests.c:79: json PARSING: 256 of 305 at GET /index HTTP/1.1
Host:

HEAD /index HTTP/1.0


DEBUG tests/http11_tests.c:98: TEST tests/and_suite/ex_httpd_conf_5_tst_1 results: delta 283, has_error: 0, is_finished: 1
DEBUG tests/http11_tests.c:79: json PARSING: 283 of 305 at HEAD /index HTTP/1.0


DEBUG tests/http11_tests.c:98: TEST tests/and_suite/ex_httpd_conf_5_tst_1 results: delta 305, has_error: 0, is_finished: 1
DEBUG tests/http11_tests.c:79: json PARSING: 0 of 380 at HEAD / HTTP/1.1
Host: foo.example.com
Range: bytes = 0-1 , 2-4 ,
               4 - 8

HEAD /nothere/5.1-switch-5.2 HTTP/1.1
Host: foo.example.com

HEAD / HTTP/1.1
Host: foo.example.com
Range: bytes = 0-1 , 2-4 ,
               4 - 8

HEAD / HTTP/1.1
Host: foo.example.com
Range: bytes = 0-1 , 2-4

GET / HTTP/1.1
Connection: close
Host: foo.example.com
Range: bytes = 0-1 , 2-4


DEBUG tests/http11_tests.c:98: TEST tests/and_suite/ex_httpd_conf_5_tst_2 results: delta 65, has_error: 1, is_finished: 0
DEBUG tests/http11_tests.c:79: json PARSING: 65 of 380 at                4 - 8

HEAD /nothere/5.1-switch-5.2 HTTP/1.1
Host: foo.example.com

HEAD / HTTP/1.1
Host: foo.example.com
Range: bytes = 0-1 , 2-4 ,
               4 - 8

HEAD / HTTP/1.1
Host: foo.example.com
Range: bytes = 0-1 , 2-4

GET / HTTP/1.1
Connection: close
Host: foo.example.com
Range: bytes = 0-1 , 2-4


DEBUG tests/http11_tests.c:79: json PARSING: 0 of 676 at HEAD / HTTP/1.1
Host: foo.example.com
Range: bytes = 0-1 , 2-4 ,
               4 - 8

HEAD /nothere/5.1-switch-5.3 HTTP/1.1
Host: foo.example.com

HEAD /there/5.2-neg-CT.html HTTP/1.1
Host: foo.example.com
Range: bytes = 0-1 , 2-4 ,
               4 - 8 ,,,

GET /there/5.2-neg-CT.html HTTP/1.1
Host: foo.example.com
Range: bytes = 0-1 , 2-4 ,
               4 - 8 ,,,

GET /there/5.2-neg-CT.html HTTP/1.1
Host: foo.example.com
Range: bytes = ,,0-1,,0-1,,0-1,,0-1,,

GET /there/5.2-neg-CT.txt HTTP/1.1
Host: foo.example.com
Range: bytes = ,,0-1,,0-1,,0-1,,0-1,,

HEAD /there/5.2-neg-CT.txt HTTP/1.1
Host: foo.example.com
Connection: close
Range: bytes = 0-1 , 2-4 ,1-,-2,4-


DEBUG tests/http11_tests.c:98: TEST tests/and_suite/ex_httpd_conf_5_tst_3 results: delta 65, has_error: 1, is_finished: 0
DEBUG tests/http11_tests.c:79: json PARSING: 65 of 676 at                4 - 8

HEAD /nothere/5.1-switch-5.3 HTTP/1.1
Host: foo.example.com

HEAD /there/5.2-neg-CT.html HTTP/1.1
Host: foo.example.com
Range: bytes = 0-1 , 2-4 ,
               4 - 8 ,,,

GET /there/5.2-neg-CT.html HTTP/1.1
Host: foo.example.com
Range: bytes = 0-1 , 2-4 ,
               4 - 8 ,,,

GET /there/5.2-neg-CT.html HTTP/1.1
Host: foo.example.com
Range: bytes = ,,0-1,,0-1,,0-1,,0-1,,

GET /there/5.2-neg-CT.txt HTTP/1.1
Host: foo.example.com
Range: bytes = ,,0-1,,0-1,,0-1,,0-1,,

HEAD /there/5.2-neg-CT.txt HTTP/1.1
Host: foo.example.com
Connection: close
Range: bytes = 0-1 , 2-4 ,1-,-2,4-


DEBUG tests/http11_tests.c:79: json PARSING: 0 of 825 at HEAD /nothere/5.1-switch-5.2 HTTP/1.0
Connection: keep-alive

GET /nothere/5.2-neg-CT HTTP/1.0
Connection: keep-alive

GET /nothere/5.2-neg-CT HTTP/1.0
Connection: keep-alive
Accept: text/plain, text/html, image/png, */*

GET /nothere/5.2-neg-CT HTTP/1.1
Host: foo.example.com
Accept: text/plain;q=0.  01, text/html;q=0.  02, image/png;q=0.  001,*/* ; q = 0

GET /nothere/5.2-neg-CT HTTP/1.1
Host: foo.example.com
Accept: text/plain;q=0.  02, text/html;q=0.  01, image/png;q=0.  001,*/* ; q = 0

GET /nothere/5.2-neg-CT HTTP/1.1
Host: foo.example.com
Accept: text/html;q=0.  01, image/png;q=0.  001,*/* ; q = 0

GET /nothere/5.2-neg-CT HTTP/1.1
Host: foo.example.com
Accept: text/plain;q=0.  02, image/png;q=0.  001,*/* ; q = 0

GET /nothere/5.2-neg-CT HTTP/1.0
Accept: text/* ; q = 0, image/png;q=0.  001,*/* ; q = 1 . 000


DEBUG tests/http11_tests.c:98: TEST tests/and_suite/ex_httpd_conf_5_tst_4 results: delta 62, has_error: 0, is_finished: 1
DEBUG tests/http11_tests.c:79: json PARSING: 62 of 825 at GET /nothere/5.2-neg-CT HTTP/1.0
Connection: keep-alive

GET /nothere/5.2-neg-CT HTTP/1.0
Connection: keep-alive
Accept: text/plain, text/html, image/png, */*

GET /nothere/5.2-neg-CT HTTP/1.1
Host: foo.example.com
Accept: text/plain;q=0.  01, text/html;q=0.  02, image/png;q=0.  001,*/* ; q = 0

GET /nothere/5.2-neg-CT HTTP/1.1
Host: foo.example.com
Accept: text/plain;q=0.  02, text/html;q=0.  01, image/png;q=0.  001,*/* ; q = 0

GET /nothere/5.2-neg-CT HTTP/1.1
Host: foo.example.com
Accept: text/html;q=0.  01, image/png;q=0.  001,*/* ; q = 0

GET /nothere/5.2-neg-CT HTTP/1.1
Host: foo.example.com
Accept: text/plain;q=0.  02, image/png;q=0.  001,*/* ; q = 0

GET /nothere/5.2-neg-CT HTTP/1.0
Accept: text/* ; q = 0, image/png;q=0.  001,*/* ; q = 1 . 000


DEBUG tests/http11_tests.c:98: TEST tests/and_suite/ex_httpd_conf_5_tst_4 results: delta 119, has_error: 0, is_finished: 1
DEBUG tests/http11_tests.c:79: json PARSING: 119 of 825 at GET /nothere/5.2-neg-CT HTTP/1.0
Connection: keep-alive
Accept: text/plain, text/html, image/png, */*

GET /nothere/5.2-neg-CT HTTP/1.1
Host: foo.example.com
Accept: text/plain;q=0.  01, text/html;q=0.  02, image/png;q=0.  001,*/* ; q = 0

GET /nothere/5.2-neg-CT HTTP/1.1
Host: foo.example.com
Accept: text/plain;q=0.  02, text/html;q=0.  01, image/png;q=0.  001,*/* ; q = 0

GET /nothere/5.2-neg-CT HTTP/1.1
Host: foo.example.com
Accept: text/html;q=0.  01, image/png;q=0.  001,*/* ; q = 0

GET /nothere/5.2-neg-CT HTTP/1.1
Host: foo.example.com
Accept: text/plain;q=0.  02, image/png;q=0.  001,*/* ; q = 0

GET /nothere/5.2-neg-CT HTTP/1.0
Accept: text/* ; q = 0, image/png;q=0.  001,*/* ; q = 1 . 000


DEBUG tests/http11_tests.c:98: TEST tests/and_suite/ex_httpd_conf_5_tst_4 results: delta 222, has_error: 0, is_finished: 1
DEBUG tests/http11_tests.c:79: json PARSING: 222 of 825 at GET /nothere/5.2-neg-CT HTTP/1.1
Host: foo.example.com
Accept: text/plain;q=0.  01, text/html;q=0.  02, image/png;q=0.  001,*/* ; q = 0

GET /nothere/5.2-neg-CT HTTP/1.1
Host: foo.example.com
Accept: text/plain;q=0.  02, text/html;q=0.  01, image/png;q=0.  001,*/* ; q = 0

GET /nothere/5.2-neg-CT HTTP/1.1
Host: foo.example.com
Accept: text/html;q=0.  01, image/png;q=0.  001,*/* ; q = 0

GET /nothere/5.2-neg-CT HTTP/1.1
Host: foo.example.com
Accept: text/plain;q=0.  02, image/png;q=0.  001,*/* ; q = 0

GET /nothere/5.2-neg-CT HTTP/1.0
Accept: text/* ; q = 0, image/png;q=0.  001,*/* ; q = 1 . 000


DEBUG tests/http11_tests.c:98: TEST tests/and_suite/ex_httpd_conf_5_tst_4 results: delta 359, has_error: 0, is_finished: 1
DEBUG tests/http11_tests.c:79: json PARSING: 359 of 825 at GET /nothere/5.2-neg-CT HTTP/1.1
Host: foo.example.com
Accept: text/plain;q=0.  02, text/html;q=0.  01, image/png;q=0.  001,*/* ; q = 0

GET /nothere/5.2-neg-CT HTTP/1.1
Host: foo.example.com
Accept: text/html;q=0.  01, image/png;q=0.  001,*/* ; q = 0

GET /nothere/5.2-neg-CT HTTP/1.1
Host: foo.example.com
Accept: text/plain;q=0.  02, image/png;q=0.  001,*/* ; q = 0

GET /nothere/5.2-neg-CT HTTP/1.0
Accept: text/* ; q = 0, image/png;q=0.  001,*/* ; q = 1 . 000


DEBUG tests/http11_tests.c:98: TEST tests/and_suite/ex_httpd_conf_5_tst_4 results: delta 496, has_error: 0, is_finished: 1
DEBUG tests/http11_tests.c:79: json PARSING: 496 of 825 at GET /nothere/5.2-neg-CT HTTP/1.1
Host: foo.example.com
Accept: text/html;q=0.  01, image/png;q=0.  001,*/* ; q = 0

GET /nothere/5.2-neg-CT HTTP/1.1
Host: foo.example.com
Accept: text/plain;q=0.  02, image/png;q=0.  001,*/* ; q = 0

GET /nothere/5.2-neg-CT HTTP/1.0
Accept: text/* ; q = 0, image/png;q=0.  001,*/* ; q = 1 . 000


DEBUG tests/http11_tests.c:98: TEST tests/and_suite/ex_httpd_conf_5_tst_4 results: delta 612, has_error: 0, is_finished: 1
DEBUG tests/http11_tests.c:79: json PARSING: 612 of 825 at GET /nothere/5.2-neg-CT HTTP/1.1
Host: foo.example.com
Accept: text/plain;q=0.  02, image/png;q=0.  001,*/* ; q = 0

GET /nothere/5.2-neg-CT HTTP/1.0
Accept: text/* ; q = 0, image/png;q=0.  001,*/* ; q = 1 . 000


DEBUG tests/http11_tests.c:98: TEST tests/and_suite/ex_httpd_conf_5_tst_4 results: delta 729, has_error: 0, is_finished: 1
DEBUG tests/http11_tests.c:79: json PARSING: 729 of 825 at GET /nothere/5.2-neg-CT HTTP/1.0
Accept: text/* ; q = 0, image/png;q=0.  001,*/* ; q = 1 . 000


DEBUG tests/http11_tests.c:98: TEST tests/and_suite/ex_httpd_conf_5_tst_4 results: delta 825, has_error: 0, is_finished: 1
DEBUG tests/http11_tests.c:79: json PARSING: 0 of 1448 at HEAD /nothere/5.1-switch-5.2 HTTP/1.0
Connection: keep-alive

GET /nothere/5.2-neg-AL HTTP/1.0
Connection: keep-alive

GET /nothere/5.2-neg-AL HTTP/1.0
Connection: keep-alive
Accept-Language: en

GET /nothere/5.2-neg-AL HTTP/1.1
Host: foo.example.com
Accept-Language: en ; q=0.  01, fr;q=0.  02, jp;q=0.4, jp-foo;q=0.8,* ; q = 1

GET /nothere/5.2-neg-AL HTTP/1.1
Host: foo.example.com
Accept-Language: ,  
                 * ; q = 1, jp-foo;q=0.8,jp;q=0.4,fr;q=0.  02,en ; q=0.  01, 

GET /nothere/5.2-neg-AL HTTP/1.1
Host: foo.example.com
Accept-Language: en ; q=0.  03, fr;q=0.  8, jp;q=0.2, jp-foo;q=0.1,* ; q = 1

GET /nothere/5.2-neg-AL HTTP/1.1
Host: foo.example.com
Accept-Language: en ; q=0.  03, fr;q=0.  04, jp;q=0.8, jp-foo;q=0.1,* ; q = 1

GET /nothere/5.2-neg-AL HTTP/1.1
Host: foo.example.com
Accept-Language: en ; q=0.  03, jp;q=0.2, jp-foo;q=0.1,* ; q = 1

GET /nothere/5.2-neg-AL HTTP/1.1
Host: foo.example.com
Accept-Language: en ; q=0.  03, fr;q=0.  8, * ; q = 1

GET /nothere/5.2-neg-AL HTTP/1.1
Host: foo.example.com
Accept-Language: en-gb ; q=0.  003, fr;q=0.  004,* ; q = 0

GET /nothere/5.2-neg-AL HTTP/1.1
Host: foo.example.com
Accept-Language: en-gb ; q=0.  03, fr;q=0.  004,* ; q = 0

GET /nothere/5.2-neg-AL HTTP/1.1
Host: foo.example.com
Accept-Language: ,* ; q = 0 ,
                 en-GB ; q=0.  003, en-US ; q=0.  03, fr;q=0.  004
Accept-Encoding: gzip

GET /nothere/5.2-neg-AL HTTP/1.0
Accept-Language: * ; q = 0


DEBUG tests/http11_tests.c:98: TEST tests/and_suite/ex_httpd_conf_5_tst_5 results: delta 62, has_error: 0, is_finished: 1
DEBUG tests/http11_tests.c:79: json PARSING: 62 of 1448 at GET /nothere/5.2-neg-AL HTTP/1.0
Connection: keep-alive

GET /nothere/5.2-neg-AL HTTP/1.0
Connection: keep-alive
Accept-Language: en

GET /nothere/5.2-neg-AL HTTP/1.1
Host: foo.example.com
Accept-Language: en ; q=0.  01, fr;q=0.  02, jp;q=0.4, jp-foo;q=0.8,* ; q = 1

GET /nothere/5.2-neg-AL HTTP/1.1
Host: foo.example.com
Accept-Language: ,  
                 * ; q = 1, jp-foo;q=0.8,jp;q=0.4,fr;q=0.  02,en ; q=0.  01, 

GET /nothere/5.2-neg-AL HTTP/1.1
Host: foo.example.com
Accept-Language: en ; q=0.  03, fr;q=0.  8, jp;q=0.2, jp-foo;q=0.1,* ; q = 1

GET /nothere/5.2-neg-AL HTTP/1.1
Host: foo.example.com
Accept-Language: en ; q=0.  03, fr;q=0.  04, jp;q=0.8, jp-foo;q=0.1,* ; q = 1

GET /nothere/5.2-neg-AL HTTP/1.1
Host: foo.example.com
Accept-Language: en ; q=0.  03, jp;q=0.2, jp-foo;q=0.1,* ; q = 1

GET /nothere/5.2-neg-AL HTTP/1.1
Host: foo.example.com
Accept-Language: en ; q=0.  03, fr;q=0.  8, * ; q = 1

GET /nothere/5.2-neg-AL HTTP/1.1
Host: foo.example.com
Accept-Language: en-gb ; q=0.  003, fr;q=0.  004,* ; q = 0

GET /nothere/5.2-neg-AL HTTP/1.1
Host: foo.example.com
Accept-Language: en-gb ; q=0.  03, fr;q=0.  004,* ; q = 0

GET /nothere/5.2-neg-AL HTTP/1.1
Host: foo.example.com
Accept-Language: ,* ; q = 0 ,
                 en-GB ; q=0.  003, en-US ; q=0.  03, fr;q=0.  004
Accept-Encoding: gzip

GET /nothere/5.2-neg-AL HTTP/1.0
Accept-Language: * ; q = 0


DEBUG tests/http11_tests.c:98: TEST tests/and_suite/ex_httpd_conf_5_tst_5 results: delta 119, has_error: 0, is_finished: 1
DEBUG tests/http11_tests.c:79: json PARSING: 119 of 1448 at GET /nothere/5.2-neg-AL HTTP/1.0
Connection: keep-alive
Accept-Language: en

GET /nothere/5.2-neg-AL HTTP/1.1
Host: foo.example.com
Accept-Language: en ; q=0.  01, fr;q=0.  02, jp;q=0.4, jp-foo;q=0.8,* ; q = 1

GET /nothere/5.2-neg-AL HTTP/1.1
Host: foo.example.com
Accept-Language: ,  
                 * ; q = 1, jp-foo;q=0.8,jp;q=0.4,fr;q=0.  02,en ; q=0.  01, 

GET /nothere/5.2-neg-AL HTTP/1.1
Host: foo.example.com
Accept-Language: en ; q=0.  03, fr;q=0.  8, jp;q=0.2, jp-foo;q=0.1,* ; q = 1

GET /nothere/5.2-neg-AL HTTP/1.1
Host: foo.example.com
Accept-Language: en ; q=0.  03, fr;q=0.  04, jp;q=0.8, jp-foo;q=0.1,* ; q = 1

GET /nothere/5.2-neg-AL HTTP/1.1
Host: foo.example.com
Accept-Language: en ; q=0.  03, jp;q=0.2, jp-foo;q=0.1,* ; q = 1

GET /nothere/5.2-neg-AL HTTP/1.1
Host: foo.example.com
Accept-Language: en ; q=0.  03, fr;q=0.  8, * ; q = 1

GET /nothere/5.2-neg-AL HTTP/1.1
Host: foo.example.com
Accept-Language: en-gb ; q=0.  003, fr;q=0.  004,* ; q = 0

GET /nothere/5.2-neg-AL HTTP/1.1
Host: foo.example.com
Accept-Language: en-gb ; q=0.  03, fr;q=0.  004,* ; q = 0

GET /nothere/5.2-neg-AL HTTP/1.1
Host: foo.example.com
Accept-Language: ,* ; q = 0 ,
                 en-GB ; q=0.  003, en-US ; q=0.  03, fr;q=0.  004
Accept-Encoding: gzip

GET /nothere/5.2-neg-AL HTTP/1.0
Accept-Language: * ; q = 0


DEBUG tests/http11_tests.c:98: TEST tests/and_suite/ex_httpd_conf_5_tst_5 results: delta 196, has_error: 0, is_finished: 1
DEBUG tests/http11_tests.c:79: json PARSING: 196 of 1448 at GET /nothere/5.2-neg-AL HTTP/1.1
Host: foo.example.com
Accept-Language: en ; q=0.  01, fr;q=0.  02, jp;q=0.4, jp-foo;q=0.8,* ; q = 1

GET /nothere/5.2-neg-AL HTTP/1.1
Host: foo.example.com
Accept-Language: ,  
                 * ; q = 1, jp-foo;q=0.8,jp;q=0.4,fr;q=0.  02,en ; q=0.  01, 

GET /nothere/5.2-neg-AL HTTP/1.1
Host: foo.example.com
Accept-Language: en ; q=0.  03, fr;q=0.  8, jp;q=0.2, jp-foo;q=0.1,* ; q = 1

GET /nothere/5.2-neg-AL HTTP/1.1
Host: foo.example.com
Accept-Language: en ; q=0.  03, fr;q=0.  04, jp;q=0.8, jp-foo;q=0.1,* ; q = 1

GET /nothere/5.2-neg-AL HTTP/1.1
Host: foo.example.com
Accept-Language: en ; q=0.  03, jp;q=0.2, jp-foo;q=0.1,* ; q = 1

GET /nothere/5.2-neg-AL HTTP/1.1
Host: foo.example.com
Accept-Language: en ; q=0.  03, fr;q=0.  8, * ; q = 1

GET /nothere/5.2-neg-AL HTTP/1.1
Host: foo.example.com
Accept-Language: en-gb ; q=0.  003, fr;q=0.  004,* ; q = 0

GET /nothere/5.2-neg-AL HTTP/1.1
Host: foo.example.com
Accept-Language: en-gb ; q=0.  03, fr;q=0.  004,* ; q = 0

GET /nothere/5.2-neg-AL HTTP/1.1
Host: foo.example.com
Accept-Language: ,* ; q = 0 ,
                 en-GB ; q=0.  003, en-US ; q=0.  03, fr;q=0.  004
Accept-Encoding: gzip

GET /nothere/5.2-neg-AL HTTP/1.0
Accept-Language: * ; q = 0


DEBUG tests/http11_tests.c:98: TEST tests/and_suite/ex_httpd_conf_5_tst_5 results: delta 330, has_error: 0, is_finished: 1
DEBUG tests/http11_tests.c:79: json PARSING: 330 of 1448 at GET /nothere/5.2-neg-AL HTTP/1.1
Host: foo.example.com
Accept-Language: ,  
                 * ; q = 1, jp-foo;q=0.8,jp;q=0.4,fr;q=0.  02,en ; q=0.  01, 

GET /nothere/5.2-neg-AL HTTP/1.1
Host: foo.example.com
Accept-Language: en ; q=0.  03, fr;q=0.  8, jp;q=0.2, jp-foo;q=0.1,* ; q = 1

GET /nothere/5.2-neg-AL HTTP/1.1
Host: foo.example.com
Accept-Language: en ; q=0.  03, fr;q=0.  04, jp;q=0.8, jp-foo;q=0.1,* ; q = 1

GET /nothere/5.2-neg-AL HTTP/1.1
Host: foo.example.com
Accept-Language: en ; q=0.  03, jp;q=0.2, jp-foo;q=0.1,* ; q = 1

GET /nothere/5.2-neg-AL HTTP/1.1
Host: foo.example.com
Accept-Language: en ; q=0.  03, fr;q=0.  8, * ; q = 1

GET /nothere/5.2-neg-AL HTTP/1.1
Host: foo.example.com
Accept-Language: en-gb ; q=0.  003, fr;q=0.  004,* ; q = 0

GET /nothere/5.2-neg-AL HTTP/1.1
Host: foo.example.com
Accept-Language: en-gb ; q=0.  03, fr;q=0.  004,* ; q = 0

GET /nothere/5.2-neg-AL HTTP/1.1
Host: foo.example.com
Accept-Language: ,* ; q = 0 ,
                 en-GB ; q=0.  003, en-US ; q=0.  03, fr;q=0.  004
Accept-Encoding: gzip

GET /nothere/5.2-neg-AL HTTP/1.0
Accept-Language: * ; q = 0


DEBUG tests/http11_tests.c:98: TEST tests/and_suite/ex_httpd_conf_5_tst_5 results: delta 406, has_error: 1, is_finished: 0
DEBUG tests/http11_tests.c:79: json PARSING: 406 of 1448 at                  * ; q = 1, jp-foo;q=0.8,jp;q=0.4,fr;q=0.  02,en ; q=0.  01, 

GET /nothere/5.2-neg-AL HTTP/1.1
Host: foo.example.com
Accept-Language: en ; q=0.  03, fr;q=0.  8, jp;q=0.2, jp-foo;q=0.1,* ; q = 1

GET /nothere/5.2-neg-AL HTTP/1.1
Host: foo.example.com
Accept-Language: en ; q=0.  03, fr;q=0.  04, jp;q=0.8, jp-foo;q=0.1,* ; q = 1

GET /nothere/5.2-neg-AL HTTP/1.1
Host: foo.example.com
Accept-Language: en ; q=0.  03, jp;q=0.2, jp-foo;q=0.1,* ; q = 1

GET /nothere/5.2-neg-AL HTTP/1.1
Host: foo.example.com
Accept-Language: en ; q=0.  03, fr;q=0.  8, * ; q = 1

GET /nothere/5.2-neg-AL HTTP/1.1
Host: foo.example.com
Accept-Language: en-gb ; q=0.  003, fr;q=0.  004,* ; q = 0

GET /nothere/5.2-neg-AL HTTP/1.1
Host: foo.example.com
Accept-Language: en-gb ; q=0.  03, fr;q=0.  004,* ; q = 0

GET /nothere/5.2-neg-AL HTTP/1.1
Host: foo.example.com
Accept-Language: ,* ; q = 0 ,
                 en-GB ; q=0.  003, en-US ; q=0.  03, fr;q=0.  004
Accept-Encoding: gzip

GET /nothere/5.2-neg-AL HTTP/1.0
Accept-Language: * ; q = 0


DEBUG tests/http11_tests.c:79: json PARSING: 0 of 1015 at HEAD /nothere/5.1-switch-5.2 HTTP/1.0
Connection: keep-alive

GET /nothere/5.2-neg HTTP/1.0
Connection: keep-alive

GET /nothere/5.2-neg HTTP/1.0
Connection: keep-alive
Accept-Language: en
Accept: text/*, */*;q=0

GET /nothere/5.2-neg HTTP/1.1
Host: foo.example.com
Accept-Language: en ; q=0.  01, fr;q=0.  02, JP;q=0.4, JP-foo;q=0.8,* ; q = 1
Accept: text/html, */*;q=0

GET /nothere/5.2-neg HTTP/1.1
Host: foo.example.com
Accept-Language: en ; q=0.  01, JP;q=0.4, JP-foo;q=0.8,* ; q = 1
Accept: text/html;q=0.9, */*

GET /nothere/5.2-neg HTTP/1.1
Host: foo.example.com
Accept-Language: ,*,en ; q=0.  01, fr;q=0.  02, JP;q=0.4, JP-foo;q=0.8,
Accept: ,*/*,text/html;q=0.9,

GET /nothere/5.2-neg HTTP/1.0
Accept-Language: * ; q = 0
Connection: keep-alive
Accept: bing/bong;level=1;foo="bar",*/*;q=0

GET /nothere/5.2-neg HTTP/1.0
Accept-Language: * ; q = 0 , fr
Accept: text/html;level=1;foo="zoomer\\\"abcd",*/*;q=0
Connection: keep-alive

GET /nothere/5.2-neg HTTP/1.0
Accept-Language: * ; q = 0
Accept: ,*/*;q=0


DEBUG tests/http11_tests.c:98: TEST tests/and_suite/ex_httpd_conf_5_tst_6 results: delta 62, has_error: 0, is_finished: 1
DEBUG tests/http11_tests.c:79: json PARSING: 62 of 1015 at GET /nothere/5.2-neg HTTP/1.0
Connection: keep-alive

GET /nothere/5.2-neg HTTP/1.0
Connection: keep-alive
Accept-Language: en
Accept: text/*, */*;q=0

GET /nothere/5.2-neg HTTP/1.1
Host: foo.example.com
Accept-Language: en ; q=0.  01, fr;q=0.  02, JP;q=0.4, JP-foo;q=0.8,* ; q = 1
Accept: text/html, */*;q=0

GET /nothere/5.2-neg HTTP/1.1
Host: foo.example.com
Accept-Language: en ; q=0.  01, JP;q=0.4, JP-foo;q=0.8,* ; q = 1
Accept: text/html;q=0.9, */*

GET /nothere/5.2-neg HTTP/1.1
Host: foo.example.com
Accept-Language: ,*,en ; q=0.  01, fr;q=0.  02, JP;q=0.4, JP-foo;q=0.8,
Accept: ,*/*,text/html;q=0.9,

GET /nothere/5.2-neg HTTP/1.0
Accept-Language: * ; q = 0
Connection: keep-alive
Accept: bing/bong;level=1;foo="bar",*/*;q=0

GET /nothere/5.2-neg HTTP/1.0
Accept-Language: * ; q = 0 , fr
Accept: text/html;level=1;foo="zoomer\\\"abcd",*/*;q=0
Connection: keep-alive

GET /nothere/5.2-neg HTTP/1.0
Accept-Language: * ; q = 0
Accept: ,*/*;q=0


DEBUG tests/http11_tests.c:98: TEST tests/and_suite/ex_httpd_conf_5_tst_6 results: delta 116, has_error: 0, is_finished: 1
DEBUG tests/http11_tests.c:79: json PARSING: 116 of 1015 at GET /nothere/5.2-neg HTTP/1.0
Connection: keep-alive
Accept-Language: en
Accept: text/*, */*;q=0

GET /nothere/5.2-neg HTTP/1.1
Host: foo.example.com
Accept-Language: en ; q=0.  01, fr;q=0.  02, JP;q=0.4, JP-foo;q=0.8,* ; q = 1
Accept: text/html, */*;q=0

GET /nothere/5.2-neg HTTP/1.1
Host: foo.example.com
Accept-Language: en ; q=0.  01, JP;q=0.4, JP-foo;q=0.8,* ; q = 1
Accept: text/html;q=0.9, */*

GET /nothere/5.2-neg HTTP/1.1
Host: foo.example.com
Accept-Language: ,*,en ; q=0.  01, fr;q=0.  02, JP;q=0.4, JP-foo;q=0.8,
Accept: ,*/*,text/html;q=0.9,

GET /nothere/5.2-neg HTTP/1.0
Accept-Language: * ; q = 0
Connection: keep-alive
Accept: bing/bong;level=1;foo="bar",*/*;q=0

GET /nothere/5.2-neg HTTP/1.0
Accept-Language: * ; q = 0 , fr
Accept: text/html;level=1;foo="zoomer\\\"abcd",*/*;q=0
Connection: keep-alive

GET /nothere/5.2-neg HTTP/1.0
Accept-Language: * ; q = 0
Accept: ,*/*;q=0


DEBUG tests/http11_tests.c:98: TEST tests/and_suite/ex_httpd_conf_5_tst_6 results: delta 214, has_error: 0, is_finished: 1
DEBUG tests/http11_tests.c:79: json PARSING: 214 of 1015 at GET /nothere/5.2-neg HTTP/1.1
Host: foo.example.com
Accept-Language: en ; q=0.  01, fr;q=0.  02, JP;q=0.4, JP-foo;q=0.8,* ; q = 1
Accept: text/html, */*;q=0

GET /nothere/5.2-neg HTTP/1.1
Host: foo.example.com
Accept-Language: en ; q=0.  01, JP;q=0.4, JP-foo;q=0.8,* ; q = 1
Accept: text/html;q=0.9, */*

GET /nothere/5.2-neg HTTP/1.1
Host: foo.example.com
Accept-Language: ,*,en ; q=0.  01, fr;q=0.  02, JP;q=0.4, JP-foo;q=0.8,
Accept: ,*/*,text/html;q=0.9,

GET /nothere/5.2-neg HTTP/1.0
Accept-Language: * ; q = 0
Connection: keep-alive
Accept: bing/bong;level=1;foo="bar",*/*;q=0

GET /nothere/5.2-neg HTTP/1.0
Accept-Language: * ; q = 0 , fr
Accept: text/html;level=1;foo="zoomer\\\"abcd",*/*;q=0
Connection: keep-alive

GET /nothere/5.2-neg HTTP/1.0
Accept-Language: * ; q = 0
Accept: ,*/*;q=0


DEBUG tests/http11_tests.c:98: TEST tests/and_suite/ex_httpd_conf_5_tst_6 results: delta 372, has_error: 0, is_finished: 1
DEBUG tests/http11_tests.c:79: json PARSING: 372 of 1015 at GET /nothere/5.2-neg HTTP/1.1
Host: foo.example.com
Accept-Language: en ; q=0.  01, JP;q=0.4, JP-foo;q=0.8,* ; q = 1
Accept: text/html;q=0.9, */*

GET /nothere/5.2-neg HTTP/1.1
Host: foo.example.com
Accept-Language: ,*,en ; q=0.  01, fr;q=0.  02, JP;q=0.4, JP-foo;q=0.8,
Accept: ,*/*,text/html;q=0.9,

GET /nothere/5.2-neg HTTP/1.0
Accept-Language: * ; q = 0
Connection: keep-alive
Accept: bing/bong;level=1;foo="bar",*/*;q=0

GET /nothere/5.2-neg HTTP/1.0
Accept-Language: * ; q = 0 , fr
Accept: text/html;level=1;foo="zoomer\\\"abcd",*/*;q=0
Connection: keep-alive

GET /nothere/5.2-neg HTTP/1.0
Accept-Language: * ; q = 0
Accept: ,*/*;q=0


DEBUG tests/http11_tests.c:98: TEST tests/and_suite/ex_httpd_conf_5_tst_6 results: delta 519, has_error: 0, is_finished: 1
DEBUG tests/http11_tests.c:79: json PARSING: 519 of 1015 at GET /nothere/5.2-neg HTTP/1.1
Host: foo.example.com
Accept-Language: ,*,en ; q=0.  01, fr;q=0.  02, JP;q=0.4, JP-foo;q=0.8,
Accept: ,*/*,text/html;q=0.9,

GET /nothere/5.2-neg HTTP/1.0
Accept-Language: * ; q = 0
Connection: keep-alive
Accept: bing/bong;level=1;foo="bar",*/*;q=0

GET /nothere/5.2-neg HTTP/1.0
Accept-Language: * ; q = 0 , fr
Accept: text/html;level=1;foo="zoomer\\\"abcd",*/*;q=0
Connection: keep-alive

GET /nothere/5.2-neg HTTP/1.0
Accept-Language: * ; q = 0
Accept: ,*/*;q=0


DEBUG tests/http11_tests.c:98: TEST tests/and_suite/ex_httpd_conf_5_tst_6 results: delta 674, has_error: 0, is_finished: 1
DEBUG tests/http11_tests.c:79: json PARSING: 674 of 1015 at GET /nothere/5.2-neg HTTP/1.0
Accept-Language: * ; q = 0
Connection: keep-alive
Accept: bing/bong;level=1;foo="bar",*/*;q=0

GET /nothere/5.2-neg HTTP/1.0
Accept-Language: * ; q = 0 , fr
Accept: text/html;level=1;foo="zoomer\\\"abcd",*/*;q=0
Connection: keep-alive

GET /nothere/5.2-neg HTTP/1.0
Accept-Language: * ; q = 0
Accept: ,*/*;q=0


DEBUG tests/http11_tests.c:98: TEST tests/and_suite/ex_httpd_conf_5_tst_6 results: delta 799, has_error: 0, is_finished: 1
DEBUG tests/http11_tests.c:79: json PARSING: 799 of 1015 at GET /nothere/5.2-neg HTTP/1.0
Accept-Language: * ; q = 0 , fr
Accept: text/html;level=1;foo="zoomer\\\"abcd",*/*;q=0
Connection: keep-alive

GET /nothere/5.2-neg HTTP/1.0
Accept-Language: * ; q = 0
Accept: ,*/*;q=0


DEBUG tests/http11_tests.c:98: TEST tests/and_suite/ex_httpd_conf_5_tst_6 results: delta 940, has_error: 0, is_finished: 1
DEBUG tests/http11_tests.c:79: json PARSING: 940 of 1015 at GET /nothere/5.2-neg HTTP/1.0
Accept-Language: * ; q = 0
Accept: ,*/*;q=0


DEBUG tests/http11_tests.c:98: TEST tests/and_suite/ex_httpd_conf_5_tst_6 results: delta 1015, has_error: 0, is_finished: 1
DEBUG tests/http11_tests.c:79: json PARSING: 0 of 109 at HEAD /index.html/foo HTTP/1.0
Connection: keep-alive

HEAD /index.html/ HTTP/1.0

HEAD /index.html/ HTTP/1.0

DEBUG tests/http11_tests.c:98: TEST tests/and_suite/ex_httpd_conf_6_tst_1 results: delta 54, has_error: 0, is_finished: 1
DEBUG tests/http11_tests.c:79: json PARSING: 54 of 109 at HEAD /index.html/ HTTP/1.0

HEAD /index.html/ HTTP/1.0

DEBUG tests/http11_tests.c:98: TEST tests/and_suite/ex_httpd_conf_6_tst_1 results: delta 82, has_error: 0, is_finished: 1
DEBUG tests/http11_tests.c:79: json PARSING: 82 of 109 at HEAD /index.html/ HTTP/1.0

DEBUG tests/http11_tests.c:98: TEST tests/and_suite/ex_httpd_conf_6_tst_1 results: delta 109, has_error: 0, is_finished: 0
DEBUG tests/http11_tests.c:79: json PARSING: 0 of 351 at GET / HTTP/1.1
Host: foo.EXAMPLE.Com

GET /conf1-index.html HTTP/1.1
Host: foo.EXAMPLE.com

GET /conf2/ HTTP/1.1
Host: foo.EXAMPLE.com

GET /conf3/ HTTP/1.1
Host: foo.example.COM

GET /conf4/ HTTP/1.1
Host: foo.example.com

GET /conf4 HTTP/1.1
Host: foo.example.com

GET /conf4/non-exist HTTP/1.1
Host: foo.EXAMPLE.com

GET /conf4/non-exist HTTP/1.0


DEBUG tests/http11_tests.c:98: TEST tests/and_suite/ex_httpd_conf_7_tst_1 results: delta 38, has_error: 0, is_finished: 1
DEBUG tests/http11_tests.c:79: json PARSING: 38 of 351 at GET /conf1-index.html HTTP/1.1
Host: foo.EXAMPLE.com

GET /conf2/ HTTP/1.1
Host: foo.EXAMPLE.com

GET /conf3/ HTTP/1.1
Host: foo.example.COM

GET /conf4/ HTTP/1.1
Host: foo.example.com

GET /conf4 HTTP/1.1
Host: foo.example.com

GET /conf4/non-exist HTTP/1.1
Host: foo.EXAMPLE.com

GET /conf4/non-exist HTTP/1.0


DEBUG tests/http11_tests.c:98: TEST tests/and_suite/ex_httpd_conf_7_tst_1 results: delta 92, has_error: 0, is_finished: 1
DEBUG tests/http11_tests.c:79: json PARSING: 92 of 351 at GET /conf2/ HTTP/1.1
Host: foo.EXAMPLE.com

GET /conf3/ HTTP/1.1
Host: foo.example.COM

GET /conf4/ HTTP/1.1
Host: foo.example.com

GET /conf4 HTTP/1.1
Host: foo.example.com

GET /conf4/non-exist HTTP/1.1
Host: foo.EXAMPLE.com

GET /conf4/non-exist HTTP/1.0


DEBUG tests/http11_tests.c:98: TEST tests/and_suite/ex_httpd_conf_7_tst_1 results: delta 136, has_error: 0, is_finished: 1
DEBUG tests/http11_tests.c:79: json PARSING: 136 of 351 at GET /conf3/ HTTP/1.1
Host: foo.example.COM

GET /conf4/ HTTP/1.1
Host: foo.example.com

GET /conf4 HTTP/1.1
Host: foo.example.com

GET /conf4/non-exist HTTP/1.1
Host: foo.EXAMPLE.com

GET /conf4/non-exist HTTP/1.0


DEBUG tests/http11_tests.c:98: TEST tests/and_suite/ex_httpd_conf_7_tst_1 results: delta 180, has_error: 0, is_finished: 1
DEBUG tests/http11_tests.c:79: json PARSING: 180 of 351 at GET /conf4/ HTTP/1.1
Host: foo.example.com

GET /conf4 HTTP/1.1
Host: foo.example.com

GET /conf4/non-exist HTTP/1.1
Host: foo.EXAMPLE.com

GET /conf4/non-exist HTTP/1.0


DEBUG tests/http11_tests.c:98: TEST tests/and_suite/ex_httpd_conf_7_tst_1 results: delta 224, has_error: 0, is_finished: 1
DEBUG tests/http11_tests.c:79: json PARSING: 224 of 351 at GET /conf4 HTTP/1.1
Host: foo.example.com

GET /conf4/non-exist HTTP/1.1
Host: foo.EXAMPLE.com

GET /conf4/non-exist HTTP/1.0


DEBUG tests/http11_tests.c:98: TEST tests/and_suite/ex_httpd_conf_7_tst_1 results: delta 267, has_error: 0, is_finished: 1
DEBUG tests/http11_tests.c:79: json PARSING: 267 of 351 at GET /conf4/non-exist HTTP/1.1
Host: foo.EXAMPLE.com

GET /conf4/non-exist HTTP/1.0


DEBUG tests/http11_tests.c:98: TEST tests/and_suite/ex_httpd_conf_7_tst_1 results: delta 320, has_error: 0, is_finished: 1
DEBUG tests/http11_tests.c:79: json PARSING: 320 of 351 at GET /conf4/non-exist HTTP/1.0


DEBUG tests/http11_tests.c:98: TEST tests/and_suite/ex_httpd_conf_7_tst_1 results: delta 351, has_error: 0, is_finished: 1
DEBUG tests/http11_tests.c:79: json PARSING: 0 of 1670 at GET / HTTP/1.1
Host: foo.EXAMPLE.Com
Accept: text/*, text/html;q=0

GET / HTTP/1.1
Host: foo.EXAMPLE.Com
Accept: text/*;q=0

GET /index.html.gz HTTP/1.1
Host: foo.EXAMPLE.Com
Accept: text/html

GET / HTTP/1.1
Host: foo.EXAMPLE.Com
Accept: */*;q=0
Accept-Language: en;q=0.1,fr

GET /index.html.gz HTTP/1.1
Host: foo.EXAMPLE.Com
Accept: text/*
Accept-Language: en-gb;q=0,fr

GET /index.html.gz HTTP/1.1
Host: foo.EXAMPLE.Com
Accept: text/*
Accept-Language: *;q=0

HEAD / HTTP/1.1
Host: foo.EXAMPLE.Com
Accept: text/*, text/html;q=0
Accept-Encoding: gzip

HEAD / HTTP/1.1
Host: foo.EXAMPLE.Com
Accept: text/*;q=0
Accept-Encoding: gzip

HEAD /index.html.gz HTTP/1.1
Host: foo.EXAMPLE.Com
Accept-Encoding: gzip
Accept: text/*

HEAD / HTTP/1.1
Host: foo.EXAMPLE.Com
Accept: */*;q=0
Accept-Encoding: gzip

HEAD /index.html.gz HTTP/1.1
Host: foo.EXAMPLE.Com
Accept: text/html
Accept-Language: en-gb;q=0,fr
Accept-Encoding: gzip

HEAD / HTTP/1.1
Host: foo.EXAMPLE.Com
Accept: text/*;q=0
Accept-Language: *;q=0
Accept-Encoding: gzip

HEAD /index.html.gz HTTP/1.1
Host: foo.EXAMPLE.Com
Accept: text/html
Accept-Language: en-gb;q=1.0,fr
Accept-Encoding: gzip

GET /index.html.gz HTTP/1.1
Host: foo.EXAMPLE.Com
Accept: application/x-gzip;q=0, */*
Accept-Language: en-gb;q=1.0,fr
Accept-Encoding: gzip

HEAD /index.html.gz HTTP/1.1
Host: foo.EXAMPLE.Com
Accept: application/x-gzip;q=0, */*;q=0.9, text/html;q=1
Accept-Language: fr-abcd-foo-bar;q=1.0,it
Accept-Encoding: gzip

GET / HTTP/1.1
Host: foo.EXAMPLE.Com
Accept: */*;q=0
Accept-Language: en;q=0.1,jp;q=1.0,it

GET / HTTP/1.1
Host: foo.EXAMPLE.Com
Accept: text/html;q=0
Accept-Language: en;q=0.1,it;q=1.0,jp
Connection: close


DEBUG tests/http11_tests.c:98: TEST tests/and_suite/ex_httpd_conf_7_tst_2 results: delta 68, has_error: 0, is_finished: 1
DEBUG tests/http11_tests.c:79: json PARSING: 68 of 1670 at GET / HTTP/1.1
Host: foo.EXAMPLE.Com
Accept: text/*;q=0

GET /index.html.gz HTTP/1.1
Host: foo.EXAMPLE.Com
Accept: text/html

GET / HTTP/1.1
Host: foo.EXAMPLE.Com
Accept: */*;q=0
Accept-Language: en;q=0.1,fr

GET /index.html.gz HTTP/1.1
Host: foo.EXAMPLE.Com
Accept: text/*
Accept-Language: en-gb;q=0,fr

GET /index.html.gz HTTP/1.1
Host: foo.EXAMPLE.Com
Accept: text/*
Accept-Language: *;q=0

HEAD / HTTP/1.1
Host: foo.EXAMPLE.Com
Accept: text/*, text/html;q=0
Accept-Encoding: gzip

HEAD / HTTP/1.1
Host: foo.EXAMPLE.Com
Accept: text/*;q=0
Accept-Encoding: gzip

HEAD /index.html.gz HTTP/1.1
Host: foo.EXAMPLE.Com
Accept-Encoding: gzip
Accept: text/*

HEAD / HTTP/1.1
Host: foo.EXAMPLE.Com
Accept: */*;q=0
Accept-Encoding: gzip

HEAD /index.html.gz HTTP/1.1
Host: foo.EXAMPLE.Com
Accept: text/html
Accept-Language: en-gb;q=0,fr
Accept-Encoding: gzip

HEAD / HTTP/1.1
Host: foo.EXAMPLE.Com
Accept: text/*;q=0
Accept-Language: *;q=0
Accept-Encoding: gzip

HEAD /index.html.gz HTTP/1.1
Host: foo.EXAMPLE.Com
Accept: text/html
Accept-Language: en-gb;q=1.0,fr
Accept-Encoding: gzip

GET /index.html.gz HTTP/1.1
Host: foo.EXAMPLE.Com
Accept: application/x-gzip;q=0, */*
Accept-Language: en-gb;q=1.0,fr
Accept-Encoding: gzip

HEAD /index.html.gz HTTP/1.1
Host: foo.EXAMPLE.Com
Accept: application/x-gzip;q=0, */*;q=0.9, text/html;q=1
Accept-Language: fr-abcd-foo-bar;q=1.0,it
Accept-Encoding: gzip

GET / HTTP/1.1
Host: foo.EXAMPLE.Com
Accept: */*;q=0
Accept-Language: en;q=0.1,jp;q=1.0,it

GET / HTTP/1.1
Host: foo.EXAMPLE.Com
Accept: text/html;q=0
Accept-Language: en;q=0.1,it;q=1.0,jp
Connection: close


DEBUG tests/http11_tests.c:98: TEST tests/and_suite/ex_httpd_conf_7_tst_2 results: delta 125, has_error: 0, is_finished: 1
DEBUG tests/http11_tests.c:79: json PARSING: 125 of 1670 at GET /index.html.gz HTTP/1.1
Host: foo.EXAMPLE.Com
Accept: text/html

GET / HTTP/1.1
Host: foo.EXAMPLE.Com
Accept: */*;q=0
Accept-Language: en;q=0.1,fr

GET /index.html.gz HTTP/1.1
Host: foo.EXAMPLE.Com
Accept: text/*
Accept-Language: en-gb;q=0,fr

GET /index.html.gz HTTP/1.1
Host: foo.EXAMPLE.Com
Accept: text/*
Accept-Language: *;q=0

HEAD / HTTP/1.1
Host: foo.EXAMPLE.Com
Accept: text/*, text/html;q=0
Accept-Encoding: gzip

HEAD / HTTP/1.1
Host: foo.EXAMPLE.Com
Accept: text/*;q=0
Accept-Encoding: gzip

HEAD /index.html.gz HTTP/1.1
Host: foo.EXAMPLE.Com
Accept-Encoding: gzip
Accept: text/*

HEAD / HTTP/1.1
Host: foo.EXAMPLE.Com
Accept: */*;q=0
Accept-Encoding: gzip

HEAD /index.html.gz HTTP/1.1
Host: foo.EXAMPLE.Com
Accept: text/html
Accept-Language: en-gb;q=0,fr
Accept-Encoding: gzip

HEAD / HTTP/1.1
Host: foo.EXAMPLE.Com
Accept: text/*;q=0
Accept-Language: *;q=0
Accept-Encoding: gzip

HEAD /index.html.gz HTTP/1.1
Host: foo.EXAMPLE.Com
Accept: text/html
Accept-Language: en-gb;q=1.0,fr
Accept-Encoding: gzip

GET /index.html.gz HTTP/1.1
Host: foo.EXAMPLE.Com
Accept: application/x-gzip;q=0, */*
Accept-Language: en-gb;q=1.0,fr
Accept-Encoding: gzip

HEAD /index.html.gz HTTP/1.1
Host: foo.EXAMPLE.Com
Accept: application/x-gzip;q=0, */*;q=0.9, text/html;q=1
Accept-Language: fr-abcd-foo-bar;q=1.0,it
Accept-Encoding: gzip

GET / HTTP/1.1
Host: foo.EXAMPLE.Com
Accept: */*;q=0
Accept-Language: en;q=0.1,jp;q=1.0,it

GET / HTTP/1.1
Host: foo.EXAMPLE.Com
Accept: text/html;q=0
Accept-Language: en;q=0.1,it;q=1.0,jp
Connection: close


DEBUG tests/http11_tests.c:98: TEST tests/and_suite/ex_httpd_conf_7_tst_2 results: delta 194, has_error: 0, is_finished: 1
DEBUG tests/http11_tests.c:79: json PARSING: 194 of 1670 at GET / HTTP/1.1
Host: foo.EXAMPLE.Com
Accept: */*;q=0
Accept-Language: en;q=0.1,fr

GET /index.html.gz HTTP/1.1
Host: foo.EXAMPLE.Com
Accept: text/*
Accept-Language: en-gb;q=0,fr

GET /index.html.gz HTTP/1.1
Host: foo.EXAMPLE.Com
Accept: text/*
Accept-Language: *;q=0

HEAD / HTTP/1.1
Host: foo.EXAMPLE.Com
Accept: text/*, text/html;q=0
Accept-Encoding: gzip

HEAD / HTTP/1.1
Host: foo.EXAMPLE.Com
Accept: text/*;q=0
Accept-Encoding: gzip

HEAD /index.html.gz HTTP/1.1
Host: foo.EXAMPLE.Com
Accept-Encoding: gzip
Accept: text/*

HEAD / HTTP/1.1
Host: foo.EXAMPLE.Com
Accept: */*;q=0
Accept-Encoding: gzip

HEAD /index.html.gz HTTP/1.1
Host: foo.EXAMPLE.Com
Accept: text/html
Accept-Language: en-gb;q=0,fr
Accept-Encoding: gzip

HEAD / HTTP/1.1
Host: foo.EXAMPLE.Com
Accept: text/*;q=0
Accept-Language: *;q=0
Accept-Encoding: gzip

HEAD /index.html.gz HTTP/1.1
Host: foo.EXAMPLE.Com
Accept: text/html
Accept-Language: en-gb;q=1.0,fr
Accept-Encoding: gzip

GET /index.html.gz HTTP/1.1
Host: foo.EXAMPLE.Com
Accept: application/x-gzip;q=0, */*
Accept-Language: en-gb;q=1.0,fr
Accept-Encoding: gzip

HEAD /index.html.gz HTTP/1.1
Host: foo.EXAMPLE.Com
Accept: application/x-gzip;q=0, */*;q=0.9, text/html;q=1
Accept-Language: fr-abcd-foo-bar;q=1.0,it
Accept-Encoding: gzip

GET / HTTP/1.1
Host: foo.EXAMPLE.Com
Accept: */*;q=0
Accept-Language: en;q=0.1,jp;q=1.0,it

GET / HTTP/1.1
Host: foo.EXAMPLE.Com
Accept: text/html;q=0
Accept-Language: en;q=0.1,it;q=1.0,jp
Connection: close


DEBUG tests/http11_tests.c:98: TEST tests/and_suite/ex_httpd_conf_7_tst_2 results: delta 277, has_error: 0, is_finished: 1
DEBUG tests/http11_tests.c:79: json PARSING: 277 of 1670 at GET /index.html.gz HTTP/1.1
Host: foo.EXAMPLE.Com
Accept: text/*
Accept-Language: en-gb;q=0,fr

GET /index.html.gz HTTP/1.1
Host: foo.EXAMPLE.Com
Accept: text/*
Accept-Language: *;q=0

HEAD / HTTP/1.1
Host: foo.EXAMPLE.Com
Accept: text/*, text/html;q=0
Accept-Encoding: gzip

HEAD / HTTP/1.1
Host: foo.EXAMPLE.Com
Accept: text/*;q=0
Accept-Encoding: gzip

HEAD /index.html.gz HTTP/1.1
Host: foo.EXAMPLE.Com
Accept-Encoding: gzip
Accept: text/*

HEAD / HTTP/1.1
Host: foo.EXAMPLE.Com
Accept: */*;q=0
Accept-Encoding: gzip

HEAD /index.html.gz HTTP/1.1
Host: foo.EXAMPLE.Com
Accept: text/html
Accept-Language: en-gb;q=0,fr
Accept-Encoding: gzip

HEAD / HTTP/1.1
Host: foo.EXAMPLE.Com
Accept: text/*;q=0
Accept-Language: *;q=0
Accept-Encoding: gzip

HEAD /index.html.gz HTTP/1.1
Host: foo.EXAMPLE.Com
Accept: text/html
Accept-Language: en-gb;q=1.0,fr
Accept-Encoding: gzip

GET /index.html.gz HTTP/1.1
Host: foo.EXAMPLE.Com
Accept: application/x-gzip;q=0, */*
Accept-Language: en-gb;q=1.0,fr
Accept-Encoding: gzip

HEAD /index.html.gz HTTP/1.1
Host: foo.EXAMPLE.Com
Accept: application/x-gzip;q=0, */*;q=0.9, text/html;q=1
Accept-Language: fr-abcd-foo-bar;q=1.0,it
Accept-Encoding: gzip

GET / HTTP/1.1
Host: foo.EXAMPLE.Com
Accept: */*;q=0
Accept-Language: en;q=0.1,jp;q=1.0,it

GET / HTTP/1.1
Host: foo.EXAMPLE.Com
Accept: text/html;q=0
Accept-Language: en;q=0.1,it;q=1.0,jp
Connection: close


DEBUG tests/http11_tests.c:98: TEST tests/and_suite/ex_httpd_conf_7_tst_2 results: delta 373, has_error: 0, is_finished: 1
DEBUG tests/http11_tests.c:79: json PARSING: 373 of 1670 at GET /index.html.gz HTTP/1.1
Host: foo.EXAMPLE.Com
Accept: text/*
Accept-Language: *;q=0

HEAD / HTTP/1.1
Host: foo.EXAMPLE.Com
Accept: text/*, text/html;q=0
Accept-Encoding: gzip

HEAD / HTTP/1.1
Host: foo.EXAMPLE.Com
Accept: text/*;q=0
Accept-Encoding: gzip

HEAD /index.html.gz HTTP/1.1
Host: foo.EXAMPLE.Com
Accept-Encoding: gzip
Accept: text/*

HEAD / HTTP/1.1
Host: foo.EXAMPLE.Com
Accept: */*;q=0
Accept-Encoding: gzip

HEAD /index.html.gz HTTP/1.1
Host: foo.EXAMPLE.Com
Accept: text/html
Accept-Language: en-gb;q=0,fr
Accept-Encoding: gzip

HEAD / HTTP/1.1
Host: foo.EXAMPLE.Com
Accept: text/*;q=0
Accept-Language: *;q=0
Accept-Encoding: gzip

HEAD /index.html.gz HTTP/1.1
Host: foo.EXAMPLE.Com
Accept: text/html
Accept-Language: en-gb;q=1.0,fr
Accept-Encoding: gzip

GET /index.html.gz HTTP/1.1
Host: foo.EXAMPLE.Com
Accept: application/x-gzip;q=0, */*
Accept-Language: en-gb;q=1.0,fr
Accept-Encoding: gzip

HEAD /index.html.gz HTTP/1.1
Host: foo.EXAMPLE.Com
Accept: application/x-gzip;q=0, */*;q=0.9, text/html;q=1
Accept-Language: fr-abcd-foo-bar;q=1.0,it
Accept-Encoding: gzip

GET / HTTP/1.1
Host: foo.EXAMPLE.Com
Accept: */*;q=0
Accept-Language: en;q=0.1,jp;q=1.0,it

GET / HTTP/1.1
Host: foo.EXAMPLE.Com
Accept: text/html;q=0
Accept-Language: en;q=0.1,it;q=1.0,jp
Connection: close


DEBUG tests/http11_tests.c:98: TEST tests/and_suite/ex_httpd_conf_7_tst_2 results: delta 462, has_error: 0, is_finished: 1
DEBUG tests/http11_tests.c:79: json PARSING: 462 of 1670 at HEAD / HTTP/1.1
Host: foo.EXAMPLE.Com
Accept: text/*, text/html;q=0
Accept-Encoding: gzip

HEAD / HTTP/1.1
Host: foo.EXAMPLE.Com
Accept: text/*;q=0
Accept-Encoding: gzip

HEAD /index.html.gz HTTP/1.1
Host: foo.EXAMPLE.Com
Accept-Encoding: gzip
Accept: text/*

HEAD / HTTP/1.1
Host: foo.EXAMPLE.Com
Accept: */*;q=0
Accept-Encoding: gzip

HEAD /index.html.gz HTTP/1.1
Host: foo.EXAMPLE.Com
Accept: text/html
Accept-Language: en-gb;q=0,fr
Accept-Encoding: gzip

HEAD / HTTP/1.1
Host: foo.EXAMPLE.Com
Accept: text/*;q=0
Accept-Language: *;q=0
Accept-Encoding: gzip

HEAD /index.html.gz HTTP/1.1
Host: foo.EXAMPLE.Com
Accept: text/html
Accept-Language: en-gb;q=1.0,fr
Accept-Encoding: gzip

GET /index.html.gz HTTP/1.1
Host: foo.EXAMPLE.Com
Accept: application/x-gzip;q=0, */*
Accept-Language: en-gb;q=1.0,fr
Accept-Encoding: gzip

HEAD /index.html.gz HTTP/1.1
Host: foo.EXAMPLE.Com
Accept: application/x-gzip;q=0, */*;q=0.9, text/html;q=1
Accept-Language: fr-abcd-foo-bar;q=1.0,it
Accept-Encoding: gzip

GET / HTTP/1.1
Host: foo.EXAMPLE.Com
Accept: */*;q=0
Accept-Language: en;q=0.1,jp;q=1.0,it

GET / HTTP/1.1
Host: foo.EXAMPLE.Com
Accept: text/html;q=0
Accept-Language: en;q=0.1,it;q=1.0,jp
Connection: close


DEBUG tests/http11_tests.c:98: TEST tests/and_suite/ex_httpd_conf_7_tst_2 results: delta 553, has_error: 0, is_finished: 1
DEBUG tests/http11_tests.c:79: json PARSING: 553 of 1670 at HEAD / HTTP/1.1
Host: foo.EXAMPLE.Com
Accept: text/*;q=0
Accept-Encoding: gzip

HEAD /index.html.gz HTTP/1.1
Host: foo.EXAMPLE.Com
Accept-Encoding: gzip
Accept: text/*

HEAD / HTTP/1.1
Host: foo.EXAMPLE.Com
Accept: */*;q=0
Accept-Encoding: gzip

HEAD /index.html.gz HTTP/1.1
Host: foo.EXAMPLE.Com
Accept: text/html
Accept-Language: en-gb;q=0,fr
Accept-Encoding: gzip

HEAD / HTTP/1.1
Host: foo.EXAMPLE.Com
Accept: text/*;q=0
Accept-Language: *;q=0
Accept-Encoding: gzip

HEAD /index.html.gz HTTP/1.1
Host: foo.EXAMPLE.Com
Accept: text/html
Accept-Language: en-gb;q=1.0,fr
Accept-Encoding: gzip

GET /index.html.gz HTTP/1.1
Host: foo.EXAMPLE.Com
Accept: application/x-gzip;q=0, */*
Accept-Language: en-gb;q=1.0,fr
Accept-Encoding: gzip

HEAD /index.html.gz HTTP/1.1
Host: foo.EXAMPLE.Com
Accept: application/x-gzip;q=0, */*;q=0.9, text/html;q=1
Accept-Language: fr-abcd-foo-bar;q=1.0,it
Accept-Encoding: gzip

GET / HTTP/1.1
Host: foo.EXAMPLE.Com
Accept: */*;q=0
Accept-Language: en;q=0.1,jp;q=1.0,it

GET / HTTP/1.1
Host: foo.EXAMPLE.Com
Accept: text/html;q=0
Accept-Language: en;q=0.1,it;q=1.0,jp
Connection: close


DEBUG tests/http11_tests.c:98: TEST tests/and_suite/ex_httpd_conf_7_tst_2 results: delta 633, has_error: 0, is_finished: 1
DEBUG tests/http11_tests.c:79: json PARSING: 633 of 1670 at HEAD /index.html.gz HTTP/1.1
Host: foo.EXAMPLE.Com
Accept-Encoding: gzip
Accept: text/*

HEAD / HTTP/1.1
Host: foo.EXAMPLE.Com
Accept: */*;q=0
Accept-Encoding: gzip

HEAD /index.html.gz HTTP/1.1
Host: foo.EXAMPLE.Com
Accept: text/html
Accept-Language: en-gb;q=0,fr
Accept-Encoding: gzip

HEAD / HTTP/1.1
Host: foo.EXAMPLE.Com
Accept: text/*;q=0
Accept-Language: *;q=0
Accept-Encoding: gzip

HEAD /index.html.gz HTTP/1.1
Host: foo.EXAMPLE.Com
Accept: text/html
Accept-Language: en-gb;q=1.0,fr
Accept-Encoding: gzip

GET /index.html.gz HTTP/1.1
Host: foo.EXAMPLE.Com
Accept: application/x-gzip;q=0, */*
Accept-Language: en-gb;q=1.0,fr
Accept-Encoding: gzip

HEAD /index.html.gz HTTP/1.1
Host: foo.EXAMPLE.Com
Accept: application/x-gzip;q=0, */*;q=0.9, text/html;q=1
Accept-Language: fr-abcd-foo-bar;q=1.0,it
Accept-Encoding: gzip

GET / HTTP/1.1
Host: foo.EXAMPLE.Com
Accept: */*;q=0
Accept-Language: en;q=0.1,jp;q=1.0,it

GET / HTTP/1.1
Host: foo.EXAMPLE.Com
Accept: text/html;q=0
Accept-Language: en;q=0.1,it;q=1.0,jp
Connection: close


DEBUG tests/http11_tests.c:98: TEST tests/and_suite/ex_httpd_conf_7_tst_2 results: delta 722, has_error: 0, is_finished: 1
DEBUG tests/http11_tests.c:79: json PARSING: 722 of 1670 at HEAD / HTTP/1.1
Host: foo.EXAMPLE.Com
Accept: */*;q=0
Accept-Encoding: gzip

HEAD /index.html.gz HTTP/1.1
Host: foo.EXAMPLE.Com
Accept: text/html
Accept-Language: en-gb;q=0,fr
Accept-Encoding: gzip

HEAD / HTTP/1.1
Host: foo.EXAMPLE.Com
Accept: text/*;q=0
Accept-Language: *;q=0
Accept-Encoding: gzip

HEAD /index.html.gz HTTP/1.1
Host: foo.EXAMPLE.Com
Accept: text/html
Accept-Language: en-gb;q=1.0,fr
Accept-Encoding: gzip

GET /index.html.gz HTTP/1.1
Host: foo.EXAMPLE.Com
Accept: application/x-gzip;q=0, */*
Accept-Language: en-gb;q=1.0,fr
Accept-Encoding: gzip

HEAD /index.html.gz HTTP/1.1
Host: foo.EXAMPLE.Com
Accept: application/x-gzip;q=0, */*;q=0.9, text/html;q=1
Accept-Language: fr-abcd-foo-bar;q=1.0,it
Accept-Encoding: gzip

GET / HTTP/1.1
Host: foo.EXAMPLE.Com
Accept: */*;q=0
Accept-Language: en;q=0.1,jp;q=1.0,it

GET / HTTP/1.1
Host: foo.EXAMPLE.Com
Accept: text/html;q=0
Accept-Language: en;q=0.1,it;q=1.0,jp
Connection: close


DEBUG tests/http11_tests.c:98: TEST tests/and_suite/ex_httpd_conf_7_tst_2 results: delta 799, has_error: 0, is_finished: 1
DEBUG tests/http11_tests.c:79: json PARSING: 799 of 1670 at HEAD /index.html.gz HTTP/1.1
Host: foo.EXAMPLE.Com
Accept: text/html
Accept-Language: en-gb;q=0,fr
Accept-Encoding: gzip

HEAD / HTTP/1.1
Host: foo.EXAMPLE.Com
Accept: text/*;q=0
Accept-Language: *;q=0
Accept-Encoding: gzip

HEAD /index.html.gz HTTP/1.1
Host: foo.EXAMPLE.Com
Accept: text/html
Accept-Language: en-gb;q=1.0,fr
Accept-Encoding: gzip

GET /index.html.gz HTTP/1.1
Host: foo.EXAMPLE.Com
Accept: application/x-gzip;q=0, */*
Accept-Language: en-gb;q=1.0,fr
Accept-Encoding: gzip

HEAD /index.html.gz HTTP/1.1
Host: foo.EXAMPLE.Com
Accept: application/x-gzip;q=0, */*;q=0.9, text/html;q=1
Accept-Language: fr-abcd-foo-bar;q=1.0,it
Accept-Encoding: gzip

GET / HTTP/1.1
Host: foo.EXAMPLE.Com
Accept: */*;q=0
Accept-Language: en;q=0.1,jp;q=1.0,it

GET / HTTP/1.1
Host: foo.EXAMPLE.Com
Accept: text/html;q=0
Accept-Language: en;q=0.1,it;q=1.0,jp
Connection: close


DEBUG tests/http11_tests.c:98: TEST tests/and_suite/ex_httpd_conf_7_tst_2 results: delta 921, has_error: 0, is_finished: 1
DEBUG tests/http11_tests.c:79: json PARSING: 921 of 1670 at HEAD / HTTP/1.1
Host: foo.EXAMPLE.Com
Accept: text/*;q=0
Accept-Language: *;q=0
Accept-Encoding: gzip

HEAD /index.html.gz HTTP/1.1
Host: foo.EXAMPLE.Com
Accept: text/html
Accept-Language: en-gb;q=1.0,fr
Accept-Encoding: gzip

GET /index.html.gz HTTP/1.1
Host: foo.EXAMPLE.Com
Accept: application/x-gzip;q=0, */*
Accept-Language: en-gb;q=1.0,fr
Accept-Encoding: gzip

HEAD /index.html.gz HTTP/1.1
Host: foo.EXAMPLE.Com
Accept: application/x-gzip;q=0, */*;q=0.9, text/html;q=1
Accept-Language: fr-abcd-foo-bar;q=1.0,it
Accept-Encoding: gzip

GET / HTTP/1.1
Host: foo.EXAMPLE.Com
Accept: */*;q=0
Accept-Language: en;q=0.1,jp;q=1.0,it

GET / HTTP/1.1
Host: foo.EXAMPLE.Com
Accept: text/html;q=0
Accept-Language: en;q=0.1,it;q=1.0,jp
Connection: close


DEBUG tests/http11_tests.c:98: TEST tests/and_suite/ex_httpd_conf_7_tst_2 results: delta 1024, has_error: 0, is_finished: 1
DEBUG tests/http11_tests.c:79: json PARSING: 1024 of 1670 at HEAD /index.html.gz HTTP/1.1
Host: foo.EXAMPLE.Com
Accept: text/html
Accept-Language: en-gb;q=1.0,fr
Accept-Encoding: gzip

GET /index.html.gz HTTP/1.1
Host: foo.EXAMPLE.Com
Accept: application/x-gzip;q=0, */*
Accept-Language: en-gb;q=1.0,fr
Accept-Encoding: gzip

HEAD /index.html.gz HTTP/1.1
Host: foo.EXAMPLE.Com
Accept: application/x-gzip;q=0, */*;q=0.9, text/html;q=1
Accept-Language: fr-abcd-foo-bar;q=1.0,it
Accept-Encoding: gzip

GET / HTTP/1.1
Host: foo.EXAMPLE.Com
Accept: */*;q=0
Accept-Language: en;q=0.1,jp;q=1.0,it

GET / HTTP/1.1
Host: foo.EXAMPLE.Com
Accept: text/html;q=0
Accept-Language: en;q=0.1,it;q=1.0,jp
Connection: close


DEBUG tests/http11_tests.c:98: TEST tests/and_suite/ex_httpd_conf_7_tst_2 results: delta 1148, has_error: 0, is_finished: 1
DEBUG tests/http11_tests.c:79: json PARSING: 1148 of 1670 at GET /index.html.gz HTTP/1.1
Host: foo.EXAMPLE.Com
Accept: application/x-gzip;q=0, */*
Accept-Language: en-gb;q=1.0,fr
Accept-Encoding: gzip

HEAD /index.html.gz HTTP/1.1
Host: foo.EXAMPLE.Com
Accept: application/x-gzip;q=0, */*;q=0.9, text/html;q=1
Accept-Language: fr-abcd-foo-bar;q=1.0,it
Accept-Encoding: gzip

GET / HTTP/1.1
Host: foo.EXAMPLE.Com
Accept: */*;q=0
Accept-Language: en;q=0.1,jp;q=1.0,it

GET / HTTP/1.1
Host: foo.EXAMPLE.Com
Accept: text/html;q=0
Accept-Language: en;q=0.1,it;q=1.0,jp
Connection: close


DEBUG tests/http11_tests.c:98: TEST tests/and_suite/ex_httpd_conf_7_tst_2 results: delta 1289, has_error: 0, is_finished: 1
DEBUG tests/http11_tests.c:79: json PARSING: 1289 of 1670 at HEAD /index.html.gz HTTP/1.1
Host: foo.EXAMPLE.Com
Accept: application/x-gzip;q=0, */*;q=0.9, text/html;q=1
Accept-Language: fr-abcd-foo-bar;q=1.0,it
Accept-Encoding: gzip

GET / HTTP/1.1
Host: foo.EXAMPLE.Com
Accept: */*;q=0
Accept-Language: en;q=0.1,jp;q=1.0,it

GET / HTTP/1.1
Host: foo.EXAMPLE.Com
Accept: text/html;q=0
Accept-Language: en;q=0.1,it;q=1.0,jp
Connection: close


DEBUG tests/http11_tests.c:98: TEST tests/and_suite/ex_httpd_conf_7_tst_2 results: delta 1462, has_error: 0, is_finished: 1
DEBUG tests/http11_tests.c:79: json PARSING: 1462 of 1670 at GET / HTTP/1.1
Host: foo.EXAMPLE.Com
Accept: */*;q=0
Accept-Language: en;q=0.1,jp;q=1.0,it

GET / HTTP/1.1
Host: foo.EXAMPLE.Com
Accept: text/html;q=0
Accept-Language: en;q=0.1,it;q=1.0,jp
Connection: close


DEBUG tests/http11_tests.c:98: TEST tests/and_suite/ex_httpd_conf_7_tst_2 results: delta 1554, has_error: 0, is_finished: 1
DEBUG tests/http11_tests.c:79: json PARSING: 1554 of 1670 at GET / HTTP/1.1
Host: foo.EXAMPLE.Com
Accept: text/html;q=0
Accept-Language: en;q=0.1,it;q=1.0,jp
Connection: close


DEBUG tests/http11_tests.c:98: TEST tests/and_suite/ex_httpd_conf_7_tst_2 results: delta 1670, has_error: 0, is_finished: 1
DEBUG tests/http11_tests.c:79: json PARSING: 0 of 532 at HEAD / HTTP/1.0
Connection: keep-alive

HEAD / HTTP/1.1
Host: foo.exAMPLE.com

HEAD / HTTP/1.1
Host: foo.exAMPLE.COM

HEAD / HTTP/1.1
If-Match: "f.e.c/1"
Host: foo.exAMPLE.COM

HEAD / HTTP/1.1
If-None-Match: "f.e.c/1"
Host: foo.exAMPLE.COM

HEAD / HTTP/1.1
If-Match: "f.e.c/2"
Host: foo.example.COM

HEAD / HTTP/1.1
If-None-Match: "f.e.c/2"
Host: foo.example.COM

HEAD / HTTP/1.1
If-Match: "f.e.c/4"
Host: foo.example.com

HEAD / HTTP/1.1
If-None-Match: "f.e.c/4"
Host: foo.example.com

HEAD /index.html HTTP/1.0
Connection: close


DEBUG tests/http11_tests.c:98: TEST tests/and_suite/ex_httpd_conf_8.1_tst_1 results: delta 40, has_error: 0, is_finished: 1
DEBUG tests/http11_tests.c:79: json PARSING: 40 of 532 at HEAD / HTTP/1.1
Host: foo.exAMPLE.com

HEAD / HTTP/1.1
Host: foo.exAMPLE.COM

HEAD / HTTP/1.1
If-Match: "f.e.c/1"
Host: foo.exAMPLE.COM

HEAD / HTTP/1.1
If-None-Match: "f.e.c/1"
Host: foo.exAMPLE.COM

HEAD / HTTP/1.1
If-Match: "f.e.c/2"
Host: foo.example.COM

HEAD / HTTP/1.1
If-None-Match: "f.e.c/2"
Host: foo.example.COM

HEAD / HTTP/1.1
If-Match: "f.e.c/4"
Host: foo.example.com

HEAD / HTTP/1.1
If-None-Match: "f.e.c/4"
Host: foo.example.com

HEAD /index.html HTTP/1.0
Connection: close


DEBUG tests/http11_tests.c:98: TEST tests/and_suite/ex_httpd_conf_8.1_tst_1 results: delta 79, has_error: 0, is_finished: 1
DEBUG tests/http11_tests.c:79: json PARSING: 79 of 532 at HEAD / HTTP/1.1
Host: foo.exAMPLE.COM

HEAD / HTTP/1.1
If-Match: "f.e.c/1"
Host: foo.exAMPLE.COM

HEAD / HTTP/1.1
If-None-Match: "f.e.c/1"
Host: foo.exAMPLE.COM

HEAD / HTTP/1.1
If-Match: "f.e.c/2"
Host: foo.example.COM

HEAD / HTTP/1.1
If-None-Match: "f.e.c/2"
Host: foo.example.COM

HEAD / HTTP/1.1
If-Match: "f.e.c/4"
Host: foo.example.com

HEAD / HTTP/1.1
If-None-Match: "f.e.c/4"
Host: foo.example.com

HEAD /index.html HTTP/1.0
Connection: close


DEBUG tests/http11_tests.c:98: TEST tests/and_suite/ex_httpd_conf_8.1_tst_1 results: delta 118, has_error: 0, is_finished: 1
DEBUG tests/http11_tests.c:79: json PARSING: 118 of 532 at HEAD / HTTP/1.1
If-Match: "f.e.c/1"
Host: foo.exAMPLE.COM

HEAD / HTTP/1.1
If-None-Match: "f.e.c/1"
Host: foo.exAMPLE.COM

HEAD / HTTP/1.1
If-Match: "f.e.c/2"
Host: foo.example.COM

HEAD / HTTP/1.1
If-None-Match: "f.e.c/2"
Host: foo.example.COM

HEAD / HTTP/1.1
If-Match: "f.e.c/4"
Host: foo.example.com

HEAD / HTTP/1.1
If-None-Match: "f.e.c/4"
Host: foo.example.com

HEAD /index.html HTTP/1.0
Connection: close


DEBUG tests/http11_tests.c:98: TEST tests/and_suite/ex_httpd_conf_8.1_tst_1 results: delta 177, has_error: 0, is_finished: 1
DEBUG tests/http11_tests.c:79: json PARSING: 177 of 532 at HEAD / HTTP/1.1
If-None-Match: "f.e.c/1"
Host: foo.exAMPLE.COM

HEAD / HTTP/1.1
If-Match: "f.e.c/2"
Host: foo.example.COM

HEAD / HTTP/1.1
If-None-Match: "f.e.c/2"
Host: foo.example.COM

HEAD / HTTP/1.1
If-Match: "f.e.c/4"
Host: foo.example.com

HEAD / HTTP/1.1
If-None-Match: "f.e.c/4"
Host: foo.example.com

HEAD /index.html HTTP/1.0
Connection: close


DEBUG tests/http11_tests.c:98: TEST tests/and_suite/ex_httpd_conf_8.1_tst_1 results: delta 241, has_error: 0, is_finished: 1
DEBUG tests/http11_tests.c:79: json PARSING: 241 of 532 at HEAD / HTTP/1.1
If-Match: "f.e.c/2"
Host: foo.example.COM

HEAD / HTTP/1.1
If-None-Match: "f.e.c/2"
Host: foo.example.COM

HEAD / HTTP/1.1
If-Match: "f.e.c/4"
Host: foo.example.com

HEAD / HTTP/1.1
If-None-Match: "f.e.c/4"
Host: foo.example.com

HEAD /index.html HTTP/1.0
Connection: close


DEBUG tests/http11_tests.c:98: TEST tests/and_suite/ex_httpd_conf_8.1_tst_1 results: delta 300, has_error: 0, is_finished: 1
DEBUG tests/http11_tests.c:79: json PARSING: 300 of 532 at HEAD / HTTP/1.1
If-None-Match: "f.e.c/2"
Host: foo.example.COM

HEAD / HTTP/1.1
If-Match: "f.e.c/4"
Host: foo.example.com

HEAD / HTTP/1.1
If-None-Match: "f.e.c/4"
Host: foo.example.com

HEAD /index.html HTTP/1.0
Connection: close


DEBUG tests/http11_tests.c:98: TEST tests/and_suite/ex_httpd_conf_8.1_tst_1 results: delta 364, has_error: 0, is_finished: 1
DEBUG tests/http11_tests.c:79: json PARSING: 364 of 532 at HEAD / HTTP/1.1
If-Match: "f.e.c/4"
Host: foo.example.com

HEAD / HTTP/1.1
If-None-Match: "f.e.c/4"
Host: foo.example.com

HEAD /index.html HTTP/1.0
Connection: close


DEBUG tests/http11_tests.c:98: TEST tests/and_suite/ex_httpd_conf_8.1_tst_1 results: delta 423, has_error: 0, is_finished: 1
DEBUG tests/http11_tests.c:79: json PARSING: 423 of 532 at HEAD / HTTP/1.1
If-None-Match: "f.e.c/4"
Host: foo.example.com

HEAD /index.html HTTP/1.0
Connection: close


DEBUG tests/http11_tests.c:98: TEST tests/and_suite/ex_httpd_conf_8.1_tst_1 results: delta 487, has_error: 0, is_finished: 1
DEBUG tests/http11_tests.c:79: json PARSING: 487 of 532 at HEAD /index.html HTTP/1.0
Connection: close


DEBUG tests/http11_tests.c:98: TEST tests/and_suite/ex_httpd_conf_8.1_tst_1 results: delta 532, has_error: 0, is_finished: 1
DEBUG tests/http11_tests.c:79: json PARSING: 0 of 713 at HEAD / HTTP/1.1
If-None-Match: "f.e.c/1"
If-None-Match: "f.e.c/2"
If-None-Match: "f.e.c/3"
If-None-Match: "f.e.c/4"
Host: foo.exAMPLE.COM

HEAD / HTTP/1.1
If-Match: "f.e.c/1"
If-Match: "f.e.c/2"
If-Match: "f.e.c/3"
If-Match: "f.e.c/4"
Host: foo.exAMPLE.COM

HEAD / HTTP/1.1
If-None-Match: W/"f.e.c/1", W/"f.e.c/2", W/"f.e.c/3", W/"f.e.c/4"
Host: foo.exAMPLE.COM

HEAD / HTTP/1.1
If-None-Match: W/"f.e.c/1"
Host: foo.exAMPLE.COM

HEAD / HTTP/1.1
If-None-Match: W/"f.e.c/2"
Host: foo.exAMPLE.COM

HEAD / HTTP/1.1
If-None-Match: W/"f.e.c/4"
Host: foo.exAMPLE.COM

HEAD / HTTP/1.1
If-Match: *
Host: foo.exAMPLE.COM

HEAD / HTTP/1.1
If-None-Match: *
Host: foo.exAMPLE.COM

HEAD /index.html HTTP/1.0
Connection: close


DEBUG tests/http11_tests.c:98: TEST tests/and_suite/ex_httpd_conf_8.1_tst_2 results: delta 139, has_error: 0, is_finished: 1
DEBUG tests/http11_tests.c:79: json PARSING: 139 of 713 at HEAD / HTTP/1.1
If-Match: "f.e.c/1"
If-Match: "f.e.c/2"
If-Match: "f.e.c/3"
If-Match: "f.e.c/4"
Host: foo.exAMPLE.COM

HEAD / HTTP/1.1
If-None-Match: W/"f.e.c/1", W/"f.e.c/2", W/"f.e.c/3", W/"f.e.c/4"
Host: foo.exAMPLE.COM

HEAD / HTTP/1.1
If-None-Match: W/"f.e.c/1"
Host: foo.exAMPLE.COM

HEAD / HTTP/1.1
If-None-Match: W/"f.e.c/2"
Host: foo.exAMPLE.COM

HEAD / HTTP/1.1
If-None-Match: W/"f.e.c/4"
Host: foo.exAMPLE.COM

HEAD / HTTP/1.1
If-Match: *
Host: foo.exAMPLE.COM

HEAD / HTTP/1.1
If-None-Match: *
Host: foo.exAMPLE.COM

HEAD /index.html HTTP/1.0
Connection: close


DEBUG tests/http11_tests.c:98: TEST tests/and_suite/ex_httpd_conf_8.1_tst_2 results: delta 258, has_error: 0, is_finished: 1
DEBUG tests/http11_tests.c:79: json PARSING: 258 of 713 at HEAD / HTTP/1.1
If-None-Match: W/"f.e.c/1", W/"f.e.c/2", W/"f.e.c/3", W/"f.e.c/4"
Host: foo.exAMPLE.COM

HEAD / HTTP/1.1
If-None-Match: W/"f.e.c/1"
Host: foo.exAMPLE.COM

HEAD / HTTP/1.1
If-None-Match: W/"f.e.c/2"
Host: foo.exAMPLE.COM

HEAD / HTTP/1.1
If-None-Match: W/"f.e.c/4"
Host: foo.exAMPLE.COM

HEAD / HTTP/1.1
If-Match: *
Host: foo.exAMPLE.COM

HEAD / HTTP/1.1
If-None-Match: *
Host: foo.exAMPLE.COM

HEAD /index.html HTTP/1.0
Connection: close


DEBUG tests/http11_tests.c:98: TEST tests/and_suite/ex_httpd_conf_8.1_tst_2 results: delta 363, has_error: 0, is_finished: 1
DEBUG tests/http11_tests.c:79: json PARSING: 363 of 713 at HEAD / HTTP/1.1
If-None-Match: W/"f.e.c/1"
Host: foo.exAMPLE.COM

HEAD / HTTP/1.1
If-None-Match: W/"f.e.c/2"
Host: foo.exAMPLE.COM

HEAD / HTTP/1.1
If-None-Match: W/"f.e.c/4"
Host: foo.exAMPLE.COM

HEAD / HTTP/1.1
If-Match: *
Host: foo.exAMPLE.COM

HEAD / HTTP/1.1
If-None-Match: *
Host: foo.exAMPLE.COM

HEAD /index.html HTTP/1.0
Connection: close


DEBUG tests/http11_tests.c:98: TEST tests/and_suite/ex_httpd_conf_8.1_tst_2 results: delta 429, has_error: 0, is_finished: 1
DEBUG tests/http11_tests.c:79: json PARSING: 429 of 713 at HEAD / HTTP/1.1
If-None-Match: W/"f.e.c/2"
Host: foo.exAMPLE.COM

HEAD / HTTP/1.1
If-None-Match: W/"f.e.c/4"
Host: foo.exAMPLE.COM

HEAD / HTTP/1.1
If-Match: *
Host: foo.exAMPLE.COM

HEAD / HTTP/1.1
If-None-Match: *
Host: foo.exAMPLE.COM

HEAD /index.html HTTP/1.0
Connection: close


DEBUG tests/http11_tests.c:98: TEST tests/and_suite/ex_httpd_conf_8.1_tst_2 results: delta 495, has_error: 0, is_finished: 1
DEBUG tests/http11_tests.c:79: json PARSING: 495 of 713 at HEAD / HTTP/1.1
If-None-Match: W/"f.e.c/4"
Host: foo.exAMPLE.COM

HEAD / HTTP/1.1
If-Match: *
Host: foo.exAMPLE.COM

HEAD / HTTP/1.1
If-None-Match: *
Host: foo.exAMPLE.COM

HEAD /index.html HTTP/1.0
Connection: close


DEBUG tests/http11_tests.c:98: TEST tests/and_suite/ex_httpd_conf_8.1_tst_2 results: delta 561, has_error: 0, is_finished: 1
DEBUG tests/http11_tests.c:79: json PARSING: 561 of 713 at HEAD / HTTP/1.1
If-Match: *
Host: foo.exAMPLE.COM

HEAD / HTTP/1.1
If-None-Match: *
Host: foo.exAMPLE.COM

HEAD /index.html HTTP/1.0
Connection: close


DEBUG tests/http11_tests.c:98: TEST tests/and_suite/ex_httpd_conf_8.1_tst_2 results: delta 612, has_error: 0, is_finished: 1
DEBUG tests/http11_tests.c:79: json PARSING: 612 of 713 at HEAD / HTTP/1.1
If-None-Match: *
Host: foo.exAMPLE.COM

HEAD /index.html HTTP/1.0
Connection: close


DEBUG tests/http11_tests.c:98: TEST tests/and_suite/ex_httpd_conf_8.1_tst_2 results: delta 668, has_error: 0, is_finished: 1
DEBUG tests/http11_tests.c:79: json PARSING: 668 of 713 at HEAD /index.html HTTP/1.0
Connection: close


DEBUG tests/http11_tests.c:98: TEST tests/and_suite/ex_httpd_conf_8.1_tst_2 results: delta 713, has_error: 0, is_finished: 1
DEBUG tests/http11_tests.c:79: json PARSING: 0 of 532 at HEAD / HTTP/1.0
Connection: keep-alive

HEAD / HTTP/1.1
Host: foo.exAMPLE.com

HEAD / HTTP/1.1
Host: foo.exAMPLE.COM

HEAD / HTTP/1.1
If-Match: "f.e.c/1"
Host: foo.exAMPLE.COM

HEAD / HTTP/1.1
If-None-Match: "f.e.c/1"
Host: foo.exAMPLE.COM

HEAD / HTTP/1.1
If-Match: "f.e.c/2"
Host: foo.example.COM

HEAD / HTTP/1.1
If-None-Match: "f.e.c/2"
Host: foo.example.COM

HEAD / HTTP/1.1
If-Match: "f.e.c/4"
Host: foo.example.com

HEAD / HTTP/1.1
If-None-Match: "f.e.c/4"
Host: foo.example.com

HEAD /index.html HTTP/1.0
Connection: close


DEBUG tests/http11_tests.c:98: TEST tests/and_suite/ex_httpd_conf_8.2_tst_1 results: delta 40, has_error: 0, is_finished: 1
DEBUG tests/http11_tests.c:79: json PARSING: 40 of 532 at HEAD / HTTP/1.1
Host: foo.exAMPLE.com

HEAD / HTTP/1.1
Host: foo.exAMPLE.COM

HEAD / HTTP/1.1
If-Match: "f.e.c/1"
Host: foo.exAMPLE.COM

HEAD / HTTP/1.1
If-None-Match: "f.e.c/1"
Host: foo.exAMPLE.COM

HEAD / HTTP/1.1
If-Match: "f.e.c/2"
Host: foo.example.COM

HEAD / HTTP/1.1
If-None-Match: "f.e.c/2"
Host: foo.example.COM

HEAD / HTTP/1.1
If-Match: "f.e.c/4"
Host: foo.example.com

HEAD / HTTP/1.1
If-None-Match: "f.e.c/4"
Host: foo.example.com

HEAD /index.html HTTP/1.0
Connection: close


DEBUG tests/http11_tests.c:98: TEST tests/and_suite/ex_httpd_conf_8.2_tst_1 results: delta 79, has_error: 0, is_finished: 1
DEBUG tests/http11_tests.c:79: json PARSING: 79 of 532 at HEAD / HTTP/1.1
Host: foo.exAMPLE.COM

HEAD / HTTP/1.1
If-Match: "f.e.c/1"
Host: foo.exAMPLE.COM

HEAD / HTTP/1.1
If-None-Match: "f.e.c/1"
Host: foo.exAMPLE.COM

HEAD / HTTP/1.1
If-Match: "f.e.c/2"
Host: foo.example.COM

HEAD / HTTP/1.1
If-None-Match: "f.e.c/2"
Host: foo.example.COM

HEAD / HTTP/1.1
If-Match: "f.e.c/4"
Host: foo.example.com

HEAD / HTTP/1.1
If-None-Match: "f.e.c/4"
Host: foo.example.com

HEAD /index.html HTTP/1.0
Connection: close


DEBUG tests/http11_tests.c:98: TEST tests/and_suite/ex_httpd_conf_8.2_tst_1 results: delta 118, has_error: 0, is_finished: 1
DEBUG tests/http11_tests.c:79: json PARSING: 118 of 532 at HEAD / HTTP/1.1
If-Match: "f.e.c/1"
Host: foo.exAMPLE.COM

HEAD / HTTP/1.1
If-None-Match: "f.e.c/1"
Host: foo.exAMPLE.COM

HEAD / HTTP/1.1
If-Match: "f.e.c/2"
Host: foo.example.COM

HEAD / HTTP/1.1
If-None-Match: "f.e.c/2"
Host: foo.example.COM

HEAD / HTTP/1.1
If-Match: "f.e.c/4"
Host: foo.example.com

HEAD / HTTP/1.1
If-None-Match: "f.e.c/4"
Host: foo.example.com

HEAD /index.html HTTP/1.0
Connection: close


DEBUG tests/http11_tests.c:98: TEST tests/and_suite/ex_httpd_conf_8.2_tst_1 results: delta 177, has_error: 0, is_finished: 1
DEBUG tests/http11_tests.c:79: json PARSING: 177 of 532 at HEAD / HTTP/1.1
If-None-Match: "f.e.c/1"
Host: foo.exAMPLE.COM

HEAD / HTTP/1.1
If-Match: "f.e.c/2"
Host: foo.example.COM

HEAD / HTTP/1.1
If-None-Match: "f.e.c/2"
Host: foo.example.COM

HEAD / HTTP/1.1
If-Match: "f.e.c/4"
Host: foo.example.com

HEAD / HTTP/1.1
If-None-Match: "f.e.c/4"
Host: foo.example.com

HEAD /index.html HTTP/1.0
Connection: close


DEBUG tests/http11_tests.c:98: TEST tests/and_suite/ex_httpd_conf_8.2_tst_1 results: delta 241, has_error: 0, is_finished: 1
DEBUG tests/http11_tests.c:79: json PARSING: 241 of 532 at HEAD / HTTP/1.1
If-Match: "f.e.c/2"
Host: foo.example.COM

HEAD / HTTP/1.1
If-None-Match: "f.e.c/2"
Host: foo.example.COM

HEAD / HTTP/1.1
If-Match: "f.e.c/4"
Host: foo.example.com

HEAD / HTTP/1.1
If-None-Match: "f.e.c/4"
Host: foo.example.com

HEAD /index.html HTTP/1.0
Connection: close


DEBUG tests/http11_tests.c:98: TEST tests/and_suite/ex_httpd_conf_8.2_tst_1 results: delta 300, has_error: 0, is_finished: 1
DEBUG tests/http11_tests.c:79: json PARSING: 300 of 532 at HEAD / HTTP/1.1
If-None-Match: "f.e.c/2"
Host: foo.example.COM

HEAD / HTTP/1.1
If-Match: "f.e.c/4"
Host: foo.example.com

HEAD / HTTP/1.1
If-None-Match: "f.e.c/4"
Host: foo.example.com

HEAD /index.html HTTP/1.0
Connection: close


DEBUG tests/http11_tests.c:98: TEST tests/and_suite/ex_httpd_conf_8.2_tst_1 results: delta 364, has_error: 0, is_finished: 1
DEBUG tests/http11_tests.c:79: json PARSING: 364 of 532 at HEAD / HTTP/1.1
If-Match: "f.e.c/4"
Host: foo.example.com

HEAD / HTTP/1.1
If-None-Match: "f.e.c/4"
Host: foo.example.com

HEAD /index.html HTTP/1.0
Connection: close


DEBUG tests/http11_tests.c:98: TEST tests/and_suite/ex_httpd_conf_8.2_tst_1 results: delta 423, has_error: 0, is_finished: 1
DEBUG tests/http11_tests.c:79: json PARSING: 423 of 532 at HEAD / HTTP/1.1
If-None-Match: "f.e.c/4"
Host: foo.example.com

HEAD /index.html HTTP/1.0
Connection: close


DEBUG tests/http11_tests.c:98: TEST tests/and_suite/ex_httpd_conf_8.2_tst_1 results: delta 487, has_error: 0, is_finished: 1
DEBUG tests/http11_tests.c:79: json PARSING: 487 of 532 at HEAD /index.html HTTP/1.0
Connection: close


DEBUG tests/http11_tests.c:98: TEST tests/and_suite/ex_httpd_conf_8.2_tst_1 results: delta 532, has_error: 0, is_finished: 1
DEBUG tests/http11_tests.c:79: json PARSING: 0 of 713 at HEAD / HTTP/1.1
If-None-Match: "f.e.c/1"
If-None-Match: "f.e.c/2"
If-None-Match: "f.e.c/3"
If-None-Match: "f.e.c/4"
Host: foo.exAMPLE.COM

HEAD / HTTP/1.1
If-Match: "f.e.c/1"
If-Match: "f.e.c/2"
If-Match: "f.e.c/3"
If-Match: "f.e.c/4"
Host: foo.exAMPLE.COM

HEAD / HTTP/1.1
If-None-Match: W/"f.e.c/1", W/"f.e.c/2", W/"f.e.c/3", W/"f.e.c/4"
Host: foo.exAMPLE.COM

HEAD / HTTP/1.1
If-None-Match: W/"f.e.c/1"
Host: foo.exAMPLE.COM

HEAD / HTTP/1.1
If-None-Match: W/"f.e.c/2"
Host: foo.exAMPLE.COM

HEAD / HTTP/1.1
If-None-Match: W/"f.e.c/4"
Host: foo.exAMPLE.COM

HEAD / HTTP/1.1
If-Match: *
Host: foo.exAMPLE.COM

HEAD / HTTP/1.1
If-None-Match: *
Host: foo.exAMPLE.COM

HEAD /index.html HTTP/1.0
Connection: close


DEBUG tests/http11_tests.c:98: TEST tests/and_suite/ex_httpd_conf_8.2_tst_2 results: delta 139, has_error: 0, is_finished: 1
DEBUG tests/http11_tests.c:79: json PARSING: 139 of 713 at HEAD / HTTP/1.1
If-Match: "f.e.c/1"
If-Match: "f.e.c/2"
If-Match: "f.e.c/3"
If-Match: "f.e.c/4"
Host: foo.exAMPLE.COM

HEAD / HTTP/1.1
If-None-Match: W/"f.e.c/1", W/"f.e.c/2", W/"f.e.c/3", W/"f.e.c/4"
Host: foo.exAMPLE.COM

HEAD / HTTP/1.1
If-None-Match: W/"f.e.c/1"
Host: foo.exAMPLE.COM

HEAD / HTTP/1.1
If-None-Match: W/"f.e.c/2"
Host: foo.exAMPLE.COM

HEAD / HTTP/1.1
If-None-Match: W/"f.e.c/4"
Host: foo.exAMPLE.COM

HEAD / HTTP/1.1
If-Match: *
Host: foo.exAMPLE.COM

HEAD / HTTP/1.1
If-None-Match: *
Host: foo.exAMPLE.COM

HEAD /index.html HTTP/1.0
Connection: close


DEBUG tests/http11_tests.c:98: TEST tests/and_suite/ex_httpd_conf_8.2_tst_2 results: delta 258, has_error: 0, is_finished: 1
DEBUG tests/http11_tests.c:79: json PARSING: 258 of 713 at HEAD / HTTP/1.1
If-None-Match: W/"f.e.c/1", W/"f.e.c/2", W/"f.e.c/3", W/"f.e.c/4"
Host: foo.exAMPLE.COM

HEAD / HTTP/1.1
If-None-Match: W/"f.e.c/1"
Host: foo.exAMPLE.COM

HEAD / HTTP/1.1
If-None-Match: W/"f.e.c/2"
Host: foo.exAMPLE.COM

HEAD / HTTP/1.1
If-None-Match: W/"f.e.c/4"
Host: foo.exAMPLE.COM

HEAD / HTTP/1.1
If-Match: *
Host: foo.exAMPLE.COM

HEAD / HTTP/1.1
If-None-Match: *
Host: foo.exAMPLE.COM

HEAD /index.html HTTP/1.0
Connection: close


DEBUG tests/http11_tests.c:98: TEST tests/and_suite/ex_httpd_conf_8.2_tst_2 results: delta 363, has_error: 0, is_finished: 1
DEBUG tests/http11_tests.c:79: json PARSING: 363 of 713 at HEAD / HTTP/1.1
If-None-Match: W/"f.e.c/1"
Host: foo.exAMPLE.COM

HEAD / HTTP/1.1
If-None-Match: W/"f.e.c/2"
Host: foo.exAMPLE.COM

HEAD / HTTP/1.1
If-None-Match: W/"f.e.c/4"
Host: foo.exAMPLE.COM

HEAD / HTTP/1.1
If-Match: *
Host: foo.exAMPLE.COM

HEAD / HTTP/1.1
If-None-Match: *
Host: foo.exAMPLE.COM

HEAD /index.html HTTP/1.0
Connection: close


DEBUG tests/http11_tests.c:98: TEST tests/and_suite/ex_httpd_conf_8.2_tst_2 results: delta 429, has_error: 0, is_finished: 1
DEBUG tests/http11_tests.c:79: json PARSING: 429 of 713 at HEAD / HTTP/1.1
If-None-Match: W/"f.e.c/2"
Host: foo.exAMPLE.COM

HEAD / HTTP/1.1
If-None-Match: W/"f.e.c/4"
Host: foo.exAMPLE.COM

HEAD / HTTP/1.1
If-Match: *
Host: foo.exAMPLE.COM

HEAD / HTTP/1.1
If-None-Match: *
Host: foo.exAMPLE.COM

HEAD /index.html HTTP/1.0
Connection: close


DEBUG tests/http11_tests.c:98: TEST tests/and_suite/ex_httpd_conf_8.2_tst_2 results: delta 495, has_error: 0, is_finished: 1
DEBUG tests/http11_tests.c:79: json PARSING: 495 of 713 at HEAD / HTTP/1.1
If-None-Match: W/"f.e.c/4"
Host: foo.exAMPLE.COM

HEAD / HTTP/1.1
If-Match: *
Host: foo.exAMPLE.COM

HEAD / HTTP/1.1
If-None-Match: *
Host: foo.exAMPLE.COM

HEAD /index.html HTTP/1.0
Connection: close


DEBUG tests/http11_tests.c:98: TEST tests/and_suite/ex_httpd_conf_8.2_tst_2 results: delta 561, has_error: 0, is_finished: 1
DEBUG tests/http11_tests.c:79: json PARSING: 561 of 713 at HEAD / HTTP/1.1
If-Match: *
Host: foo.exAMPLE.COM

HEAD / HTTP/1.1
If-None-Match: *
Host: foo.exAMPLE.COM

HEAD /index.html HTTP/1.0
Connection: close


DEBUG tests/http11_tests.c:98: TEST tests/and_suite/ex_httpd_conf_8.2_tst_2 results: delta 612, has_error: 0, is_finished: 1
DEBUG tests/http11_tests.c:79: json PARSING: 612 of 713 at HEAD / HTTP/1.1
If-None-Match: *
Host: foo.exAMPLE.COM

HEAD /index.html HTTP/1.0
Connection: close


DEBUG tests/http11_tests.c:98: TEST tests/and_suite/ex_httpd_conf_8.2_tst_2 results: delta 668, has_error: 0, is_finished: 1
DEBUG tests/http11_tests.c:79: json PARSING: 668 of 713 at HEAD /index.html HTTP/1.0
Connection: close


DEBUG tests/http11_tests.c:98: TEST tests/and_suite/ex_httpd_conf_8.2_tst_2 results: delta 713, has_error: 0, is_finished: 1
DEBUG tests/http11_tests.c:79: json PARSING: 0 of 532 at HEAD / HTTP/1.0
Connection: keep-alive

HEAD / HTTP/1.1
Host: foo.exAMPLE.com

HEAD / HTTP/1.1
Host: foo.exAMPLE.COM

HEAD / HTTP/1.1
If-Match: "f.e.c/1"
Host: foo.exAMPLE.COM

HEAD / HTTP/1.1
If-None-Match: "f.e.c/1"
Host: foo.exAMPLE.COM

HEAD / HTTP/1.1
If-Match: "f.e.c/2"
Host: foo.example.COM

HEAD / HTTP/1.1
If-None-Match: "f.e.c/2"
Host: foo.example.COM

HEAD / HTTP/1.1
If-Match: "f.e.c/4"
Host: foo.example.com

HEAD / HTTP/1.1
If-None-Match: "f.e.c/4"
Host: foo.example.com

HEAD /index.html HTTP/1.0
Connection: close


DEBUG tests/http11_tests.c:98: TEST tests/and_suite/ex_httpd_conf_8.3_tst_1 results: delta 40, has_error: 0, is_finished: 1
DEBUG tests/http11_tests.c:79: json PARSING: 40 of 532 at HEAD / HTTP/1.1
Host: foo.exAMPLE.com

HEAD / HTTP/1.1
Host: foo.exAMPLE.COM

HEAD / HTTP/1.1
If-Match: "f.e.c/1"
Host: foo.exAMPLE.COM

HEAD / HTTP/1.1
If-None-Match: "f.e.c/1"
Host: foo.exAMPLE.COM

HEAD / HTTP/1.1
If-Match: "f.e.c/2"
Host: foo.example.COM

HEAD / HTTP/1.1
If-None-Match: "f.e.c/2"
Host: foo.example.COM

HEAD / HTTP/1.1
If-Match: "f.e.c/4"
Host: foo.example.com

HEAD / HTTP/1.1
If-None-Match: "f.e.c/4"
Host: foo.example.com

HEAD /index.html HTTP/1.0
Connection: close


DEBUG tests/http11_tests.c:98: TEST tests/and_suite/ex_httpd_conf_8.3_tst_1 results: delta 79, has_error: 0, is_finished: 1
DEBUG tests/http11_tests.c:79: json PARSING: 79 of 532 at HEAD / HTTP/1.1
Host: foo.exAMPLE.COM

HEAD / HTTP/1.1
If-Match: "f.e.c/1"
Host: foo.exAMPLE.COM

HEAD / HTTP/1.1
If-None-Match: "f.e.c/1"
Host: foo.exAMPLE.COM

HEAD / HTTP/1.1
If-Match: "f.e.c/2"
Host: foo.example.COM

HEAD / HTTP/1.1
If-None-Match: "f.e.c/2"
Host: foo.example.COM

HEAD / HTTP/1.1
If-Match: "f.e.c/4"
Host: foo.example.com

HEAD / HTTP/1.1
If-None-Match: "f.e.c/4"
Host: foo.example.com

HEAD /index.html HTTP/1.0
Connection: close


DEBUG tests/http11_tests.c:98: TEST tests/and_suite/ex_httpd_conf_8.3_tst_1 results: delta 118, has_error: 0, is_finished: 1
DEBUG tests/http11_tests.c:79: json PARSING: 118 of 532 at HEAD / HTTP/1.1
If-Match: "f.e.c/1"
Host: foo.exAMPLE.COM

HEAD / HTTP/1.1
If-None-Match: "f.e.c/1"
Host: foo.exAMPLE.COM

HEAD / HTTP/1.1
If-Match: "f.e.c/2"
Host: foo.example.COM

HEAD / HTTP/1.1
If-None-Match: "f.e.c/2"
Host: foo.example.COM

HEAD / HTTP/1.1
If-Match: "f.e.c/4"
Host: foo.example.com

HEAD / HTTP/1.1
If-None-Match: "f.e.c/4"
Host: foo.example.com

HEAD /index.html HTTP/1.0
Connection: close


DEBUG tests/http11_tests.c:98: TEST tests/and_suite/ex_httpd_conf_8.3_tst_1 results: delta 177, has_error: 0, is_finished: 1
DEBUG tests/http11_tests.c:79: json PARSING: 177 of 532 at HEAD / HTTP/1.1
If-None-Match: "f.e.c/1"
Host: foo.exAMPLE.COM

HEAD / HTTP/1.1
If-Match: "f.e.c/2"
Host: foo.example.COM

HEAD / HTTP/1.1
If-None-Match: "f.e.c/2"
Host: foo.example.COM

HEAD / HTTP/1.1
If-Match: "f.e.c/4"
Host: foo.example.com

HEAD / HTTP/1.1
If-None-Match: "f.e.c/4"
Host: foo.example.com

HEAD /index.html HTTP/1.0
Connection: close


DEBUG tests/http11_tests.c:98: TEST tests/and_suite/ex_httpd_conf_8.3_tst_1 results: delta 241, has_error: 0, is_finished: 1
DEBUG tests/http11_tests.c:79: json PARSING: 241 of 532 at HEAD / HTTP/1.1
If-Match: "f.e.c/2"
Host: foo.example.COM

HEAD / HTTP/1.1
If-None-Match: "f.e.c/2"
Host: foo.example.COM

HEAD / HTTP/1.1
If-Match: "f.e.c/4"
Host: foo.example.com

HEAD / HTTP/1.1
If-None-Match: "f.e.c/4"
Host: foo.example.com

HEAD /index.html HTTP/1.0
Connection: close


DEBUG tests/http11_tests.c:98: TEST tests/and_suite/ex_httpd_conf_8.3_tst_1 results: delta 300, has_error: 0, is_finished: 1
DEBUG tests/http11_tests.c:79: json PARSING: 300 of 532 at HEAD / HTTP/1.1
If-None-Match: "f.e.c/2"
Host: foo.example.COM

HEAD / HTTP/1.1
If-Match: "f.e.c/4"
Host: foo.example.com

HEAD / HTTP/1.1
If-None-Match: "f.e.c/4"
Host: foo.example.com

HEAD /index.html HTTP/1.0
Connection: close


DEBUG tests/http11_tests.c:98: TEST tests/and_suite/ex_httpd_conf_8.3_tst_1 results: delta 364, has_error: 0, is_finished: 1
DEBUG tests/http11_tests.c:79: json PARSING: 364 of 532 at HEAD / HTTP/1.1
If-Match: "f.e.c/4"
Host: foo.example.com

HEAD / HTTP/1.1
If-None-Match: "f.e.c/4"
Host: foo.example.com

HEAD /index.html HTTP/1.0
Connection: close


DEBUG tests/http11_tests.c:98: TEST tests/and_suite/ex_httpd_conf_8.3_tst_1 results: delta 423, has_error: 0, is_finished: 1
DEBUG tests/http11_tests.c:79: json PARSING: 423 of 532 at HEAD / HTTP/1.1
If-None-Match: "f.e.c/4"
Host: foo.example.com

HEAD /index.html HTTP/1.0
Connection: close


DEBUG tests/http11_tests.c:98: TEST tests/and_suite/ex_httpd_conf_8.3_tst_1 results: delta 487, has_error: 0, is_finished: 1
DEBUG tests/http11_tests.c:79: json PARSING: 487 of 532 at HEAD /index.html HTTP/1.0
Connection: close


DEBUG tests/http11_tests.c:98: TEST tests/and_suite/ex_httpd_conf_8.3_tst_1 results: delta 532, has_error: 0, is_finished: 1
DEBUG tests/http11_tests.c:79: json PARSING: 0 of 713 at HEAD / HTTP/1.1
If-None-Match: "f.e.c/1"
If-None-Match: "f.e.c/2"
If-None-Match: "f.e.c/3"
If-None-Match: "f.e.c/4"
Host: foo.exAMPLE.COM

HEAD / HTTP/1.1
If-Match: "f.e.c/1"
If-Match: "f.e.c/2"
If-Match: "f.e.c/3"
If-Match: "f.e.c/4"
Host: foo.exAMPLE.COM

HEAD / HTTP/1.1
If-None-Match: W/"f.e.c/1", W/"f.e.c/2", W/"f.e.c/3", W/"f.e.c/4"
Host: foo.exAMPLE.COM

HEAD / HTTP/1.1
If-None-Match: W/"f.e.c/1"
Host: foo.exAMPLE.COM

HEAD / HTTP/1.1
If-None-Match: W/"f.e.c/2"
Host: foo.exAMPLE.COM

HEAD / HTTP/1.1
If-None-Match: W/"f.e.c/4"
Host: foo.exAMPLE.COM

HEAD / HTTP/1.1
If-Match: *
Host: foo.exAMPLE.COM

HEAD / HTTP/1.1
If-None-Match: *
Host: foo.exAMPLE.COM

HEAD /index.html HTTP/1.0
Connection: close


DEBUG tests/http11_tests.c:98: TEST tests/and_suite/ex_httpd_conf_8.3_tst_2 results: delta 139, has_error: 0, is_finished: 1
DEBUG tests/http11_tests.c:79: json PARSING: 139 of 713 at HEAD / HTTP/1.1
If-Match: "f.e.c/1"
If-Match: "f.e.c/2"
If-Match: "f.e.c/3"
If-Match: "f.e.c/4"
Host: foo.exAMPLE.COM

HEAD / HTTP/1.1
If-None-Match: W/"f.e.c/1", W/"f.e.c/2", W/"f.e.c/3", W/"f.e.c/4"
Host: foo.exAMPLE.COM

HEAD / HTTP/1.1
If-None-Match: W/"f.e.c/1"
Host: foo.exAMPLE.COM

HEAD / HTTP/1.1
If-None-Match: W/"f.e.c/2"
Host: foo.exAMPLE.COM

HEAD / HTTP/1.1
If-None-Match: W/"f.e.c/4"
Host: foo.exAMPLE.COM

HEAD / HTTP/1.1
If-Match: *
Host: foo.exAMPLE.COM

HEAD / HTTP/1.1
If-None-Match: *
Host: foo.exAMPLE.COM

HEAD /index.html HTTP/1.0
Connection: close


DEBUG tests/http11_tests.c:98: TEST tests/and_suite/ex_httpd_conf_8.3_tst_2 results: delta 258, has_error: 0, is_finished: 1
DEBUG tests/http11_tests.c:79: json PARSING: 258 of 713 at HEAD / HTTP/1.1
If-None-Match: W/"f.e.c/1", W/"f.e.c/2", W/"f.e.c/3", W/"f.e.c/4"
Host: foo.exAMPLE.COM

HEAD / HTTP/1.1
If-None-Match: W/"f.e.c/1"
Host: foo.exAMPLE.COM

HEAD / HTTP/1.1
If-None-Match: W/"f.e.c/2"
Host: foo.exAMPLE.COM

HEAD / HTTP/1.1
If-None-Match: W/"f.e.c/4"
Host: foo.exAMPLE.COM

HEAD / HTTP/1.1
If-Match: *
Host: foo.exAMPLE.COM

HEAD / HTTP/1.1
If-None-Match: *
Host: foo.exAMPLE.COM

HEAD /index.html HTTP/1.0
Connection: close


DEBUG tests/http11_tests.c:98: TEST tests/and_suite/ex_httpd_conf_8.3_tst_2 results: delta 363, has_error: 0, is_finished: 1
DEBUG tests/http11_tests.c:79: json PARSING: 363 of 713 at HEAD / HTTP/1.1
If-None-Match: W/"f.e.c/1"
Host: foo.exAMPLE.COM

HEAD / HTTP/1.1
If-None-Match: W/"f.e.c/2"
Host: foo.exAMPLE.COM

HEAD / HTTP/1.1
If-None-Match: W/"f.e.c/4"
Host: foo.exAMPLE.COM

HEAD / HTTP/1.1
If-Match: *
Host: foo.exAMPLE.COM

HEAD / HTTP/1.1
If-None-Match: *
Host: foo.exAMPLE.COM

HEAD /index.html HTTP/1.0
Connection: close


DEBUG tests/http11_tests.c:98: TEST tests/and_suite/ex_httpd_conf_8.3_tst_2 results: delta 429, has_error: 0, is_finished: 1
DEBUG tests/http11_tests.c:79: json PARSING: 429 of 713 at HEAD / HTTP/1.1
If-None-Match: W/"f.e.c/2"
Host: foo.exAMPLE.COM

HEAD / HTTP/1.1
If-None-Match: W/"f.e.c/4"
Host: foo.exAMPLE.COM

HEAD / HTTP/1.1
If-Match: *
Host: foo.exAMPLE.COM

HEAD / HTTP/1.1
If-None-Match: *
Host: foo.exAMPLE.COM

HEAD /index.html HTTP/1.0
Connection: close


DEBUG tests/http11_tests.c:98: TEST tests/and_suite/ex_httpd_conf_8.3_tst_2 results: delta 495, has_error: 0, is_finished: 1
DEBUG tests/http11_tests.c:79: json PARSING: 495 of 713 at HEAD / HTTP/1.1
If-None-Match: W/"f.e.c/4"
Host: foo.exAMPLE.COM

HEAD / HTTP/1.1
If-Match: *
Host: foo.exAMPLE.COM

HEAD / HTTP/1.1
If-None-Match: *
Host: foo.exAMPLE.COM

HEAD /index.html HTTP/1.0
Connection: close


DEBUG tests/http11_tests.c:98: TEST tests/and_suite/ex_httpd_conf_8.3_tst_2 results: delta 561, has_error: 0, is_finished: 1
DEBUG tests/http11_tests.c:79: json PARSING: 561 of 713 at HEAD / HTTP/1.1
If-Match: *
Host: foo.exAMPLE.COM

HEAD / HTTP/1.1
If-None-Match: *
Host: foo.exAMPLE.COM

HEAD /index.html HTTP/1.0
Connection: close


DEBUG tests/http11_tests.c:98: TEST tests/and_suite/ex_httpd_conf_8.3_tst_2 results: delta 612, has_error: 0, is_finished: 1
DEBUG tests/http11_tests.c:79: json PARSING: 612 of 713 at HEAD / HTTP/1.1
If-None-Match: *
Host: foo.exAMPLE.COM

HEAD /index.html HTTP/1.0
Connection: close


DEBUG tests/http11_tests.c:98: TEST tests/and_suite/ex_httpd_conf_8.3_tst_2 results: delta 668, has_error: 0, is_finished: 1
DEBUG tests/http11_tests.c:79: json PARSING: 668 of 713 at HEAD /index.html HTTP/1.0
Connection: close


DEBUG tests/http11_tests.c:98: TEST tests/and_suite/ex_httpd_conf_8.3_tst_2 results: delta 713, has_error: 0, is_finished: 1
DEBUG tests/http11_tests.c:79: json PARSING: 0 of 532 at HEAD / HTTP/1.0
Connection: keep-alive

HEAD / HTTP/1.1
Host: foo.exAMPLE.com

HEAD / HTTP/1.1
Host: foo.exAMPLE.COM

HEAD / HTTP/1.1
If-Match: "f.e.c/1"
Host: foo.exAMPLE.COM

HEAD / HTTP/1.1
If-None-Match: "f.e.c/1"
Host: foo.exAMPLE.COM

HEAD / HTTP/1.1
If-Match: "f.e.c/2"
Host: foo.example.COM

HEAD / HTTP/1.1
If-None-Match: "f.e.c/2"
Host: foo.example.COM

HEAD / HTTP/1.1
If-Match: "f.e.c/4"
Host: foo.example.com

HEAD / HTTP/1.1
If-None-Match: "f.e.c/4"
Host: foo.example.com

HEAD /index.html HTTP/1.0
Connection: close


DEBUG tests/http11_tests.c:98: TEST tests/and_suite/ex_httpd_conf_8.4_tst_1 results: delta 40, has_error: 0, is_finished: 1
DEBUG tests/http11_tests.c:79: json PARSING: 40 of 532 at HEAD / HTTP/1.1
Host: foo.exAMPLE.com

HEAD / HTTP/1.1
Host: foo.exAMPLE.COM

HEAD / HTTP/1.1
If-Match: "f.e.c/1"
Host: foo.exAMPLE.COM

HEAD / HTTP/1.1
If-None-Match: "f.e.c/1"
Host: foo.exAMPLE.COM

HEAD / HTTP/1.1
If-Match: "f.e.c/2"
Host: foo.example.COM

HEAD / HTTP/1.1
If-None-Match: "f.e.c/2"
Host: foo.example.COM

HEAD / HTTP/1.1
If-Match: "f.e.c/4"
Host: foo.example.com

HEAD / HTTP/1.1
If-None-Match: "f.e.c/4"
Host: foo.example.com

HEAD /index.html HTTP/1.0
Connection: close


DEBUG tests/http11_tests.c:98: TEST tests/and_suite/ex_httpd_conf_8.4_tst_1 results: delta 79, has_error: 0, is_finished: 1
DEBUG tests/http11_tests.c:79: json PARSING: 79 of 532 at HEAD / HTTP/1.1
Host: foo.exAMPLE.COM

HEAD / HTTP/1.1
If-Match: "f.e.c/1"
Host: foo.exAMPLE.COM

HEAD / HTTP/1.1
If-None-Match: "f.e.c/1"
Host: foo.exAMPLE.COM

HEAD / HTTP/1.1
If-Match: "f.e.c/2"
Host: foo.example.COM

HEAD / HTTP/1.1
If-None-Match: "f.e.c/2"
Host: foo.example.COM

HEAD / HTTP/1.1
If-Match: "f.e.c/4"
Host: foo.example.com

HEAD / HTTP/1.1
If-None-Match: "f.e.c/4"
Host: foo.example.com

HEAD /index.html HTTP/1.0
Connection: close


DEBUG tests/http11_tests.c:98: TEST tests/and_suite/ex_httpd_conf_8.4_tst_1 results: delta 118, has_error: 0, is_finished: 1
DEBUG tests/http11_tests.c:79: json PARSING: 118 of 532 at HEAD / HTTP/1.1
If-Match: "f.e.c/1"
Host: foo.exAMPLE.COM

HEAD / HTTP/1.1
If-None-Match: "f.e.c/1"
Host: foo.exAMPLE.COM

HEAD / HTTP/1.1
If-Match: "f.e.c/2"
Host: foo.example.COM

HEAD / HTTP/1.1
If-None-Match: "f.e.c/2"
Host: foo.example.COM

HEAD / HTTP/1.1
If-Match: "f.e.c/4"
Host: foo.example.com

HEAD / HTTP/1.1
If-None-Match: "f.e.c/4"
Host: foo.example.com

HEAD /index.html HTTP/1.0
Connection: close


DEBUG tests/http11_tests.c:98: TEST tests/and_suite/ex_httpd_conf_8.4_tst_1 results: delta 177, has_error: 0, is_finished: 1
DEBUG tests/http11_tests.c:79: json PARSING: 177 of 532 at HEAD / HTTP/1.1
If-None-Match: "f.e.c/1"
Host: foo.exAMPLE.COM

HEAD / HTTP/1.1
If-Match: "f.e.c/2"
Host: foo.example.COM

HEAD / HTTP/1.1
If-None-Match: "f.e.c/2"
Host: foo.example.COM

HEAD / HTTP/1.1
If-Match: "f.e.c/4"
Host: foo.example.com

HEAD / HTTP/1.1
If-None-Match: "f.e.c/4"
Host: foo.example.com

HEAD /index.html HTTP/1.0
Connection: close


DEBUG tests/http11_tests.c:98: TEST tests/and_suite/ex_httpd_conf_8.4_tst_1 results: delta 241, has_error: 0, is_finished: 1
DEBUG tests/http11_tests.c:79: json PARSING: 241 of 532 at HEAD / HTTP/1.1
If-Match: "f.e.c/2"
Host: foo.example.COM

HEAD / HTTP/1.1
If-None-Match: "f.e.c/2"
Host: foo.example.COM

HEAD / HTTP/1.1
If-Match: "f.e.c/4"
Host: foo.example.com

HEAD / HTTP/1.1
If-None-Match: "f.e.c/4"
Host: foo.example.com

HEAD /index.html HTTP/1.0
Connection: close


DEBUG tests/http11_tests.c:98: TEST tests/and_suite/ex_httpd_conf_8.4_tst_1 results: delta 300, has_error: 0, is_finished: 1
DEBUG tests/http11_tests.c:79: json PARSING: 300 of 532 at HEAD / HTTP/1.1
If-None-Match: "f.e.c/2"
Host: foo.example.COM

HEAD / HTTP/1.1
If-Match: "f.e.c/4"
Host: foo.example.com

HEAD / HTTP/1.1
If-None-Match: "f.e.c/4"
Host: foo.example.com

HEAD /index.html HTTP/1.0
Connection: close


DEBUG tests/http11_tests.c:98: TEST tests/and_suite/ex_httpd_conf_8.4_tst_1 results: delta 364, has_error: 0, is_finished: 1
DEBUG tests/http11_tests.c:79: json PARSING: 364 of 532 at HEAD / HTTP/1.1
If-Match: "f.e.c/4"
Host: foo.example.com

HEAD / HTTP/1.1
If-None-Match: "f.e.c/4"
Host: foo.example.com

HEAD /index.html HTTP/1.0
Connection: close


DEBUG tests/http11_tests.c:98: TEST tests/and_suite/ex_httpd_conf_8.4_tst_1 results: delta 423, has_error: 0, is_finished: 1
DEBUG tests/http11_tests.c:79: json PARSING: 423 of 532 at HEAD / HTTP/1.1
If-None-Match: "f.e.c/4"
Host: foo.example.com

HEAD /index.html HTTP/1.0
Connection: close


DEBUG tests/http11_tests.c:98: TEST tests/and_suite/ex_httpd_conf_8.4_tst_1 results: delta 487, has_error: 0, is_finished: 1
DEBUG tests/http11_tests.c:79: json PARSING: 487 of 532 at HEAD /index.html HTTP/1.0
Connection: close


DEBUG tests/http11_tests.c:98: TEST tests/and_suite/ex_httpd_conf_8.4_tst_1 results: delta 532, has_error: 0, is_finished: 1
DEBUG tests/http11_tests.c:79: json PARSING: 0 of 713 at HEAD / HTTP/1.1
If-None-Match: "f.e.c/1"
If-None-Match: "f.e.c/2"
If-None-Match: "f.e.c/3"
If-None-Match: "f.e.c/4"
Host: foo.exAMPLE.COM

HEAD / HTTP/1.1
If-Match: "f.e.c/1"
If-Match: "f.e.c/2"
If-Match: "f.e.c/3"
If-Match: "f.e.c/4"
Host: foo.exAMPLE.COM

HEAD / HTTP/1.1
If-None-Match: W/"f.e.c/1", W/"f.e.c/2", W/"f.e.c/3", W/"f.e.c/4"
Host: foo.exAMPLE.COM

HEAD / HTTP/1.1
If-None-Match: W/"f.e.c/1"
Host: foo.exAMPLE.COM

HEAD / HTTP/1.1
If-None-Match: W/"f.e.c/2"
Host: foo.exAMPLE.COM

HEAD / HTTP/1.1
If-None-Match: W/"f.e.c/4"
Host: foo.exAMPLE.COM

HEAD / HTTP/1.1
If-Match: *
Host: foo.exAMPLE.COM

HEAD / HTTP/1.1
If-None-Match: *
Host: foo.exAMPLE.COM

HEAD /index.html HTTP/1.0
Connection: close


DEBUG tests/http11_tests.c:98: TEST tests/and_suite/ex_httpd_conf_8.4_tst_2 results: delta 139, has_error: 0, is_finished: 1
DEBUG tests/http11_tests.c:79: json PARSING: 139 of 713 at HEAD / HTTP/1.1
If-Match: "f.e.c/1"
If-Match: "f.e.c/2"
If-Match: "f.e.c/3"
If-Match: "f.e.c/4"
Host: foo.exAMPLE.COM

HEAD / HTTP/1.1
If-None-Match: W/"f.e.c/1", W/"f.e.c/2", W/"f.e.c/3", W/"f.e.c/4"
Host: foo.exAMPLE.COM

HEAD / HTTP/1.1
If-None-Match: W/"f.e.c/1"
Host: foo.exAMPLE.COM

HEAD / HTTP/1.1
If-None-Match: W/"f.e.c/2"
Host: foo.exAMPLE.COM

HEAD / HTTP/1.1
If-None-Match: W/"f.e.c/4"
Host: foo.exAMPLE.COM

HEAD / HTTP/1.1
If-Match: *
Host: foo.exAMPLE.COM

HEAD / HTTP/1.1
If-None-Match: *
Host: foo.exAMPLE.COM

HEAD /index.html HTTP/1.0
Connection: close


DEBUG tests/http11_tests.c:98: TEST tests/and_suite/ex_httpd_conf_8.4_tst_2 results: delta 258, has_error: 0, is_finished: 1
DEBUG tests/http11_tests.c:79: json PARSING: 258 of 713 at HEAD / HTTP/1.1
If-None-Match: W/"f.e.c/1", W/"f.e.c/2", W/"f.e.c/3", W/"f.e.c/4"
Host: foo.exAMPLE.COM

HEAD / HTTP/1.1
If-None-Match: W/"f.e.c/1"
Host: foo.exAMPLE.COM

HEAD / HTTP/1.1
If-None-Match: W/"f.e.c/2"
Host: foo.exAMPLE.COM

HEAD / HTTP/1.1
If-None-Match: W/"f.e.c/4"
Host: foo.exAMPLE.COM

HEAD / HTTP/1.1
If-Match: *
Host: foo.exAMPLE.COM

HEAD / HTTP/1.1
If-None-Match: *
Host: foo.exAMPLE.COM

HEAD /index.html HTTP/1.0
Connection: close


DEBUG tests/http11_tests.c:98: TEST tests/and_suite/ex_httpd_conf_8.4_tst_2 results: delta 363, has_error: 0, is_finished: 1
DEBUG tests/http11_tests.c:79: json PARSING: 363 of 713 at HEAD / HTTP/1.1
If-None-Match: W/"f.e.c/1"
Host: foo.exAMPLE.COM

HEAD / HTTP/1.1
If-None-Match: W/"f.e.c/2"
Host: foo.exAMPLE.COM

HEAD / HTTP/1.1
If-None-Match: W/"f.e.c/4"
Host: foo.exAMPLE.COM

HEAD / HTTP/1.1
If-Match: *
Host: foo.exAMPLE.COM

HEAD / HTTP/1.1
If-None-Match: *
Host: foo.exAMPLE.COM

HEAD /index.html HTTP/1.0
Connection: close


DEBUG tests/http11_tests.c:98: TEST tests/and_suite/ex_httpd_conf_8.4_tst_2 results: delta 429, has_error: 0, is_finished: 1
DEBUG tests/http11_tests.c:79: json PARSING: 429 of 713 at HEAD / HTTP/1.1
If-None-Match: W/"f.e.c/2"
Host: foo.exAMPLE.COM

HEAD / HTTP/1.1
If-None-Match: W/"f.e.c/4"
Host: foo.exAMPLE.COM

HEAD / HTTP/1.1
If-Match: *
Host: foo.exAMPLE.COM

HEAD / HTTP/1.1
If-None-Match: *
Host: foo.exAMPLE.COM

HEAD /index.html HTTP/1.0
Connection: close


DEBUG tests/http11_tests.c:98: TEST tests/and_suite/ex_httpd_conf_8.4_tst_2 results: delta 495, has_error: 0, is_finished: 1
DEBUG tests/http11_tests.c:79: json PARSING: 495 of 713 at HEAD / HTTP/1.1
If-None-Match: W/"f.e.c/4"
Host: foo.exAMPLE.COM

HEAD / HTTP/1.1
If-Match: *
Host: foo.exAMPLE.COM

HEAD / HTTP/1.1
If-None-Match: *
Host: foo.exAMPLE.COM

HEAD /index.html HTTP/1.0
Connection: close


DEBUG tests/http11_tests.c:98: TEST tests/and_suite/ex_httpd_conf_8.4_tst_2 results: delta 561, has_error: 0, is_finished: 1
DEBUG tests/http11_tests.c:79: json PARSING: 561 of 713 at HEAD / HTTP/1.1
If-Match: *
Host: foo.exAMPLE.COM

HEAD / HTTP/1.1
If-None-Match: *
Host: foo.exAMPLE.COM

HEAD /index.html HTTP/1.0
Connection: close


DEBUG tests/http11_tests.c:98: TEST tests/and_suite/ex_httpd_conf_8.4_tst_2 results: delta 612, has_error: 0, is_finished: 1
DEBUG tests/http11_tests.c:79: json PARSING: 612 of 713 at HEAD / HTTP/1.1
If-None-Match: *
Host: foo.exAMPLE.COM

HEAD /index.html HTTP/1.0
Connection: close


DEBUG tests/http11_tests.c:98: TEST tests/and_suite/ex_httpd_conf_8.4_tst_2 results: delta 668, has_error: 0, is_finished: 1
DEBUG tests/http11_tests.c:79: json PARSING: 668 of 713 at HEAD /index.html HTTP/1.0
Connection: close


DEBUG tests/http11_tests.c:98: TEST tests/and_suite/ex_httpd_conf_8.4_tst_2 results: delta 713, has_error: 0, is_finished: 1
DEBUG tests/http11_tests.c:79: json PARSING: 0 of 119 at HEAD / HTTP/1.1
Host: .

HEAD / HTTP/1.1
Host:  default 

HEAD /index.html HTTP/1.1
Host:  default 
Connection: close


DEBUG tests/http11_tests.c:98: TEST tests/and_suite/ex_httpd_conf_9.1_tst_1 results: delta 25, has_error: 0, is_finished: 1
DEBUG tests/http11_tests.c:79: json PARSING: 25 of 119 at HEAD / HTTP/1.1
Host:  default 

HEAD /index.html HTTP/1.1
Host:  default 
Connection: close


DEBUG tests/http11_tests.c:98: TEST tests/and_suite/ex_httpd_conf_9.1_tst_1 results: delta 58, has_error: 0, is_finished: 1
DEBUG tests/http11_tests.c:79: json PARSING: 58 of 119 at HEAD /index.html HTTP/1.1
Host:  default 
Connection: close


DEBUG tests/http11_tests.c:98: TEST tests/and_suite/ex_httpd_conf_9.1_tst_1 results: delta 119, has_error: 0, is_finished: 1
DEBUG tests/http11_tests.c:79: json PARSING: 0 of 119 at HEAD / HTTP/1.1
Host: .

HEAD / HTTP/1.1
Host:  default 

HEAD /index.html HTTP/1.1
Host:  default 
Connection: close


DEBUG tests/http11_tests.c:98: TEST tests/and_suite/ex_httpd_conf_9.2_tst_1 results: delta 25, has_error: 0, is_finished: 1
DEBUG tests/http11_tests.c:79: json PARSING: 25 of 119 at HEAD / HTTP/1.1
Host:  default 

HEAD /index.html HTTP/1.1
Host:  default 
Connection: close


DEBUG tests/http11_tests.c:98: TEST tests/and_suite/ex_httpd_conf_9.2_tst_1 results: delta 58, has_error: 0, is_finished: 1
DEBUG tests/http11_tests.c:79: json PARSING: 58 of 119 at HEAD /index.html HTTP/1.1
Host:  default 
Connection: close


DEBUG tests/http11_tests.c:98: TEST tests/and_suite/ex_httpd_conf_9.2_tst_1 results: delta 119, has_error: 0, is_finished: 1
DEBUG tests/http11_tests.c:79: json PARSING: 0 of 13 at BLAH /
GET /

DEBUG tests/http11_tests.c:98: TEST tests/and_suite/ex_httpd_errs_tst_1 results: delta 6, has_error: 1, is_finished: 0
DEBUG tests/http11_tests.c:79: json PARSING: 6 of 13 at 
GET /

DEBUG tests/http11_tests.c:79: json PARSING: 0 of 33 at GET / HTTP/1.1x

GET / HTTP/1.0


DEBUG tests/http11_tests.c:98: TEST tests/and_suite/ex_httpd_errs_tst_10 results: delta 14, has_error: 1, is_finished: 0
DEBUG tests/http11_tests.c:79: json PARSING: 14 of 33 at x

GET / HTTP/1.0


DEBUG tests/http11_tests.c:79: json PARSING: 0 of 33 at GET / HTTP/1.0 

GET / HTTP/1.0


DEBUG tests/http11_tests.c:98: TEST tests/and_suite/ex_httpd_errs_tst_11 results: delta 14, has_error: 1, is_finished: 0
DEBUG tests/http11_tests.c:79: json PARSING: 14 of 33 at  

GET / HTTP/1.0


DEBUG tests/http11_tests.c:79: json PARSING: 0 of 54 at GET / HTTP/1.4
Host: foo.example.com

GET / HTTP/1.0


DEBUG tests/http11_tests.c:98: TEST tests/and_suite/ex_httpd_errs_tst_12 results: delta 13, has_error: 1, is_finished: 0
DEBUG tests/http11_tests.c:79: json PARSING: 13 of 54 at 4
Host: foo.example.com

GET / HTTP/1.0


DEBUG tests/http11_tests.c:98: TEST tests/and_suite/ex_httpd_errs_tst_12 results: delta 14, has_error: 1, is_finished: 0
DEBUG tests/http11_tests.c:79: json PARSING: 14 of 54 at 
Host: foo.example.com

GET / HTTP/1.0


DEBUG tests/http11_tests.c:79: json PARSING: 0 of 32 at GET / HTTP/2.1

GET / HTTP/1.0


DEBUG tests/http11_tests.c:98: TEST tests/and_suite/ex_httpd_errs_tst_13 results: delta 11, has_error: 1, is_finished: 0
DEBUG tests/http11_tests.c:79: json PARSING: 11 of 32 at 2.1

GET / HTTP/1.0


DEBUG tests/http11_tests.c:98: TEST tests/and_suite/ex_httpd_errs_tst_13 results: delta 14, has_error: 1, is_finished: 0
DEBUG tests/http11_tests.c:79: json PARSING: 14 of 32 at 

GET / HTTP/1.0


DEBUG tests/http11_tests.c:79: json PARSING: 0 of 43 at BLAH / HTTP/1.1
Host: abcd

GET / HTTP/1.0

DEBUG tests/http11_tests.c:98: TEST tests/and_suite/ex_httpd_errs_tst_14 results: delta 28, has_error: 0, is_finished: 1
DEBUG tests/http11_tests.c:79: json PARSING: 28 of 43 at GET / HTTP/1.0

DEBUG tests/http11_tests.c:98: TEST tests/and_suite/ex_httpd_errs_tst_14 results: delta 43, has_error: 0, is_finished: 0
DEBUG tests/http11_tests.c:79: json PARSING: 0 of 19 at DELETE / HTTP/1.1


DEBUG tests/http11_tests.c:98: TEST tests/and_suite/ex_httpd_errs_tst_15 results: delta 19, has_error: 0, is_finished: 1
DEBUG tests/http11_tests.c:79: json PARSING: 0 of 59 at DELETE / HTTP/1.1
Host: foo.example.com
Connection: close


DEBUG tests/http11_tests.c:98: TEST tests/and_suite/ex_httpd_errs_tst_16 results: delta 59, has_error: 0, is_finished: 1
DEBUG tests/http11_tests.c:79: json PARSING: 0 of 69 at GET / HTTP/1.1
Host: default
Expect: 100-continue
Connection: close


DEBUG tests/http11_tests.c:98: TEST tests/and_suite/ex_httpd_errs_tst_17 results: delta 69, has_error: 0, is_finished: 1
DEBUG tests/http11_tests.c:79: json PARSING: 0 of 610 at GET / HTTP/1.1
Host: default
Range: 1-2

GET / HTTP/1.1
Host: default
Range: bytes 1-2

GET / HTTP/1.1
Host: default
Range: bytes = -x

GET / HTTP/1.1
Host: default
Range: bytes = -2000000

GET / HTTP/1.1
Host: default
Range: bytes = 2000000

GET / HTTP/1.1
Host: default
range: bytes = 2000000-x

GET / HTTP/1.1
Host: default
Range: bytes = 2000000-1

GET / HTTP/1.1
Host: default
If-Range: foo
range: bytes = 2000000-1

GET / HTTP/1.1
Host: default
Range: bytes = 1 - 2000000x

GET / HTTP/1.1
Host: default
Range: bytes =  - 000000

GET / HTTP/1.1
Host: default
Range: bytes = 1 - 2000000
connection: close


DEBUG tests/http11_tests.c:98: TEST tests/and_suite/ex_httpd_errs_tst_18 results: delta 41, has_error: 0, is_finished: 1
DEBUG tests/http11_tests.c:79: json PARSING: 41 of 610 at GET / HTTP/1.1
Host: default
Range: bytes 1-2

GET / HTTP/1.1
Host: default
Range: bytes = -x

GET / HTTP/1.1
Host: default
Range: bytes = -2000000

GET / HTTP/1.1
Host: default
Range: bytes = 2000000

GET / HTTP/1.1
Host: default
range: bytes = 2000000-x

GET / HTTP/1.1
Host: default
Range: bytes = 2000000-1

GET / HTTP/1.1
Host: default
If-Range: foo
range: bytes = 2000000-1

GET / HTTP/1.1
Host: default
Range: bytes = 1 - 2000000x

GET / HTTP/1.1
Host: default
Range: bytes =  - 000000

GET / HTTP/1.1
Host: default
Range: bytes = 1 - 2000000
connection: close


DEBUG tests/http11_tests.c:98: TEST tests/and_suite/ex_httpd_errs_tst_18 results: delta 88, has_error: 0, is_finished: 1
DEBUG tests/http11_tests.c:79: json PARSING: 88 of 610 at GET / HTTP/1.1
Host: default
Range: bytes = -x

GET / HTTP/1.1
Host: default
Range: bytes = -2000000

GET / HTTP/1.1
Host: default
Range: bytes = 2000000

GET / HTTP/1.1
Host: default
range: bytes = 2000000-x

GET / HTTP/1.1
Host: default
Range: bytes = 2000000-1

GET / HTTP/1.1
Host: default
If-Range: foo
range: bytes = 2000000-1

GET / HTTP/1.1
Host: default
Range: bytes = 1 - 2000000x

GET / HTTP/1.1
Host: default
Range: bytes =  - 000000

GET / HTTP/1.1
Host: default
Range: bytes = 1 - 2000000
connection: close


DEBUG tests/http11_tests.c:98: TEST tests/and_suite/ex_httpd_errs_tst_18 results: delta 136, has_error: 0, is_finished: 1
DEBUG tests/http11_tests.c:79: json PARSING: 136 of 610 at GET / HTTP/1.1
Host: default
Range: bytes = -2000000

GET / HTTP/1.1
Host: default
Range: bytes = 2000000

GET / HTTP/1.1
Host: default
range: bytes = 2000000-x

GET / HTTP/1.1
Host: default
Range: bytes = 2000000-1

GET / HTTP/1.1
Host: default
If-Range: foo
range: bytes = 2000000-1

GET / HTTP/1.1
Host: default
Range: bytes = 1 - 2000000x

GET / HTTP/1.1
Host: default
Range: bytes =  - 000000

GET / HTTP/1.1
Host: default
Range: bytes = 1 - 2000000
connection: close


DEBUG tests/http11_tests.c:98: TEST tests/and_suite/ex_httpd_errs_tst_18 results: delta 190, has_error: 0, is_finished: 1
DEBUG tests/http11_tests.c:79: json PARSING: 190 of 610 at GET / HTTP/1.1
Host: default
Range: bytes = 2000000

GET / HTTP/1.1
Host: default
range: bytes = 2000000-x

GET / HTTP/1.1
Host: default
Range: bytes = 2000000-1

GET / HTTP/1.1
Host: default
If-Range: foo
range: bytes = 2000000-1

GET / HTTP/1.1
Host: default
Range: bytes = 1 - 2000000x

GET / HTTP/1.1
Host: default
Range: bytes =  - 000000

GET / HTTP/1.1
Host: default
Range: bytes = 1 - 2000000
connection: close


DEBUG tests/http11_tests.c:98: TEST tests/and_suite/ex_httpd_errs_tst_18 results: delta 243, has_error: 0, is_finished: 1
DEBUG tests/http11_tests.c:79: json PARSING: 243 of 610 at GET / HTTP/1.1
Host: default
range: bytes = 2000000-x

GET / HTTP/1.1
Host: default
Range: bytes = 2000000-1

GET / HTTP/1.1
Host: default
If-Range: foo
range: bytes = 2000000-1

GET / HTTP/1.1
Host: default
Range: bytes = 1 - 2000000x

GET / HTTP/1.1
Host: default
Range: bytes =  - 000000

GET / HTTP/1.1
Host: default
Range: bytes = 1 - 2000000
connection: close


DEBUG tests/http11_tests.c:98: TEST tests/and_suite/ex_httpd_errs_tst_18 results: delta 298, has_error: 0, is_finished: 1
DEBUG tests/http11_tests.c:79: json PARSING: 298 of 610 at GET / HTTP/1.1
Host: default
Range: bytes = 2000000-1

GET / HTTP/1.1
Host: default
If-Range: foo
range: bytes = 2000000-1

GET / HTTP/1.1
Host: default
Range: bytes = 1 - 2000000x

GET / HTTP/1.1
Host: default
Range: bytes =  - 000000

GET / HTTP/1.1
Host: default
Range: bytes = 1 - 2000000
connection: close


DEBUG tests/http11_tests.c:98: TEST tests/and_suite/ex_httpd_errs_tst_18 results: delta 353, has_error: 0, is_finished: 1
DEBUG tests/http11_tests.c:79: json PARSING: 353 of 610 at GET / HTTP/1.1
Host: default
If-Range: foo
range: bytes = 2000000-1

GET / HTTP/1.1
Host: default
Range: bytes = 1 - 2000000x

GET / HTTP/1.1
Host: default
Range: bytes =  - 000000

GET / HTTP/1.1
Host: default
Range: bytes = 1 - 2000000
connection: close


DEBUG tests/http11_tests.c:98: TEST tests/and_suite/ex_httpd_errs_tst_18 results: delta 422, has_error: 0, is_finished: 1
DEBUG tests/http11_tests.c:79: json PARSING: 422 of 610 at GET / HTTP/1.1
Host: default
Range: bytes = 1 - 2000000x

GET / HTTP/1.1
Host: default
Range: bytes =  - 000000

GET / HTTP/1.1
Host: default
Range: bytes = 1 - 2000000
connection: close


DEBUG tests/http11_tests.c:98: TEST tests/and_suite/ex_httpd_errs_tst_18 results: delta 480, has_error: 0, is_finished: 1
DEBUG tests/http11_tests.c:79: json PARSING: 480 of 610 at GET / HTTP/1.1
Host: default
Range: bytes =  - 000000

GET / HTTP/1.1
Host: default
Range: bytes = 1 - 2000000
connection: close


DEBUG tests/http11_tests.c:98: TEST tests/and_suite/ex_httpd_errs_tst_18 results: delta 535, has_error: 0, is_finished: 1
DEBUG tests/http11_tests.c:79: json PARSING: 535 of 610 at GET / HTTP/1.1
Host: default
Range: bytes = 1 - 2000000
connection: close


DEBUG tests/http11_tests.c:98: TEST tests/and_suite/ex_httpd_errs_tst_18 results: delta 610, has_error: 0, is_finished: 1
DEBUG tests/http11_tests.c:79: json PARSING: 0 of 144 at GET / HTTP/1.1
Host: default
If-Unmodified-Since: Tue, 12 Oct 2004 07:02:24 GMT

GET / HTTP/1.1
Host: default
If-Match: blah
Connection: close


DEBUG tests/http11_tests.c:98: TEST tests/and_suite/ex_httpd_errs_tst_19 results: delta 81, has_error: 0, is_finished: 1
DEBUG tests/http11_tests.c:79: json PARSING: 81 of 144 at GET / HTTP/1.1
Host: default
If-Match: blah
Connection: close


DEBUG tests/http11_tests.c:98: TEST tests/and_suite/ex_httpd_errs_tst_19 results: delta 144, has_error: 0, is_finished: 1
DEBUG tests/http11_tests.c:79: json PARSING: 0 of 34 at BLAH / HTTP/1.0

GET / HTTP/1.0



DEBUG tests/http11_tests.c:98: TEST tests/and_suite/ex_httpd_errs_tst_2 results: delta 17, has_error: 0, is_finished: 1
DEBUG tests/http11_tests.c:79: json PARSING: 17 of 34 at GET / HTTP/1.0



DEBUG tests/http11_tests.c:98: TEST tests/and_suite/ex_httpd_errs_tst_2 results: delta 33, has_error: 0, is_finished: 1
DEBUG tests/http11_tests.c:79: json PARSING: 33 of 34 at 

DEBUG tests/http11_tests.c:79: json PARSING: 0 of 62 at GET http://default:x/ HTTP/1.1

GET http://default/ HTTP/1.1


DEBUG tests/http11_tests.c:98: TEST tests/and_suite/ex_httpd_errs_tst_20 results: delta 32, has_error: 0, is_finished: 1
DEBUG tests/http11_tests.c:79: json PARSING: 32 of 62 at GET http://default/ HTTP/1.1


DEBUG tests/http11_tests.c:98: TEST tests/and_suite/ex_httpd_errs_tst_20 results: delta 62, has_error: 0, is_finished: 1
DEBUG tests/http11_tests.c:79: json PARSING: 0 of 52 at GET /fifo HTTP/1.1
Host: default
Connection: close


DEBUG tests/http11_tests.c:98: TEST tests/and_suite/ex_httpd_errs_tst_21 results: delta 52, has_error: 0, is_finished: 1
DEBUG tests/http11_tests.c:79: json PARSING: 0 of 57 at GET //fifo#seg HTTP/1.1
Host: default
Connection: close


DEBUG tests/http11_tests.c:98: TEST tests/and_suite/ex_httpd_errs_tst_22 results: delta 57, has_error: 0, is_finished: 1
DEBUG tests/http11_tests.c:79: json PARSING: 0 of 4 at GET

DEBUG tests/http11_tests.c:98: TEST tests/and_suite/ex_httpd_errs_tst_23 results: delta 3, has_error: 1, is_finished: 0
DEBUG tests/http11_tests.c:79: json PARSING: 3 of 4 at 

DEBUG tests/http11_tests.c:79: json PARSING: 0 of 7 at GET   

DEBUG tests/http11_tests.c:98: TEST tests/and_suite/ex_httpd_errs_tst_24 results: delta 4, has_error: 1, is_finished: 0
DEBUG tests/http11_tests.c:79: json PARSING: 4 of 7 at   

DEBUG tests/http11_tests.c:79: json PARSING: 0 of 48 at GET /%2f HTTP/1.1
Host: def

GET /%2F HTTP/1.0


DEBUG tests/http11_tests.c:98: TEST tests/and_suite/ex_httpd_errs_tst_25 results: delta 29, has_error: 0, is_finished: 1
DEBUG tests/http11_tests.c:79: json PARSING: 29 of 48 at GET /%2F HTTP/1.0


DEBUG tests/http11_tests.c:98: TEST tests/and_suite/ex_httpd_errs_tst_25 results: delta 48, has_error: 0, is_finished: 1
DEBUG tests/http11_tests.c:79: json PARSING: 0 of 51 at GET /passwd HTTP/1.1
Host: /etc
Connection: close


DEBUG tests/http11_tests.c:98: TEST tests/and_suite/ex_httpd_errs_tst_26 results: delta 51, has_error: 0, is_finished: 1
DEBUG tests/http11_tests.c:79: json PARSING: 0 of 31 at GET /
DEBUG tests/http11_tests.c:98: TEST tests/and_suite/ex_httpd_errs_tst_27 results: delta 5, has_error: 1, is_finished: 0
DEBUG tests/http11_tests.c:79: json PARSING: 5 of 31 at 
DEBUG tests/http11_tests.c:79: json PARSING: 0 of 1205 at HEAD http://default/ HTTP/1.1
HOST:
Accept-Encoding: blah

HEAD http://default/ HTTP/1.1
HOST:
Accept-Encoding: 

HEAD http://default/ HTTP/1.1
HOST:
Accept-Encoding: gzip X

HEAD http://default/ HTTP/1.1
HOST:
Accept-Encoding: gzip , foo 

HEAD http://default/ HTTP/1.1
HOST:
Accept-Encoding: gzip ; foo 

HEAD http://default/ HTTP/1.1
HOST:
Accept-Encoding: gzip ; q foo 

HEAD http://default/ HTTP/1.1
HOST:
Accept-Encoding: gzip ; q = foo 

HEAD http://default/ HTTP/1.1
HOST:
Accept-Encoding: gzip ; q = 0 

HEAD http://default/ HTTP/1.1
HOST:
Accept-Encoding: gzip ; q = 0 , foo

HEAD http://default/ HTTP/1.1
HOST:
Accept-Encoding: gzip ; q = 0 foo 

HEAD http://default/ HTTP/1.1
HOST:
Accept-Encoding: gzip ; q = 0 . x 

HEAD http://default/ HTTP/1.1
HOST:
Accept-Encoding: gzip ; q = 0 . 6666 

HEAD http://default/ HTTP/1.1
HOST:
Accept-Encoding: ,,identity ; q = 2 . 001 ,,

HEAD http://default/ HTTP/1.1
HOST:
Accept-Encoding: ,,gzip;q=0, identity ; q = 0 ,,*

HEAD http://default/ HTTP/1.1
HOST:
Accept-Encoding: * ; q = 1 . 010 

HEAD http://default/ HTTP/1.1
HOST:
Accept-Encoding: ,,* ; q = 0 . 001 ,,

HEAD http://default/ HTTP/1.1
HOST:
Accept-Encoding: ,,blah;q=1,,
Connection: close


DEBUG tests/http11_tests.c:98: TEST tests/and_suite/ex_httpd_errs_tst_28 results: delta 59, has_error: 0, is_finished: 1
DEBUG tests/http11_tests.c:79: json PARSING: 59 of 1205 at HEAD http://default/ HTTP/1.1
HOST:
Accept-Encoding: 

HEAD http://default/ HTTP/1.1
HOST:
Accept-Encoding: gzip X

HEAD http://default/ HTTP/1.1
HOST:
Accept-Encoding: gzip , foo 

HEAD http://default/ HTTP/1.1
HOST:
Accept-Encoding: gzip ; foo 

HEAD http://default/ HTTP/1.1
HOST:
Accept-Encoding: gzip ; q foo 

HEAD http://default/ HTTP/1.1
HOST:
Accept-Encoding: gzip ; q = foo 

HEAD http://default/ HTTP/1.1
HOST:
Accept-Encoding: gzip ; q = 0 

HEAD http://default/ HTTP/1.1
HOST:
Accept-Encoding: gzip ; q = 0 , foo

HEAD http://default/ HTTP/1.1
HOST:
Accept-Encoding: gzip ; q = 0 foo 

HEAD http://default/ HTTP/1.1
HOST:
Accept-Encoding: gzip ; q = 0 . x 

HEAD http://default/ HTTP/1.1
HOST:
Accept-Encoding: gzip ; q = 0 . 6666 

HEAD http://default/ HTTP/1.1
HOST:
Accept-Encoding: ,,identity ; q = 2 . 001 ,,

HEAD http://default/ HTTP/1.1
HOST:
Accept-Encoding: ,,gzip;q=0, identity ; q = 0 ,,*

HEAD http://default/ HTTP/1.1
HOST:
Accept-Encoding: * ; q = 1 . 010 

HEAD http://default/ HTTP/1.1
HOST:
Accept-Encoding: ,,* ; q = 0 . 001 ,,

HEAD http://default/ HTTP/1.1
HOST:
Accept-Encoding: ,,blah;q=1,,
Connection: close


DEBUG tests/http11_tests.c:98: TEST tests/and_suite/ex_httpd_errs_tst_28 results: delta 114, has_error: 0, is_finished: 1
DEBUG tests/http11_tests.c:79: json PARSING: 114 of 1205 at HEAD http://default/ HTTP/1.1
HOST:
Accept-Encoding: gzip X

HEAD http://default/ HTTP/1.1
HOST:
Accept-Encoding: gzip , foo 

HEAD http://default/ HTTP/1.1
HOST:
Accept-Encoding: gzip ; foo 

HEAD http://default/ HTTP/1.1
HOST:
Accept-Encoding: gzip ; q foo 

HEAD http://default/ HTTP/1.1
HOST:
Accept-Encoding: gzip ; q = foo 

HEAD http://default/ HTTP/1.1
HOST:
Accept-Encoding: gzip ; q = 0 

HEAD http://default/ HTTP/1.1
HOST:
Accept-Encoding: gzip ; q = 0 , foo

HEAD http://default/ HTTP/1.1
HOST:
Accept-Encoding: gzip ; q = 0 foo 

HEAD http://default/ HTTP/1.1
HOST:
Accept-Encoding: gzip ; q = 0 . x 

HEAD http://default/ HTTP/1.1
HOST:
Accept-Encoding: gzip ; q = 0 . 6666 

HEAD http://default/ HTTP/1.1
HOST:
Accept-Encoding: ,,identity ; q = 2 . 001 ,,

HEAD http://default/ HTTP/1.1
HOST:
Accept-Encoding: ,,gzip;q=0, identity ; q = 0 ,,*

HEAD http://default/ HTTP/1.1
HOST:
Accept-Encoding: * ; q = 1 . 010 

HEAD http://default/ HTTP/1.1
HOST:
Accept-Encoding: ,,* ; q = 0 . 001 ,,

HEAD http://default/ HTTP/1.1
HOST:
Accept-Encoding: ,,blah;q=1,,
Connection: close


DEBUG tests/http11_tests.c:98: TEST tests/and_suite/ex_httpd_errs_tst_28 results: delta 175, has_error: 0, is_finished: 1
DEBUG tests/http11_tests.c:79: json PARSING: 175 of 1205 at HEAD http://default/ HTTP/1.1
HOST:
Accept-Encoding: gzip , foo 

HEAD http://default/ HTTP/1.1
HOST:
Accept-Encoding: gzip ; foo 

HEAD http://default/ HTTP/1.1
HOST:
Accept-Encoding: gzip ; q foo 

HEAD http://default/ HTTP/1.1
HOST:
Accept-Encoding: gzip ; q = foo 

HEAD http://default/ HTTP/1.1
HOST:
Accept-Encoding: gzip ; q = 0 

HEAD http://default/ HTTP/1.1
HOST:
Accept-Encoding: gzip ; q = 0 , foo

HEAD http://default/ HTTP/1.1
HOST:
Accept-Encoding: gzip ; q = 0 foo 

HEAD http://default/ HTTP/1.1
HOST:
Accept-Encoding: gzip ; q = 0 . x 

HEAD http://default/ HTTP/1.1
HOST:
Accept-Encoding: gzip ; q = 0 . 6666 

HEAD http://default/ HTTP/1.1
HOST:
Accept-Encoding: ,,identity ; q = 2 . 001 ,,

HEAD http://default/ HTTP/1.1
HOST:
Accept-Encoding: ,,gzip;q=0, identity ; q = 0 ,,*

HEAD http://default/ HTTP/1.1
HOST:
Accept-Encoding: * ; q = 1 . 010 

HEAD http://default/ HTTP/1.1
HOST:
Accept-Encoding: ,,* ; q = 0 . 001 ,,

HEAD http://default/ HTTP/1.1
HOST:
Accept-Encoding: ,,blah;q=1,,
Connection: close


DEBUG tests/http11_tests.c:98: TEST tests/and_suite/ex_httpd_errs_tst_28 results: delta 241, has_error: 0, is_finished: 1
DEBUG tests/http11_tests.c:79: json PARSING: 241 of 1205 at HEAD http://default/ HTTP/1.1
HOST:
Accept-Encoding: gzip ; foo 

HEAD http://default/ HTTP/1.1
HOST:
Accept-Encoding: gzip ; q foo 

HEAD http://default/ HTTP/1.1
HOST:
Accept-Encoding: gzip ; q = foo 

HEAD http://default/ HTTP/1.1
HOST:
Accept-Encoding: gzip ; q = 0 

HEAD http://default/ HTTP/1.1
HOST:
Accept-Encoding: gzip ; q = 0 , foo

HEAD http://default/ HTTP/1.1
HOST:
Accept-Encoding: gzip ; q = 0 foo 

HEAD http://default/ HTTP/1.1
HOST:
Accept-Encoding: gzip ; q = 0 . x 

HEAD http://default/ HTTP/1.1
HOST:
Accept-Encoding: gzip ; q = 0 . 6666 

HEAD http://default/ HTTP/1.1
HOST:
Accept-Encoding: ,,identity ; q = 2 . 001 ,,

HEAD http://default/ HTTP/1.1
HOST:
Accept-Encoding: ,,gzip;q=0, identity ; q = 0 ,,*

HEAD http://default/ HTTP/1.1
HOST:
Accept-Encoding: * ; q = 1 . 010 

HEAD http://default/ HTTP/1.1
HOST:
Accept-Encoding: ,,* ; q = 0 . 001 ,,

HEAD http://default/ HTTP/1.1
HOST:
Accept-Encoding: ,,blah;q=1,,
Connection: close


DEBUG tests/http11_tests.c:98: TEST tests/and_suite/ex_httpd_errs_tst_28 results: delta 307, has_error: 0, is_finished: 1
DEBUG tests/http11_tests.c:79: json PARSING: 307 of 1205 at HEAD http://default/ HTTP/1.1
HOST:
Accept-Encoding: gzip ; q foo 

HEAD http://default/ HTTP/1.1
HOST:
Accept-Encoding: gzip ; q = foo 

HEAD http://default/ HTTP/1.1
HOST:
Accept-Encoding: gzip ; q = 0 

HEAD http://default/ HTTP/1.1
HOST:
Accept-Encoding: gzip ; q = 0 , foo

HEAD http://default/ HTTP/1.1
HOST:
Accept-Encoding: gzip ; q = 0 foo 

HEAD http://default/ HTTP/1.1
HOST:
Accept-Encoding: gzip ; q = 0 . x 

HEAD http://default/ HTTP/1.1
HOST:
Accept-Encoding: gzip ; q = 0 . 6666 

HEAD http://default/ HTTP/1.1
HOST:
Accept-Encoding: ,,identity ; q = 2 . 001 ,,

HEAD http://default/ HTTP/1.1
HOST:
Accept-Encoding: ,,gzip;q=0, identity ; q = 0 ,,*

HEAD http://default/ HTTP/1.1
HOST:
Accept-Encoding: * ; q = 1 . 010 

HEAD http://default/ HTTP/1.1
HOST:
Accept-Encoding: ,,* ; q = 0 . 001 ,,

HEAD http://default/ HTTP/1.1
HOST:
Accept-Encoding: ,,blah;q=1,,
Connection: close


DEBUG tests/http11_tests.c:98: TEST tests/and_suite/ex_httpd_errs_tst_28 results: delta 375, has_error: 0, is_finished: 1
DEBUG tests/http11_tests.c:79: json PARSING: 375 of 1205 at HEAD http://default/ HTTP/1.1
HOST:
Accept-Encoding: gzip ; q = foo 

HEAD http://default/ HTTP/1.1
HOST:
Accept-Encoding: gzip ; q = 0 

HEAD http://default/ HTTP/1.1
HOST:
Accept-Encoding: gzip ; q = 0 , foo

HEAD http://default/ HTTP/1.1
HOST:
Accept-Encoding: gzip ; q = 0 foo 

HEAD http://default/ HTTP/1.1
HOST:
Accept-Encoding: gzip ; q = 0 . x 

HEAD http://default/ HTTP/1.1
HOST:
Accept-Encoding: gzip ; q = 0 . 6666 

HEAD http://default/ HTTP/1.1
HOST:
Accept-Encoding: ,,identity ; q = 2 . 001 ,,

HEAD http://default/ HTTP/1.1
HOST:
Accept-Encoding: ,,gzip;q=0, identity ; q = 0 ,,*

HEAD http://default/ HTTP/1.1
HOST:
Accept-Encoding: * ; q = 1 . 010 

HEAD http://default/ HTTP/1.1
HOST:
Accept-Encoding: ,,* ; q = 0 . 001 ,,

HEAD http://default/ HTTP/1.1
HOST:
Accept-Encoding: ,,blah;q=1,,
Connection: close


DEBUG tests/http11_tests.c:98: TEST tests/and_suite/ex_httpd_errs_tst_28 results: delta 445, has_error: 0, is_finished: 1
DEBUG tests/http11_tests.c:79: json PARSING: 445 of 1205 at HEAD http://default/ HTTP/1.1
HOST:
Accept-Encoding: gzip ; q = 0 

HEAD http://default/ HTTP/1.1
HOST:
Accept-Encoding: gzip ; q = 0 , foo

HEAD http://default/ HTTP/1.1
HOST:
Accept-Encoding: gzip ; q = 0 foo 

HEAD http://default/ HTTP/1.1
HOST:
Accept-Encoding: gzip ; q = 0 . x 

HEAD http://default/ HTTP/1.1
HOST:
Accept-Encoding: gzip ; q = 0 . 6666 

HEAD http://default/ HTTP/1.1
HOST:
Accept-Encoding: ,,identity ; q = 2 . 001 ,,

HEAD http://default/ HTTP/1.1
HOST:
Accept-Encoding: ,,gzip;q=0, identity ; q = 0 ,,*

HEAD http://default/ HTTP/1.1
HOST:
Accept-Encoding: * ; q = 1 . 010 

HEAD http://default/ HTTP/1.1
HOST:
Accept-Encoding: ,,* ; q = 0 . 001 ,,

HEAD http://default/ HTTP/1.1
HOST:
Accept-Encoding: ,,blah;q=1,,
Connection: close


DEBUG tests/http11_tests.c:98: TEST tests/and_suite/ex_httpd_errs_tst_28 results: delta 513, has_error: 0, is_finished: 1
DEBUG tests/http11_tests.c:79: json PARSING: 513 of 1205 at HEAD http://default/ HTTP/1.1
HOST:
Accept-Encoding: gzip ; q = 0 , foo

HEAD http://default/ HTTP/1.1
HOST:
Accept-Encoding: gzip ; q = 0 foo 

HEAD http://default/ HTTP/1.1
HOST:
Accept-Encoding: gzip ; q = 0 . x 

HEAD http://default/ HTTP/1.1
HOST:
Accept-Encoding: gzip ; q = 0 . 6666 

HEAD http://default/ HTTP/1.1
HOST:
Accept-Encoding: ,,identity ; q = 2 . 001 ,,

HEAD http://default/ HTTP/1.1
HOST:
Accept-Encoding: ,,gzip;q=0, identity ; q = 0 ,,*

HEAD http://default/ HTTP/1.1
HOST:
Accept-Encoding: * ; q = 1 . 010 

HEAD http://default/ HTTP/1.1
HOST:
Accept-Encoding: ,,* ; q = 0 . 001 ,,

HEAD http://default/ HTTP/1.1
HOST:
Accept-Encoding: ,,blah;q=1,,
Connection: close


DEBUG tests/http11_tests.c:98: TEST tests/and_suite/ex_httpd_errs_tst_28 results: delta 586, has_error: 0, is_finished: 1
DEBUG tests/http11_tests.c:79: json PARSING: 586 of 1205 at HEAD http://default/ HTTP/1.1
HOST:
Accept-Encoding: gzip ; q = 0 foo 

HEAD http://default/ HTTP/1.1
HOST:
Accept-Encoding: gzip ; q = 0 . x 

HEAD http://default/ HTTP/1.1
HOST:
Accept-Encoding: gzip ; q = 0 . 6666 

HEAD http://default/ HTTP/1.1
HOST:
Accept-Encoding: ,,identity ; q = 2 . 001 ,,

HEAD http://default/ HTTP/1.1
HOST:
Accept-Encoding: ,,gzip;q=0, identity ; q = 0 ,,*

HEAD http://default/ HTTP/1.1
HOST:
Accept-Encoding: * ; q = 1 . 010 

HEAD http://default/ HTTP/1.1
HOST:
Accept-Encoding: ,,* ; q = 0 . 001 ,,

HEAD http://default/ HTTP/1.1
HOST:
Accept-Encoding: ,,blah;q=1,,
Connection: close


DEBUG tests/http11_tests.c:98: TEST tests/and_suite/ex_httpd_errs_tst_28 results: delta 658, has_error: 0, is_finished: 1
DEBUG tests/http11_tests.c:79: json PARSING: 658 of 1205 at HEAD http://default/ HTTP/1.1
HOST:
Accept-Encoding: gzip ; q = 0 . x 

HEAD http://default/ HTTP/1.1
HOST:
Accept-Encoding: gzip ; q = 0 . 6666 

HEAD http://default/ HTTP/1.1
HOST:
Accept-Encoding: ,,identity ; q = 2 . 001 ,,

HEAD http://default/ HTTP/1.1
HOST:
Accept-Encoding: ,,gzip;q=0, identity ; q = 0 ,,*

HEAD http://default/ HTTP/1.1
HOST:
Accept-Encoding: * ; q = 1 . 010 

HEAD http://default/ HTTP/1.1
HOST:
Accept-Encoding: ,,* ; q = 0 . 001 ,,

HEAD http://default/ HTTP/1.1
HOST:
Accept-Encoding: ,,blah;q=1,,
Connection: close


DEBUG tests/http11_tests.c:98: TEST tests/and_suite/ex_httpd_errs_tst_28 results: delta 730, has_error: 0, is_finished: 1
DEBUG tests/http11_tests.c:79: json PARSING: 730 of 1205 at HEAD http://default/ HTTP/1.1
HOST:
Accept-Encoding: gzip ; q = 0 . 6666 

HEAD http://default/ HTTP/1.1
HOST:
Accept-Encoding: ,,identity ; q = 2 . 001 ,,

HEAD http://default/ HTTP/1.1
HOST:
Accept-Encoding: ,,gzip;q=0, identity ; q = 0 ,,*

HEAD http://default/ HTTP/1.1
HOST:
Accept-Encoding: * ; q = 1 . 010 

HEAD http://default/ HTTP/1.1
HOST:
Accept-Encoding: ,,* ; q = 0 . 001 ,,

HEAD http://default/ HTTP/1.1
HOST:
Accept-Encoding: ,,blah;q=1,,
Connection: close


DEBUG tests/http11_tests.c:98: TEST tests/and_suite/ex_httpd_errs_tst_28 results: delta 805, has_error: 0, is_finished: 1
DEBUG tests/http11_tests.c:79: json PARSING: 805 of 1205 at HEAD http://default/ HTTP/1.1
HOST:
Accept-Encoding: ,,identity ; q = 2 . 001 ,,

HEAD http://default/ HTTP/1.1
HOST:
Accept-Encoding: ,,gzip;q=0, identity ; q = 0 ,,*

HEAD http://default/ HTTP/1.1
HOST:
Accept-Encoding: * ; q = 1 . 010 

HEAD http://default/ HTTP/1.1
HOST:
Accept-Encoding: ,,* ; q = 0 . 001 ,,

HEAD http://default/ HTTP/1.1
HOST:
Accept-Encoding: ,,blah;q=1,,
Connection: close


DEBUG tests/http11_tests.c:98: TEST tests/and_suite/ex_httpd_errs_tst_28 results: delta 887, has_error: 0, is_finished: 1
DEBUG tests/http11_tests.c:79: json PARSING: 887 of 1205 at HEAD http://default/ HTTP/1.1
HOST:
Accept-Encoding: ,,gzip;q=0, identity ; q = 0 ,,*

HEAD http://default/ HTTP/1.1
HOST:
Accept-Encoding: * ; q = 1 . 010 

HEAD http://default/ HTTP/1.1
HOST:
Accept-Encoding: ,,* ; q = 0 . 001 ,,

HEAD http://default/ HTTP/1.1
HOST:
Accept-Encoding: ,,blah;q=1,,
Connection: close


DEBUG tests/http11_tests.c:98: TEST tests/and_suite/ex_httpd_errs_tst_28 results: delta 974, has_error: 0, is_finished: 1
DEBUG tests/http11_tests.c:79: json PARSING: 974 of 1205 at HEAD http://default/ HTTP/1.1
HOST:
Accept-Encoding: * ; q = 1 . 010 

HEAD http://default/ HTTP/1.1
HOST:
Accept-Encoding: ,,* ; q = 0 . 001 ,,

HEAD http://default/ HTTP/1.1
HOST:
Accept-Encoding: ,,blah;q=1,,
Connection: close


DEBUG tests/http11_tests.c:98: TEST tests/and_suite/ex_httpd_errs_tst_28 results: delta 1045, has_error: 0, is_finished: 1
DEBUG tests/http11_tests.c:79: json PARSING: 1045 of 1205 at HEAD http://default/ HTTP/1.1
HOST:
Accept-Encoding: ,,* ; q = 0 . 001 ,,

HEAD http://default/ HTTP/1.1
HOST:
Accept-Encoding: ,,blah;q=1,,
Connection: close


DEBUG tests/http11_tests.c:98: TEST tests/and_suite/ex_httpd_errs_tst_28 results: delta 1120, has_error: 0, is_finished: 1
DEBUG tests/http11_tests.c:79: json PARSING: 1120 of 1205 at HEAD http://default/ HTTP/1.1
HOST:
Accept-Encoding: ,,blah;q=1,,
Connection: close


DEBUG tests/http11_tests.c:98: TEST tests/and_suite/ex_httpd_errs_tst_28 results: delta 1205, has_error: 0, is_finished: 1
DEBUG tests/http11_tests.c:79: json PARSING: 0 of 44 at GET http://x/ HTTP/1.1
Content-Length: 999


DEBUG tests/http11_tests.c:98: TEST tests/and_suite/ex_httpd_errs_tst_29 results: delta 44, has_error: 0, is_finished: 1
DEBUG tests/http11_tests.c:79: json PARSING: 0 of 12 at GET .
GET /

DEBUG tests/http11_tests.c:98: TEST tests/and_suite/ex_httpd_errs_tst_3 results: delta 4, has_error: 1, is_finished: 0
DEBUG tests/http11_tests.c:79: json PARSING: 4 of 12 at .
GET /

DEBUG tests/http11_tests.c:98: TEST tests/and_suite/ex_httpd_errs_tst_3 results: delta 5, has_error: 1, is_finished: 0
DEBUG tests/http11_tests.c:79: json PARSING: 5 of 12 at 
GET /

DEBUG tests/http11_tests.c:79: json PARSING: 0 of 51 at GET http://x/ HTTP/1.1
Transfer-Encoding: chunked


DEBUG tests/http11_tests.c:98: TEST tests/and_suite/ex_httpd_errs_tst_30 results: delta 51, has_error: 0, is_finished: 1
DEBUG tests/http11_tests.c:79: json PARSING: 0 of 104 at GET http://default/index.html~ HTTP/1.1
HOST:

GET http:///index.html HTTP/1.1
HOST:
Connection: close


DEBUG tests/http11_tests.c:98: TEST tests/and_suite/ex_httpd_errs_tst_31 results: delta 47, has_error: 0, is_finished: 1
DEBUG tests/http11_tests.c:79: json PARSING: 47 of 104 at GET http:///index.html HTTP/1.1
HOST:
Connection: close


DEBUG tests/http11_tests.c:98: TEST tests/and_suite/ex_httpd_errs_tst_31 results: delta 104, has_error: 0, is_finished: 1
DEBUG tests/http11_tests.c:79: json PARSING: 0 of 338 at HEAD / HTTP/1.1
Host: default
Accept: a/b ; blah="\

HEAD / HTTP/1.1
Host: default
Accept: a/b ; blah="x

HEAD / HTTP/1.1
Host: default
Accept: */* ; q = 1.

HEAD / HTTP/1.1
Host: default
Accept: text/* ; q = 

HEAD / HTTP/1.1
Host: default
Accept: text/plain  X

HEAD / HTTP/1.1
Host: default
Accept: text/plain ; X =
Connection: close


DEBUG tests/http11_tests.c:98: TEST tests/and_suite/ex_httpd_errs_tst_32 results: delta 53, has_error: 0, is_finished: 1
DEBUG tests/http11_tests.c:79: json PARSING: 53 of 338 at HEAD / HTTP/1.1
Host: default
Accept: a/b ; blah="x

HEAD / HTTP/1.1
Host: default
Accept: */* ; q = 1.

HEAD / HTTP/1.1
Host: default
Accept: text/* ; q = 

HEAD / HTTP/1.1
Host: default
Accept: text/plain  X

HEAD / HTTP/1.1
Host: default
Accept: text/plain ; X =
Connection: close


DEBUG tests/http11_tests.c:98: TEST tests/and_suite/ex_httpd_errs_tst_32 results: delta 106, has_error: 0, is_finished: 1
DEBUG tests/http11_tests.c:79: json PARSING: 106 of 338 at HEAD / HTTP/1.1
Host: default
Accept: */* ; q = 1.

HEAD / HTTP/1.1
Host: default
Accept: text/* ; q = 

HEAD / HTTP/1.1
Host: default
Accept: text/plain  X

HEAD / HTTP/1.1
Host: default
Accept: text/plain ; X =
Connection: close


DEBUG tests/http11_tests.c:98: TEST tests/and_suite/ex_httpd_errs_tst_32 results: delta 158, has_error: 0, is_finished: 1
DEBUG tests/http11_tests.c:79: json PARSING: 158 of 338 at HEAD / HTTP/1.1
Host: default
Accept: text/* ; q = 

HEAD / HTTP/1.1
Host: default
Accept: text/plain  X

HEAD / HTTP/1.1
Host: default
Accept: text/plain ; X =
Connection: close


DEBUG tests/http11_tests.c:98: TEST tests/and_suite/ex_httpd_errs_tst_32 results: delta 211, has_error: 0, is_finished: 1
DEBUG tests/http11_tests.c:79: json PARSING: 211 of 338 at HEAD / HTTP/1.1
Host: default
Accept: text/plain  X

HEAD / HTTP/1.1
Host: default
Accept: text/plain ; X =
Connection: close


DEBUG tests/http11_tests.c:98: TEST tests/and_suite/ex_httpd_errs_tst_32 results: delta 264, has_error: 0, is_finished: 1
DEBUG tests/http11_tests.c:79: json PARSING: 264 of 338 at HEAD / HTTP/1.1
Host: default
Accept: text/plain ; X =
Connection: close


DEBUG tests/http11_tests.c:98: TEST tests/and_suite/ex_httpd_errs_tst_32 results: delta 338, has_error: 0, is_finished: 1
DEBUG tests/http11_tests.c:79: json PARSING: 0 of 95 at HEAD / HTTP/1.1
Host: default

GET / HTTP/1.1
Host: index.html

HEAD / HTTP/1.1
Host: default


DEBUG tests/http11_tests.c:98: TEST tests/and_suite/ex_httpd_errs_tst_33 results: delta 31, has_error: 0, is_finished: 1
DEBUG tests/http11_tests.c:79: json PARSING: 31 of 95 at GET / HTTP/1.1
Host: index.html

HEAD / HTTP/1.1
Host: default


DEBUG tests/http11_tests.c:98: TEST tests/and_suite/ex_httpd_errs_tst_33 results: delta 64, has_error: 0, is_finished: 1
DEBUG tests/http11_tests.c:79: json PARSING: 64 of 95 at HEAD / HTTP/1.1
Host: default


DEBUG tests/http11_tests.c:98: TEST tests/and_suite/ex_httpd_errs_tst_33 results: delta 95, has_error: 0, is_finished: 1
DEBUG tests/http11_tests.c:79: json PARSING: 0 of 80 at GET / HTTP/1.1
Host: default
Range: bytes = 1-
If-Range: foo
Connection: close


DEBUG tests/http11_tests.c:98: TEST tests/and_suite/ex_httpd_errs_tst_34 results: delta 80, has_error: 0, is_finished: 1
DEBUG tests/http11_tests.c:79: json PARSING: 0 of 50 at HEAD / HTTP/1.0
foo bar

HEAD / HTTP/1.0
foo bar


DEBUG tests/http11_tests.c:98: TEST tests/and_suite/ex_httpd_errs_tst_35 results: delta 19, has_error: 1, is_finished: 0
DEBUG tests/http11_tests.c:79: json PARSING: 19 of 50 at  bar

HEAD / HTTP/1.0
foo bar


DEBUG tests/http11_tests.c:79: json PARSING: 0 of 50 at HEAD / HTTP/1.0
Host: .

HEAD / HTTP/1.0
Host: .


DEBUG tests/http11_tests.c:98: TEST tests/and_suite/ex_httpd_errs_tst_36 results: delta 25, has_error: 0, is_finished: 1
DEBUG tests/http11_tests.c:79: json PARSING: 25 of 50 at HEAD / HTTP/1.0
Host: .


DEBUG tests/http11_tests.c:98: TEST tests/and_suite/ex_httpd_errs_tst_36 results: delta 50, has_error: 0, is_finished: 1
DEBUG tests/http11_tests.c:79: json PARSING: 0 of 52 at HEAD / HTTP/1.0
Host: ..

HEAD / HTTP/1.0
Host: ..


DEBUG tests/http11_tests.c:98: TEST tests/and_suite/ex_httpd_errs_tst_37 results: delta 26, has_error: 0, is_finished: 1
DEBUG tests/http11_tests.c:79: json PARSING: 26 of 52 at HEAD / HTTP/1.0
Host: ..


DEBUG tests/http11_tests.c:98: TEST tests/and_suite/ex_httpd_errs_tst_37 results: delta 52, has_error: 0, is_finished: 1
DEBUG tests/http11_tests.c:79: json PARSING: 0 of 112 at GET / HTTP/1.1
Host: foo.example.com
Content-Type: foo

GET / HTTP/1.1
Host: foo.example.com
Content-Type: foo


DEBUG tests/http11_tests.c:98: TEST tests/and_suite/ex_httpd_errs_tst_38 results: delta 56, has_error: 0, is_finished: 1
DEBUG tests/http11_tests.c:79: json PARSING: 56 of 112 at GET / HTTP/1.1
Host: foo.example.com
Content-Type: foo


DEBUG tests/http11_tests.c:98: TEST tests/and_suite/ex_httpd_errs_tst_38 results: delta 112, has_error: 0, is_finished: 1
DEBUG tests/http11_tests.c:79: json PARSING: 0 of 120 at GET / HTTP/1.1
Host: foo.example.com
Content-Language: foo

GET / HTTP/1.1
Host: foo.example.com
Content-Language: foo


DEBUG tests/http11_tests.c:98: TEST tests/and_suite/ex_httpd_errs_tst_39 results: delta 60, has_error: 0, is_finished: 1
DEBUG tests/http11_tests.c:79: json PARSING: 60 of 120 at GET / HTTP/1.1
Host: foo.example.com
Content-Language: foo


DEBUG tests/http11_tests.c:98: TEST tests/and_suite/ex_httpd_errs_tst_39 results: delta 120, has_error: 0, is_finished: 1
DEBUG tests/http11_tests.c:79: json PARSING: 0 of 28 at GET / ZOOM

GET / HTTP/1.0


DEBUG tests/http11_tests.c:98: TEST tests/and_suite/ex_httpd_errs_tst_4 results: delta 6, has_error: 1, is_finished: 0
DEBUG tests/http11_tests.c:79: json PARSING: 6 of 28 at ZOOM

GET / HTTP/1.0


DEBUG tests/http11_tests.c:98: TEST tests/and_suite/ex_httpd_errs_tst_4 results: delta 10, has_error: 1, is_finished: 0
DEBUG tests/http11_tests.c:79: json PARSING: 10 of 28 at 

GET / HTTP/1.0


DEBUG tests/http11_tests.c:79: json PARSING: 0 of 116 at GET http://default/ HTTP/1.1
Transfer-Encoding: identity

GET http://default/ HTTP/1.1
Transfer-Encoding: identity


DEBUG tests/http11_tests.c:98: TEST tests/and_suite/ex_httpd_errs_tst_40 results: delta 58, has_error: 0, is_finished: 1
DEBUG tests/http11_tests.c:79: json PARSING: 58 of 116 at GET http://default/ HTTP/1.1
Transfer-Encoding: identity


DEBUG tests/http11_tests.c:98: TEST tests/and_suite/ex_httpd_errs_tst_40 results: delta 116, has_error: 0, is_finished: 1
DEBUG tests/http11_tests.c:79: json PARSING: 0 of 256 at GET http://default/ HTTP/1.1
HOST:
Transfer-Encoding: identity
Content-Length: 0

GET http://default/ HTTP/1.1
HOST:
Transfer-Encoding: identity
Transfer-Encoding: identity
Content-Length: 0

GET http://default/ HTTP/1.1
HOST:
Transfer-Encoding: identity


DEBUG tests/http11_tests.c:98: TEST tests/and_suite/ex_httpd_errs_tst_41 results: delta 82, has_error: 0, is_finished: 1
DEBUG tests/http11_tests.c:79: json PARSING: 82 of 256 at GET http://default/ HTTP/1.1
HOST:
Transfer-Encoding: identity
Transfer-Encoding: identity
Content-Length: 0

GET http://default/ HTTP/1.1
HOST:
Transfer-Encoding: identity


DEBUG tests/http11_tests.c:98: TEST tests/and_suite/ex_httpd_errs_tst_41 results: delta 192, has_error: 0, is_finished: 1
DEBUG tests/http11_tests.c:79: json PARSING: 192 of 256 at GET http://default/ HTTP/1.1
HOST:
Transfer-Encoding: identity


DEBUG tests/http11_tests.c:98: TEST tests/and_suite/ex_httpd_errs_tst_41 results: delta 256, has_error: 0, is_finished: 1
DEBUG tests/http11_tests.c:79: json PARSING: 0 of 54 at GET http://x.y./ HTTP/1.1

GET http://x.y./ HTTP/1.1


DEBUG tests/http11_tests.c:98: TEST tests/and_suite/ex_httpd_errs_tst_42 results: delta 27, has_error: 0, is_finished: 1
DEBUG tests/http11_tests.c:79: json PARSING: 27 of 54 at GET http://x.y./ HTTP/1.1


DEBUG tests/http11_tests.c:98: TEST tests/and_suite/ex_httpd_errs_tst_42 results: delta 54, has_error: 0, is_finished: 1
DEBUG tests/http11_tests.c:79: json PARSING: 0 of 48 at GET http://./ HTTP/1.1

GET http://./ HTTP/1.1


DEBUG tests/http11_tests.c:98: TEST tests/and_suite/ex_httpd_errs_tst_43 results: delta 24, has_error: 0, is_finished: 1
DEBUG tests/http11_tests.c:79: json PARSING: 24 of 48 at GET http://./ HTTP/1.1


DEBUG tests/http11_tests.c:98: TEST tests/and_suite/ex_httpd_errs_tst_43 results: delta 48, has_error: 0, is_finished: 1
DEBUG tests/http11_tests.c:79: json PARSING: 0 of 54 at GET http://x.y!/ HTTP/1.1

GET http://x.y!/ HTTP/1.1


DEBUG tests/http11_tests.c:98: TEST tests/and_suite/ex_httpd_errs_tst_44 results: delta 27, has_error: 0, is_finished: 1
DEBUG tests/http11_tests.c:79: json PARSING: 27 of 54 at GET http://x.y!/ HTTP/1.1


DEBUG tests/http11_tests.c:98: TEST tests/and_suite/ex_httpd_errs_tst_44 results: delta 54, has_error: 0, is_finished: 1
DEBUG tests/http11_tests.c:79: json PARSING: 0 of 54 at GET http://x..y/ HTTP/1.1

GET http://x..y/ HTTP/1.1


DEBUG tests/http11_tests.c:98: TEST tests/and_suite/ex_httpd_errs_tst_45 results: delta 27, has_error: 0, is_finished: 1
DEBUG tests/http11_tests.c:79: json PARSING: 27 of 54 at GET http://x..y/ HTTP/1.1


DEBUG tests/http11_tests.c:98: TEST tests/and_suite/ex_httpd_errs_tst_45 results: delta 54, has_error: 0, is_finished: 1
DEBUG tests/http11_tests.c:79: json PARSING: 0 of 54 at GET http://.x.y/ HTTP/1.1

GET http://.x.y/ HTTP/1.1


DEBUG tests/http11_tests.c:98: TEST tests/and_suite/ex_httpd_errs_tst_46 results: delta 27, has_error: 0, is_finished: 1
DEBUG tests/http11_tests.c:79: json PARSING: 27 of 54 at GET http://.x.y/ HTTP/1.1


DEBUG tests/http11_tests.c:98: TEST tests/and_suite/ex_httpd_errs_tst_46 results: delta 54, has_error: 0, is_finished: 1
DEBUG tests/http11_tests.c:79: json PARSING: 0 of 20 at GET / HTTP!

GET /


DEBUG tests/http11_tests.c:98: TEST tests/and_suite/ex_httpd_errs_tst_5 results: delta 10, has_error: 1, is_finished: 0
DEBUG tests/http11_tests.c:79: json PARSING: 10 of 20 at !

GET /


DEBUG tests/http11_tests.c:79: json PARSING: 0 of 31 at GET / HTTP/1!

GET / HTTP/1.0


DEBUG tests/http11_tests.c:98: TEST tests/and_suite/ex_httpd_errs_tst_6 results: delta 12, has_error: 1, is_finished: 0
DEBUG tests/http11_tests.c:79: json PARSING: 12 of 31 at !

GET / HTTP/1.0


DEBUG tests/http11_tests.c:79: json PARSING: 0 of 30 at GET / HTTP/1

GET / HTTP/1.0


DEBUG tests/http11_tests.c:98: TEST tests/and_suite/ex_httpd_errs_tst_7 results: delta 12, has_error: 1, is_finished: 0
DEBUG tests/http11_tests.c:79: json PARSING: 12 of 30 at 

GET / HTTP/1.0


DEBUG tests/http11_tests.c:79: json PARSING: 0 of 32 at GET / HTTP/1.b

GET / HTTP/1.0


DEBUG tests/http11_tests.c:98: TEST tests/and_suite/ex_httpd_errs_tst_8 results: delta 13, has_error: 1, is_finished: 0
DEBUG tests/http11_tests.c:79: json PARSING: 13 of 32 at b

GET / HTTP/1.0


DEBUG tests/http11_tests.c:79: json PARSING: 0 of 30 at GET / HTTP/!

GET / HTTP/1.0


DEBUG tests/http11_tests.c:98: TEST tests/and_suite/ex_httpd_errs_tst_9 results: delta 11, has_error: 1, is_finished: 0
DEBUG tests/http11_tests.c:79: json PARSING: 11 of 30 at !

GET / HTTP/1.0


DEBUG tests/http11_tests.c:79: json PARSING: 0 of 537 at HEAD                  HTTP://X/default.example.com/ HTTP/1.0
Connection:
                Keep-Alive         

HEAD          http://X/foo.example.com/ HTTP/1.0
Connection:   Keep-Alive    

HEAD          http://X/default HTTP/1.0
Connection:   Keep-Alive    

HEAD          http:///default HTTP/1.0
Connection:   Keep-Alive    

HEAD http://X/foo.example.com/.%2f HTTP/1.0
Connection:
                Keep-Alive         

HEAD HTTP://X/foo.example.com/.%2F/ HTTP/1.0
Connection:
                Keep-Alive         

GET  /  HTTP / 1 . 0


DEBUG tests/http11_tests.c:98: TEST tests/and_suite/ex_httpd_non-virtual-hosts_tst_1 results: delta 5, has_error: 1, is_finished: 0
DEBUG tests/http11_tests.c:79: json PARSING: 5 of 537 at                  HTTP://X/default.example.com/ HTTP/1.0
Connection:
                Keep-Alive         

HEAD          http://X/foo.example.com/ HTTP/1.0
Connection:   Keep-Alive    

HEAD          http://X/default HTTP/1.0
Connection:   Keep-Alive    

HEAD          http:///default HTTP/1.0
Connection:   Keep-Alive    

HEAD http://X/foo.example.com/.%2f HTTP/1.0
Connection:
                Keep-Alive         

HEAD HTTP://X/foo.example.com/.%2F/ HTTP/1.0
Connection:
                Keep-Alive         

GET  /  HTTP / 1 . 0


DEBUG tests/http11_tests.c:79: json PARSING: 0 of 922 at HEAD / HTTP / 1 . 1
Host:
 blah            

TRACE / HTTP / 1 . 1
Host:
 blah            

GET / HTTP/1.1
Host:
             foo.example.com
             

GET /foo.example.com:1234/ HTTP/1.1
Host: foo.example.com:1234
If-Modified-Since:   Sun, 10 Oct 2004 07:02:24 GMT

GET /foo.example.com:1234/ HTTP/1.1
Host:       X
If-Range:   Sun, 10 Oct 2004 07:02:24 GMT
Range:      bytes = 2-9

HEAD http://X/foo.example.com HTTP/1.1
Host:

GET http://X/foo.example.com HTTP/1.1
Host:

GET http://X/foo.example.com/ HTTP/1.1
Host:
Range:      bytes = 2-9

GET http://X/foo.example.com/.%2F/ HTTP/1.1
Host:
Connection: Keep-Alive
Range:      bytes = 2-9

GET http://X/foo.example.com/index.html HTTP/1.1
Host:
Range: bytes = ,,  ,-8,   ,,

GET http://X/foo.example.com/nxt HTTP/1.1
Host:

GET /foo.example.com/nxt HTTP/1.1
Host: 

HEAD http://X/foo.example.com/index.html HTTP/1.1
Range:      bytes = 2-9
Connection: close
Host:


DEBUG tests/http11_tests.c:98: TEST tests/and_suite/ex_httpd_non-virtual-hosts_tst_2 results: delta 11, has_error: 1, is_finished: 0
DEBUG tests/http11_tests.c:79: json PARSING: 11 of 922 at  / 1 . 1
Host:
 blah            

TRACE / HTTP / 1 . 1
Host:
 blah            

GET / HTTP/1.1
Host:
             foo.example.com
             

GET /foo.example.com:1234/ HTTP/1.1
Host: foo.example.com:1234
If-Modified-Since:   Sun, 10 Oct 2004 07:02:24 GMT

GET /foo.example.com:1234/ HTTP/1.1
Host:       X
If-Range:   Sun, 10 Oct 2004 07:02:24 GMT
Range:      bytes = 2-9

HEAD http://X/foo.example.com HTTP/1.1
Host:

GET http://X/foo.example.com HTTP/1.1
Host:

GET http://X/foo.example.com/ HTTP/1.1
Host:
Range:      bytes = 2-9

GET http://X/foo.example.com/.%2F/ HTTP/1.1
Host:
Connection: Keep-Alive
Range:      bytes = 2-9

GET http://X/foo.example.com/index.html HTTP/1.1
Host:
Range: bytes = ,,  ,-8,   ,,

GET http://X/foo.example.com/nxt HTTP/1.1
Host:

GET /foo.example.com/nxt HTTP/1.1
Host: 

HEAD http://X/foo.example.com/index.html HTTP/1.1
Range:      bytes = 2-9
Connection: close
Host:


DEBUG tests/http11_tests.c:79: json PARSING: 0 of 6 at GET /

DEBUG tests/http11_tests.c:98: TEST tests/and_suite/ex_httpd_non-virtual-hosts_tst_3 results: delta 5, has_error: 1, is_finished: 0
DEBUG tests/http11_tests.c:79: json PARSING: 5 of 6 at 

DEBUG tests/http11_tests.c:79: json PARSING: 0 of 17 at HEAD /index.html

DEBUG tests/http11_tests.c:98: TEST tests/and_suite/ex_httpd_non-virtual-hosts_tst_4 results: delta 16, has_error: 1, is_finished: 0
DEBUG tests/http11_tests.c:79: json PARSING: 16 of 17 at 

DEBUG tests/http11_tests.c:79: json PARSING: 0 of 70 at HEAD   http:/ HTTP/1 . 0
Connection:     Keep-Alive

HEAD / HTTP/1.0


DEBUG tests/http11_tests.c:98: TEST tests/and_suite/ex_httpd_non-virtual-hosts_tst_5 results: delta 5, has_error: 1, is_finished: 0
DEBUG tests/http11_tests.c:79: json PARSING: 5 of 70 at   http:/ HTTP/1 . 0
Connection:     Keep-Alive

HEAD / HTTP/1.0


DEBUG tests/http11_tests.c:79: json PARSING: 0 of 106 at GET //// HTTP/1.1
Host: none

GET / HTTP/1.1
Host: none

GET /%2f. HTTP/1.1
Host: none
Connection: close


DEBUG tests/http11_tests.c:98: TEST tests/and_suite/ex_httpd_non-virtual-hosts_tst_6 results: delta 30, has_error: 0, is_finished: 1
DEBUG tests/http11_tests.c:79: json PARSING: 30 of 106 at GET / HTTP/1.1
Host: none

GET /%2f. HTTP/1.1
Host: none
Connection: close


DEBUG tests/http11_tests.c:98: TEST tests/and_suite/ex_httpd_non-virtual-hosts_tst_6 results: delta 57, has_error: 0, is_finished: 1
DEBUG tests/http11_tests.c:79: json PARSING: 57 of 106 at GET /%2f. HTTP/1.1
Host: none
Connection: close


DEBUG tests/http11_tests.c:98: TEST tests/and_suite/ex_httpd_non-virtual-hosts_tst_6 results: delta 106, has_error: 0, is_finished: 1
DEBUG tests/http11_tests.c:79: json PARSING: 0 of 81 at OPTIONS /foobar HTTP/1.1
Host: none

OPTIONS /foobar HTTP/1.1
Connection: close


DEBUG tests/http11_tests.c:98: TEST tests/and_suite/ex_httpd_non-virtual-hosts_tst_7 results: delta 37, has_error: 0, is_finished: 1
DEBUG tests/http11_tests.c:79: json PARSING: 37 of 81 at OPTIONS /foobar HTTP/1.1
Connection: close


DEBUG tests/http11_tests.c:98: TEST tests/and_suite/ex_httpd_non-virtual-hosts_tst_7 results: delta 81, has_error: 0, is_finished: 1
DEBUG tests/http11_tests.c:79: json PARSING: 0 of 77 at GET / HTTP/1.1
Host: default
Range: bytes=1-2

GET / HTTP/1.1
Host: default


DEBUG tests/http11_tests.c:98: TEST tests/and_suite/ex_httpd_none_tst_1 results: delta 47, has_error: 0, is_finished: 1
DEBUG tests/http11_tests.c:79: json PARSING: 47 of 77 at GET / HTTP/1.1
Host: default


DEBUG tests/http11_tests.c:98: TEST tests/and_suite/ex_httpd_none_tst_1 results: delta 77, has_error: 0, is_finished: 1
DEBUG tests/http11_tests.c:79: json PARSING: 0 of 70 at GET /README HTTP/1.0
Accept: foo/bar

GET / HTTP/1.0
Accept: foo/bar


DEBUG tests/http11_tests.c:98: TEST tests/and_suite/ex_httpd_none_tst_10 results: delta 38, has_error: 0, is_finished: 1
DEBUG tests/http11_tests.c:79: json PARSING: 38 of 70 at GET / HTTP/1.0
Accept: foo/bar


DEBUG tests/http11_tests.c:98: TEST tests/and_suite/ex_httpd_none_tst_10 results: delta 70, has_error: 0, is_finished: 1
DEBUG tests/http11_tests.c:79: json PARSING: 0 of 128 at GET / HTTP/1.1
Host: x
Accept-Encoding: gzip;q=0, identity;q=0

GET / HTTP/1.1
Host: x
Accept-Encoding: gzip;q=0, identity;q=0


DEBUG tests/http11_tests.c:98: TEST tests/and_suite/ex_httpd_none_tst_11 results: delta 64, has_error: 0, is_finished: 1
DEBUG tests/http11_tests.c:79: json PARSING: 64 of 128 at GET / HTTP/1.1
Host: x
Accept-Encoding: gzip;q=0, identity;q=0


DEBUG tests/http11_tests.c:98: TEST tests/and_suite/ex_httpd_none_tst_11 results: delta 128, has_error: 0, is_finished: 1
DEBUG tests/http11_tests.c:79: json PARSING: 0 of 108 at GET /index.html HTTP/1.1
Host: www.foo.example.com..

GET /index.html HTTP/1.1
Host: www.foo.example.com..


DEBUG tests/http11_tests.c:98: TEST tests/and_suite/ex_httpd_none_tst_12 results: delta 54, has_error: 0, is_finished: 1
DEBUG tests/http11_tests.c:79: json PARSING: 54 of 108 at GET /index.html HTTP/1.1
Host: www.foo.example.com..


DEBUG tests/http11_tests.c:98: TEST tests/and_suite/ex_httpd_none_tst_12 results: delta 108, has_error: 0, is_finished: 1
DEBUG tests/http11_tests.c:79: json PARSING: 0 of 80 at OPTIONS /foobar HTTP/1.1
Host: default

OPTIONS /foobar HTTP/1.1
Host: default


DEBUG tests/http11_tests.c:98: TEST tests/and_suite/ex_httpd_none_tst_13 results: delta 40, has_error: 0, is_finished: 1
DEBUG tests/http11_tests.c:79: json PARSING: 40 of 80 at OPTIONS /foobar HTTP/1.1
Host: default


DEBUG tests/http11_tests.c:98: TEST tests/and_suite/ex_httpd_none_tst_13 results: delta 80, has_error: 0, is_finished: 1
DEBUG tests/http11_tests.c:79: json PARSING: 0 of 114 at GET /index.html HTTP/1.1
Host: www.foo.example.com..:80

GET /index.html HTTP/1.1
Host: www.foo.example.com..:80


DEBUG tests/http11_tests.c:98: TEST tests/and_suite/ex_httpd_none_tst_14 results: delta 57, has_error: 0, is_finished: 1
DEBUG tests/http11_tests.c:79: json PARSING: 57 of 114 at GET /index.html HTTP/1.1
Host: www.foo.example.com..:80


DEBUG tests/http11_tests.c:98: TEST tests/and_suite/ex_httpd_none_tst_14 results: delta 114, has_error: 0, is_finished: 1
DEBUG tests/http11_tests.c:79: json PARSING: 0 of 118 at GET /index.html HTTP/1.1
Host: www.foo.example.com..:1234

GET /index.html HTTP/1.1
Host: www.foo.example.com..:1234


DEBUG tests/http11_tests.c:98: TEST tests/and_suite/ex_httpd_none_tst_15 results: delta 59, has_error: 0, is_finished: 1
DEBUG tests/http11_tests.c:79: json PARSING: 59 of 118 at GET /index.html HTTP/1.1
Host: www.foo.example.com..:1234


DEBUG tests/http11_tests.c:98: TEST tests/and_suite/ex_httpd_none_tst_15 results: delta 118, has_error: 0, is_finished: 1
DEBUG tests/http11_tests.c:79: json PARSING: 0 of 104 at GET / HTTP/1.1
Accept-Encoding: gzip
Host: default

GET / HTTP/1.1
Accept-Encoding: gzip
Host: default


DEBUG tests/http11_tests.c:98: TEST tests/and_suite/ex_httpd_none_tst_2 results: delta 52, has_error: 0, is_finished: 1
DEBUG tests/http11_tests.c:79: json PARSING: 52 of 104 at GET / HTTP/1.1
Accept-Encoding: gzip
Host: default


DEBUG tests/http11_tests.c:98: TEST tests/and_suite/ex_httpd_none_tst_2 results: delta 104, has_error: 0, is_finished: 1
DEBUG tests/http11_tests.c:79: json PARSING: 0 of 36 at GET /.* HTTP/1.0

GET /.* HTTP/1.0


DEBUG tests/http11_tests.c:98: TEST tests/and_suite/ex_httpd_none_tst_3 results: delta 18, has_error: 0, is_finished: 1
DEBUG tests/http11_tests.c:79: json PARSING: 18 of 36 at GET /.* HTTP/1.0


DEBUG tests/http11_tests.c:98: TEST tests/and_suite/ex_httpd_none_tst_3 results: delta 36, has_error: 0, is_finished: 1
DEBUG tests/http11_tests.c:79: json PARSING: 0 of 40 at GET /.400 HTTP/1.0

GET /.400 HTTP/1.0


DEBUG tests/http11_tests.c:98: TEST tests/and_suite/ex_httpd_none_tst_4 results: delta 20, has_error: 0, is_finished: 1
DEBUG tests/http11_tests.c:79: json PARSING: 20 of 40 at GET /.400 HTTP/1.0


DEBUG tests/http11_tests.c:98: TEST tests/and_suite/ex_httpd_none_tst_4 results: delta 40, has_error: 0, is_finished: 1
DEBUG tests/http11_tests.c:79: json PARSING: 0 of 40 at GET /.404 HTTP/1.0

GET /.404 HTTP/1.0


DEBUG tests/http11_tests.c:98: TEST tests/and_suite/ex_httpd_none_tst_5 results: delta 20, has_error: 0, is_finished: 1
DEBUG tests/http11_tests.c:79: json PARSING: 20 of 40 at GET /.404 HTTP/1.0


DEBUG tests/http11_tests.c:98: TEST tests/and_suite/ex_httpd_none_tst_5 results: delta 40, has_error: 0, is_finished: 1
DEBUG tests/http11_tests.c:79: json PARSING: 0 of 40 at GET /.410 HTTP/1.0

GET /.410 HTTP/1.0


DEBUG tests/http11_tests.c:98: TEST tests/and_suite/ex_httpd_none_tst_6 results: delta 20, has_error: 0, is_finished: 1
DEBUG tests/http11_tests.c:79: json PARSING: 20 of 40 at GET /.410 HTTP/1.0


DEBUG tests/http11_tests.c:98: TEST tests/and_suite/ex_httpd_none_tst_6 results: delta 40, has_error: 0, is_finished: 1
DEBUG tests/http11_tests.c:79: json PARSING: 0 of 40 at GET /.500 HTTP/1.0

GET /.500 HTTP/1.0


DEBUG tests/http11_tests.c:98: TEST tests/and_suite/ex_httpd_none_tst_7 results: delta 20, has_error: 0, is_finished: 1
DEBUG tests/http11_tests.c:79: json PARSING: 20 of 40 at GET /.500 HTTP/1.0


DEBUG tests/http11_tests.c:98: TEST tests/and_suite/ex_httpd_none_tst_7 results: delta 40, has_error: 0, is_finished: 1
DEBUG tests/http11_tests.c:79: json PARSING: 0 of 40 at GET /.503 HTTP/1.0

GET /.503 HTTP/1.0


DEBUG tests/http11_tests.c:98: TEST tests/and_suite/ex_httpd_none_tst_8 results: delta 20, has_error: 0, is_finished: 1
DEBUG tests/http11_tests.c:79: json PARSING: 20 of 40 at GET /.503 HTTP/1.0


DEBUG tests/http11_tests.c:98: TEST tests/and_suite/ex_httpd_none_tst_8 results: delta 40, has_error: 0, is_finished: 1
DEBUG tests/http11_tests.c:79: json PARSING: 0 of 40 at GET /.999 HTTP/1.0

GET /.999 HTTP/1.0


DEBUG tests/http11_tests.c:98: TEST tests/and_suite/ex_httpd_none_tst_9 results: delta 20, has_error: 0, is_finished: 1
DEBUG tests/http11_tests.c:79: json PARSING: 20 of 40 at GET /.999 HTTP/1.0


DEBUG tests/http11_tests.c:98: TEST tests/and_suite/ex_httpd_none_tst_9 results: delta 40, has_error: 0, is_finished: 1
DEBUG tests/http11_tests.c:79: json PARSING: 0 of 60 at GET http://:/noprivs.html HTTP/1.1
host:
ConnectioN: close


DEBUG tests/http11_tests.c:98: TEST tests/and_suite/ex_httpd_nonroot_tst_1 results: delta 60, has_error: 0, is_finished: 1
DEBUG tests/http11_tests.c:79: json PARSING: 0 of 1207 at HEAD / HTTP / 1 . 1
Host:
 blah            

TRACE / HTTP / 1 . 1
Host:
 blah            

GET / HTTP/1.1
Host:
             foo.example.com
             

GET / HTTP/1.1
Host: foo.example.com:1234
If-Modified-Since:   Sun, 10 Oct 2004 07:02:24 GMT

GET / HTTP/1.1
Host:       FOO.example.com:1234
If-Range:   Sun, 10 Oct 2004 07:02:24 GMT
Range:      bytes = 2-9

HEAD http://foo.example.COM HTTP/1.1
HOST:

GET http://foo.EXAMPLE.com/ HTTP/1.1
Range:      bytes = 2-9
HOST:

GET http://foo.example.com/%2f. HTTP/1.1
Range:      bytes = 2-9
HOST:

GET http://foo.example.com/%2F./ HTTP/1.1
Connection: Keep-Alive
HOST:
Range:      bytes = 2-9

GET http://FOO.example.com/index.html HTTP/1.1
HOST:
Range: bytes = ,,  ,-8,   ,,

GET http://FOO.example.com/index.html HTTP/1.1
HOST:
Range: bytes = ,
	    ,
  ,
 -8
 ,
	   ,,

GET http://FOO.example.com/index.html HTTP/1.1
HOST:
Range: bytes = 151 -  ,

GET http://FOO.example.com/index.html HTTP/1.1
HOST:
Range: bytes = 151 -   

GET http://FOO.example.com/index.html#blah HTTP/1.1
HOST:
If-None-Match: *

GET http://default:80/noallprivs.html HTTP/1.1
HOST:

HEAD http://FOO.example.com/index.html HTTP/1.1
HOST:
Range:      bytes = 2-9
Connection: close


DEBUG tests/http11_tests.c:98: TEST tests/and_suite/ex_httpd_public-only_tst_1 results: delta 11, has_error: 1, is_finished: 0
DEBUG tests/http11_tests.c:79: json PARSING: 11 of 1207 at  / 1 . 1
Host:
 blah            

TRACE / HTTP / 1 . 1
Host:
 blah            

GET / HTTP/1.1
Host:
             foo.example.com
             

GET / HTTP/1.1
Host: foo.example.com:1234
If-Modified-Since:   Sun, 10 Oct 2004 07:02:24 GMT

GET / HTTP/1.1
Host:       FOO.example.com:1234
If-Range:   Sun, 10 Oct 2004 07:02:24 GMT
Range:      bytes = 2-9

HEAD http://foo.example.COM HTTP/1.1
HOST:

GET http://foo.EXAMPLE.com/ HTTP/1.1
Range:      bytes = 2-9
HOST:

GET http://foo.example.com/%2f. HTTP/1.1
Range:      bytes = 2-9
HOST:

GET http://foo.example.com/%2F./ HTTP/1.1
Connection: Keep-Alive
HOST:
Range:      bytes = 2-9

GET http://FOO.example.com/index.html HTTP/1.1
HOST:
Range: bytes = ,,  ,-8,   ,,

GET http://FOO.example.com/index.html HTTP/1.1
HOST:
Range: bytes = ,
	    ,
  ,
 -8
 ,
	   ,,

GET http://FOO.example.com/index.html HTTP/1.1
HOST:
Range: bytes = 151 -  ,

GET http://FOO.example.com/index.html HTTP/1.1
HOST:
Range: bytes = 151 -   

GET http://FOO.example.com/index.html#blah HTTP/1.1
HOST:
If-None-Match: *

GET http://default:80/noallprivs.html HTTP/1.1
HOST:

HEAD http://FOO.example.com/index.html HTTP/1.1
HOST:
Range:      bytes = 2-9
Connection: close


DEBUG tests/http11_tests.c:79: json PARSING: 0 of 1135 at HEAD / HTTP / 1 . 1
Host:
 blah            

TRACE / HTTP / 1 . 1
Host:
 blah            

GET / HTTP/1.1
Host:
             foo.example.com
             

GET / HTTP/1.1
Host: foo.example.com:1234
If-Modified-Since:   Sun, 10 Oct 2004 07:02:24 GMT

GET / HTTP/1.1
Host:       FOO.example.com:1234
If-Range:   Sun, 10 Oct 2004 07:02:24 GMT
Range:      bytes = 2-9

HEAD http://foo.example.COM HTTP/1.1
HOST:

GET http://foo.EXAMPLE.com/ HTTP/1.1
HOST:
Range:      bytes = 2-9

GET http://foo.example.com/%2F. HTTP/1.1
HOST:
Range:      bytes = 2-9

GET http://foo.example.com/%2f./ HTTP/1.1
HOST:
Connection: Keep-Alive
Range:      bytes = 2-9

GET http://FOO.example.com/index.html HTTP/1.1
HOST:
Range: bytes = ,,  ,-8,   ,,

GET http://FOO.example.com/index.html HTTP/1.1
HOST:
Range: bytes = ,
	    ,
  ,
 -8
 ,
	   ,,

GET http://FOO.example.com/index.html HTTP/1.1
Range: bytes = 151 -  ,
HOST:

GET http://FOO.example.com/index.html HTTP/1.1
Range: bytes = 151 -   
HOST:

GET http://FOO.example.com/index.html#blah HTTP/1.1
HOST:
If-None-Match: *

HEAD http://FOO.example.com/index.html HTTP/1.1
Range:      bytes = 2-9
HOST:


DEBUG tests/http11_tests.c:98: TEST tests/and_suite/ex_httpd_shut_tst_1 results: delta 11, has_error: 1, is_finished: 0
DEBUG tests/http11_tests.c:79: json PARSING: 11 of 1135 at  / 1 . 1
Host:
 blah            

TRACE / HTTP / 1 . 1
Host:
 blah            

GET / HTTP/1.1
Host:
             foo.example.com
             

GET / HTTP/1.1
Host: foo.example.com:1234
If-Modified-Since:   Sun, 10 Oct 2004 07:02:24 GMT

GET / HTTP/1.1
Host:       FOO.example.com:1234
If-Range:   Sun, 10 Oct 2004 07:02:24 GMT
Range:      bytes = 2-9

HEAD http://foo.example.COM HTTP/1.1
HOST:

GET http://foo.EXAMPLE.com/ HTTP/1.1
HOST:
Range:      bytes = 2-9

GET http://foo.example.com/%2F. HTTP/1.1
HOST:
Range:      bytes = 2-9

GET http://foo.example.com/%2f./ HTTP/1.1
HOST:
Connection: Keep-Alive
Range:      bytes = 2-9

GET http://FOO.example.com/index.html HTTP/1.1
HOST:
Range: bytes = ,,  ,-8,   ,,

GET http://FOO.example.com/index.html HTTP/1.1
HOST:
Range: bytes = ,
	    ,
  ,
 -8
 ,
	   ,,

GET http://FOO.example.com/index.html HTTP/1.1
Range: bytes = 151 -  ,
HOST:

GET http://FOO.example.com/index.html HTTP/1.1
Range: bytes = 151 -   
HOST:

GET http://FOO.example.com/index.html#blah HTTP/1.1
HOST:
If-None-Match: *

HEAD http://FOO.example.com/index.html HTTP/1.1
Range:      bytes = 2-9
HOST:


DEBUG tests/http11_tests.c:79: json PARSING: 0 of 44 at GET http://defaulT/bin#blah HTTP/1.1
HOST:


DEBUG tests/http11_tests.c:98: TEST tests/and_suite/ex_httpd_shut_tst_2 results: delta 44, has_error: 0, is_finished: 1
DEBUG tests/http11_tests.c:79: json PARSING: 0 of 445 at HEAD                  HTTP://default.example.com HTTP/1.0
Connection:
                Keep-Alive         

HEAD          http://foo.example.com HTTP/1.0
Connection:   Keep-Alive    

HEAD          http:// HTTP/1.0
Connection:   Keep-Alive    

HEAD http://foo.example.com/.. HTTP/1.0
Connection:
                Keep-Alive         

HEAD HTTP://foo.example.com/../ HTTP/1.0
Connection:
                Keep-Alive         

GET  /  HTTP / 1 . 0


DEBUG tests/http11_tests.c:98: TEST tests/and_suite/ex_httpd_tst_1 results: delta 5, has_error: 1, is_finished: 0
DEBUG tests/http11_tests.c:79: json PARSING: 5 of 445 at                  HTTP://default.example.com HTTP/1.0
Connection:
                Keep-Alive         

HEAD          http://foo.example.com HTTP/1.0
Connection:   Keep-Alive    

HEAD          http:// HTTP/1.0
Connection:   Keep-Alive    

HEAD http://foo.example.com/.. HTTP/1.0
Connection:
                Keep-Alive         

HEAD HTTP://foo.example.com/../ HTTP/1.0
Connection:
                Keep-Alive         

GET  /  HTTP / 1 . 0


DEBUG tests/http11_tests.c:79: json PARSING: 0 of 103 at HEAD http://default/README HTTP/1.1
Host:

GET http://default/README HTTP/1.1
Host:
COnnection: close


DEBUG tests/http11_tests.c:98: TEST tests/and_suite/ex_httpd_tst_10 results: delta 43, has_error: 0, is_finished: 1
DEBUG tests/http11_tests.c:79: json PARSING: 43 of 103 at GET http://default/README HTTP/1.1
Host:
COnnection: close


DEBUG tests/http11_tests.c:98: TEST tests/and_suite/ex_httpd_tst_10 results: delta 103, has_error: 0, is_finished: 1
DEBUG tests/http11_tests.c:79: json PARSING: 0 of 503 at GET / HTTP/1.1
Host: 
Accept:

GET / HTTP/1.1
Host: 
Range: bytes = 0-
Accept: */*

GET / HTTP/1.1
Host: 
Accept: text/html

GET / HTTP/1.1
Host: 
Accept: text/*

GET / HTTP/1.1
Host: 
Accept: text/*;q=1.000; */*;q=0; text/plain

GET / HTTP/1.1
Host: 
Accept: text/*;q=0.000; */*;q=1; text/htmler

GET / HTTP/1.1
Host: 
Accept: */*;q=0.00, text/*;q=0.1;level=2;blah="\",", */*;q=1, text/html;q=0

GET / HTTP/1.1
Host: 
Accept: */*;q=0.0, text/*;q=0.000, */*;q=1 ; blah=foo, text/html
Connection: close


DEBUG tests/http11_tests.c:98: TEST tests/and_suite/ex_httpd_tst_11 results: delta 31, has_error: 0, is_finished: 1
DEBUG tests/http11_tests.c:79: json PARSING: 31 of 503 at GET / HTTP/1.1
Host: 
Range: bytes = 0-
Accept: */*

GET / HTTP/1.1
Host: 
Accept: text/html

GET / HTTP/1.1
Host: 
Accept: text/*

GET / HTTP/1.1
Host: 
Accept: text/*;q=1.000; */*;q=0; text/plain

GET / HTTP/1.1
Host: 
Accept: text/*;q=0.000; */*;q=1; text/htmler

GET / HTTP/1.1
Host: 
Accept: */*;q=0.00, text/*;q=0.1;level=2;blah="\",", */*;q=1, text/html;q=0

GET / HTTP/1.1
Host: 
Accept: */*;q=0.0, text/*;q=0.000, */*;q=1 ; blah=foo, text/html
Connection: close


DEBUG tests/http11_tests.c:98: TEST tests/and_suite/ex_httpd_tst_11 results: delta 84, has_error: 0, is_finished: 1
DEBUG tests/http11_tests.c:79: json PARSING: 84 of 503 at GET / HTTP/1.1
Host: 
Accept: text/html

GET / HTTP/1.1
Host: 
Accept: text/*

GET / HTTP/1.1
Host: 
Accept: text/*;q=1.000; */*;q=0; text/plain

GET / HTTP/1.1
Host: 
Accept: text/*;q=0.000; */*;q=1; text/htmler

GET / HTTP/1.1
Host: 
Accept: */*;q=0.00, text/*;q=0.1;level=2;blah="\",", */*;q=1, text/html;q=0

GET / HTTP/1.1
Host: 
Accept: */*;q=0.0, text/*;q=0.000, */*;q=1 ; blah=foo, text/html
Connection: close


DEBUG tests/http11_tests.c:98: TEST tests/and_suite/ex_httpd_tst_11 results: delta 125, has_error: 0, is_finished: 1
DEBUG tests/http11_tests.c:79: json PARSING: 125 of 503 at GET / HTTP/1.1
Host: 
Accept: text/*

GET / HTTP/1.1
Host: 
Accept: text/*;q=1.000; */*;q=0; text/plain

GET / HTTP/1.1
Host: 
Accept: text/*;q=0.000; */*;q=1; text/htmler

GET / HTTP/1.1
Host: 
Accept: */*;q=0.00, text/*;q=0.1;level=2;blah="\",", */*;q=1, text/html;q=0

GET / HTTP/1.1
Host: 
Accept: */*;q=0.0, text/*;q=0.000, */*;q=1 ; blah=foo, text/html
Connection: close


DEBUG tests/http11_tests.c:98: TEST tests/and_suite/ex_httpd_tst_11 results: delta 163, has_error: 0, is_finished: 1
DEBUG tests/http11_tests.c:79: json PARSING: 163 of 503 at GET / HTTP/1.1
Host: 
Accept: text/*;q=1.000; */*;q=0; text/plain

GET / HTTP/1.1
Host: 
Accept: text/*;q=0.000; */*;q=1; text/htmler

GET / HTTP/1.1
Host: 
Accept: */*;q=0.00, text/*;q=0.1;level=2;blah="\",", */*;q=1, text/html;q=0

GET / HTTP/1.1
Host: 
Accept: */*;q=0.0, text/*;q=0.000, */*;q=1 ; blah=foo, text/html
Connection: close


DEBUG tests/http11_tests.c:98: TEST tests/and_suite/ex_httpd_tst_11 results: delta 230, has_error: 0, is_finished: 1
DEBUG tests/http11_tests.c:79: json PARSING: 230 of 503 at GET / HTTP/1.1
Host: 
Accept: text/*;q=0.000; */*;q=1; text/htmler

GET / HTTP/1.1
Host: 
Accept: */*;q=0.00, text/*;q=0.1;level=2;blah="\",", */*;q=1, text/html;q=0

GET / HTTP/1.1
Host: 
Accept: */*;q=0.0, text/*;q=0.000, */*;q=1 ; blah=foo, text/html
Connection: close


DEBUG tests/http11_tests.c:98: TEST tests/and_suite/ex_httpd_tst_11 results: delta 298, has_error: 0, is_finished: 1
DEBUG tests/http11_tests.c:79: json PARSING: 298 of 503 at GET / HTTP/1.1
Host: 
Accept: */*;q=0.00, text/*;q=0.1;level=2;blah="\",", */*;q=1, text/html;q=0

GET / HTTP/1.1
Host: 
Accept: */*;q=0.0, text/*;q=0.000, */*;q=1 ; blah=foo, text/html
Connection: close


DEBUG tests/http11_tests.c:98: TEST tests/and_suite/ex_httpd_tst_11 results: delta 397, has_error: 0, is_finished: 1
DEBUG tests/http11_tests.c:79: json PARSING: 397 of 503 at GET / HTTP/1.1
Host: 
Accept: */*;q=0.0, text/*;q=0.000, */*;q=1 ; blah=foo, text/html
Connection: close


DEBUG tests/http11_tests.c:98: TEST tests/and_suite/ex_httpd_tst_11 results: delta 503, has_error: 0, is_finished: 1
DEBUG tests/http11_tests.c:79: json PARSING: 0 of 442 at GET / HTTP/1.1
Host           : default
Accept-Languge : en-US
Accept         : text/foo
Range          : ,
	         
Accept-Languge :     
	         fr,de
	         
Accept         : text/bar

GET / HTTP/1.1
Host           : default
Accept-Languge : en-US
Accept         : text/foo
Range          : ,
Accept         : text/html
	         
Accept-Languge :     
	         fr,de
	         
Accept         : text/*;q=0
Connection     : close


DEBUG tests/http11_tests.c:98: TEST tests/and_suite/ex_httpd_tst_12 results: delta 19, has_error: 1, is_finished: 0
DEBUG tests/http11_tests.c:79: json PARSING: 19 of 442 at            : default
Accept-Languge : en-US
Accept         : text/foo
Range          : ,
	         
Accept-Languge :     
	         fr,de
	         
Accept         : text/bar

GET / HTTP/1.1
Host           : default
Accept-Languge : en-US
Accept         : text/foo
Range          : ,
Accept         : text/html
	         
Accept-Languge :     
	         fr,de
	         
Accept         : text/*;q=0
Connection     : close


DEBUG tests/http11_tests.c:79: json PARSING: 0 of 51 at HEAD / HTTP/1.1
Host: notcorrect

HEAD / HTTP/1.0


DEBUG tests/http11_tests.c:98: TEST tests/and_suite/ex_httpd_tst_13 results: delta 34, has_error: 0, is_finished: 1
DEBUG tests/http11_tests.c:79: json PARSING: 34 of 51 at HEAD / HTTP/1.0


DEBUG tests/http11_tests.c:98: TEST tests/and_suite/ex_httpd_tst_13 results: delta 51, has_error: 0, is_finished: 1
DEBUG tests/http11_tests.c:79: json PARSING: 0 of 121 at GET / HTTP/1.0
Connection: ranGe, AccEpt, keep-aLive, accept-language
Range: bytes = -2
accept: foo/bar

GET / HTTP/1.0


DEBUG tests/http11_tests.c:98: TEST tests/and_suite/ex_httpd_tst_14 results: delta 105, has_error: 0, is_finished: 1
DEBUG tests/http11_tests.c:79: json PARSING: 105 of 121 at GET / HTTP/1.0


DEBUG tests/http11_tests.c:98: TEST tests/and_suite/ex_httpd_tst_14 results: delta 121, has_error: 0, is_finished: 1
DEBUG tests/http11_tests.c:79: json PARSING: 0 of 221 at OPTIONS * HTTP/1.1
Host: default

OPTIONS / HTTP/1.1
Host: default

OPTIONS http://default/ HTTP/1.1
Host:

OPTIONS http://default/%2f./ HTTP/1.1
Host:

OPTIONS ! HTTP/1.1
Host: default

OPTIONS * HTTP/1.1
Host: default


DEBUG tests/http11_tests.c:98: TEST tests/and_suite/ex_httpd_tst_15 results: delta 34, has_error: 0, is_finished: 1
DEBUG tests/http11_tests.c:79: json PARSING: 34 of 221 at OPTIONS / HTTP/1.1
Host: default

OPTIONS http://default/ HTTP/1.1
Host:

OPTIONS http://default/%2f./ HTTP/1.1
Host:

OPTIONS ! HTTP/1.1
Host: default

OPTIONS * HTTP/1.1
Host: default


DEBUG tests/http11_tests.c:98: TEST tests/and_suite/ex_httpd_tst_15 results: delta 68, has_error: 0, is_finished: 1
DEBUG tests/http11_tests.c:79: json PARSING: 68 of 221 at OPTIONS http://default/ HTTP/1.1
Host:

OPTIONS http://default/%2f./ HTTP/1.1
Host:

OPTIONS ! HTTP/1.1
Host: default

OPTIONS * HTTP/1.1
Host: default


DEBUG tests/http11_tests.c:98: TEST tests/and_suite/ex_httpd_tst_15 results: delta 108, has_error: 0, is_finished: 1
DEBUG tests/http11_tests.c:79: json PARSING: 108 of 221 at OPTIONS http://default/%2f./ HTTP/1.1
Host:

OPTIONS ! HTTP/1.1
Host: default

OPTIONS * HTTP/1.1
Host: default


DEBUG tests/http11_tests.c:98: TEST tests/and_suite/ex_httpd_tst_15 results: delta 153, has_error: 0, is_finished: 1
DEBUG tests/http11_tests.c:79: json PARSING: 153 of 221 at OPTIONS ! HTTP/1.1
Host: default

OPTIONS * HTTP/1.1
Host: default


DEBUG tests/http11_tests.c:98: TEST tests/and_suite/ex_httpd_tst_15 results: delta 161, has_error: 1, is_finished: 0
DEBUG tests/http11_tests.c:79: json PARSING: 161 of 221 at ! HTTP/1.1
Host: default

OPTIONS * HTTP/1.1
Host: default


DEBUG tests/http11_tests.c:79: json PARSING: 0 of 1086 at GET /test?howdy=yes HTTP/1.1
COMMENT-TST: Test different date formats...
HOST: foo.example.com:1234
Comment-date-rfc1123: Sun, 10 Oct 2004 07:02:24 GMT
If-Modified-since: Tue, 17 Aug 10 03:21:45 +0000
If-UNModified-since: Sunday, 10-Oct-04 07:02:24 GMT

HEAD / HTTP/1.1
HOST: foo.example.com:1234
Comment-date-rfc1123: Sun, 10 Oct 2004 07:02:24 GMT
If-UNModified-since: Sunday, 10-Oct-04 07:02:24 GMT

GET / HTTP/1.1
HOST : foo.example.com:1234
Comment-date-rfc1123: Sun, 10 Oct 2004 07:02:24 GMT
If-Range: Sunday, 10-Oct-04 07:02:24 GMT
Range: bytes = -1
                                                                                

GET / HTTP/1.1
HOST: foo.example.com:1234
Comment-date-rfc1123: Sun, 10 Oct 2004 07:02:24 GMT
If-Modified-since: Sun Oct 10 07:02:24 2004

HEAD / HTTP/1.1
HOST: foo.example.com:1234
Comment-date-rfc1123: Sun, 10 Oct 2004 07:02:24 GMT
If-UNModified-since: Sun Oct 10 07:02:24 2004

GET / HTTP/1.1
HOST: foo.example.com:1234
Comment-date-rfc1123: Sun, 10 Oct 2004 07:02:24 GMT
If-Range: Sun Oct 10 07:02:24 2004
Range: bytes = -1
connection: close



DEBUG tests/http11_tests.c:98: TEST tests/and_suite/ex_httpd_tst_16 results: delta 254, has_error: 0, is_finished: 1
DEBUG tests/http11_tests.c:79: json PARSING: 254 of 1086 at HEAD / HTTP/1.1
HOST: foo.example.com:1234
Comment-date-rfc1123: Sun, 10 Oct 2004 07:02:24 GMT
If-UNModified-since: Sunday, 10-Oct-04 07:02:24 GMT

GET / HTTP/1.1
HOST : foo.example.com:1234
Comment-date-rfc1123: Sun, 10 Oct 2004 07:02:24 GMT
If-Range: Sunday, 10-Oct-04 07:02:24 GMT
Range: bytes = -1
                                                                                

GET / HTTP/1.1
HOST: foo.example.com:1234
Comment-date-rfc1123: Sun, 10 Oct 2004 07:02:24 GMT
If-Modified-since: Sun Oct 10 07:02:24 2004

HEAD / HTTP/1.1
HOST: foo.example.com:1234
Comment-date-rfc1123: Sun, 10 Oct 2004 07:02:24 GMT
If-UNModified-since: Sun Oct 10 07:02:24 2004

GET / HTTP/1.1
HOST: foo.example.com:1234
Comment-date-rfc1123: Sun, 10 Oct 2004 07:02:24 GMT
If-Range: Sun Oct 10 07:02:24 2004
Range: bytes = -1
connection: close



DEBUG tests/http11_tests.c:98: TEST tests/and_suite/ex_httpd_tst_16 results: delta 402, has_error: 0, is_finished: 1
DEBUG tests/http11_tests.c:79: json PARSING: 402 of 1086 at GET / HTTP/1.1
HOST : foo.example.com:1234
Comment-date-rfc1123: Sun, 10 Oct 2004 07:02:24 GMT
If-Range: Sunday, 10-Oct-04 07:02:24 GMT
Range: bytes = -1
                                                                                

GET / HTTP/1.1
HOST: foo.example.com:1234
Comment-date-rfc1123: Sun, 10 Oct 2004 07:02:24 GMT
If-Modified-since: Sun Oct 10 07:02:24 2004

HEAD / HTTP/1.1
HOST: foo.example.com:1234
Comment-date-rfc1123: Sun, 10 Oct 2004 07:02:24 GMT
If-UNModified-since: Sun Oct 10 07:02:24 2004

GET / HTTP/1.1
HOST: foo.example.com:1234
Comment-date-rfc1123: Sun, 10 Oct 2004 07:02:24 GMT
If-Range: Sun Oct 10 07:02:24 2004
Range: bytes = -1
connection: close



DEBUG tests/http11_tests.c:98: TEST tests/and_suite/ex_httpd_tst_16 results: delta 421, has_error: 1, is_finished: 0
DEBUG tests/http11_tests.c:79: json PARSING: 421 of 1086 at  : foo.example.com:1234
Comment-date-rfc1123: Sun, 10 Oct 2004 07:02:24 GMT
If-Range: Sunday, 10-Oct-04 07:02:24 GMT
Range: bytes = -1
                                                                                

GET / HTTP/1.1
HOST: foo.example.com:1234
Comment-date-rfc1123: Sun, 10 Oct 2004 07:02:24 GMT
If-Modified-since: Sun Oct 10 07:02:24 2004

HEAD / HTTP/1.1
HOST: foo.example.com:1234
Comment-date-rfc1123: Sun, 10 Oct 2004 07:02:24 GMT
If-UNModified-since: Sun Oct 10 07:02:24 2004

GET / HTTP/1.1
HOST: foo.example.com:1234
Comment-date-rfc1123: Sun, 10 Oct 2004 07:02:24 GMT
If-Range: Sun Oct 10 07:02:24 2004
Range: bytes = -1
connection: close



DEBUG tests/http11_tests.c:79: json PARSING: 0 of 129 at GET /empty HTTP/1.1
Host: foo.example.com

GET /empty HTTP/1.0
Host: foo.example.com

GET /empty HTTP/1.0
Host: foo.example.com


DEBUG tests/http11_tests.c:98: TEST tests/and_suite/ex_httpd_tst_17 results: delta 43, has_error: 0, is_finished: 1
DEBUG tests/http11_tests.c:79: json PARSING: 43 of 129 at GET /empty HTTP/1.0
Host: foo.example.com

GET /empty HTTP/1.0
Host: foo.example.com


DEBUG tests/http11_tests.c:98: TEST tests/and_suite/ex_httpd_tst_17 results: delta 86, has_error: 0, is_finished: 1
DEBUG tests/http11_tests.c:79: json PARSING: 86 of 129 at GET /empty HTTP/1.0
Host: foo.example.com


DEBUG tests/http11_tests.c:98: TEST tests/and_suite/ex_httpd_tst_17 results: delta 129, has_error: 0, is_finished: 1
DEBUG tests/http11_tests.c:79: json PARSING: 0 of 356 at HEAD                  HTTP://default.example.com HTTP/1.0
Connection:
                Keep-Alive         

HEAD          http://foo.example.com HTTP/1.0
Connection:   Keep-Alive    

HEAD          http:// HTTP/1.0
Connection:   Keep-Alive    

HEAD HTTP://foo.example.com/../ HTTP/1.0
Connection:
                Keep-Alive         

GET  /  HTTP / 1 . 0


DEBUG tests/http11_tests.c:98: TEST tests/and_suite/ex_httpd_tst_18 results: delta 5, has_error: 1, is_finished: 0
DEBUG tests/http11_tests.c:79: json PARSING: 5 of 356 at                  HTTP://default.example.com HTTP/1.0
Connection:
                Keep-Alive         

HEAD          http://foo.example.com HTTP/1.0
Connection:   Keep-Alive    

HEAD          http:// HTTP/1.0
Connection:   Keep-Alive    

HEAD HTTP://foo.example.com/../ HTTP/1.0
Connection:
                Keep-Alive         

GET  /  HTTP / 1 . 0


DEBUG tests/http11_tests.c:79: json PARSING: 0 of 184 at HEAD                  HTTP://foo.example.com HTTP/1.1
Host:
If-Match: 
 *

HEAD           HTTP://foo.example.com HTTP/1.1
Host:                       
If-Match: 
 *
Connection: close


DEBUG tests/http11_tests.c:98: TEST tests/and_suite/ex_httpd_tst_19 results: delta 5, has_error: 1, is_finished: 0
DEBUG tests/http11_tests.c:79: json PARSING: 5 of 184 at                  HTTP://foo.example.com HTTP/1.1
Host:
If-Match: 
 *

HEAD           HTTP://foo.example.com HTTP/1.1
Host:                       
If-Match: 
 *
Connection: close


DEBUG tests/http11_tests.c:79: json PARSING: 0 of 1207 at HEAD / HTTP / 1 . 1
Host:
 blah            

TRACE / HTTP / 1 . 1
Host:
 blah            

GET / HTTP/1.1
Host:
             foo.example.com
             

GET / HTTP/1.1
Host: foo.example.com:1234
If-Modified-Since:   Sun, 10 Oct 2004 07:02:24 GMT

GET / HTTP/1.1
Host:       FOO.example.com:1234
If-Range:   Sun, 10 Oct 2004 07:02:24 GMT
Range:      bytes = 2-9

HEAD http://foo.example.COM HTTP/1.1
Host:

GET http://foo.EXAMPLE.com/ HTTP/1.1
Host:
Range:      bytes = 2-9

GET http://foo.example.com/%2f. HTTP/1.1
Host:
Range:      bytes = 2-9

GET http://foo.example.com/%2F./ HTTP/1.1
Host:
Connection: Keep-Alive
Range:      bytes = 2-9

GET http://FOO.example.com/index.html HTTP/1.1
Host:
Range: bytes = ,,  ,-8,   ,,

GET http://FOO.example.com/index.html HTTP/1.1
Host:
Range: bytes = ,
	    ,
  ,
 -8
 ,
	   ,,

GET http://FOO.example.com/index.html HTTP/1.1
Host:
Range: bytes = 151 -  ,

GET http://FOO.example.com/index.html HTTP/1.1
Host:
Range: bytes = 151 -   

GET http://FOO.example.com/index.html#blah HTTP/1.1
Host:
If-None-Match: *

GET http://default:80/noallprivs.html HTTP/1.1
Host:

HEAD http://FOO.example.com/index.html HTTP/1.1
Host:
Range:      bytes = 2-9
Connection: close


DEBUG tests/http11_tests.c:98: TEST tests/and_suite/ex_httpd_tst_2 results: delta 11, has_error: 1, is_finished: 0
DEBUG tests/http11_tests.c:79: json PARSING: 11 of 1207 at  / 1 . 1
Host:
 blah            

TRACE / HTTP / 1 . 1
Host:
 blah            

GET / HTTP/1.1
Host:
             foo.example.com
             

GET / HTTP/1.1
Host: foo.example.com:1234
If-Modified-Since:   Sun, 10 Oct 2004 07:02:24 GMT

GET / HTTP/1.1
Host:       FOO.example.com:1234
If-Range:   Sun, 10 Oct 2004 07:02:24 GMT
Range:      bytes = 2-9

HEAD http://foo.example.COM HTTP/1.1
Host:

GET http://foo.EXAMPLE.com/ HTTP/1.1
Host:
Range:      bytes = 2-9

GET http://foo.example.com/%2f. HTTP/1.1
Host:
Range:      bytes = 2-9

GET http://foo.example.com/%2F./ HTTP/1.1
Host:
Connection: Keep-Alive
Range:      bytes = 2-9

GET http://FOO.example.com/index.html HTTP/1.1
Host:
Range: bytes = ,,  ,-8,   ,,

GET http://FOO.example.com/index.html HTTP/1.1
Host:
Range: bytes = ,
	    ,
  ,
 -8
 ,
	   ,,

GET http://FOO.example.com/index.html HTTP/1.1
Host:
Range: bytes = 151 -  ,

GET http://FOO.example.com/index.html HTTP/1.1
Host:
Range: bytes = 151 -   

GET http://FOO.example.com/index.html#blah HTTP/1.1
Host:
If-None-Match: *

GET http://default:80/noallprivs.html HTTP/1.1
Host:

HEAD http://FOO.example.com/index.html HTTP/1.1
Host:
Range:      bytes = 2-9
Connection: close


DEBUG tests/http11_tests.c:79: json PARSING: 0 of 74 at GET / HTTP/1.0
Accept: text/*;q=1.0

GET / HTTP/1.0
Accept: text/*;q=1.0


DEBUG tests/http11_tests.c:98: TEST tests/and_suite/ex_httpd_tst_20 results: delta 37, has_error: 0, is_finished: 1
DEBUG tests/http11_tests.c:79: json PARSING: 37 of 74 at GET / HTTP/1.0
Accept: text/*;q=1.0


DEBUG tests/http11_tests.c:98: TEST tests/and_suite/ex_httpd_tst_20 results: delta 74, has_error: 0, is_finished: 1
DEBUG tests/http11_tests.c:79: json PARSING: 0 of 56 at GET / HTTP/1.0
Cookie: foo=bar
Cookie: test=yes; go=no


DEBUG tests/http11_tests.c:98: TEST tests/and_suite/ex_httpd_tst_21 results: delta 56, has_error: 0, is_finished: 1
DEBUG tests/http11_tests.c:79: json PARSING: 0 of 6 at GET /

DEBUG tests/http11_tests.c:98: TEST tests/and_suite/ex_httpd_tst_3 results: delta 5, has_error: 1, is_finished: 0
DEBUG tests/http11_tests.c:79: json PARSING: 5 of 6 at 

DEBUG tests/http11_tests.c:79: json PARSING: 0 of 17 at HEAD /index.html

DEBUG tests/http11_tests.c:98: TEST tests/and_suite/ex_httpd_tst_4 results: delta 16, has_error: 1, is_finished: 0
DEBUG tests/http11_tests.c:79: json PARSING: 16 of 17 at 

DEBUG tests/http11_tests.c:79: json PARSING: 0 of 70 at HEAD   http:/ HTTP/1 . 0
connection:     Keep-Alive

HEAD / HTTP/1.0


DEBUG tests/http11_tests.c:98: TEST tests/and_suite/ex_httpd_tst_5 results: delta 5, has_error: 1, is_finished: 0
DEBUG tests/http11_tests.c:79: json PARSING: 5 of 70 at   http:/ HTTP/1 . 0
connection:     Keep-Alive

HEAD / HTTP/1.0


DEBUG tests/http11_tests.c:79: json PARSING: 0 of 150 at 

GET http://defaulT/bin#one HTTP/1.1
Host:


GET http://defaulT/bin#two HTTP/1.1
Host:

GET http://defaulT/bin#foo HTTP/1.1
Host:
Connection: close


DEBUG tests/http11_tests.c:79: json PARSING: 0 of 1130 at HEAD http://default/ HTTP/1.1
Host:
Accept-Encoding: gzip

HEAD http://default/index.html HTTP/1.1
Host:
Accept-Encoding: gzip

HEAD http://default/index.html.gz HTTP/1.1
Host:

HEAD http://default/ HTTP/1.1
Host:

HEAD http://default/ HTTP/1.1
Host:
Accept-Encoding: gzip
Range: bytes = 1-

HEAD http://default/ HTTP/1.1
Host:
Accept-Encoding: gzip; q = 0 . 1, identity; q = 1.000

HEAD http://default/ HTTP/1.1
Host:
Accept-Encoding: gzip; q = 0 . 02, identity; q = 0.1

HEAD http://default/ HTTP/1.1
Host:
Accept-Encoding: gzip; q = 0 . 0

HEAD http://default/ HTTP/1.1
Host:
Accept-Encoding: gzipper, bzip

HEAD http://foo.example.com/ HTTP/1.1
Host:
Accept-Encoding: gzip, bzip2

HEAD http://default/index-big.html HTTP/1.1
Host:
Accept-Encoding: gzipper, bzip2;q=0. 8, gzi, gzip;q = 0.01

HEAD http://default/index-big.html HTTP/1.1
Host:
Accept-Encoding: bzip2er, bzip2;q=0. 01, bzi, gzip;q = 0.8

HEAD http://default/ HTTP/1.1
Host:
Range: bytes = 0-4
Accept-Encoding: foo, bar;q= 0 . 02 , *;q = 1 . 000 , gzipper;q=0, end

HEAD http://default/ HTTP/1.1
Host:
Accept-Encoding: x-gzip
Range: bytes = -16
Connection: close


DEBUG tests/http11_tests.c:98: TEST tests/and_suite/ex_httpd_tst_7 results: delta 59, has_error: 0, is_finished: 1
DEBUG tests/http11_tests.c:79: json PARSING: 59 of 1130 at HEAD http://default/index.html HTTP/1.1
Host:
Accept-Encoding: gzip

HEAD http://default/index.html.gz HTTP/1.1
Host:

HEAD http://default/ HTTP/1.1
Host:

HEAD http://default/ HTTP/1.1
Host:
Accept-Encoding: gzip
Range: bytes = 1-

HEAD http://default/ HTTP/1.1
Host:
Accept-Encoding: gzip; q = 0 . 1, identity; q = 1.000

HEAD http://default/ HTTP/1.1
Host:
Accept-Encoding: gzip; q = 0 . 02, identity; q = 0.1

HEAD http://default/ HTTP/1.1
Host:
Accept-Encoding: gzip; q = 0 . 0

HEAD http://default/ HTTP/1.1
Host:
Accept-Encoding: gzipper, bzip

HEAD http://foo.example.com/ HTTP/1.1
Host:
Accept-Encoding: gzip, bzip2

HEAD http://default/index-big.html HTTP/1.1
Host:
Accept-Encoding: gzipper, bzip2;q=0. 8, gzi, gzip;q = 0.01

HEAD http://default/index-big.html HTTP/1.1
Host:
Accept-Encoding: bzip2er, bzip2;q=0. 01, bzi, gzip;q = 0.8

HEAD http://default/ HTTP/1.1
Host:
Range: bytes = 0-4
Accept-Encoding: foo, bar;q= 0 . 02 , *;q = 1 . 000 , gzipper;q=0, end

HEAD http://default/ HTTP/1.1
Host:
Accept-Encoding: x-gzip
Range: bytes = -16
Connection: close


DEBUG tests/http11_tests.c:98: TEST tests/and_suite/ex_httpd_tst_7 results: delta 128, has_error: 0, is_finished: 1
DEBUG tests/http11_tests.c:79: json PARSING: 128 of 1130 at HEAD http://default/index.html.gz HTTP/1.1
Host:

HEAD http://default/ HTTP/1.1
Host:

HEAD http://default/ HTTP/1.1
Host:
Accept-Encoding: gzip
Range: bytes = 1-

HEAD http://default/ HTTP/1.1
Host:
Accept-Encoding: gzip; q = 0 . 1, identity; q = 1.000

HEAD http://default/ HTTP/1.1
Host:
Accept-Encoding: gzip; q = 0 . 02, identity; q = 0.1

HEAD http://default/ HTTP/1.1
Host:
Accept-Encoding: gzip; q = 0 . 0

HEAD http://default/ HTTP/1.1
Host:
Accept-Encoding: gzipper, bzip

HEAD http://foo.example.com/ HTTP/1.1
Host:
Accept-Encoding: gzip, bzip2

HEAD http://default/index-big.html HTTP/1.1
Host:
Accept-Encoding: gzipper, bzip2;q=0. 8, gzi, gzip;q = 0.01

HEAD http://default/index-big.html HTTP/1.1
Host:
Accept-Encoding: bzip2er, bzip2;q=0. 01, bzi, gzip;q = 0.8

HEAD http://default/ HTTP/1.1
Host:
Range: bytes = 0-4
Accept-Encoding: foo, bar;q= 0 . 02 , *;q = 1 . 000 , gzipper;q=0, end

HEAD http://default/ HTTP/1.1
Host:
Accept-Encoding: x-gzip
Range: bytes = -16
Connection: close


DEBUG tests/http11_tests.c:98: TEST tests/and_suite/ex_httpd_tst_7 results: delta 178, has_error: 0, is_finished: 1
DEBUG tests/http11_tests.c:79: json PARSING: 178 of 1130 at HEAD http://default/ HTTP/1.1
Host:

HEAD http://default/ HTTP/1.1
Host:
Accept-Encoding: gzip
Range: bytes = 1-

HEAD http://default/ HTTP/1.1
Host:
Accept-Encoding: gzip; q = 0 . 1, identity; q = 1.000

HEAD http://default/ HTTP/1.1
Host:
Accept-Encoding: gzip; q = 0 . 02, identity; q = 0.1

HEAD http://default/ HTTP/1.1
Host:
Accept-Encoding: gzip; q = 0 . 0

HEAD http://default/ HTTP/1.1
Host:
Accept-Encoding: gzipper, bzip

HEAD http://foo.example.com/ HTTP/1.1
Host:
Accept-Encoding: gzip, bzip2

HEAD http://default/index-big.html HTTP/1.1
Host:
Accept-Encoding: gzipper, bzip2;q=0. 8, gzi, gzip;q = 0.01

HEAD http://default/index-big.html HTTP/1.1
Host:
Accept-Encoding: bzip2er, bzip2;q=0. 01, bzi, gzip;q = 0.8

HEAD http://default/ HTTP/1.1
Host:
Range: bytes = 0-4
Accept-Encoding: foo, bar;q= 0 . 02 , *;q = 1 . 000 , gzipper;q=0, end

HEAD http://default/ HTTP/1.1
Host:
Accept-Encoding: x-gzip
Range: bytes = -16
Connection: close


DEBUG tests/http11_tests.c:98: TEST tests/and_suite/ex_httpd_tst_7 results: delta 215, has_error: 0, is_finished: 1
DEBUG tests/http11_tests.c:79: json PARSING: 215 of 1130 at HEAD http://default/ HTTP/1.1
Host:
Accept-Encoding: gzip
Range: bytes = 1-

HEAD http://default/ HTTP/1.1
Host:
Accept-Encoding: gzip; q = 0 . 1, identity; q = 1.000

HEAD http://default/ HTTP/1.1
Host:
Accept-Encoding: gzip; q = 0 . 02, identity; q = 0.1

HEAD http://default/ HTTP/1.1
Host:
Accept-Encoding: gzip; q = 0 . 0

HEAD http://default/ HTTP/1.1
Host:
Accept-Encoding: gzipper, bzip

HEAD http://foo.example.com/ HTTP/1.1
Host:
Accept-Encoding: gzip, bzip2

HEAD http://default/index-big.html HTTP/1.1
Host:
Accept-Encoding: gzipper, bzip2;q=0. 8, gzi, gzip;q = 0.01

HEAD http://default/index-big.html HTTP/1.1
Host:
Accept-Encoding: bzip2er, bzip2;q=0. 01, bzi, gzip;q = 0.8

HEAD http://default/ HTTP/1.1
Host:
Range: bytes = 0-4
Accept-Encoding: foo, bar;q= 0 . 02 , *;q = 1 . 000 , gzipper;q=0, end

HEAD http://default/ HTTP/1.1
Host:
Accept-Encoding: x-gzip
Range: bytes = -16
Connection: close


DEBUG tests/http11_tests.c:98: TEST tests/and_suite/ex_httpd_tst_7 results: delta 292, has_error: 0, is_finished: 1
DEBUG tests/http11_tests.c:79: json PARSING: 292 of 1130 at HEAD http://default/ HTTP/1.1
Host:
Accept-Encoding: gzip; q = 0 . 1, identity; q = 1.000

HEAD http://default/ HTTP/1.1
Host:
Accept-Encoding: gzip; q = 0 . 02, identity; q = 0.1

HEAD http://default/ HTTP/1.1
Host:
Accept-Encoding: gzip; q = 0 . 0

HEAD http://default/ HTTP/1.1
Host:
Accept-Encoding: gzipper, bzip

HEAD http://foo.example.com/ HTTP/1.1
Host:
Accept-Encoding: gzip, bzip2

HEAD http://default/index-big.html HTTP/1.1
Host:
Accept-Encoding: gzipper, bzip2;q=0. 8, gzi, gzip;q = 0.01

HEAD http://default/index-big.html HTTP/1.1
Host:
Accept-Encoding: bzip2er, bzip2;q=0. 01, bzi, gzip;q = 0.8

HEAD http://default/ HTTP/1.1
Host:
Range: bytes = 0-4
Accept-Encoding: foo, bar;q= 0 . 02 , *;q = 1 . 000 , gzipper;q=0, end

HEAD http://default/ HTTP/1.1
Host:
Accept-Encoding: x-gzip
Range: bytes = -16
Connection: close


DEBUG tests/http11_tests.c:98: TEST tests/and_suite/ex_httpd_tst_7 results: delta 383, has_error: 0, is_finished: 1
DEBUG tests/http11_tests.c:79: json PARSING: 383 of 1130 at HEAD http://default/ HTTP/1.1
Host:
Accept-Encoding: gzip; q = 0 . 02, identity; q = 0.1

HEAD http://default/ HTTP/1.1
Host:
Accept-Encoding: gzip; q = 0 . 0

HEAD http://default/ HTTP/1.1
Host:
Accept-Encoding: gzipper, bzip

HEAD http://foo.example.com/ HTTP/1.1
Host:
Accept-Encoding: gzip, bzip2

HEAD http://default/index-big.html HTTP/1.1
Host:
Accept-Encoding: gzipper, bzip2;q=0. 8, gzi, gzip;q = 0.01

HEAD http://default/index-big.html HTTP/1.1
Host:
Accept-Encoding: bzip2er, bzip2;q=0. 01, bzi, gzip;q = 0.8

HEAD http://default/ HTTP/1.1
Host:
Range: bytes = 0-4
Accept-Encoding: foo, bar;q= 0 . 02 , *;q = 1 . 000 , gzipper;q=0, end

HEAD http://default/ HTTP/1.1
Host:
Accept-Encoding: x-gzip
Range: bytes = -16
Connection: close


DEBUG tests/http11_tests.c:98: TEST tests/and_suite/ex_httpd_tst_7 results: delta 473, has_error: 0, is_finished: 1
DEBUG tests/http11_tests.c:79: json PARSING: 473 of 1130 at HEAD http://default/ HTTP/1.1
Host:
Accept-Encoding: gzip; q = 0 . 0

HEAD http://default/ HTTP/1.1
Host:
Accept-Encoding: gzipper, bzip

HEAD http://foo.example.com/ HTTP/1.1
Host:
Accept-Encoding: gzip, bzip2

HEAD http://default/index-big.html HTTP/1.1
Host:
Accept-Encoding: gzipper, bzip2;q=0. 8, gzi, gzip;q = 0.01

HEAD http://default/index-big.html HTTP/1.1
Host:
Accept-Encoding: bzip2er, bzip2;q=0. 01, bzi, gzip;q = 0.8

HEAD http://default/ HTTP/1.1
Host:
Range: bytes = 0-4
Accept-Encoding: foo, bar;q= 0 . 02 , *;q = 1 . 000 , gzipper;q=0, end

HEAD http://default/ HTTP/1.1
Host:
Accept-Encoding: x-gzip
Range: bytes = -16
Connection: close


DEBUG tests/http11_tests.c:98: TEST tests/and_suite/ex_httpd_tst_7 results: delta 543, has_error: 0, is_finished: 1
DEBUG tests/http11_tests.c:79: json PARSING: 543 of 1130 at HEAD http://default/ HTTP/1.1
Host:
Accept-Encoding: gzipper, bzip

HEAD http://foo.example.com/ HTTP/1.1
Host:
Accept-Encoding: gzip, bzip2

HEAD http://default/index-big.html HTTP/1.1
Host:
Accept-Encoding: gzipper, bzip2;q=0. 8, gzi, gzip;q = 0.01

HEAD http://default/index-big.html HTTP/1.1
Host:
Accept-Encoding: bzip2er, bzip2;q=0. 01, bzi, gzip;q = 0.8

HEAD http://default/ HTTP/1.1
Host:
Range: bytes = 0-4
Accept-Encoding: foo, bar;q= 0 . 02 , *;q = 1 . 000 , gzipper;q=0, end

HEAD http://default/ HTTP/1.1
Host:
Accept-Encoding: x-gzip
Range: bytes = -16
Connection: close


DEBUG tests/http11_tests.c:98: TEST tests/and_suite/ex_httpd_tst_7 results: delta 611, has_error: 0, is_finished: 1
DEBUG tests/http11_tests.c:79: json PARSING: 611 of 1130 at HEAD http://foo.example.com/ HTTP/1.1
Host:
Accept-Encoding: gzip, bzip2

HEAD http://default/index-big.html HTTP/1.1
Host:
Accept-Encoding: gzipper, bzip2;q=0. 8, gzi, gzip;q = 0.01

HEAD http://default/index-big.html HTTP/1.1
Host:
Accept-Encoding: bzip2er, bzip2;q=0. 01, bzi, gzip;q = 0.8

HEAD http://default/ HTTP/1.1
Host:
Range: bytes = 0-4
Accept-Encoding: foo, bar;q= 0 . 02 , *;q = 1 . 000 , gzipper;q=0, end

HEAD http://default/ HTTP/1.1
Host:
Accept-Encoding: x-gzip
Range: bytes = -16
Connection: close


DEBUG tests/http11_tests.c:98: TEST tests/and_suite/ex_httpd_tst_7 results: delta 685, has_error: 0, is_finished: 1
DEBUG tests/http11_tests.c:79: json PARSING: 685 of 1130 at HEAD http://default/index-big.html HTTP/1.1
Host:
Accept-Encoding: gzipper, bzip2;q=0. 8, gzi, gzip;q = 0.01

HEAD http://default/index-big.html HTTP/1.1
Host:
Accept-Encoding: bzip2er, bzip2;q=0. 01, bzi, gzip;q = 0.8

HEAD http://default/ HTTP/1.1
Host:
Range: bytes = 0-4
Accept-Encoding: foo, bar;q= 0 . 02 , *;q = 1 . 000 , gzipper;q=0, end

HEAD http://default/ HTTP/1.1
Host:
Accept-Encoding: x-gzip
Range: bytes = -16
Connection: close


DEBUG tests/http11_tests.c:98: TEST tests/and_suite/ex_httpd_tst_7 results: delta 795, has_error: 0, is_finished: 1
DEBUG tests/http11_tests.c:79: json PARSING: 795 of 1130 at HEAD http://default/index-big.html HTTP/1.1
Host:
Accept-Encoding: bzip2er, bzip2;q=0. 01, bzi, gzip;q = 0.8

HEAD http://default/ HTTP/1.1
Host:
Range: bytes = 0-4
Accept-Encoding: foo, bar;q= 0 . 02 , *;q = 1 . 000 , gzipper;q=0, end

HEAD http://default/ HTTP/1.1
Host:
Accept-Encoding: x-gzip
Range: bytes = -16
Connection: close


DEBUG tests/http11_tests.c:98: TEST tests/and_suite/ex_httpd_tst_7 results: delta 905, has_error: 0, is_finished: 1
DEBUG tests/http11_tests.c:79: json PARSING: 905 of 1130 at HEAD http://default/ HTTP/1.1
Host:
Range: bytes = 0-4
Accept-Encoding: foo, bar;q= 0 . 02 , *;q = 1 . 000 , gzipper;q=0, end

HEAD http://default/ HTTP/1.1
Host:
Accept-Encoding: x-gzip
Range: bytes = -16
Connection: close


DEBUG tests/http11_tests.c:98: TEST tests/and_suite/ex_httpd_tst_7 results: delta 1032, has_error: 0, is_finished: 1
DEBUG tests/http11_tests.c:79: json PARSING: 1032 of 1130 at HEAD http://default/ HTTP/1.1
Host:
Accept-Encoding: x-gzip
Range: bytes = -16
Connection: close


DEBUG tests/http11_tests.c:98: TEST tests/and_suite/ex_httpd_tst_7 results: delta 1130, has_error: 0, is_finished: 1
DEBUG tests/http11_tests.c:79: json PARSING: 0 of 163 at GET /corner/ HTTP/1.1
Host: foo.example.com

GET /corner HTTP/1.1
Host: foo.example.com

GET /corner/index.html/ HTTP/1.1
Host: foo.example.com
Connection: close


DEBUG tests/http11_tests.c:98: TEST tests/and_suite/ex_httpd_tst_8 results: delta 45, has_error: 0, is_finished: 1
DEBUG tests/http11_tests.c:79: json PARSING: 45 of 163 at GET /corner HTTP/1.1
Host: foo.example.com

GET /corner/index.html/ HTTP/1.1
Host: foo.example.com
Connection: close


DEBUG tests/http11_tests.c:98: TEST tests/and_suite/ex_httpd_tst_8 results: delta 89, has_error: 0, is_finished: 1
DEBUG tests/http11_tests.c:79: json PARSING: 89 of 163 at GET /corner/index.html/ HTTP/1.1
Host: foo.example.com
Connection: close


DEBUG tests/http11_tests.c:98: TEST tests/and_suite/ex_httpd_tst_8 results: delta 163, has_error: 0, is_finished: 1
DEBUG tests/http11_tests.c:79: json PARSING: 0 of 78 at HEAD http://foo.example.com:1234/bt.torrent HTTP/1.1
Host:
Connection: close


DEBUG tests/http11_tests.c:98: TEST tests/and_suite/ex_httpd_tst_9 results: delta 78, has_error: 0, is_finished: 1
DEBUG tests/http11_tests.c:79: json PARSING: 0 of 193 at <policy-file-request/>
DEBUG tests/http11_tests.c:98: TEST tests/and_suite/json_socket_tests results: delta 23, has_error: 0, is_finished: 1
DEBUG tests/http11_tests.c:79: json PARSING: 23 of 193 at @chat {"type": "ping"}
DEBUG tests/http11_tests.c:98: TEST tests/and_suite/json_socket_tests results: delta 46, has_error: 0, is_finished: 1
DEBUG tests/http11_tests.c:79: json PARSING: 46 of 193 at @chat {"type": "ping"}
DEBUG tests/http11_tests.c:98: TEST tests/and_suite/json_socket_tests results: delta 69, has_error: 0, is_finished: 1
DEBUG tests/http11_tests.c:79: json PARSING: 69 of 193 at @chat {"type": "ping"}
DEBUG tests/http11_tests.c:98: TEST tests/and_suite/json_socket_tests results: delta 92, has_error: 0, is_finished: 1
DEBUG tests/http11_tests.c:79: json PARSING: 92 of 193 at @chat {"type": "ping"}
DEBUG tests/http11_tests.c:98: TEST tests/and_suite/json_socket_tests results: delta 115, has_error: 0, is_finished: 1
DEBUG tests/http11_tests.c:79: json PARSING: 115 of 193 at @xml/chat <xml><sucks><ohwell></ohwell></sucks></xml>
DEBUG tests/http11_tests.c:98: TEST tests/and_suite/json_socket_tests results: delta 125, has_error: 1, is_finished: 0
DEBUG tests/http11_tests.c:79: json PARSING: 125 of 193 at <xml><sucks><ohwell></ohwell></sucks></xml>
DEBUG tests/http11_tests.c:98: TEST tests/and_suite/json_socket_tests results: delta 169, has_error: 0, is_finished: 1
DEBUG tests/http11_tests.c:79: json PARSING: 169 of 193 at @chat {"type": "ping"}
DEBUG tests/http11_tests.c:98: TEST tests/and_suite/json_socket_tests results: delta 192, has_error: 0, is_finished: 1
DEBUG tests/http11_tests.c:79: json PARSING: 192 of 193 at 

DEBUG tests/http11_tests.c:79: json PARSING: 0 of 301 at GET http://localhost:8080/iesucks HTTP/1.1
Host: localhost

PUT * HTTP/1.1
Host: localhost

GET /test#badfragment HTTP/1.1
Host: localhost

GET /test?stuff=values HTTP/1.1
Host: localhost

GET /test;param=value;param=value?stuff=values HTTP/1.1
Host: testing

GET /esape%20that HTTP/1.1
Host: testing

DEBUG tests/http11_tests.c:98: TEST tests/and_suite/odd_http_tests results: delta 60, has_error: 0, is_finished: 1
DEBUG tests/http11_tests.c:79: json PARSING: 60 of 301 at PUT * HTTP/1.1
Host: localhost

GET /test#badfragment HTTP/1.1
Host: localhost

GET /test?stuff=values HTTP/1.1
Host: localhost

GET /test;param=value;param=value?stuff=values HTTP/1.1
Host: testing

GET /esape%20that HTTP/1.1
Host: testing

DEBUG tests/http11_tests.c:98: TEST tests/and_suite/odd_http_tests results: delta 92, has_error: 0, is_finished: 1
DEBUG tests/http11_tests.c:79: json PARSING: 92 of 301 at GET /test#badfragment HTTP/1.1
Host: localhost

GET /test?stuff=values HTTP/1.1
Host: localhost

GET /test;param=value;param=value?stuff=values HTTP/1.1
Host: testing

GET /esape%20that HTTP/1.1
Host: testing

DEBUG tests/http11_tests.c:98: TEST tests/and_suite/odd_http_tests results: delta 140, has_error: 0, is_finished: 1
DEBUG tests/http11_tests.c:79: json PARSING: 140 of 301 at GET /test?stuff=values HTTP/1.1
Host: localhost

GET /test;param=value;param=value?stuff=values HTTP/1.1
Host: testing

GET /esape%20that HTTP/1.1
Host: testing

DEBUG tests/http11_tests.c:98: TEST tests/and_suite/odd_http_tests results: delta 189, has_error: 0, is_finished: 1
DEBUG tests/http11_tests.c:79: json PARSING: 189 of 301 at GET /test;param=value;param=value?stuff=values HTTP/1.1
Host: testing

GET /esape%20that HTTP/1.1
Host: testing

DEBUG tests/http11_tests.c:98: TEST tests/and_suite/odd_http_tests results: delta 260, has_error: 0, is_finished: 1
DEBUG tests/http11_tests.c:79: json PARSING: 260 of 301 at GET /esape%20that HTTP/1.1
Host: testing

DEBUG tests/http11_tests.c:98: TEST tests/and_suite/odd_http_tests results: delta 301, has_error: 0, is_finished: 0
DEBUG tests/http11_tests.c:105: HTTP PARSING: tests_run: 131, execs_run: 467, unfinished: 3, errors: 45
DEBUG tests/httpclient_tests.c:130: ----- RUNNING: ./tests/httpclient_tests
DEBUG tests/httpclient_tests.c:124: 
----- test_httpclient_parser_basics
DEBUG tests/httpclient_tests.c:125: 
----- test_parser_thrashing
DEBUG tests/httpclient_tests.c:72: TESTING: tests/client_suite/cherrypy_chunked
DEBUG tests/httpclient_tests.c:106: CHUNK: length: 13, done: 0, start: 131
DEBUG tests/httpclient_tests.c:106: CHUNK: length: 0, done: 1, start: 134
DEBUG tests/httpclient_tests.c:72: TESTING: tests/client_suite/google_chunked_encoding
DEBUG tests/httpclient_tests.c:106: CHUNK: length: 4096, done: 0, start: 4692
DEBUG tests/httpclient_tests.c:106: CHUNK: length: 4096, done: 0, start: 8794
DEBUG tests/httpclient_tests.c:106: CHUNK: length: 376, done: 0, start: 9175
DEBUG tests/httpclient_tests.c:106: CHUNK: length: 1381, done: 0, start: 10561
DEBUG tests/httpclient_tests.c:106: CHUNK: length: 0, done: 1, start: 10564
DEBUG tests/httpclient_tests.c:72: TESTING: tests/client_suite/nginx_test
DEBUG tests/httpclient_tests.c:72: TESTING: tests/client_suite/simple_test_ex
DEBUG tests/httpclient_tests.c:115: HTTP PARSING: tests_run: 4, execs_run: 4, unfinished: 0, errors: 0
DEBUG tests/io_tests.c:143: ----- RUNNING: ./tests/io_tests
DEBUG tests/io_tests.c:136: 
----- test_IOBuf_read_operations
DEBUG tests/io_tests.c:69: We've got 10 avail after the last read.
DEBUG src/io.c:350: INITIAL READ: len: 30, nread: 30
DEBUG src/io.c:365: ATTEMPTS: 0, RETRIES: 1
DEBUG tests/io_tests.c:137: 
----- test_IOBuf_send_operations
DEBUG tests/io_tests.c:138: 
----- test_IOBuf_streaming
[ERROR] (src/io.c:427: errno: Bad file descriptor) Write error when sending all.
DEBUG src/io.c:401: Failed to send all of the data: -1 of 1024
[ERROR] (src/io.c:427: errno: Bad file descriptor) Write error when sending all.
DEBUG src/io.c:401: Failed to send all of the data: -1 of 1024
DEBUG tests/list_tests.c:168: ----- RUNNING: ./tests/list_tests
DEBUG tests/list_tests.c:163: 
----- test_list_operations
DEBUG tests/mime_tests.c:78: ----- RUNNING: ./tests/mime_tests
DEBUG tests/mime_tests.c:71: 
----- test_MIME_failures
[INFO] (src/mime.c:49) MAX limits.mime_ext_len=128
[ERROR] (src/mime.c:58: errno: None) Extensions must start with a . 'txt:badtype'
[ERROR] (src/mime.c:56: errno: None) No zero length MIME extensions allowed: :badtype
[ERROR] (src/mime.c:57: errno: None) No zero length MIME types allowed: .txt:
DEBUG tests/mime_tests.c:72: 
----- test_MIME_ops
[ERROR] (src/mime.c:64: errno: None) MIME extension .txt already exists, can't add .txt:badtype
DEBUG tests/mime_tests.c:43: GOT json type: application/javascript
DEBUG tests/mime_tests.c:73: 
----- test_MIME_destroy
DEBUG tests/pattern_tests.c:198: ----- RUNNING: ./tests/pattern_tests
DEBUG tests/pattern_tests.c:185: 
----- test_simple_matches
DEBUG tests/pattern_tests.c:186: 
----- test_simple_repetitions
DEBUG tests/pattern_tests.c:187: 
----- test_anchors
DEBUG tests/pattern_tests.c:188: 
----- test_blocks
DEBUG tests/pattern_tests.c:189: 
----- test_frontier
DEBUG tests/pattern_tests.c:190: 
----- test_balance
DEBUG tests/pattern_tests.c:191: 
----- test_set
DEBUG tests/pattern_tests.c:192: 
----- test_optional
DEBUG tests/pattern_tests.c:193: 
----- test_escaped
DEBUG tests/proxy_tests.c:27: ----- RUNNING: ./tests/proxy_tests
DEBUG tests/proxy_tests.c:22: 
----- test_Proxy_create_destroy
DEBUG tests/register_tests.c:73: ----- RUNNING: ./tests/register_tests
DEBUG tests/register_tests.c:66: 
----- test_Register_init
DEBUG tests/register_tests.c:67: 
----- test_Register_connect_disconnect
DEBUG src/register.c:96: Attempt to unregister FD 12 which is already gone.
DEBUG tests/register_tests.c:68: 
----- test_Register_ping
DEBUG src/register.c:71: Looks like stale registration in 12232, kill it before it gets out.
DEBUG src/register.c:114: Attemp to ping an FD that isn't registered: 12
DEBUG tests/request_tests.c:113: ----- RUNNING: ./tests/request_tests
DEBUG tests/request_tests.c:107: 
----- test_Request_create
[INFO] (src/request.c:81) MAX limits.header_count=1280
DEBUG tests/request_tests.c:37: PAYLOAD IS: JSON 0 /test 335:{"PATH":"/test","host":"foo.example.com:1234","comment-tst":"Test different date formats...","comment-date-rfc1123":"Sun, 10 Oct 2004 07:02:24 GMT","if-modified-since":"Tue, 17 Aug 10 03:21:45 +0000","if-unmodified-since":"Sunday, 10-Oct-04 07:02:24 GMT","METHOD":"GET","VERSION":"HTTP/1.1","URI":"/test?howdy=yes","QUERY":"howdy=yes"},0:,
DEBUG tests/request_tests.c:108: 
----- test_Multiple_Header_Request
[INFO] (src/request.c:81) MAX limits.header_count=1280
DEBUG tests/request_tests.c:93: PAYLOAD IS: JSON 0 / 97:{"PATH":"/","cookie":["foo=bar","test=yes; go=no"],"METHOD":"GET","VERSION":"HTTP/1.0","URI":"/"},0:,
DEBUG tests/response_tests.c:43: ----- RUNNING: ./tests/response_tests
DEBUG tests/response_tests.c:37: 
----- test_Response_send_status
DEBUG tests/response_tests.c:38: 
----- test_Response_send_socket_policy
DEBUG tests/routing_tests.c:95: ----- RUNNING: ./tests/routing_tests
DEBUG tests/routing_tests.c:90: 
----- test_routing_match
DEBUG src/routing.c:92: ADDING prefix: /users/, pattern: /users/([0-9]+)
DEBUG src/routing.c:92: ADDING prefix: /users, pattern: /users
DEBUG src/routing.c:92: ADDING prefix: /users/people/, pattern: /users/people/([0-9]+))$
DEBUG src/routing.c:92: ADDING prefix: /cars-fast/, pattern: /cars-fast/([a-z]-)$
DEBUG tests/routing_tests.c:14: Route returned: route1
DEBUG tests/routing_tests.c:14: Route returned: route1
DEBUG tests/routing_tests.c:14: Route returned: route2
DEBUG tests/routing_tests.c:14: Route returned: route3
DEBUG tests/routing_tests.c:14: Route returned: route4
DEBUG tests/server_tests.c:65: ----- RUNNING: ./tests/server_tests
DEBUG tests/server_tests.c:57: 
----- test_Server_init
[INFO] (src/server.c:164) Starting 0MQ with 1 threads.
[INFO] (src/request.c:81) MAX limits.header_count=1280
[INFO] (src/connection.c:669) MAX limits.content_length=20480, limits.buffer_size=4096, limits.connection_stack_size=32768, limits.client_read_retries=5
[INFO] (src/connection.c:675) MAX limits.proxy_read_retries=100, limits.proxy_read_retry_warn=10
DEBUG tests/server_tests.c:58: 
----- test_Server_create_destroy
DEBUG tests/server_tests.c:59: 
----- test_Server_adds
[INFO] (src/host.c:62) MAX limits.url_path=256, limits.host_name=256
DEBUG src/routing.c:92: ADDING prefix: moc.wahsdez, pattern: zedshaw.com
DEBUG src/server.c:221: Looking for target host: zedshaw.com
DEBUG src/routing.c:200: Found simple suffix: zedshaw.com
DEBUG src/server.c:221: Looking for target host: NOWAY
DEBUG src/server.c:230: Failed to match against any target and didn't match default_host: localhost
DEBUG tests/setting_tests.c:45: ----- RUNNING: ./tests/setting_tests
DEBUG tests/setting_tests.c:39: 
----- test_Setting_add_get
DEBUG tests/setting_tests.c:15: Got t1: 2345
DEBUG tests/setting_tests.c:20: Got 2345 for the TEST1
DEBUG tests/setting_tests.c:40: 
----- test_Setting_destroy
DEBUG tests/state_tests.c:150: ----- RUNNING: ./tests/state_tests
DEBUG tests/state_tests.c:143: 
----- test_State_exec_error
DEBUG tests/state_tests.c:42: >>> RUNNING TEST failed_proxy
DEBUG src/state.rl:53: --> parse(OPEN:107) State_exec:53 
DEBUG src/state.rl:54: --> register_request(REQ_RECV:110) State_exec:54 
DEBUG src/state.rl:57: --> route_request(HTTP_REQ:105) State_exec:57 
DEBUG src/state.rl:61: --> http_to_proxy(PROXY:108) State_exec:61 
DEBUG src/state.rl:65: --> proxy_deliver(CONNECT:101) State_exec:65 
DEBUG src/state.rl:51: --> error(CLOSE:100) State_exec:51 
[ERROR] (tests/state_tests.c:46: errno: None) Failed on processing 100 event.
DEBUG tests/state_tests.c:144: 
----- test_State_msg
DEBUG tests/state_tests.c:42: >>> RUNNING TEST msg_handler
DEBUG src/state.rl:53: --> parse(OPEN:107) State_exec:53 
DEBUG src/state.rl:54: --> register_request(REQ_RECV:110) State_exec:54 
DEBUG src/state.rl:57: --> route_request(MSG_REQ:106) State_exec:57 
DEBUG src/state.rl:58: --> msg_to_handler(HANDLER:104) State_exec:58 
DEBUG src/state.rl:53: --> parse(REQ_SENT:111) State_exec:53 
DEBUG src/state.rl:52: --> close(CLOSE:100) State_exec:52 
DEBUG tests/state_tests.c:49: <<< FINAL RESULT: 1, finished: 1
DEBUG tests/state_tests.c:42: >>> RUNNING TEST socket_start
DEBUG src/state.rl:53: --> parse(OPEN:107) State_exec:53 
DEBUG src/state.rl:54: --> register_request(REQ_RECV:110) State_exec:54 
DEBUG src/state.rl:56: --> send_socket_response(SOCKET_REQ:113) State_exec:56 
DEBUG src/state.rl:53: --> parse(RESP_SENT:112) State_exec:53 
DEBUG src/state.rl:52: --> close(CLOSE:100) State_exec:52 
DEBUG tests/state_tests.c:49: <<< FINAL RESULT: 1, finished: 1
DEBUG tests/state_tests.c:42: >>> RUNNING TEST msg_handler_2_req
DEBUG src/state.rl:53: --> parse(OPEN:107) State_exec:53 
DEBUG src/state.rl:54: --> register_request(REQ_RECV:110) State_exec:54 
DEBUG src/state.rl:57: --> route_request(MSG_REQ:106) State_exec:57 
DEBUG src/state.rl:58: --> msg_to_handler(HANDLER:104) State_exec:58 
DEBUG src/state.rl:53: --> parse(REQ_SENT:111) State_exec:53 
DEBUG src/state.rl:55: --> identify_request(REQ_RECV:110) State_exec:55 
DEBUG src/state.rl:57: --> route_request(MSG_REQ:106) State_exec:57 
DEBUG src/state.rl:58: --> msg_to_handler(HANDLER:104) State_exec:58 
DEBUG src/state.rl:53: --> parse(REQ_SENT:111) State_exec:53 
DEBUG src/state.rl:52: --> close(CLOSE:100) State_exec:52 
DEBUG tests/state_tests.c:49: <<< FINAL RESULT: 1, finished: 1
DEBUG tests/state_tests.c:145: 
----- test_State_http
DEBUG tests/state_tests.c:42: >>> RUNNING TEST http_dir
DEBUG src/state.rl:53: --> parse(OPEN:107) State_exec:53 
DEBUG src/state.rl:54: --> register_request(REQ_RECV:110) State_exec:54 
DEBUG src/state.rl:57: --> route_request(HTTP_REQ:105) State_exec:57 
DEBUG src/state.rl:62: --> http_to_directory(DIRECTORY:102) State_exec:62 
DEBUG src/state.rl:53: --> parse(RESP_SENT:112) State_exec:53 
DEBUG src/state.rl:52: --> close(CLOSE:100) State_exec:52 
DEBUG tests/state_tests.c:49: <<< FINAL RESULT: 1, finished: 1
DEBUG tests/state_tests.c:42: >>> RUNNING TEST http_handler
DEBUG src/state.rl:53: --> parse(OPEN:107) State_exec:53 
DEBUG src/state.rl:54: --> register_request(REQ_RECV:110) State_exec:54 
DEBUG src/state.rl:57: --> route_request(HTTP_REQ:105) State_exec:57 
DEBUG src/state.rl:60: --> http_to_handler(HANDLER:104) State_exec:60 
DEBUG src/state.rl:53: --> parse(REQ_SENT:111) State_exec:53 
DEBUG src/state.rl:55: --> identify_request(REQ_RECV:110) State_exec:55 
DEBUG src/state.rl:57: --> route_request(HTTP_REQ:105) State_exec:57 
DEBUG src/state.rl:60: --> http_to_handler(HANDLER:104) State_exec:60 
DEBUG src/state.rl:53: --> parse(REQ_SENT:111) State_exec:53 
DEBUG src/state.rl:52: --> close(CLOSE:100) State_exec:52 
DEBUG tests/state_tests.c:49: <<< FINAL RESULT: 1, finished: 1
DEBUG tests/state_tests.c:42: >>> RUNNING TEST http_proxy
DEBUG src/state.rl:53: --> parse(OPEN:107) State_exec:53 
DEBUG src/state.rl:54: --> register_request(REQ_RECV:110) State_exec:54 
DEBUG src/state.rl:57: --> route_request(HTTP_REQ:105) State_exec:57 
DEBUG src/state.rl:61: --> http_to_proxy(PROXY:108) State_exec:61 
DEBUG src/state.rl:65: --> proxy_deliver(CONNECT:101) State_exec:65 
DEBUG src/state.rl:69: --> proxy_reply_parse(REQ_SENT:111) State_exec:69 
DEBUG src/state.rl:70: --> proxy_req_parse(REQ_RECV:110) State_exec:70 
DEBUG src/state.rl:65: --> proxy_deliver(HTTP_REQ:105) State_exec:65 
DEBUG src/state.rl:69: --> proxy_reply_parse(REQ_SENT:111) State_exec:69 
DEBUG src/state.rl:70: --> proxy_req_parse(REQ_RECV:110) State_exec:70 
DEBUG src/state.rl:71: --> proxy_close(REMOTE_CLOSE:109) State_exec:71 
DEBUG src/state.rl:52: --> close(CLOSE:100) State_exec:52 
DEBUG tests/state_tests.c:49: <<< FINAL RESULT: 1, finished: 1
DEBUG tests/state_tests.c:42: >>> RUNNING TEST http_proxy_handler
DEBUG src/state.rl:53: --> parse(OPEN:107) State_exec:53 
DEBUG src/state.rl:54: --> register_request(REQ_RECV:110) State_exec:54 
DEBUG src/state.rl:57: --> route_request(HTTP_REQ:105) State_exec:57 
DEBUG src/state.rl:61: --> http_to_proxy(PROXY:108) State_exec:61 
DEBUG src/state.rl:65: --> proxy_deliver(CONNECT:101) State_exec:65 
DEBUG src/state.rl:69: --> proxy_reply_parse(REQ_SENT:111) State_exec:69 
DEBUG src/state.rl:70: --> proxy_req_parse(REQ_RECV:110) State_exec:70 
DEBUG src/state.rl:80: --> proxy_close(HANDLER:104) State_exec:80 
DEBUG src/state.rl:60: --> http_to_handler(HANDLER:104) State_exec:60 
DEBUG src/state.rl:53: --> parse(REQ_SENT:111) State_exec:53 
DEBUG src/state.rl:52: --> close(CLOSE:100) State_exec:52 
DEBUG tests/state_tests.c:49: <<< FINAL RESULT: 1, finished: 1
DEBUG src/superpoll.c:242: Attempting to force NOFILE limit to 10240
[INFO] (src/superpoll.c:257) MAX open file descriptors is 10240 now.
[INFO] (src/superpoll.c:106) You do not have epoll support. Allowing for 10240 file descriptors through poll.
DEBUG tests/tst_tests.c:158: ----- RUNNING: ./tests/tst_tests
DEBUG tests/tst_tests.c:142: 
----- test_tst_insert
DEBUG tests/tst_tests.c:143: 
----- test_tst_search_exact
DEBUG tests/tst_tests.c:144: 
----- test_tst_search_suffix
DEBUG tests/tst_tests.c:56: result: 0x100009dd2, expected: 0x100009dd2
DEBUG tests/tst_tests.c:145: 
----- test_tst_search_prefix
DEBUG tests/tst_tests.c:71: result: 0x100009db6, expected: 0x100009db6
DEBUG tests/tst_tests.c:75: result: 0x100009dcb, expected: 0x100009db6
DEBUG tests/tst_tests.c:146: 
----- test_tst_traverse
DEBUG tests/tst_tests.c:92: traverse count is: 4
DEBUG tests/tst_tests.c:147: 
----- test_tst_collect
DEBUG tests/tst_tests.c:101: collect found 3 values
DEBUG tests/tst_tests.c:108: collect found 4 values
DEBUG tests/tst_tests.c:114: collect found 1 values
DEBUG tests/tst_tests.c:148: 
----- test_tst_destroy
DEBUG tests/unixy_tests.c:76: ----- RUNNING: ./tests/unixy_tests
DEBUG tests/unixy_tests.c:66: 
----- test_Unixy_getcwd
DEBUG tests/unixy_tests.c:12: CWD is: /Users/xavierlange/code/mongrel2
DEBUG tests/unixy_tests.c:68: 
----- test_Unixy_chroot_fails
[ERROR] (src/unixy.c:55: errno: Operation not permitted) Can't chroot to /Users/xavierlange/code/mongrel2, rerun as root if this is what you want.
DEBUG tests/unixy_tests.c:69: 
----- test_Unixy_drop_priv_fails
[INFO] (src/unixy.c:83) Now running as UID:501, GID:20
DEBUG tests/unixy_tests.c:71: 
----- test_Unixy_pid_file
[ERROR] (src/unixy.c:162: errno: No such file or directory) PID file already exists, something bad happened.
[ERROR] (src/unixy.c:135: errno: None) Process 5072 is still running, shut it down first.
